[    0.000000] Linux version 5.15.0-rc7+ (archana@ubuntu) (gcc (Ubuntu 9.3.0-17ubuntu1~20.04) 9.3.0, GNU ld (GNU Binutils for Ubuntu) 2.34) #1 SMP Sat Oct 30 20:58:15 PDT 2021
[    0.000000] Command line: BOOT_IMAGE=/boot/vmlinuz-5.15.0-rc7+ root=UUID=e240b98d-0f33-4ad6-aa63-1bb7403e9ecf ro find_preseed=/preseed.cfg auto noprompt priority=critical locale=en_US quiet
[    0.000000] KERNEL supported cpus:
[    0.000000]   Intel GenuineIntel
[    0.000000]   AMD AuthenticAMD
[    0.000000]   Hygon HygonGenuine
[    0.000000]   Centaur CentaurHauls
[    0.000000]   zhaoxin   Shanghai  
[    0.000000] Disabled fast string operations
[    0.000000] x86/fpu: Supporting XSAVE feature 0x001: 'x87 floating point registers'
[    0.000000] x86/fpu: Supporting XSAVE feature 0x002: 'SSE registers'
[    0.000000] x86/fpu: Supporting XSAVE feature 0x004: 'AVX registers'
[    0.000000] x86/fpu: xstate_offset[2]:  576, xstate_sizes[2]:  256
[    0.000000] x86/fpu: Enabled xstate features 0x7, context size is 832 bytes, using 'compacted' format.
[    0.000000] signal: max sigframe size: 1776
[    0.000000] BIOS-provided physical RAM map:
[    0.000000] BIOS-e820: [mem 0x0000000000000000-0x000000000009e7ff] usable
[    0.000000] BIOS-e820: [mem 0x000000000009e800-0x000000000009ffff] reserved
[    0.000000] BIOS-e820: [mem 0x00000000000dc000-0x00000000000fffff] reserved
[    0.000000] BIOS-e820: [mem 0x0000000000100000-0x00000000bfecffff] usable
[    0.000000] BIOS-e820: [mem 0x00000000bfed0000-0x00000000bfefefff] ACPI data
[    0.000000] BIOS-e820: [mem 0x00000000bfeff000-0x00000000bfefffff] ACPI NVS
[    0.000000] BIOS-e820: [mem 0x00000000bff00000-0x00000000bfffffff] usable
[    0.000000] BIOS-e820: [mem 0x00000000f0000000-0x00000000f7ffffff] reserved
[    0.000000] BIOS-e820: [mem 0x00000000fec00000-0x00000000fec0ffff] reserved
[    0.000000] BIOS-e820: [mem 0x00000000fee00000-0x00000000fee00fff] reserved
[    0.000000] BIOS-e820: [mem 0x00000000fffe0000-0x00000000ffffffff] reserved
[    0.000000] BIOS-e820: [mem 0x0000000100000000-0x000000013fffffff] usable
[    0.000000] NX (Execute Disable) protection: active
[    0.000000] SMBIOS 2.7 present.
[    0.000000] DMI: VMware, Inc. VMware Virtual Platform/440BX Desktop Reference Platform, BIOS 6.00 11/12/2020
[    0.000000] vmware: hypercall mode: 0x02
[    0.000000] Hypervisor detected: VMware
[    0.000000] vmware: TSC freq read from hypervisor : 2112.000 MHz
[    0.000000] vmware: Host bus clock speed read from hypervisor : 66000000 Hz
[    0.000000] vmware: using clock offset of 11479622142 ns
[    0.000015] tsc: Detected 2112.000 MHz processor
[    0.001343] e820: update [mem 0x00000000-0x00000fff] usable ==> reserved
[    0.001346] e820: remove [mem 0x000a0000-0x000fffff] usable
[    0.001350] last_pfn = 0x140000 max_arch_pfn = 0x400000000
[    0.001378] x86/PAT: Configuration [0-7]: WB  WC  UC- UC  WB  WP  UC- WT  
[    0.001391] total RAM covered: 130048M
[    0.001510] Found optimal setting for mtrr clean up
[    0.001511]  gran_size: 64K 	chunk_size: 64K 	num_reg: 7  	lose cover RAM: 0G
[    0.001561] e820: update [mem 0xc0000000-0xffffffff] usable ==> reserved
[    0.001567] last_pfn = 0xc0000 max_arch_pfn = 0x400000000
[    0.009366] found SMP MP-table at [mem 0x000f6a70-0x000f6a7f]
[    0.009383] Using GB pages for direct mapping
[    0.009530] RAMDISK: [mem 0x31a4b000-0x34d1cfff]
[    0.009536] ACPI: Early table checksum verification disabled
[    0.009540] ACPI: RSDP 0x00000000000F6A00 000024 (v02 PTLTD )
[    0.009543] ACPI: XSDT 0x00000000BFEDC633 00005C (v01 INTEL  440BX    06040000 VMW  01324272)
[    0.009549] ACPI: FACP 0x00000000BFEFEE73 0000F4 (v04 INTEL  440BX    06040000 PTL  000F4240)
[    0.009554] ACPI: DSDT 0x00000000BFEDD9E8 02148B (v01 PTLTD  Custom   06040000 MSFT 03000001)
[    0.009559] ACPI: FACS 0x00000000BFEFFFC0 000040
[    0.009562] ACPI: FACS 0x00000000BFEFFFC0 000040
[    0.009565] ACPI: BOOT 0x00000000BFEDD9C0 000028 (v01 PTLTD  $SBFTBL$ 06040000  LTP 00000001)
[    0.009568] ACPI: APIC 0x00000000BFEDD27E 000742 (v01 PTLTD  ? APIC   06040000  LTP 00000000)
[    0.009571] ACPI: MCFG 0x00000000BFEDD242 00003C (v01 PTLTD  $PCITBL$ 06040000  LTP 00000001)
[    0.009574] ACPI: SRAT 0x00000000BFEDC72F 0008D0 (v02 VMWARE MEMPLUG  06040000 VMW  00000001)
[    0.009577] ACPI: HPET 0x00000000BFEDC6F7 000038 (v01 VMWARE VMW HPET 06040000 VMW  00000001)
[    0.009580] ACPI: WAET 0x00000000BFEDC6CF 000028 (v01 VMWARE VMW WAET 06040000 VMW  00000001)
[    0.009582] ACPI: Reserving FACP table memory at [mem 0xbfefee73-0xbfefef66]
[    0.009583] ACPI: Reserving DSDT table memory at [mem 0xbfedd9e8-0xbfefee72]
[    0.009584] ACPI: Reserving FACS table memory at [mem 0xbfefffc0-0xbfefffff]
[    0.009585] ACPI: Reserving FACS table memory at [mem 0xbfefffc0-0xbfefffff]
[    0.009585] ACPI: Reserving BOOT table memory at [mem 0xbfedd9c0-0xbfedd9e7]
[    0.009586] ACPI: Reserving APIC table memory at [mem 0xbfedd27e-0xbfedd9bf]
[    0.009587] ACPI: Reserving MCFG table memory at [mem 0xbfedd242-0xbfedd27d]
[    0.009587] ACPI: Reserving SRAT table memory at [mem 0xbfedc72f-0xbfedcffe]
[    0.009588] ACPI: Reserving HPET table memory at [mem 0xbfedc6f7-0xbfedc72e]
[    0.009588] ACPI: Reserving WAET table memory at [mem 0xbfedc6cf-0xbfedc6f6]
[    0.009620] system APIC only can use physical flat
[    0.009620] Setting APIC routing to physical flat.
[    0.009680] SRAT: PXM 0 -> APIC 0x00 -> Node 0
[    0.009681] SRAT: PXM 0 -> APIC 0x01 -> Node 0
[    0.009682] SRAT: PXM 0 -> APIC 0x02 -> Node 0
[    0.009682] SRAT: PXM 0 -> APIC 0x04 -> Node 0
[    0.009683] SRAT: PXM 0 -> APIC 0x05 -> Node 0
[    0.009683] SRAT: PXM 0 -> APIC 0x06 -> Node 0
[    0.009684] SRAT: PXM 0 -> APIC 0x08 -> Node 0
[    0.009684] SRAT: PXM 0 -> APIC 0x09 -> Node 0
[    0.009685] SRAT: PXM 0 -> APIC 0x0a -> Node 0
[    0.009685] SRAT: PXM 0 -> APIC 0x0c -> Node 0
[    0.009686] SRAT: PXM 0 -> APIC 0x0d -> Node 0
[    0.009686] SRAT: PXM 0 -> APIC 0x0e -> Node 0
[    0.009687] SRAT: PXM 0 -> APIC 0x10 -> Node 0
[    0.009687] SRAT: PXM 0 -> APIC 0x11 -> Node 0
[    0.009688] SRAT: PXM 0 -> APIC 0x12 -> Node 0
[    0.009688] SRAT: PXM 0 -> APIC 0x14 -> Node 0
[    0.009689] SRAT: PXM 0 -> APIC 0x15 -> Node 0
[    0.009689] SRAT: PXM 0 -> APIC 0x16 -> Node 0
[    0.009690] SRAT: PXM 0 -> APIC 0x18 -> Node 0
[    0.009690] SRAT: PXM 0 -> APIC 0x19 -> Node 0
[    0.009691] SRAT: PXM 0 -> APIC 0x1a -> Node 0
[    0.009691] SRAT: PXM 0 -> APIC 0x1c -> Node 0
[    0.009692] SRAT: PXM 0 -> APIC 0x1d -> Node 0
[    0.009692] SRAT: PXM 0 -> APIC 0x1e -> Node 0
[    0.009693] SRAT: PXM 0 -> APIC 0x20 -> Node 0
[    0.009693] SRAT: PXM 0 -> APIC 0x21 -> Node 0
[    0.009694] SRAT: PXM 0 -> APIC 0x22 -> Node 0
[    0.009695] SRAT: PXM 0 -> APIC 0x24 -> Node 0
[    0.009695] SRAT: PXM 0 -> APIC 0x25 -> Node 0
[    0.009696] SRAT: PXM 0 -> APIC 0x26 -> Node 0
[    0.009696] SRAT: PXM 0 -> APIC 0x28 -> Node 0
[    0.009697] SRAT: PXM 0 -> APIC 0x29 -> Node 0
[    0.009697] SRAT: PXM 0 -> APIC 0x2a -> Node 0
[    0.009698] SRAT: PXM 0 -> APIC 0x2c -> Node 0
[    0.009698] SRAT: PXM 0 -> APIC 0x2d -> Node 0
[    0.009699] SRAT: PXM 0 -> APIC 0x2e -> Node 0
[    0.009699] SRAT: PXM 0 -> APIC 0x30 -> Node 0
[    0.009700] SRAT: PXM 0 -> APIC 0x31 -> Node 0
[    0.009700] SRAT: PXM 0 -> APIC 0x32 -> Node 0
[    0.009701] SRAT: PXM 0 -> APIC 0x34 -> Node 0
[    0.009701] SRAT: PXM 0 -> APIC 0x35 -> Node 0
[    0.009702] SRAT: PXM 0 -> APIC 0x36 -> Node 0
[    0.009702] SRAT: PXM 0 -> APIC 0x38 -> Node 0
[    0.009703] SRAT: PXM 0 -> APIC 0x39 -> Node 0
[    0.009703] SRAT: PXM 0 -> APIC 0x3a -> Node 0
[    0.009704] SRAT: PXM 0 -> APIC 0x3c -> Node 0
[    0.009704] SRAT: PXM 0 -> APIC 0x3d -> Node 0
[    0.009705] SRAT: PXM 0 -> APIC 0x3e -> Node 0
[    0.009705] SRAT: PXM 0 -> APIC 0x40 -> Node 0
[    0.009706] SRAT: PXM 0 -> APIC 0x41 -> Node 0
[    0.009706] SRAT: PXM 0 -> APIC 0x42 -> Node 0
[    0.009707] SRAT: PXM 0 -> APIC 0x44 -> Node 0
[    0.009707] SRAT: PXM 0 -> APIC 0x45 -> Node 0
[    0.009708] SRAT: PXM 0 -> APIC 0x46 -> Node 0
[    0.009708] SRAT: PXM 0 -> APIC 0x48 -> Node 0
[    0.009709] SRAT: PXM 0 -> APIC 0x49 -> Node 0
[    0.009709] SRAT: PXM 0 -> APIC 0x4a -> Node 0
[    0.009710] SRAT: PXM 0 -> APIC 0x4c -> Node 0
[    0.009710] SRAT: PXM 0 -> APIC 0x4d -> Node 0
[    0.009711] SRAT: PXM 0 -> APIC 0x4e -> Node 0
[    0.009711] SRAT: PXM 0 -> APIC 0x50 -> Node 0
[    0.009712] SRAT: PXM 0 -> APIC 0x51 -> Node 0
[    0.009712] SRAT: PXM 0 -> APIC 0x52 -> Node 0
[    0.009713] SRAT: PXM 0 -> APIC 0x54 -> Node 0
[    0.009713] SRAT: PXM 0 -> APIC 0x55 -> Node 0
[    0.009714] SRAT: PXM 0 -> APIC 0x56 -> Node 0
[    0.009714] SRAT: PXM 0 -> APIC 0x58 -> Node 0
[    0.009715] SRAT: PXM 0 -> APIC 0x59 -> Node 0
[    0.009715] SRAT: PXM 0 -> APIC 0x5a -> Node 0
[    0.009716] SRAT: PXM 0 -> APIC 0x5c -> Node 0
[    0.009716] SRAT: PXM 0 -> APIC 0x5d -> Node 0
[    0.009717] SRAT: PXM 0 -> APIC 0x5e -> Node 0
[    0.009717] SRAT: PXM 0 -> APIC 0x60 -> Node 0
[    0.009718] SRAT: PXM 0 -> APIC 0x61 -> Node 0
[    0.009718] SRAT: PXM 0 -> APIC 0x62 -> Node 0
[    0.009719] SRAT: PXM 0 -> APIC 0x64 -> Node 0
[    0.009719] SRAT: PXM 0 -> APIC 0x65 -> Node 0
[    0.009720] SRAT: PXM 0 -> APIC 0x66 -> Node 0
[    0.009720] SRAT: PXM 0 -> APIC 0x68 -> Node 0
[    0.009721] SRAT: PXM 0 -> APIC 0x69 -> Node 0
[    0.009721] SRAT: PXM 0 -> APIC 0x6a -> Node 0
[    0.009722] SRAT: PXM 0 -> APIC 0x6c -> Node 0
[    0.009722] SRAT: PXM 0 -> APIC 0x6d -> Node 0
[    0.009723] SRAT: PXM 0 -> APIC 0x6e -> Node 0
[    0.009723] SRAT: PXM 0 -> APIC 0x70 -> Node 0
[    0.009724] SRAT: PXM 0 -> APIC 0x71 -> Node 0
[    0.009724] SRAT: PXM 0 -> APIC 0x72 -> Node 0
[    0.009725] SRAT: PXM 0 -> APIC 0x74 -> Node 0
[    0.009725] SRAT: PXM 0 -> APIC 0x75 -> Node 0
[    0.009726] SRAT: PXM 0 -> APIC 0x76 -> Node 0
[    0.009726] SRAT: PXM 0 -> APIC 0x78 -> Node 0
[    0.009727] SRAT: PXM 0 -> APIC 0x79 -> Node 0
[    0.009728] SRAT: PXM 0 -> APIC 0x7a -> Node 0
[    0.009728] SRAT: PXM 0 -> APIC 0x7c -> Node 0
[    0.009729] SRAT: PXM 0 -> APIC 0x7d -> Node 0
[    0.009729] SRAT: PXM 0 -> APIC 0x7e -> Node 0
[    0.009730] SRAT: PXM 0 -> APIC 0x80 -> Node 0
[    0.009730] SRAT: PXM 0 -> APIC 0x81 -> Node 0
[    0.009731] SRAT: PXM 0 -> APIC 0x82 -> Node 0
[    0.009731] SRAT: PXM 0 -> APIC 0x84 -> Node 0
[    0.009732] SRAT: PXM 0 -> APIC 0x85 -> Node 0
[    0.009732] SRAT: PXM 0 -> APIC 0x86 -> Node 0
[    0.009733] SRAT: PXM 0 -> APIC 0x88 -> Node 0
[    0.009733] SRAT: PXM 0 -> APIC 0x89 -> Node 0
[    0.009734] SRAT: PXM 0 -> APIC 0x8a -> Node 0
[    0.009734] SRAT: PXM 0 -> APIC 0x8c -> Node 0
[    0.009735] SRAT: PXM 0 -> APIC 0x8d -> Node 0
[    0.009735] SRAT: PXM 0 -> APIC 0x8e -> Node 0
[    0.009736] SRAT: PXM 0 -> APIC 0x90 -> Node 0
[    0.009736] SRAT: PXM 0 -> APIC 0x91 -> Node 0
[    0.009737] SRAT: PXM 0 -> APIC 0x92 -> Node 0
[    0.009737] SRAT: PXM 0 -> APIC 0x94 -> Node 0
[    0.009738] SRAT: PXM 0 -> APIC 0x95 -> Node 0
[    0.009738] SRAT: PXM 0 -> APIC 0x96 -> Node 0
[    0.009739] SRAT: PXM 0 -> APIC 0x98 -> Node 0
[    0.009739] SRAT: PXM 0 -> APIC 0x99 -> Node 0
[    0.009740] SRAT: PXM 0 -> APIC 0x9a -> Node 0
[    0.009740] SRAT: PXM 0 -> APIC 0x9c -> Node 0
[    0.009741] SRAT: PXM 0 -> APIC 0x9d -> Node 0
[    0.009741] SRAT: PXM 0 -> APIC 0x9e -> Node 0
[    0.009742] SRAT: PXM 0 -> APIC 0xa0 -> Node 0
[    0.009742] SRAT: PXM 0 -> APIC 0xa1 -> Node 0
[    0.009743] SRAT: PXM 0 -> APIC 0xa2 -> Node 0
[    0.009743] SRAT: PXM 0 -> APIC 0xa4 -> Node 0
[    0.009744] SRAT: PXM 0 -> APIC 0xa5 -> Node 0
[    0.009744] SRAT: PXM 0 -> APIC 0xa6 -> Node 0
[    0.009745] SRAT: PXM 0 -> APIC 0xa8 -> Node 0
[    0.009745] SRAT: PXM 0 -> APIC 0xa9 -> Node 0
[    0.009748] ACPI: SRAT: Node 0 PXM 0 [mem 0x00000000-0x0009ffff]
[    0.009749] ACPI: SRAT: Node 0 PXM 0 [mem 0x00100000-0xbfffffff]
[    0.009750] ACPI: SRAT: Node 0 PXM 0 [mem 0x100000000-0x13fffffff]
[    0.009751] ACPI: SRAT: Node 0 PXM 0 [mem 0x140000000-0x103fffffff] hotplug
[    0.009753] NUMA: Node 0 [mem 0x00000000-0x0009ffff] + [mem 0x00100000-0xbfffffff] -> [mem 0x00000000-0xbfffffff]
[    0.009755] NUMA: Node 0 [mem 0x00000000-0xbfffffff] + [mem 0x100000000-0x13fffffff] -> [mem 0x00000000-0x13fffffff]
[    0.009762] NODE_DATA(0) allocated [mem 0x13ffd4000-0x13fffdfff]
[    0.010472] Zone ranges:
[    0.010473]   DMA      [mem 0x0000000000001000-0x0000000000ffffff]
[    0.010475]   DMA32    [mem 0x0000000001000000-0x00000000ffffffff]
[    0.010476]   Normal   [mem 0x0000000100000000-0x000000013fffffff]
[    0.010477]   Device   empty
[    0.010478] Movable zone start for each node
[    0.010480] Early memory node ranges
[    0.010481]   node   0: [mem 0x0000000000001000-0x000000000009dfff]
[    0.010482]   node   0: [mem 0x0000000000100000-0x00000000bfecffff]
[    0.010483]   node   0: [mem 0x00000000bff00000-0x00000000bfffffff]
[    0.010483]   node   0: [mem 0x0000000100000000-0x000000013fffffff]
[    0.010484] Initmem setup node 0 [mem 0x0000000000001000-0x000000013fffffff]
[    0.010600] On node 0, zone DMA: 1 pages in unavailable ranges
[    0.011772] On node 0, zone DMA: 98 pages in unavailable ranges
[    0.023595] On node 0, zone DMA32: 48 pages in unavailable ranges
[    0.037099] ACPI: PM-Timer IO Port: 0x1008
[    0.037105] system APIC only can use physical flat
[    0.037115] ACPI: LAPIC_NMI (acpi_id[0x00] high edge lint[0x1])
[    0.037117] ACPI: LAPIC_NMI (acpi_id[0x01] high edge lint[0x1])
[    0.037118] ACPI: LAPIC_NMI (acpi_id[0x02] high edge lint[0x1])
[    0.037118] ACPI: LAPIC_NMI (acpi_id[0x03] high edge lint[0x1])
[    0.037119] ACPI: LAPIC_NMI (acpi_id[0x04] high edge lint[0x1])
[    0.037119] ACPI: LAPIC_NMI (acpi_id[0x05] high edge lint[0x1])
[    0.037120] ACPI: LAPIC_NMI (acpi_id[0x06] high edge lint[0x1])
[    0.037120] ACPI: LAPIC_NMI (acpi_id[0x07] high edge lint[0x1])
[    0.037121] ACPI: LAPIC_NMI (acpi_id[0x08] high edge lint[0x1])
[    0.037121] ACPI: LAPIC_NMI (acpi_id[0x09] high edge lint[0x1])
[    0.037122] ACPI: LAPIC_NMI (acpi_id[0x0a] high edge lint[0x1])
[    0.037123] ACPI: LAPIC_NMI (acpi_id[0x0b] high edge lint[0x1])
[    0.037123] ACPI: LAPIC_NMI (acpi_id[0x0c] high edge lint[0x1])
[    0.037124] ACPI: LAPIC_NMI (acpi_id[0x0d] high edge lint[0x1])
[    0.037124] ACPI: LAPIC_NMI (acpi_id[0x0e] high edge lint[0x1])
[    0.037125] ACPI: LAPIC_NMI (acpi_id[0x0f] high edge lint[0x1])
[    0.037125] ACPI: LAPIC_NMI (acpi_id[0x10] high edge lint[0x1])
[    0.037126] ACPI: LAPIC_NMI (acpi_id[0x11] high edge lint[0x1])
[    0.037127] ACPI: LAPIC_NMI (acpi_id[0x12] high edge lint[0x1])
[    0.037127] ACPI: LAPIC_NMI (acpi_id[0x13] high edge lint[0x1])
[    0.037128] ACPI: LAPIC_NMI (acpi_id[0x14] high edge lint[0x1])
[    0.037128] ACPI: LAPIC_NMI (acpi_id[0x15] high edge lint[0x1])
[    0.037129] ACPI: LAPIC_NMI (acpi_id[0x16] high edge lint[0x1])
[    0.037129] ACPI: LAPIC_NMI (acpi_id[0x17] high edge lint[0x1])
[    0.037130] ACPI: LAPIC_NMI (acpi_id[0x18] high edge lint[0x1])
[    0.037131] ACPI: LAPIC_NMI (acpi_id[0x19] high edge lint[0x1])
[    0.037131] ACPI: LAPIC_NMI (acpi_id[0x1a] high edge lint[0x1])
[    0.037132] ACPI: LAPIC_NMI (acpi_id[0x1b] high edge lint[0x1])
[    0.037132] ACPI: LAPIC_NMI (acpi_id[0x1c] high edge lint[0x1])
[    0.037133] ACPI: LAPIC_NMI (acpi_id[0x1d] high edge lint[0x1])
[    0.037133] ACPI: LAPIC_NMI (acpi_id[0x1e] high edge lint[0x1])
[    0.037134] ACPI: LAPIC_NMI (acpi_id[0x1f] high edge lint[0x1])
[    0.037134] ACPI: LAPIC_NMI (acpi_id[0x20] high edge lint[0x1])
[    0.037135] ACPI: LAPIC_NMI (acpi_id[0x21] high edge lint[0x1])
[    0.037136] ACPI: LAPIC_NMI (acpi_id[0x22] high edge lint[0x1])
[    0.037136] ACPI: LAPIC_NMI (acpi_id[0x23] high edge lint[0x1])
[    0.037137] ACPI: LAPIC_NMI (acpi_id[0x24] high edge lint[0x1])
[    0.037137] ACPI: LAPIC_NMI (acpi_id[0x25] high edge lint[0x1])
[    0.037138] ACPI: LAPIC_NMI (acpi_id[0x26] high edge lint[0x1])
[    0.037138] ACPI: LAPIC_NMI (acpi_id[0x27] high edge lint[0x1])
[    0.037139] ACPI: LAPIC_NMI (acpi_id[0x28] high edge lint[0x1])
[    0.037139] ACPI: LAPIC_NMI (acpi_id[0x29] high edge lint[0x1])
[    0.037140] ACPI: LAPIC_NMI (acpi_id[0x2a] high edge lint[0x1])
[    0.037141] ACPI: LAPIC_NMI (acpi_id[0x2b] high edge lint[0x1])
[    0.037141] ACPI: LAPIC_NMI (acpi_id[0x2c] high edge lint[0x1])
[    0.037142] ACPI: LAPIC_NMI (acpi_id[0x2d] high edge lint[0x1])
[    0.037142] ACPI: LAPIC_NMI (acpi_id[0x2e] high edge lint[0x1])
[    0.037143] ACPI: LAPIC_NMI (acpi_id[0x2f] high edge lint[0x1])
[    0.037143] ACPI: LAPIC_NMI (acpi_id[0x30] high edge lint[0x1])
[    0.037144] ACPI: LAPIC_NMI (acpi_id[0x31] high edge lint[0x1])
[    0.037144] ACPI: LAPIC_NMI (acpi_id[0x32] high edge lint[0x1])
[    0.037145] ACPI: LAPIC_NMI (acpi_id[0x33] high edge lint[0x1])
[    0.037146] ACPI: LAPIC_NMI (acpi_id[0x34] high edge lint[0x1])
[    0.037146] ACPI: LAPIC_NMI (acpi_id[0x35] high edge lint[0x1])
[    0.037147] ACPI: LAPIC_NMI (acpi_id[0x36] high edge lint[0x1])
[    0.037147] ACPI: LAPIC_NMI (acpi_id[0x37] high edge lint[0x1])
[    0.037148] ACPI: LAPIC_NMI (acpi_id[0x38] high edge lint[0x1])
[    0.037148] ACPI: LAPIC_NMI (acpi_id[0x39] high edge lint[0x1])
[    0.037149] ACPI: LAPIC_NMI (acpi_id[0x3a] high edge lint[0x1])
[    0.037149] ACPI: LAPIC_NMI (acpi_id[0x3b] high edge lint[0x1])
[    0.037150] ACPI: LAPIC_NMI (acpi_id[0x3c] high edge lint[0x1])
[    0.037151] ACPI: LAPIC_NMI (acpi_id[0x3d] high edge lint[0x1])
[    0.037151] ACPI: LAPIC_NMI (acpi_id[0x3e] high edge lint[0x1])
[    0.037152] ACPI: LAPIC_NMI (acpi_id[0x3f] high edge lint[0x1])
[    0.037152] ACPI: LAPIC_NMI (acpi_id[0x40] high edge lint[0x1])
[    0.037153] ACPI: LAPIC_NMI (acpi_id[0x41] high edge lint[0x1])
[    0.037153] ACPI: LAPIC_NMI (acpi_id[0x42] high edge lint[0x1])
[    0.037154] ACPI: LAPIC_NMI (acpi_id[0x43] high edge lint[0x1])
[    0.037154] ACPI: LAPIC_NMI (acpi_id[0x44] high edge lint[0x1])
[    0.037155] ACPI: LAPIC_NMI (acpi_id[0x45] high edge lint[0x1])
[    0.037156] ACPI: LAPIC_NMI (acpi_id[0x46] high edge lint[0x1])
[    0.037156] ACPI: LAPIC_NMI (acpi_id[0x47] high edge lint[0x1])
[    0.037157] ACPI: LAPIC_NMI (acpi_id[0x48] high edge lint[0x1])
[    0.037157] ACPI: LAPIC_NMI (acpi_id[0x49] high edge lint[0x1])
[    0.037158] ACPI: LAPIC_NMI (acpi_id[0x4a] high edge lint[0x1])
[    0.037158] ACPI: LAPIC_NMI (acpi_id[0x4b] high edge lint[0x1])
[    0.037159] ACPI: LAPIC_NMI (acpi_id[0x4c] high edge lint[0x1])
[    0.037159] ACPI: LAPIC_NMI (acpi_id[0x4d] high edge lint[0x1])
[    0.037160] ACPI: LAPIC_NMI (acpi_id[0x4e] high edge lint[0x1])
[    0.037161] ACPI: LAPIC_NMI (acpi_id[0x4f] high edge lint[0x1])
[    0.037161] ACPI: LAPIC_NMI (acpi_id[0x50] high edge lint[0x1])
[    0.037162] ACPI: LAPIC_NMI (acpi_id[0x51] high edge lint[0x1])
[    0.037162] ACPI: LAPIC_NMI (acpi_id[0x52] high edge lint[0x1])
[    0.037163] ACPI: LAPIC_NMI (acpi_id[0x53] high edge lint[0x1])
[    0.037163] ACPI: LAPIC_NMI (acpi_id[0x54] high edge lint[0x1])
[    0.037164] ACPI: LAPIC_NMI (acpi_id[0x55] high edge lint[0x1])
[    0.037164] ACPI: LAPIC_NMI (acpi_id[0x56] high edge lint[0x1])
[    0.037165] ACPI: LAPIC_NMI (acpi_id[0x57] high edge lint[0x1])
[    0.037166] ACPI: LAPIC_NMI (acpi_id[0x58] high edge lint[0x1])
[    0.037166] ACPI: LAPIC_NMI (acpi_id[0x59] high edge lint[0x1])
[    0.037167] ACPI: LAPIC_NMI (acpi_id[0x5a] high edge lint[0x1])
[    0.037167] ACPI: LAPIC_NMI (acpi_id[0x5b] high edge lint[0x1])
[    0.037168] ACPI: LAPIC_NMI (acpi_id[0x5c] high edge lint[0x1])
[    0.037168] ACPI: LAPIC_NMI (acpi_id[0x5d] high edge lint[0x1])
[    0.037169] ACPI: LAPIC_NMI (acpi_id[0x5e] high edge lint[0x1])
[    0.037169] ACPI: LAPIC_NMI (acpi_id[0x5f] high edge lint[0x1])
[    0.037170] ACPI: LAPIC_NMI (acpi_id[0x60] high edge lint[0x1])
[    0.037171] ACPI: LAPIC_NMI (acpi_id[0x61] high edge lint[0x1])
[    0.037171] ACPI: LAPIC_NMI (acpi_id[0x62] high edge lint[0x1])
[    0.037172] ACPI: LAPIC_NMI (acpi_id[0x63] high edge lint[0x1])
[    0.037172] ACPI: LAPIC_NMI (acpi_id[0x64] high edge lint[0x1])
[    0.037173] ACPI: LAPIC_NMI (acpi_id[0x65] high edge lint[0x1])
[    0.037173] ACPI: LAPIC_NMI (acpi_id[0x66] high edge lint[0x1])
[    0.037174] ACPI: LAPIC_NMI (acpi_id[0x67] high edge lint[0x1])
[    0.037174] ACPI: LAPIC_NMI (acpi_id[0x68] high edge lint[0x1])
[    0.037175] ACPI: LAPIC_NMI (acpi_id[0x69] high edge lint[0x1])
[    0.037176] ACPI: LAPIC_NMI (acpi_id[0x6a] high edge lint[0x1])
[    0.037176] ACPI: LAPIC_NMI (acpi_id[0x6b] high edge lint[0x1])
[    0.037177] ACPI: LAPIC_NMI (acpi_id[0x6c] high edge lint[0x1])
[    0.037177] ACPI: LAPIC_NMI (acpi_id[0x6d] high edge lint[0x1])
[    0.037178] ACPI: LAPIC_NMI (acpi_id[0x6e] high edge lint[0x1])
[    0.037178] ACPI: LAPIC_NMI (acpi_id[0x6f] high edge lint[0x1])
[    0.037179] ACPI: LAPIC_NMI (acpi_id[0x70] high edge lint[0x1])
[    0.037179] ACPI: LAPIC_NMI (acpi_id[0x71] high edge lint[0x1])
[    0.037180] ACPI: LAPIC_NMI (acpi_id[0x72] high edge lint[0x1])
[    0.037181] ACPI: LAPIC_NMI (acpi_id[0x73] high edge lint[0x1])
[    0.037181] ACPI: LAPIC_NMI (acpi_id[0x74] high edge lint[0x1])
[    0.037182] ACPI: LAPIC_NMI (acpi_id[0x75] high edge lint[0x1])
[    0.037182] ACPI: LAPIC_NMI (acpi_id[0x76] high edge lint[0x1])
[    0.037183] ACPI: LAPIC_NMI (acpi_id[0x77] high edge lint[0x1])
[    0.037183] ACPI: LAPIC_NMI (acpi_id[0x78] high edge lint[0x1])
[    0.037184] ACPI: LAPIC_NMI (acpi_id[0x79] high edge lint[0x1])
[    0.037184] ACPI: LAPIC_NMI (acpi_id[0x7a] high edge lint[0x1])
[    0.037185] ACPI: LAPIC_NMI (acpi_id[0x7b] high edge lint[0x1])
[    0.037186] ACPI: LAPIC_NMI (acpi_id[0x7c] high edge lint[0x1])
[    0.037186] ACPI: LAPIC_NMI (acpi_id[0x7d] high edge lint[0x1])
[    0.037187] ACPI: LAPIC_NMI (acpi_id[0x7e] high edge lint[0x1])
[    0.037187] ACPI: LAPIC_NMI (acpi_id[0x7f] high edge lint[0x1])
[    0.037217] IOAPIC[0]: apic_id 3, version 32, address 0xfec00000, GSI 0-23
[    0.037222] ACPI: INT_SRC_OVR (bus 0 bus_irq 0 global_irq 2 high edge)
[    0.037228] ACPI: Using ACPI (MADT) for SMP configuration information
[    0.037229] ACPI: HPET id: 0x8086af01 base: 0xfed00000
[    0.037232] TSC deadline timer available
[    0.037238] smpboot: Allowing 128 CPUs, 125 hotplug CPUs
[    0.037249] PM: hibernation: Registered nosave memory: [mem 0x00000000-0x00000fff]
[    0.037251] PM: hibernation: Registered nosave memory: [mem 0x0009e000-0x0009efff]
[    0.037251] PM: hibernation: Registered nosave memory: [mem 0x0009f000-0x0009ffff]
[    0.037252] PM: hibernation: Registered nosave memory: [mem 0x000a0000-0x000dbfff]
[    0.037253] PM: hibernation: Registered nosave memory: [mem 0x000dc000-0x000fffff]
[    0.037254] PM: hibernation: Registered nosave memory: [mem 0xbfed0000-0xbfefefff]
[    0.037254] PM: hibernation: Registered nosave memory: [mem 0xbfeff000-0xbfefffff]
[    0.037257] PM: hibernation: Registered nosave memory: [mem 0xc0000000-0xefffffff]
[    0.037257] PM: hibernation: Registered nosave memory: [mem 0xf0000000-0xf7ffffff]
[    0.037258] PM: hibernation: Registered nosave memory: [mem 0xf8000000-0xfebfffff]
[    0.037258] PM: hibernation: Registered nosave memory: [mem 0xfec00000-0xfec0ffff]
[    0.037259] PM: hibernation: Registered nosave memory: [mem 0xfec10000-0xfedfffff]
[    0.037259] PM: hibernation: Registered nosave memory: [mem 0xfee00000-0xfee00fff]
[    0.037260] PM: hibernation: Registered nosave memory: [mem 0xfee01000-0xfffdffff]
[    0.037261] PM: hibernation: Registered nosave memory: [mem 0xfffe0000-0xffffffff]
[    0.037262] [mem 0xc0000000-0xefffffff] available for PCI devices
[    0.037263] Booting paravirtualized kernel on VMware hypervisor
[    0.037265] clocksource: refined-jiffies: mask: 0xffffffff max_cycles: 0xffffffff, max_idle_ns: 7645519600211568 ns
[    0.037270] setup_percpu: NR_CPUS:8192 nr_cpumask_bits:128 nr_cpu_ids:128 nr_node_ids:1
[    0.116854] percpu: Embedded 53 pages/cpu s180224 r8192 d28672 u262144
[    0.116870] pcpu-alloc: s180224 r8192 d28672 u262144 alloc=1*2097152
[    0.116873] pcpu-alloc: [0] 000 001 002 003 004 005 006 007 
[    0.116876] pcpu-alloc: [0] 008 009 010 011 012 013 014 015 
[    0.116880] pcpu-alloc: [0] 016 017 018 019 020 021 022 023 
[    0.116883] pcpu-alloc: [0] 024 025 026 027 028 029 030 031 
[    0.116886] pcpu-alloc: [0] 032 033 034 035 036 037 038 039 
[    0.116889] pcpu-alloc: [0] 040 041 042 043 044 045 046 047 
[    0.116892] pcpu-alloc: [0] 048 049 050 051 052 053 054 055 
[    0.116896] pcpu-alloc: [0] 056 057 058 059 060 061 062 063 
[    0.116899] pcpu-alloc: [0] 064 065 066 067 068 069 070 071 
[    0.116902] pcpu-alloc: [0] 072 073 074 075 076 077 078 079 
[    0.116905] pcpu-alloc: [0] 080 081 082 083 084 085 086 087 
[    0.116908] pcpu-alloc: [0] 088 089 090 091 092 093 094 095 
[    0.116911] pcpu-alloc: [0] 096 097 098 099 100 101 102 103 
[    0.116914] pcpu-alloc: [0] 104 105 106 107 108 109 110 111 
[    0.116917] pcpu-alloc: [0] 112 113 114 115 116 117 118 119 
[    0.116920] pcpu-alloc: [0] 120 121 122 123 124 125 126 127 
[    0.117300] Built 1 zonelists, mobility grouping on.  Total pages: 1031888
[    0.117302] Policy zone: Normal
[    0.117304] Kernel command line: BOOT_IMAGE=/boot/vmlinuz-5.15.0-rc7+ root=UUID=e240b98d-0f33-4ad6-aa63-1bb7403e9ecf ro find_preseed=/preseed.cfg auto noprompt priority=critical locale=en_US quiet
[    0.117402] Unknown command line parameters: auto noprompt BOOT_IMAGE=/boot/vmlinuz-5.15.0-rc7+ find_preseed=/preseed.cfg priority=critical locale=en_US
[    0.117403] printk: log_buf_len individual max cpu contribution: 4096 bytes
[    0.117404] printk: log_buf_len total cpu_extra contributions: 520192 bytes
[    0.117405] printk: log_buf_len min size: 262144 bytes
[    0.139966] printk: log_buf_len: 1048576 bytes
[    0.139970] printk: early log buf free: 237736(90%)
[    0.179220] Dentry cache hash table entries: 524288 (order: 10, 4194304 bytes, linear)
[    0.202647] Inode-cache hash table entries: 262144 (order: 9, 2097152 bytes, linear)
[    0.205441] mem auto-init: stack:off, heap alloc:on, heap free:off
[    0.255433] Memory: 3933836K/4193716K available (16393K kernel code, 3527K rwdata, 5488K rodata, 2876K init, 5740K bss, 259620K reserved, 0K cma-reserved)
[    0.255440] random: get_random_u64 called from __kmem_cache_create+0x2d/0x450 with crng_init=0
[    0.255726] SLUB: HWalign=64, Order=0-3, MinObjects=0, CPUs=128, Nodes=1
[    0.256624] ftrace: allocating 48946 entries in 192 pages
[    0.280345] ftrace: allocated 192 pages with 2 groups
[    0.284041] rcu: Hierarchical RCU implementation.
[    0.284044] rcu: 	RCU restricting CPUs from NR_CPUS=8192 to nr_cpu_ids=128.
[    0.284046] 	Rude variant of Tasks RCU enabled.
[    0.284046] 	Tracing variant of Tasks RCU enabled.
[    0.284047] rcu: RCU calculated value of scheduler-enlistment delay is 25 jiffies.
[    0.284048] rcu: Adjusting geometry for rcu_fanout_leaf=16, nr_cpu_ids=128
[    0.289803] NR_IRQS: 524544, nr_irqs: 1448, preallocated irqs: 16
[    0.290229] random: crng done (trusting CPU's manufacturer)
[    0.291881] Console: colour VGA+ 80x25
[    0.291902] printk: console [tty0] enabled
[    0.291966] ACPI: Core revision 20210730
[    0.292486] clocksource: hpet: mask: 0xffffffff max_cycles: 0xffffffff, max_idle_ns: 133484882848 ns
[    0.292562] APIC: Switch to symmetric I/O mode setup
[    0.292844] x2apic enabled
[    0.293082] Switched APIC routing to physical x2apic.
[    0.294123] ..TIMER: vector=0x30 apic1=0 pin1=2 apic2=-1 pin2=-1
[    0.294146] clocksource: tsc-early: mask: 0xffffffffffffffff max_cycles: 0x1e71785e5dd, max_idle_ns: 440795244814 ns
[    0.294153] Calibrating delay loop (skipped) preset value.. 4224.00 BogoMIPS (lpj=8448000)
[    0.294155] pid_max: default: 131072 minimum: 1024
[    0.294243] LSM: Security Framework initializing
[    0.294253] Yama: becoming mindful.
[    0.294284] AppArmor: AppArmor initialized
[    0.294335] Mount-cache hash table entries: 8192 (order: 4, 65536 bytes, linear)
[    0.294352] Mountpoint-cache hash table entries: 8192 (order: 4, 65536 bytes, linear)
[    0.294705] Disabled fast string operations
[    0.294772] Last level iTLB entries: 4KB 64, 2MB 8, 4MB 8
[    0.294773] Last level dTLB entries: 4KB 64, 2MB 0, 4MB 0, 1GB 4
[    0.294776] Spectre V1 : Mitigation: usercopy/swapgs barriers and __user pointer sanitization
[    0.294778] Spectre V2 : Mitigation: Enhanced IBRS
[    0.294778] Spectre V2 : Spectre v2 / SpectreRSB mitigation: Filling RSB on context switch
[    0.294779] Spectre V2 : mitigation: Enabling conditional Indirect Branch Prediction Barrier
[    0.294780] Speculative Store Bypass: Mitigation: Speculative Store Bypass disabled via prctl and seccomp
[    0.294781] SRBDS: Mitigation: TSX disabled
[    0.301113] Freeing SMP alternatives memory: 40K
[    0.302715] smpboot: CPU0: Intel(R) Core(TM) i5-10210U CPU @ 1.60GHz (family: 0x6, model: 0x8e, stepping: 0xc)
[    0.304266] Performance Events: Skylake events, core PMU driver.
[    0.304304] core: CPUID marked event: 'cpu cycles' unavailable
[    0.304305] core: CPUID marked event: 'instructions' unavailable
[    0.304306] core: CPUID marked event: 'bus cycles' unavailable
[    0.304306] core: CPUID marked event: 'cache references' unavailable
[    0.304306] core: CPUID marked event: 'cache misses' unavailable
[    0.304307] core: CPUID marked event: 'branch instructions' unavailable
[    0.304307] core: CPUID marked event: 'branch misses' unavailable
[    0.304309] ... version:                1
[    0.304310] ... bit width:              48
[    0.304311] ... generic registers:      4
[    0.304311] ... value mask:             0000ffffffffffff
[    0.304312] ... max period:             000000007fffffff
[    0.304313] ... fixed-purpose events:   0
[    0.304313] ... event mask:             000000000000000f
[    0.304419] rcu: Hierarchical SRCU implementation.
[    0.305556] NMI watchdog: Perf NMI watchdog permanently disabled
[    0.342308] smp: Bringing up secondary CPUs ...
[    0.344869] x86: Booting SMP configuration:
[    0.344872] .... node  #0, CPUs:          #1
[    0.007979] Disabled fast string operations
[    0.346284]    #2
[    0.007979] Disabled fast string operations
[    0.347229] smp: Brought up 1 node, 3 CPUs
[    0.347229] smpboot: Max logical packages: 43
[    0.347229] smpboot: Total of 3 processors activated (12672.00 BogoMIPS)
[    0.350211] devtmpfs: initialized
[    0.350211] x86/mm: Memory block size: 128MB
[    0.354204] ACPI: PM: Registering ACPI NVS region [mem 0xbfeff000-0xbfefffff] (4096 bytes)
[    0.354295] clocksource: jiffies: mask: 0xffffffff max_cycles: 0xffffffff, max_idle_ns: 7645041785100000 ns
[    0.369854] futex hash table entries: 32768 (order: 9, 2097152 bytes, linear)
[    0.370226] pinctrl core: initialized pinctrl subsystem
[    0.370436] PM: RTC time: 15:41:06, date: 2021-10-31
[    0.372516] NET: Registered PF_NETLINK/PF_ROUTE protocol family
[    0.372760] DMA: preallocated 512 KiB GFP_KERNEL pool for atomic allocations
[    0.372907] DMA: preallocated 512 KiB GFP_KERNEL|GFP_DMA pool for atomic allocations
[    0.372947] DMA: preallocated 512 KiB GFP_KERNEL|GFP_DMA32 pool for atomic allocations
[    0.372959] audit: initializing netlink subsys (disabled)
[    0.372993] audit: type=2000 audit(1635694866.076:1): state=initialized audit_enabled=0 res=1
[    0.372993] thermal_sys: Registered thermal governor 'fair_share'
[    0.372993] thermal_sys: Registered thermal governor 'bang_bang'
[    0.372993] thermal_sys: Registered thermal governor 'step_wise'
[    0.372993] thermal_sys: Registered thermal governor 'user_space'
[    0.372993] thermal_sys: Registered thermal governor 'power_allocator'
[    0.372993] EISA bus registered
[    0.372993] cpuidle: using governor ladder
[    0.372993] cpuidle: using governor menu
[    0.372993] Simple Boot Flag at 0x36 set to 0x80
[    0.372993] ACPI: bus type PCI registered
[    0.372993] acpiphp: ACPI Hot Plug PCI Controller Driver version: 0.5
[    0.374339] PCI: MMCONFIG for domain 0000 [bus 00-7f] at [mem 0xf0000000-0xf7ffffff] (base 0xf0000000)
[    0.374343] PCI: MMCONFIG at [mem 0xf0000000-0xf7ffffff] reserved in E820
[    0.374352] PCI: Using configuration type 1 for base access
[    0.375576] Kprobes globally optimized
[    0.375592] HugeTLB registered 1.00 GiB page size, pre-allocated 0 pages
[    0.375592] HugeTLB registered 2.00 MiB page size, pre-allocated 0 pages
[    0.386359] ACPI: Added _OSI(Module Device)
[    0.386359] ACPI: Added _OSI(Processor Device)
[    0.386359] ACPI: Added _OSI(3.0 _SCP Extensions)
[    0.386359] ACPI: Added _OSI(Processor Aggregator Device)
[    0.386359] ACPI: Added _OSI(Linux-Dell-Video)
[    0.386359] ACPI: Added _OSI(Linux-Lenovo-NV-HDMI-Audio)
[    0.386359] ACPI: Added _OSI(Linux-HPI-Hybrid-Graphics)
[    0.402149] ACPI: 1 ACPI AML tables successfully acquired and loaded
[    0.403086] ACPI: [Firmware Bug]: BIOS _OSI(Linux) query ignored
[    0.422149] ACPI: Interpreter enabled
[    0.422149] ACPI: PM: (supports S0 S1 S4 S5)
[    0.422149] ACPI: Using IOAPIC for interrupt routing
[    0.422149] PCI: Using host bridge windows from ACPI; if necessary, use "pci=nocrs" and report a bug
[    0.423503] ACPI: Enabled 4 GPEs in block 00 to 0F
[    0.563838] ACPI: PCI Root Bridge [PCI0] (domain 0000 [bus 00-7f])
[    0.563846] acpi PNP0A03:00: _OSC: OS supports [ExtendedConfig ASPM ClockPM Segments MSI HPX-Type3]
[    0.564039] acpi PNP0A03:00: _OSC: platform does not support [AER LTR]
[    0.564216] acpi PNP0A03:00: _OSC: OS now controls [PCIeHotplug SHPCHotplug PME PCIeCapability]
[    0.564216] PCI host bridge to bus 0000:00
[    0.564216] pci_bus 0000:00: root bus resource [mem 0x000a0000-0x000bffff window]
[    0.564216] pci_bus 0000:00: root bus resource [mem 0x000d0000-0x000d3fff window]
[    0.564216] pci_bus 0000:00: root bus resource [mem 0x000d4000-0x000d7fff window]
[    0.564216] pci_bus 0000:00: root bus resource [mem 0x000d8000-0x000dbfff window]
[    0.564216] pci_bus 0000:00: root bus resource [mem 0xc0000000-0xfebfffff window]
[    0.564216] pci_bus 0000:00: root bus resource [io  0x0000-0x0cf7 window]
[    0.564216] pci_bus 0000:00: root bus resource [io  0x0d00-0xfeff window]
[    0.564216] pci_bus 0000:00: root bus resource [bus 00-7f]
[    0.564216] pci 0000:00:00.0: [8086:7190] type 00 class 0x060000
[    0.564216] pci 0000:00:01.0: [8086:7191] type 01 class 0x060400
[    0.565650] pci 0000:00:07.0: [8086:7110] type 00 class 0x060100
[    0.566149] pci 0000:00:07.1: [8086:7111] type 00 class 0x01018a
[    0.566149] pci 0000:00:07.1: reg 0x20: [io  0x1060-0x106f]
[    0.566149] pci 0000:00:07.1: legacy IDE quirk: reg 0x10: [io  0x01f0-0x01f7]
[    0.566149] pci 0000:00:07.1: legacy IDE quirk: reg 0x14: [io  0x03f6]
[    0.566149] pci 0000:00:07.1: legacy IDE quirk: reg 0x18: [io  0x0170-0x0177]
[    0.566149] pci 0000:00:07.1: legacy IDE quirk: reg 0x1c: [io  0x0376]
[    0.566149] pci 0000:00:07.3: [8086:7113] type 00 class 0x068000
[    0.570217] pci 0000:00:07.3: quirk: [io  0x1000-0x103f] claimed by PIIX4 ACPI
[    0.570228] pci 0000:00:07.3: quirk: [io  0x1040-0x104f] claimed by PIIX4 SMB
[    0.570570] pci 0000:00:07.7: [15ad:0740] type 00 class 0x088000
[    0.571025] pci 0000:00:07.7: reg 0x10: [io  0x1080-0x10bf]
[    0.571389] pci 0000:00:07.7: reg 0x14: [mem 0xfebfe000-0xfebfffff 64bit]
[    0.575458] pci 0000:00:0f.0: [15ad:0405] type 00 class 0x030000
[    0.576157] pci 0000:00:0f.0: reg 0x10: [io  0x1070-0x107f]
[    0.577020] pci 0000:00:0f.0: reg 0x14: [mem 0xe8000000-0xefffffff pref]
[    0.577612] pci 0000:00:0f.0: reg 0x18: [mem 0xfe000000-0xfe7fffff]
[    0.579929] pci 0000:00:0f.0: reg 0x30: [mem 0x00000000-0x00007fff pref]
[    0.580735] pci 0000:00:10.0: [1000:0030] type 00 class 0x010000
[    0.581111] pci 0000:00:10.0: reg 0x10: [io  0x1400-0x14ff]
[    0.581472] pci 0000:00:10.0: reg 0x14: [mem 0xfeba0000-0xfebbffff 64bit]
[    0.581836] pci 0000:00:10.0: reg 0x1c: [mem 0xfebc0000-0xfebdffff 64bit]
[    0.582476] pci 0000:00:10.0: reg 0x30: [mem 0x00000000-0x00003fff pref]
[    0.583325] pci 0000:00:11.0: [15ad:0790] type 01 class 0x060401
[    0.585269] pci 0000:00:15.0: [15ad:07a0] type 01 class 0x060400
[    0.585978] pci 0000:00:15.0: PME# supported from D0 D3hot D3cold
[    0.586465] pci 0000:00:15.1: [15ad:07a0] type 01 class 0x060400
[    0.587173] pci 0000:00:15.1: PME# supported from D0 D3hot D3cold
[    0.587667] pci 0000:00:15.2: [15ad:07a0] type 01 class 0x060400
[    0.588432] pci 0000:00:15.2: PME# supported from D0 D3hot D3cold
[    0.588981] pci 0000:00:15.3: [15ad:07a0] type 01 class 0x060400
[    0.589704] pci 0000:00:15.3: PME# supported from D0 D3hot D3cold
[    0.590176] pci 0000:00:15.4: [15ad:07a0] type 01 class 0x060400
[    0.590899] pci 0000:00:15.4: PME# supported from D0 D3hot D3cold
[    0.591388] pci 0000:00:15.5: [15ad:07a0] type 01 class 0x060400
[    0.592168] pci 0000:00:15.5: PME# supported from D0 D3hot D3cold
[    0.592662] pci 0000:00:15.6: [15ad:07a0] type 01 class 0x060400
[    0.593363] pci 0000:00:15.6: PME# supported from D0 D3hot D3cold
[    0.593880] pci 0000:00:15.7: [15ad:07a0] type 01 class 0x060400
[    0.594599] pci 0000:00:15.7: PME# supported from D0 D3hot D3cold
[    0.595356] pci 0000:00:16.0: [15ad:07a0] type 01 class 0x060400
[    0.596073] pci 0000:00:16.0: PME# supported from D0 D3hot D3cold
[    0.596799] pci 0000:00:16.1: [15ad:07a0] type 01 class 0x060400
[    0.597514] pci 0000:00:16.1: PME# supported from D0 D3hot D3cold
[    0.598002] pci 0000:00:16.2: [15ad:07a0] type 01 class 0x060400
[    0.598002] pci 0000:00:16.2: PME# supported from D0 D3hot D3cold
[    0.598002] pci 0000:00:16.3: [15ad:07a0] type 01 class 0x060400
[    0.598002] pci 0000:00:16.3: PME# supported from D0 D3hot D3cold
[    0.598002] pci 0000:00:16.4: [15ad:07a0] type 01 class 0x060400
[    0.598002] pci 0000:00:16.4: PME# supported from D0 D3hot D3cold
[    0.598002] pci 0000:00:16.5: [15ad:07a0] type 01 class 0x060400
[    0.598149] pci 0000:00:16.5: PME# supported from D0 D3hot D3cold
[    0.598149] pci 0000:00:16.6: [15ad:07a0] type 01 class 0x060400
[    0.598149] pci 0000:00:16.6: PME# supported from D0 D3hot D3cold
[    0.598149] pci 0000:00:16.7: [15ad:07a0] type 01 class 0x060400
[    0.598149] pci 0000:00:16.7: PME# supported from D0 D3hot D3cold
[    0.598149] pci 0000:00:17.0: [15ad:07a0] type 01 class 0x060400
[    0.602380] pci 0000:00:17.0: PME# supported from D0 D3hot D3cold
[    0.602863] pci 0000:00:17.1: [15ad:07a0] type 01 class 0x060400
[    0.603650] pci 0000:00:17.1: PME# supported from D0 D3hot D3cold
[    0.604270] pci 0000:00:17.2: [15ad:07a0] type 01 class 0x060400
[    0.604971] pci 0000:00:17.2: PME# supported from D0 D3hot D3cold
[    0.605483] pci 0000:00:17.3: [15ad:07a0] type 01 class 0x060400
[    0.606195] pci 0000:00:17.3: PME# supported from D0 D3hot D3cold
[    0.606716] pci 0000:00:17.4: [15ad:07a0] type 01 class 0x060400
[    0.607415] pci 0000:00:17.4: PME# supported from D0 D3hot D3cold
[    0.607920] pci 0000:00:17.5: [15ad:07a0] type 01 class 0x060400
[    0.608628] pci 0000:00:17.5: PME# supported from D0 D3hot D3cold
[    0.609231] pci 0000:00:17.6: [15ad:07a0] type 01 class 0x060400
[    0.609952] pci 0000:00:17.6: PME# supported from D0 D3hot D3cold
[    0.610668] pci 0000:00:17.7: [15ad:07a0] type 01 class 0x060400
[    0.611392] pci 0000:00:17.7: PME# supported from D0 D3hot D3cold
[    0.612147] pci 0000:00:18.0: [15ad:07a0] type 01 class 0x060400
[    0.612866] pci 0000:00:18.0: PME# supported from D0 D3hot D3cold
[    0.613356] pci 0000:00:18.1: [15ad:07a0] type 01 class 0x060400
[    0.614072] pci 0000:00:18.1: PME# supported from D0 D3hot D3cold
[    0.614072] pci 0000:00:18.2: [15ad:07a0] type 01 class 0x060400
[    0.614072] pci 0000:00:18.2: PME# supported from D0 D3hot D3cold
[    0.614072] pci 0000:00:18.3: [15ad:07a0] type 01 class 0x060400
[    0.614072] pci 0000:00:18.3: PME# supported from D0 D3hot D3cold
[    0.614072] pci 0000:00:18.4: [15ad:07a0] type 01 class 0x060400
[    0.614072] pci 0000:00:18.4: PME# supported from D0 D3hot D3cold
[    0.614149] pci 0000:00:18.5: [15ad:07a0] type 01 class 0x060400
[    0.614149] pci 0000:00:18.5: PME# supported from D0 D3hot D3cold
[    0.614149] pci 0000:00:18.6: [15ad:07a0] type 01 class 0x060400
[    0.614149] pci 0000:00:18.6: PME# supported from D0 D3hot D3cold
[    0.614149] pci 0000:00:18.7: [15ad:07a0] type 01 class 0x060400
[    0.618240] pci 0000:00:18.7: PME# supported from D0 D3hot D3cold
[    0.620841] pci_bus 0000:01: extended config space not accessible
[    0.627918] pci 0000:00:01.0: PCI bridge to [bus 01]
[    0.628094] pci_bus 0000:02: extended config space not accessible
[    0.628294] acpiphp: Slot [32] registered
[    0.628313] acpiphp: Slot [33] registered
[    0.628332] acpiphp: Slot [34] registered
[    0.628349] acpiphp: Slot [35] registered
[    0.628370] acpiphp: Slot [36] registered
[    0.628388] acpiphp: Slot [37] registered
[    0.628404] acpiphp: Slot [38] registered
[    0.628419] acpiphp: Slot [39] registered
[    0.628434] acpiphp: Slot [40] registered
[    0.628448] acpiphp: Slot [41] registered
[    0.628733] acpiphp: Slot [42] registered
[    0.628754] acpiphp: Slot [43] registered
[    0.628770] acpiphp: Slot [44] registered
[    0.628789] acpiphp: Slot [45] registered
[    0.628805] acpiphp: Slot [46] registered
[    0.628823] acpiphp: Slot [47] registered
[    0.628843] acpiphp: Slot [48] registered
[    0.628863] acpiphp: Slot [49] registered
[    0.628881] acpiphp: Slot [50] registered
[    0.628897] acpiphp: Slot [51] registered
[    0.628915] acpiphp: Slot [52] registered
[    0.628931] acpiphp: Slot [53] registered
[    0.628949] acpiphp: Slot [54] registered
[    0.628968] acpiphp: Slot [55] registered
[    0.628984] acpiphp: Slot [56] registered
[    0.628999] acpiphp: Slot [57] registered
[    0.629014] acpiphp: Slot [58] registered
[    0.629028] acpiphp: Slot [59] registered
[    0.629043] acpiphp: Slot [60] registered
[    0.629062] acpiphp: Slot [61] registered
[    0.629081] acpiphp: Slot [62] registered
[    0.629097] acpiphp: Slot [63] registered
[    0.629329] pci 0000:02:00.0: [15ad:0774] type 00 class 0x0c0300
[    0.630783] pci 0000:02:00.0: reg 0x20: [io  0x2080-0x209f]
[    0.632557] pci 0000:02:01.0: [8086:100f] type 00 class 0x020000
[    0.632980] pci 0000:02:01.0: reg 0x10: [mem 0xfd5c0000-0xfd5dffff 64bit]
[    0.633336] pci 0000:02:01.0: reg 0x18: [mem 0xfdff0000-0xfdffffff 64bit]
[    0.633655] pci 0000:02:01.0: reg 0x20: [io  0x2000-0x203f]
[    0.634291] pci 0000:02:01.0: reg 0x30: [mem 0x00000000-0x0000ffff pref]
[    0.634556] pci 0000:02:01.0: PME# supported from D0 D3hot D3cold
[    0.635418] pci 0000:02:02.0: [1274:1371] type 00 class 0x040100
[    0.635671] pci 0000:02:02.0: reg 0x10: [io  0x2040-0x207f]
[    0.638152] pci 0000:02:03.0: [15ad:0770] type 00 class 0x0c0320
[    0.638455] pci 0000:02:03.0: reg 0x10: [mem 0xfd5ef000-0xfd5effff]
[    0.640909] pci 0000:02:04.0: [15ad:07e0] type 00 class 0x010601
[    0.642392] pci 0000:02:04.0: reg 0x24: [mem 0xfd5ee000-0xfd5eefff]
[    0.642631] pci 0000:02:04.0: reg 0x30: [mem 0x00000000-0x0000ffff pref]
[    0.642973] pci 0000:02:04.0: PME# supported from D3hot
[    0.646974] pci 0000:00:11.0: PCI bridge to [bus 02] (subtractive decode)
[    0.646994] pci 0000:00:11.0:   bridge window [io  0x2000-0x3fff]
[    0.647011] pci 0000:00:11.0:   bridge window [mem 0xfd500000-0xfdffffff]
[    0.647045] pci 0000:00:11.0:   bridge window [mem 0xe7b00000-0xe7ffffff 64bit pref]
[    0.647047] pci 0000:00:11.0:   bridge window [mem 0x000a0000-0x000bffff window] (subtractive decode)
[    0.647048] pci 0000:00:11.0:   bridge window [mem 0x000d0000-0x000d3fff window] (subtractive decode)
[    0.647049] pci 0000:00:11.0:   bridge window [mem 0x000d4000-0x000d7fff window] (subtractive decode)
[    0.647050] pci 0000:00:11.0:   bridge window [mem 0x000d8000-0x000dbfff window] (subtractive decode)
[    0.647051] pci 0000:00:11.0:   bridge window [mem 0xc0000000-0xfebfffff window] (subtractive decode)
[    0.647052] pci 0000:00:11.0:   bridge window [io  0x0000-0x0cf7 window] (subtractive decode)
[    0.647052] pci 0000:00:11.0:   bridge window [io  0x0d00-0xfeff window] (subtractive decode)
[    0.655695] pci 0000:00:15.0: PCI bridge to [bus 03]
[    0.655716] pci 0000:00:15.0:   bridge window [io  0x4000-0x4fff]
[    0.655734] pci 0000:00:15.0:   bridge window [mem 0xfd400000-0xfd4fffff]
[    0.655768] pci 0000:00:15.0:   bridge window [mem 0xe7a00000-0xe7afffff 64bit pref]
[    0.663319] pci 0000:00:15.1: PCI bridge to [bus 04]
[    0.663340] pci 0000:00:15.1:   bridge window [io  0x8000-0x8fff]
[    0.663358] pci 0000:00:15.1:   bridge window [mem 0xfd000000-0xfd0fffff]
[    0.663392] pci 0000:00:15.1:   bridge window [mem 0xe7600000-0xe76fffff 64bit pref]
[    0.670126] pci 0000:00:15.2: PCI bridge to [bus 05]
[    0.670389] pci 0000:00:15.2:   bridge window [io  0xc000-0xcfff]
[    0.670407] pci 0000:00:15.2:   bridge window [mem 0xfcc00000-0xfccfffff]
[    0.670439] pci 0000:00:15.2:   bridge window [mem 0xe7200000-0xe72fffff 64bit pref]
[    0.678149] pci 0000:00:15.3: PCI bridge to [bus 06]
[    0.678177] pci 0000:00:15.3:   bridge window [mem 0xfc800000-0xfc8fffff]
[    0.678211] pci 0000:00:15.3:   bridge window [mem 0xe6e00000-0xe6efffff 64bit pref]
[    0.686149] pci 0000:00:15.4: PCI bridge to [bus 07]
[    0.686177] pci 0000:00:15.4:   bridge window [mem 0xfc400000-0xfc4fffff]
[    0.686211] pci 0000:00:15.4:   bridge window [mem 0xe6a00000-0xe6afffff 64bit pref]
[    0.690149] pci 0000:00:15.5: PCI bridge to [bus 08]
[    0.690149] pci 0000:00:15.5:   bridge window [mem 0xfc000000-0xfc0fffff]
[    0.690149] pci 0000:00:15.5:   bridge window [mem 0xe6600000-0xe66fffff 64bit pref]
[    0.698149] pci 0000:00:15.6: PCI bridge to [bus 09]
[    0.698179] pci 0000:00:15.6:   bridge window [mem 0xfbc00000-0xfbcfffff]
[    0.698213] pci 0000:00:15.6:   bridge window [mem 0xe6200000-0xe62fffff 64bit pref]
[    0.706616] pci 0000:00:15.7: PCI bridge to [bus 0a]
[    0.706657] pci 0000:00:15.7:   bridge window [mem 0xfb800000-0xfb8fffff]
[    0.706693] pci 0000:00:15.7:   bridge window [mem 0xe5e00000-0xe5efffff 64bit pref]
[    0.714149] pci 0000:00:16.0: PCI bridge to [bus 0b]
[    0.714161] pci 0000:00:16.0:   bridge window [io  0x5000-0x5fff]
[    0.714179] pci 0000:00:16.0:   bridge window [mem 0xfd300000-0xfd3fffff]
[    0.714214] pci 0000:00:16.0:   bridge window [mem 0xe7900000-0xe79fffff 64bit pref]
[    0.723354] pci 0000:00:16.1: PCI bridge to [bus 0c]
[    0.723377] pci 0000:00:16.1:   bridge window [io  0x9000-0x9fff]
[    0.723396] pci 0000:00:16.1:   bridge window [mem 0xfcf00000-0xfcffffff]
[    0.723431] pci 0000:00:16.1:   bridge window [mem 0xe7500000-0xe75fffff 64bit pref]
[    0.730307] pci 0000:00:16.2: PCI bridge to [bus 0d]
[    0.730327] pci 0000:00:16.2:   bridge window [io  0xd000-0xdfff]
[    0.730343] pci 0000:00:16.2:   bridge window [mem 0xfcb00000-0xfcbfffff]
[    0.730375] pci 0000:00:16.2:   bridge window [mem 0xe7100000-0xe71fffff 64bit pref]
[    0.738149] pci 0000:00:16.3: PCI bridge to [bus 0e]
[    0.738177] pci 0000:00:16.3:   bridge window [mem 0xfc700000-0xfc7fffff]
[    0.738211] pci 0000:00:16.3:   bridge window [mem 0xe6d00000-0xe6dfffff 64bit pref]
[    0.746149] pci 0000:00:16.4: PCI bridge to [bus 0f]
[    0.746178] pci 0000:00:16.4:   bridge window [mem 0xfc300000-0xfc3fffff]
[    0.746213] pci 0000:00:16.4:   bridge window [mem 0xe6900000-0xe69fffff 64bit pref]
[    0.750149] pci 0000:00:16.5: PCI bridge to [bus 10]
[    0.750149] pci 0000:00:16.5:   bridge window [mem 0xfbf00000-0xfbffffff]
[    0.750149] pci 0000:00:16.5:   bridge window [mem 0xe6500000-0xe65fffff 64bit pref]
[    0.758790] pci 0000:00:16.6: PCI bridge to [bus 11]
[    0.758827] pci 0000:00:16.6:   bridge window [mem 0xfbb00000-0xfbbfffff]
[    0.758862] pci 0000:00:16.6:   bridge window [mem 0xe6100000-0xe61fffff 64bit pref]
[    0.766149] pci 0000:00:16.7: PCI bridge to [bus 12]
[    0.766176] pci 0000:00:16.7:   bridge window [mem 0xfb700000-0xfb7fffff]
[    0.766210] pci 0000:00:16.7:   bridge window [mem 0xe5d00000-0xe5dfffff 64bit pref]
[    0.774149] pci 0000:00:17.0: PCI bridge to [bus 13]
[    0.774161] pci 0000:00:17.0:   bridge window [io  0x6000-0x6fff]
[    0.774180] pci 0000:00:17.0:   bridge window [mem 0xfd200000-0xfd2fffff]
[    0.774214] pci 0000:00:17.0:   bridge window [mem 0xe7800000-0xe78fffff 64bit pref]
[    0.782149] pci 0000:00:17.1: PCI bridge to [bus 14]
[    0.782161] pci 0000:00:17.1:   bridge window [io  0xa000-0xafff]
[    0.782179] pci 0000:00:17.1:   bridge window [mem 0xfce00000-0xfcefffff]
[    0.782213] pci 0000:00:17.1:   bridge window [mem 0xe7400000-0xe74fffff 64bit pref]
[    0.786149] pci 0000:00:17.2: PCI bridge to [bus 15]
[    0.786149] pci 0000:00:17.2:   bridge window [io  0xe000-0xefff]
[    0.786149] pci 0000:00:17.2:   bridge window [mem 0xfca00000-0xfcafffff]
[    0.786149] pci 0000:00:17.2:   bridge window [mem 0xe7000000-0xe70fffff 64bit pref]
[    0.794518] pci 0000:00:17.3: PCI bridge to [bus 16]
[    0.794628] pci 0000:00:17.3:   bridge window [mem 0xfc600000-0xfc6fffff]
[    0.794676] pci 0000:00:17.3:   bridge window [mem 0xe6c00000-0xe6cfffff 64bit pref]
[    0.802149] pci 0000:00:17.4: PCI bridge to [bus 17]
[    0.802177] pci 0000:00:17.4:   bridge window [mem 0xfc200000-0xfc2fffff]
[    0.802211] pci 0000:00:17.4:   bridge window [mem 0xe6800000-0xe68fffff 64bit pref]
[    0.810149] pci 0000:00:17.5: PCI bridge to [bus 18]
[    0.810177] pci 0000:00:17.5:   bridge window [mem 0xfbe00000-0xfbefffff]
[    0.810211] pci 0000:00:17.5:   bridge window [mem 0xe6400000-0xe64fffff 64bit pref]
[    0.818093] pci 0000:00:17.6: PCI bridge to [bus 19]
[    0.818136] pci 0000:00:17.6:   bridge window [mem 0xfba00000-0xfbafffff]
[    0.818136] pci 0000:00:17.6:   bridge window [mem 0xe6000000-0xe60fffff 64bit pref]
[    0.818149] pci 0000:00:17.7: PCI bridge to [bus 1a]
[    0.822176] pci 0000:00:17.7:   bridge window [mem 0xfb600000-0xfb6fffff]
[    0.822208] pci 0000:00:17.7:   bridge window [mem 0xe5c00000-0xe5cfffff 64bit pref]
[    0.830149] pci 0000:00:18.0: PCI bridge to [bus 1b]
[    0.830160] pci 0000:00:18.0:   bridge window [io  0x7000-0x7fff]
[    0.830177] pci 0000:00:18.0:   bridge window [mem 0xfd100000-0xfd1fffff]
[    0.830211] pci 0000:00:18.0:   bridge window [mem 0xe7700000-0xe77fffff 64bit pref]
[    0.838868] pci 0000:00:18.1: PCI bridge to [bus 1c]
[    0.838892] pci 0000:00:18.1:   bridge window [io  0xb000-0xbfff]
[    0.838911] pci 0000:00:18.1:   bridge window [mem 0xfcd00000-0xfcdfffff]
[    0.838946] pci 0000:00:18.1:   bridge window [mem 0xe7300000-0xe73fffff 64bit pref]
[    0.846790] pci 0000:00:18.2: PCI bridge to [bus 1d]
[    0.846830] pci 0000:00:18.2:   bridge window [mem 0xfc900000-0xfc9fffff]
[    0.846864] pci 0000:00:18.2:   bridge window [mem 0xe6f00000-0xe6ffffff 64bit pref]
[    0.854149] pci 0000:00:18.3: PCI bridge to [bus 1e]
[    0.854177] pci 0000:00:18.3:   bridge window [mem 0xfc500000-0xfc5fffff]
[    0.854211] pci 0000:00:18.3:   bridge window [mem 0xe6b00000-0xe6bfffff 64bit pref]
[    0.862149] pci 0000:00:18.4: PCI bridge to [bus 1f]
[    0.862177] pci 0000:00:18.4:   bridge window [mem 0xfc100000-0xfc1fffff]
[    0.862211] pci 0000:00:18.4:   bridge window [mem 0xe6700000-0xe67fffff 64bit pref]
[    0.866149] pci 0000:00:18.5: PCI bridge to [bus 20]
[    0.866149] pci 0000:00:18.5:   bridge window [mem 0xfbd00000-0xfbdfffff]
[    0.866149] pci 0000:00:18.5:   bridge window [mem 0xe6300000-0xe63fffff 64bit pref]
[    0.875098] pci 0000:00:18.6: PCI bridge to [bus 21]
[    0.875175] pci 0000:00:18.6:   bridge window [mem 0xfb900000-0xfb9fffff]
[    0.875211] pci 0000:00:18.6:   bridge window [mem 0xe5f00000-0xe5ffffff 64bit pref]
[    0.883340] pci 0000:00:18.7: PCI bridge to [bus 22]
[    0.883377] pci 0000:00:18.7:   bridge window [mem 0xfb500000-0xfb5fffff]
[    0.883412] pci 0000:00:18.7:   bridge window [mem 0xe5b00000-0xe5bfffff 64bit pref]
[    0.886450] ACPI: PCI: Interrupt link LNKA configured for IRQ 9
[    0.886523] ACPI: PCI: Interrupt link LNKB configured for IRQ 11
[    0.886599] ACPI: PCI: Interrupt link LNKC configured for IRQ 10
[    0.886668] ACPI: PCI: Interrupt link LNKD configured for IRQ 7
[    0.914178] iommu: Default domain type: Translated 
[    0.914178] iommu: DMA domain TLB invalidation policy: lazy mode 
[    0.914196] pci 0000:00:0f.0: vgaarb: setting as boot VGA device
[    0.914196] pci 0000:00:0f.0: vgaarb: VGA device added: decodes=io+mem,owns=io+mem,locks=none
[    0.914196] pci 0000:00:0f.0: vgaarb: bridge control possible
[    0.914196] vgaarb: loaded
[    0.914832] SCSI subsystem initialized
[    0.918205] libata version 3.00 loaded.
[    0.918246] ACPI: bus type USB registered
[    0.918267] usbcore: registered new interface driver usbfs
[    0.918272] usbcore: registered new interface driver hub
[    0.918312] usbcore: registered new device driver usb
[    0.918334] pps_core: LinuxPPS API ver. 1 registered
[    0.918335] pps_core: Software ver. 5.3.6 - Copyright 2005-2007 Rodolfo Giometti <giometti@linux.it>
[    0.918336] PTP clock support registered
[    0.918402] EDAC MC: Ver: 3.0.0
[    0.920034] NetLabel: Initializing
[    0.920037] NetLabel:  domain hash size = 128
[    0.920038] NetLabel:  protocols = UNLABELED CIPSOv4 CALIPSO
[    0.920888] NetLabel:  unlabeled traffic allowed by default
[    0.922169] PCI: Using ACPI for IRQ routing
[    0.954149] PCI: pci_cache_line_size set to 64 bytes
[    0.954908] e820: reserve RAM buffer [mem 0x0009e800-0x0009ffff]
[    0.954911] e820: reserve RAM buffer [mem 0xbfed0000-0xbfffffff]
[    0.954926] hpet0: at MMIO 0xfed00000, IRQs 2, 8, 0, 0, 0, 0, 0, 0, 0, 0, 0, 0, 0, 0, 0, 0
[    0.954926] hpet0: 16 comparators, 64-bit 14.318180 MHz counter
[    0.957051] clocksource: Switched to clocksource tsc-early
[    1.086237] VFS: Disk quotas dquot_6.6.0
[    1.086278] VFS: Dquot-cache hash table entries: 512 (order 0, 4096 bytes)
[    1.086628] AppArmor: AppArmor Filesystem Enabled
[    1.086654] pnp: PnP ACPI init
[    1.087023] system 00:00: [io  0x1000-0x103f] has been reserved
[    1.087026] system 00:00: [io  0x1040-0x104f] has been reserved
[    1.087028] system 00:00: [io  0x0cf0-0x0cf1] has been reserved
[    1.087379] system 00:04: [mem 0xfed00000-0xfed003ff] has been reserved
[    1.089483] system 00:06: [io  0xfce0-0xfcff] has been reserved
[    1.089486] system 00:06: [mem 0xf0000000-0xf7ffffff] has been reserved
[    1.089488] system 00:06: [mem 0xfe800000-0xfe9fffff] has been reserved
[    1.115230] pnp: PnP ACPI: found 7 devices
[    1.128293] clocksource: acpi_pm: mask: 0xffffff max_cycles: 0xffffff, max_idle_ns: 2085701024 ns
[    1.128390] NET: Registered PF_INET protocol family
[    1.129808] IP idents hash table entries: 65536 (order: 7, 524288 bytes, linear)
[    1.139227] tcp_listen_portaddr_hash hash table entries: 2048 (order: 3, 32768 bytes, linear)
[    1.141861] TCP established hash table entries: 32768 (order: 6, 262144 bytes, linear)
[    1.143048] TCP bind hash table entries: 32768 (order: 7, 524288 bytes, linear)
[    1.143099] TCP: Hash tables configured (established 32768 bind 32768)
[    1.144718] MPTCP token hash table entries: 4096 (order: 4, 98304 bytes, linear)
[    1.144781] UDP hash table entries: 2048 (order: 4, 65536 bytes, linear)
[    1.145145] UDP-Lite hash table entries: 2048 (order: 4, 65536 bytes, linear)
[    1.147778] NET: Registered PF_UNIX/PF_LOCAL protocol family
[    1.147785] NET: Registered PF_XDP protocol family
[    1.147804] pci 0000:00:15.3: bridge window [io  0x1000-0x0fff] to [bus 06] add_size 1000
[    1.147808] pci 0000:00:15.4: bridge window [io  0x1000-0x0fff] to [bus 07] add_size 1000
[    1.147809] pci 0000:00:15.5: bridge window [io  0x1000-0x0fff] to [bus 08] add_size 1000
[    1.147810] pci 0000:00:15.6: bridge window [io  0x1000-0x0fff] to [bus 09] add_size 1000
[    1.147811] pci 0000:00:15.7: bridge window [io  0x1000-0x0fff] to [bus 0a] add_size 1000
[    1.147813] pci 0000:00:16.3: bridge window [io  0x1000-0x0fff] to [bus 0e] add_size 1000
[    1.147814] pci 0000:00:16.4: bridge window [io  0x1000-0x0fff] to [bus 0f] add_size 1000
[    1.147815] pci 0000:00:16.5: bridge window [io  0x1000-0x0fff] to [bus 10] add_size 1000
[    1.147816] pci 0000:00:16.6: bridge window [io  0x1000-0x0fff] to [bus 11] add_size 1000
[    1.147817] pci 0000:00:16.7: bridge window [io  0x1000-0x0fff] to [bus 12] add_size 1000
[    1.147818] pci 0000:00:17.3: bridge window [io  0x1000-0x0fff] to [bus 16] add_size 1000
[    1.147819] pci 0000:00:17.4: bridge window [io  0x1000-0x0fff] to [bus 17] add_size 1000
[    1.147820] pci 0000:00:17.5: bridge window [io  0x1000-0x0fff] to [bus 18] add_size 1000
[    1.147821] pci 0000:00:17.6: bridge window [io  0x1000-0x0fff] to [bus 19] add_size 1000
[    1.147822] pci 0000:00:17.7: bridge window [io  0x1000-0x0fff] to [bus 1a] add_size 1000
[    1.147823] pci 0000:00:18.2: bridge window [io  0x1000-0x0fff] to [bus 1d] add_size 1000
[    1.147825] pci 0000:00:18.3: bridge window [io  0x1000-0x0fff] to [bus 1e] add_size 1000
[    1.147826] pci 0000:00:18.4: bridge window [io  0x1000-0x0fff] to [bus 1f] add_size 1000
[    1.147827] pci 0000:00:18.5: bridge window [io  0x1000-0x0fff] to [bus 20] add_size 1000
[    1.147828] pci 0000:00:18.6: bridge window [io  0x1000-0x0fff] to [bus 21] add_size 1000
[    1.147829] pci 0000:00:18.7: bridge window [io  0x1000-0x0fff] to [bus 22] add_size 1000
[    1.147841] pci 0000:00:0f.0: BAR 6: assigned [mem 0xc0000000-0xc0007fff pref]
[    1.147843] pci 0000:00:10.0: BAR 6: assigned [mem 0xc0008000-0xc000bfff pref]
[    1.147846] pci 0000:00:15.3: BAR 13: no space for [io  size 0x1000]
[    1.147847] pci 0000:00:15.3: BAR 13: failed to assign [io  size 0x1000]
[    1.147849] pci 0000:00:15.4: BAR 13: no space for [io  size 0x1000]
[    1.147849] pci 0000:00:15.4: BAR 13: failed to assign [io  size 0x1000]
[    1.147851] pci 0000:00:15.5: BAR 13: no space for [io  size 0x1000]
[    1.147851] pci 0000:00:15.5: BAR 13: failed to assign [io  size 0x1000]
[    1.147852] pci 0000:00:15.6: BAR 13: no space for [io  size 0x1000]
[    1.147853] pci 0000:00:15.6: BAR 13: failed to assign [io  size 0x1000]
[    1.147854] pci 0000:00:15.7: BAR 13: no space for [io  size 0x1000]
[    1.147855] pci 0000:00:15.7: BAR 13: failed to assign [io  size 0x1000]
[    1.147856] pci 0000:00:16.3: BAR 13: no space for [io  size 0x1000]
[    1.147856] pci 0000:00:16.3: BAR 13: failed to assign [io  size 0x1000]
[    1.147857] pci 0000:00:16.4: BAR 13: no space for [io  size 0x1000]
[    1.147858] pci 0000:00:16.4: BAR 13: failed to assign [io  size 0x1000]
[    1.147859] pci 0000:00:16.5: BAR 13: no space for [io  size 0x1000]
[    1.147860] pci 0000:00:16.5: BAR 13: failed to assign [io  size 0x1000]
[    1.147861] pci 0000:00:16.6: BAR 13: no space for [io  size 0x1000]
[    1.147861] pci 0000:00:16.6: BAR 13: failed to assign [io  size 0x1000]
[    1.147862] pci 0000:00:16.7: BAR 13: no space for [io  size 0x1000]
[    1.147863] pci 0000:00:16.7: BAR 13: failed to assign [io  size 0x1000]
[    1.147864] pci 0000:00:17.3: BAR 13: no space for [io  size 0x1000]
[    1.147865] pci 0000:00:17.3: BAR 13: failed to assign [io  size 0x1000]
[    1.147866] pci 0000:00:17.4: BAR 13: no space for [io  size 0x1000]
[    1.147866] pci 0000:00:17.4: BAR 13: failed to assign [io  size 0x1000]
[    1.147868] pci 0000:00:17.5: BAR 13: no space for [io  size 0x1000]
[    1.147869] pci 0000:00:17.5: BAR 13: failed to assign [io  size 0x1000]
[    1.147870] pci 0000:00:17.6: BAR 13: no space for [io  size 0x1000]
[    1.147871] pci 0000:00:17.6: BAR 13: failed to assign [io  size 0x1000]
[    1.147871] pci 0000:00:17.7: BAR 13: no space for [io  size 0x1000]
[    1.147872] pci 0000:00:17.7: BAR 13: failed to assign [io  size 0x1000]
[    1.147873] pci 0000:00:18.2: BAR 13: no space for [io  size 0x1000]
[    1.147874] pci 0000:00:18.2: BAR 13: failed to assign [io  size 0x1000]
[    1.147875] pci 0000:00:18.3: BAR 13: no space for [io  size 0x1000]
[    1.147876] pci 0000:00:18.3: BAR 13: failed to assign [io  size 0x1000]
[    1.147876] pci 0000:00:18.4: BAR 13: no space for [io  size 0x1000]
[    1.147877] pci 0000:00:18.4: BAR 13: failed to assign [io  size 0x1000]
[    1.147878] pci 0000:00:18.5: BAR 13: no space for [io  size 0x1000]
[    1.147879] pci 0000:00:18.5: BAR 13: failed to assign [io  size 0x1000]
[    1.147880] pci 0000:00:18.6: BAR 13: no space for [io  size 0x1000]
[    1.147881] pci 0000:00:18.6: BAR 13: failed to assign [io  size 0x1000]
[    1.147881] pci 0000:00:18.7: BAR 13: no space for [io  size 0x1000]
[    1.147882] pci 0000:00:18.7: BAR 13: failed to assign [io  size 0x1000]
[    1.147885] pci 0000:00:18.7: BAR 13: no space for [io  size 0x1000]
[    1.147886] pci 0000:00:18.7: BAR 13: failed to assign [io  size 0x1000]
[    1.147887] pci 0000:00:18.6: BAR 13: no space for [io  size 0x1000]
[    1.147887] pci 0000:00:18.6: BAR 13: failed to assign [io  size 0x1000]
[    1.147888] pci 0000:00:18.5: BAR 13: no space for [io  size 0x1000]
[    1.147889] pci 0000:00:18.5: BAR 13: failed to assign [io  size 0x1000]
[    1.147890] pci 0000:00:18.4: BAR 13: no space for [io  size 0x1000]
[    1.147891] pci 0000:00:18.4: BAR 13: failed to assign [io  size 0x1000]
[    1.147892] pci 0000:00:18.3: BAR 13: no space for [io  size 0x1000]
[    1.147893] pci 0000:00:18.3: BAR 13: failed to assign [io  size 0x1000]
[    1.147894] pci 0000:00:18.2: BAR 13: no space for [io  size 0x1000]
[    1.147894] pci 0000:00:18.2: BAR 13: failed to assign [io  size 0x1000]
[    1.147895] pci 0000:00:17.7: BAR 13: no space for [io  size 0x1000]
[    1.147896] pci 0000:00:17.7: BAR 13: failed to assign [io  size 0x1000]
[    1.147897] pci 0000:00:17.6: BAR 13: no space for [io  size 0x1000]
[    1.147898] pci 0000:00:17.6: BAR 13: failed to assign [io  size 0x1000]
[    1.147899] pci 0000:00:17.5: BAR 13: no space for [io  size 0x1000]
[    1.147899] pci 0000:00:17.5: BAR 13: failed to assign [io  size 0x1000]
[    1.147900] pci 0000:00:17.4: BAR 13: no space for [io  size 0x1000]
[    1.147901] pci 0000:00:17.4: BAR 13: failed to assign [io  size 0x1000]
[    1.147902] pci 0000:00:17.3: BAR 13: no space for [io  size 0x1000]
[    1.147903] pci 0000:00:17.3: BAR 13: failed to assign [io  size 0x1000]
[    1.147904] pci 0000:00:16.7: BAR 13: no space for [io  size 0x1000]
[    1.147904] pci 0000:00:16.7: BAR 13: failed to assign [io  size 0x1000]
[    1.147906] pci 0000:00:16.6: BAR 13: no space for [io  size 0x1000]
[    1.147906] pci 0000:00:16.6: BAR 13: failed to assign [io  size 0x1000]
[    1.147907] pci 0000:00:16.5: BAR 13: no space for [io  size 0x1000]
[    1.147908] pci 0000:00:16.5: BAR 13: failed to assign [io  size 0x1000]
[    1.147909] pci 0000:00:16.4: BAR 13: no space for [io  size 0x1000]
[    1.147910] pci 0000:00:16.4: BAR 13: failed to assign [io  size 0x1000]
[    1.147911] pci 0000:00:16.3: BAR 13: no space for [io  size 0x1000]
[    1.147911] pci 0000:00:16.3: BAR 13: failed to assign [io  size 0x1000]
[    1.147912] pci 0000:00:15.7: BAR 13: no space for [io  size 0x1000]
[    1.147913] pci 0000:00:15.7: BAR 13: failed to assign [io  size 0x1000]
[    1.147914] pci 0000:00:15.6: BAR 13: no space for [io  size 0x1000]
[    1.147915] pci 0000:00:15.6: BAR 13: failed to assign [io  size 0x1000]
[    1.147916] pci 0000:00:15.5: BAR 13: no space for [io  size 0x1000]
[    1.147916] pci 0000:00:15.5: BAR 13: failed to assign [io  size 0x1000]
[    1.147917] pci 0000:00:15.4: BAR 13: no space for [io  size 0x1000]
[    1.147918] pci 0000:00:15.4: BAR 13: failed to assign [io  size 0x1000]
[    1.147919] pci 0000:00:15.3: BAR 13: no space for [io  size 0x1000]
[    1.147920] pci 0000:00:15.3: BAR 13: failed to assign [io  size 0x1000]
[    1.147921] pci 0000:00:01.0: PCI bridge to [bus 01]
[    1.148049] pci 0000:02:01.0: BAR 6: assigned [mem 0xfd500000-0xfd50ffff pref]
[    1.148052] pci 0000:02:04.0: BAR 6: assigned [mem 0xfd510000-0xfd51ffff pref]
[    1.148053] pci 0000:00:11.0: PCI bridge to [bus 02]
[    1.148069] pci 0000:00:11.0:   bridge window [io  0x2000-0x3fff]
[    1.148103] pci 0000:00:11.0:   bridge window [mem 0xfd500000-0xfdffffff]
[    1.148121] pci 0000:00:11.0:   bridge window [mem 0xe7b00000-0xe7ffffff 64bit pref]
[    1.148155] pci 0000:00:15.0: PCI bridge to [bus 03]
[    1.148170] pci 0000:00:15.0:   bridge window [io  0x4000-0x4fff]
[    1.148196] pci 0000:00:15.0:   bridge window [mem 0xfd400000-0xfd4fffff]
[    1.148214] pci 0000:00:15.0:   bridge window [mem 0xe7a00000-0xe7afffff 64bit pref]
[    1.148296] pci 0000:00:15.1: PCI bridge to [bus 04]
[    1.148320] pci 0000:00:15.1:   bridge window [io  0x8000-0x8fff]
[    1.148344] pci 0000:00:15.1:   bridge window [mem 0xfd000000-0xfd0fffff]
[    1.148360] pci 0000:00:15.1:   bridge window [mem 0xe7600000-0xe76fffff 64bit pref]
[    1.148410] pci 0000:00:15.2: PCI bridge to [bus 05]
[    1.148421] pci 0000:00:15.2:   bridge window [io  0xc000-0xcfff]
[    1.148447] pci 0000:00:15.2:   bridge window [mem 0xfcc00000-0xfccfffff]
[    1.148465] pci 0000:00:15.2:   bridge window [mem 0xe7200000-0xe72fffff 64bit pref]
[    1.148514] pci 0000:00:15.3: PCI bridge to [bus 06]
[    1.148539] pci 0000:00:15.3:   bridge window [mem 0xfc800000-0xfc8fffff]
[    1.148555] pci 0000:00:15.3:   bridge window [mem 0xe6e00000-0xe6efffff 64bit pref]
[    1.148608] pci 0000:00:15.4: PCI bridge to [bus 07]
[    1.148634] pci 0000:00:15.4:   bridge window [mem 0xfc400000-0xfc4fffff]
[    1.148652] pci 0000:00:15.4:   bridge window [mem 0xe6a00000-0xe6afffff 64bit pref]
[    1.148701] pci 0000:00:15.5: PCI bridge to [bus 08]
[    1.148727] pci 0000:00:15.5:   bridge window [mem 0xfc000000-0xfc0fffff]
[    1.148744] pci 0000:00:15.5:   bridge window [mem 0xe6600000-0xe66fffff 64bit pref]
[    1.148793] pci 0000:00:15.6: PCI bridge to [bus 09]
[    1.148820] pci 0000:00:15.6:   bridge window [mem 0xfbc00000-0xfbcfffff]
[    1.148838] pci 0000:00:15.6:   bridge window [mem 0xe6200000-0xe62fffff 64bit pref]
[    1.148889] pci 0000:00:15.7: PCI bridge to [bus 0a]
[    1.148916] pci 0000:00:15.7:   bridge window [mem 0xfb800000-0xfb8fffff]
[    1.148933] pci 0000:00:15.7:   bridge window [mem 0xe5e00000-0xe5efffff 64bit pref]
[    1.148982] pci 0000:00:16.0: PCI bridge to [bus 0b]
[    1.148993] pci 0000:00:16.0:   bridge window [io  0x5000-0x5fff]
[    1.149019] pci 0000:00:16.0:   bridge window [mem 0xfd300000-0xfd3fffff]
[    1.149036] pci 0000:00:16.0:   bridge window [mem 0xe7900000-0xe79fffff 64bit pref]
[    1.149085] pci 0000:00:16.1: PCI bridge to [bus 0c]
[    1.149096] pci 0000:00:16.1:   bridge window [io  0x9000-0x9fff]
[    1.149122] pci 0000:00:16.1:   bridge window [mem 0xfcf00000-0xfcffffff]
[    1.149139] pci 0000:00:16.1:   bridge window [mem 0xe7500000-0xe75fffff 64bit pref]
[    1.149187] pci 0000:00:16.2: PCI bridge to [bus 0d]
[    1.149198] pci 0000:00:16.2:   bridge window [io  0xd000-0xdfff]
[    1.149224] pci 0000:00:16.2:   bridge window [mem 0xfcb00000-0xfcbfffff]
[    1.149241] pci 0000:00:16.2:   bridge window [mem 0xe7100000-0xe71fffff 64bit pref]
[    1.149290] pci 0000:00:16.3: PCI bridge to [bus 0e]
[    1.149316] pci 0000:00:16.3:   bridge window [mem 0xfc700000-0xfc7fffff]
[    1.149333] pci 0000:00:16.3:   bridge window [mem 0xe6d00000-0xe6dfffff 64bit pref]
[    1.149381] pci 0000:00:16.4: PCI bridge to [bus 0f]
[    1.149408] pci 0000:00:16.4:   bridge window [mem 0xfc300000-0xfc3fffff]
[    1.149425] pci 0000:00:16.4:   bridge window [mem 0xe6900000-0xe69fffff 64bit pref]
[    1.149474] pci 0000:00:16.5: PCI bridge to [bus 10]
[    1.149501] pci 0000:00:16.5:   bridge window [mem 0xfbf00000-0xfbffffff]
[    1.149519] pci 0000:00:16.5:   bridge window [mem 0xe6500000-0xe65fffff 64bit pref]
[    1.149567] pci 0000:00:16.6: PCI bridge to [bus 11]
[    1.149596] pci 0000:00:16.6:   bridge window [mem 0xfbb00000-0xfbbfffff]
[    1.149612] pci 0000:00:16.6:   bridge window [mem 0xe6100000-0xe61fffff 64bit pref]
[    1.149659] pci 0000:00:16.7: PCI bridge to [bus 12]
[    1.149685] pci 0000:00:16.7:   bridge window [mem 0xfb700000-0xfb7fffff]
[    1.149703] pci 0000:00:16.7:   bridge window [mem 0xe5d00000-0xe5dfffff 64bit pref]
[    1.149751] pci 0000:00:17.0: PCI bridge to [bus 13]
[    1.149761] pci 0000:00:17.0:   bridge window [io  0x6000-0x6fff]
[    1.149785] pci 0000:00:17.0:   bridge window [mem 0xfd200000-0xfd2fffff]
[    1.149801] pci 0000:00:17.0:   bridge window [mem 0xe7800000-0xe78fffff 64bit pref]
[    1.149849] pci 0000:00:17.1: PCI bridge to [bus 14]
[    1.149859] pci 0000:00:17.1:   bridge window [io  0xa000-0xafff]
[    1.149884] pci 0000:00:17.1:   bridge window [mem 0xfce00000-0xfcefffff]
[    1.149901] pci 0000:00:17.1:   bridge window [mem 0xe7400000-0xe74fffff 64bit pref]
[    1.149950] pci 0000:00:17.2: PCI bridge to [bus 15]
[    1.149960] pci 0000:00:17.2:   bridge window [io  0xe000-0xefff]
[    1.149984] pci 0000:00:17.2:   bridge window [mem 0xfca00000-0xfcafffff]
[    1.150000] pci 0000:00:17.2:   bridge window [mem 0xe7000000-0xe70fffff 64bit pref]
[    1.150048] pci 0000:00:17.3: PCI bridge to [bus 16]
[    1.150074] pci 0000:00:17.3:   bridge window [mem 0xfc600000-0xfc6fffff]
[    1.150092] pci 0000:00:17.3:   bridge window [mem 0xe6c00000-0xe6cfffff 64bit pref]
[    1.150140] pci 0000:00:17.4: PCI bridge to [bus 17]
[    1.150185] pci 0000:00:17.4:   bridge window [mem 0xfc200000-0xfc2fffff]
[    1.150201] pci 0000:00:17.4:   bridge window [mem 0xe6800000-0xe68fffff 64bit pref]
[    1.150249] pci 0000:00:17.5: PCI bridge to [bus 18]
[    1.150276] pci 0000:00:17.5:   bridge window [mem 0xfbe00000-0xfbefffff]
[    1.150293] pci 0000:00:17.5:   bridge window [mem 0xe6400000-0xe64fffff 64bit pref]
[    1.150346] pci 0000:00:17.6: PCI bridge to [bus 19]
[    1.150371] pci 0000:00:17.6:   bridge window [mem 0xfba00000-0xfbafffff]
[    1.150387] pci 0000:00:17.6:   bridge window [mem 0xe6000000-0xe60fffff 64bit pref]
[    1.150435] pci 0000:00:17.7: PCI bridge to [bus 1a]
[    1.150461] pci 0000:00:17.7:   bridge window [mem 0xfb600000-0xfb6fffff]
[    1.150478] pci 0000:00:17.7:   bridge window [mem 0xe5c00000-0xe5cfffff 64bit pref]
[    1.150526] pci 0000:00:18.0: PCI bridge to [bus 1b]
[    1.150537] pci 0000:00:18.0:   bridge window [io  0x7000-0x7fff]
[    1.150560] pci 0000:00:18.0:   bridge window [mem 0xfd100000-0xfd1fffff]
[    1.150576] pci 0000:00:18.0:   bridge window [mem 0xe7700000-0xe77fffff 64bit pref]
[    1.150628] pci 0000:00:18.1: PCI bridge to [bus 1c]
[    1.150639] pci 0000:00:18.1:   bridge window [io  0xb000-0xbfff]
[    1.150665] pci 0000:00:18.1:   bridge window [mem 0xfcd00000-0xfcdfffff]
[    1.150682] pci 0000:00:18.1:   bridge window [mem 0xe7300000-0xe73fffff 64bit pref]
[    1.150731] pci 0000:00:18.2: PCI bridge to [bus 1d]
[    1.150757] pci 0000:00:18.2:   bridge window [mem 0xfc900000-0xfc9fffff]
[    1.150775] pci 0000:00:18.2:   bridge window [mem 0xe6f00000-0xe6ffffff 64bit pref]
[    1.150823] pci 0000:00:18.3: PCI bridge to [bus 1e]
[    1.150850] pci 0000:00:18.3:   bridge window [mem 0xfc500000-0xfc5fffff]
[    1.150867] pci 0000:00:18.3:   bridge window [mem 0xe6b00000-0xe6bfffff 64bit pref]
[    1.150916] pci 0000:00:18.4: PCI bridge to [bus 1f]
[    1.150942] pci 0000:00:18.4:   bridge window [mem 0xfc100000-0xfc1fffff]
[    1.150959] pci 0000:00:18.4:   bridge window [mem 0xe6700000-0xe67fffff 64bit pref]
[    1.151008] pci 0000:00:18.5: PCI bridge to [bus 20]
[    1.151035] pci 0000:00:18.5:   bridge window [mem 0xfbd00000-0xfbdfffff]
[    1.151052] pci 0000:00:18.5:   bridge window [mem 0xe6300000-0xe63fffff 64bit pref]
[    1.151101] pci 0000:00:18.6: PCI bridge to [bus 21]
[    1.151127] pci 0000:00:18.6:   bridge window [mem 0xfb900000-0xfb9fffff]
[    1.151145] pci 0000:00:18.6:   bridge window [mem 0xe5f00000-0xe5ffffff 64bit pref]
[    1.151193] pci 0000:00:18.7: PCI bridge to [bus 22]
[    1.151220] pci 0000:00:18.7:   bridge window [mem 0xfb500000-0xfb5fffff]
[    1.151237] pci 0000:00:18.7:   bridge window [mem 0xe5b00000-0xe5bfffff 64bit pref]
[    1.151287] pci_bus 0000:00: resource 4 [mem 0x000a0000-0x000bffff window]
[    1.151288] pci_bus 0000:00: resource 5 [mem 0x000d0000-0x000d3fff window]
[    1.151289] pci_bus 0000:00: resource 6 [mem 0x000d4000-0x000d7fff window]
[    1.151290] pci_bus 0000:00: resource 7 [mem 0x000d8000-0x000dbfff window]
[    1.151291] pci_bus 0000:00: resource 8 [mem 0xc0000000-0xfebfffff window]
[    1.151292] pci_bus 0000:00: resource 9 [io  0x0000-0x0cf7 window]
[    1.151293] pci_bus 0000:00: resource 10 [io  0x0d00-0xfeff window]
[    1.151294] pci_bus 0000:02: resource 0 [io  0x2000-0x3fff]
[    1.151295] pci_bus 0000:02: resource 1 [mem 0xfd500000-0xfdffffff]
[    1.151295] pci_bus 0000:02: resource 2 [mem 0xe7b00000-0xe7ffffff 64bit pref]
[    1.151296] pci_bus 0000:02: resource 4 [mem 0x000a0000-0x000bffff window]
[    1.151297] pci_bus 0000:02: resource 5 [mem 0x000d0000-0x000d3fff window]
[    1.151298] pci_bus 0000:02: resource 6 [mem 0x000d4000-0x000d7fff window]
[    1.151299] pci_bus 0000:02: resource 7 [mem 0x000d8000-0x000dbfff window]
[    1.151299] pci_bus 0000:02: resource 8 [mem 0xc0000000-0xfebfffff window]
[    1.151300] pci_bus 0000:02: resource 9 [io  0x0000-0x0cf7 window]
[    1.151301] pci_bus 0000:02: resource 10 [io  0x0d00-0xfeff window]
[    1.151302] pci_bus 0000:03: resource 0 [io  0x4000-0x4fff]
[    1.151302] pci_bus 0000:03: resource 1 [mem 0xfd400000-0xfd4fffff]
[    1.151303] pci_bus 0000:03: resource 2 [mem 0xe7a00000-0xe7afffff 64bit pref]
[    1.151304] pci_bus 0000:04: resource 0 [io  0x8000-0x8fff]
[    1.151305] pci_bus 0000:04: resource 1 [mem 0xfd000000-0xfd0fffff]
[    1.151306] pci_bus 0000:04: resource 2 [mem 0xe7600000-0xe76fffff 64bit pref]
[    1.151306] pci_bus 0000:05: resource 0 [io  0xc000-0xcfff]
[    1.151307] pci_bus 0000:05: resource 1 [mem 0xfcc00000-0xfccfffff]
[    1.151308] pci_bus 0000:05: resource 2 [mem 0xe7200000-0xe72fffff 64bit pref]
[    1.151309] pci_bus 0000:06: resource 1 [mem 0xfc800000-0xfc8fffff]
[    1.151309] pci_bus 0000:06: resource 2 [mem 0xe6e00000-0xe6efffff 64bit pref]
[    1.151310] pci_bus 0000:07: resource 1 [mem 0xfc400000-0xfc4fffff]
[    1.151311] pci_bus 0000:07: resource 2 [mem 0xe6a00000-0xe6afffff 64bit pref]
[    1.151312] pci_bus 0000:08: resource 1 [mem 0xfc000000-0xfc0fffff]
[    1.151313] pci_bus 0000:08: resource 2 [mem 0xe6600000-0xe66fffff 64bit pref]
[    1.151314] pci_bus 0000:09: resource 1 [mem 0xfbc00000-0xfbcfffff]
[    1.151315] pci_bus 0000:09: resource 2 [mem 0xe6200000-0xe62fffff 64bit pref]
[    1.151316] pci_bus 0000:0a: resource 1 [mem 0xfb800000-0xfb8fffff]
[    1.151316] pci_bus 0000:0a: resource 2 [mem 0xe5e00000-0xe5efffff 64bit pref]
[    1.151317] pci_bus 0000:0b: resource 0 [io  0x5000-0x5fff]
[    1.151318] pci_bus 0000:0b: resource 1 [mem 0xfd300000-0xfd3fffff]
[    1.151319] pci_bus 0000:0b: resource 2 [mem 0xe7900000-0xe79fffff 64bit pref]
[    1.151320] pci_bus 0000:0c: resource 0 [io  0x9000-0x9fff]
[    1.151321] pci_bus 0000:0c: resource 1 [mem 0xfcf00000-0xfcffffff]
[    1.151321] pci_bus 0000:0c: resource 2 [mem 0xe7500000-0xe75fffff 64bit pref]
[    1.151322] pci_bus 0000:0d: resource 0 [io  0xd000-0xdfff]
[    1.151323] pci_bus 0000:0d: resource 1 [mem 0xfcb00000-0xfcbfffff]
[    1.151324] pci_bus 0000:0d: resource 2 [mem 0xe7100000-0xe71fffff 64bit pref]
[    1.151325] pci_bus 0000:0e: resource 1 [mem 0xfc700000-0xfc7fffff]
[    1.151325] pci_bus 0000:0e: resource 2 [mem 0xe6d00000-0xe6dfffff 64bit pref]
[    1.151326] pci_bus 0000:0f: resource 1 [mem 0xfc300000-0xfc3fffff]
[    1.151327] pci_bus 0000:0f: resource 2 [mem 0xe6900000-0xe69fffff 64bit pref]
[    1.151328] pci_bus 0000:10: resource 1 [mem 0xfbf00000-0xfbffffff]
[    1.151328] pci_bus 0000:10: resource 2 [mem 0xe6500000-0xe65fffff 64bit pref]
[    1.151329] pci_bus 0000:11: resource 1 [mem 0xfbb00000-0xfbbfffff]
[    1.151330] pci_bus 0000:11: resource 2 [mem 0xe6100000-0xe61fffff 64bit pref]
[    1.151331] pci_bus 0000:12: resource 1 [mem 0xfb700000-0xfb7fffff]
[    1.151332] pci_bus 0000:12: resource 2 [mem 0xe5d00000-0xe5dfffff 64bit pref]
[    1.151332] pci_bus 0000:13: resource 0 [io  0x6000-0x6fff]
[    1.151333] pci_bus 0000:13: resource 1 [mem 0xfd200000-0xfd2fffff]
[    1.151334] pci_bus 0000:13: resource 2 [mem 0xe7800000-0xe78fffff 64bit pref]
[    1.151335] pci_bus 0000:14: resource 0 [io  0xa000-0xafff]
[    1.151336] pci_bus 0000:14: resource 1 [mem 0xfce00000-0xfcefffff]
[    1.151336] pci_bus 0000:14: resource 2 [mem 0xe7400000-0xe74fffff 64bit pref]
[    1.151337] pci_bus 0000:15: resource 0 [io  0xe000-0xefff]
[    1.151338] pci_bus 0000:15: resource 1 [mem 0xfca00000-0xfcafffff]
[    1.151339] pci_bus 0000:15: resource 2 [mem 0xe7000000-0xe70fffff 64bit pref]
[    1.151340] pci_bus 0000:16: resource 1 [mem 0xfc600000-0xfc6fffff]
[    1.151340] pci_bus 0000:16: resource 2 [mem 0xe6c00000-0xe6cfffff 64bit pref]
[    1.151341] pci_bus 0000:17: resource 1 [mem 0xfc200000-0xfc2fffff]
[    1.151342] pci_bus 0000:17: resource 2 [mem 0xe6800000-0xe68fffff 64bit pref]
[    1.151343] pci_bus 0000:18: resource 1 [mem 0xfbe00000-0xfbefffff]
[    1.151344] pci_bus 0000:18: resource 2 [mem 0xe6400000-0xe64fffff 64bit pref]
[    1.151344] pci_bus 0000:19: resource 1 [mem 0xfba00000-0xfbafffff]
[    1.151345] pci_bus 0000:19: resource 2 [mem 0xe6000000-0xe60fffff 64bit pref]
[    1.151346] pci_bus 0000:1a: resource 1 [mem 0xfb600000-0xfb6fffff]
[    1.151347] pci_bus 0000:1a: resource 2 [mem 0xe5c00000-0xe5cfffff 64bit pref]
[    1.151347] pci_bus 0000:1b: resource 0 [io  0x7000-0x7fff]
[    1.151348] pci_bus 0000:1b: resource 1 [mem 0xfd100000-0xfd1fffff]
[    1.151349] pci_bus 0000:1b: resource 2 [mem 0xe7700000-0xe77fffff 64bit pref]
[    1.151350] pci_bus 0000:1c: resource 0 [io  0xb000-0xbfff]
[    1.151350] pci_bus 0000:1c: resource 1 [mem 0xfcd00000-0xfcdfffff]
[    1.151351] pci_bus 0000:1c: resource 2 [mem 0xe7300000-0xe73fffff 64bit pref]
[    1.151352] pci_bus 0000:1d: resource 1 [mem 0xfc900000-0xfc9fffff]
[    1.151353] pci_bus 0000:1d: resource 2 [mem 0xe6f00000-0xe6ffffff 64bit pref]
[    1.151353] pci_bus 0000:1e: resource 1 [mem 0xfc500000-0xfc5fffff]
[    1.151354] pci_bus 0000:1e: resource 2 [mem 0xe6b00000-0xe6bfffff 64bit pref]
[    1.151355] pci_bus 0000:1f: resource 1 [mem 0xfc100000-0xfc1fffff]
[    1.151356] pci_bus 0000:1f: resource 2 [mem 0xe6700000-0xe67fffff 64bit pref]
[    1.151357] pci_bus 0000:20: resource 1 [mem 0xfbd00000-0xfbdfffff]
[    1.151357] pci_bus 0000:20: resource 2 [mem 0xe6300000-0xe63fffff 64bit pref]
[    1.151358] pci_bus 0000:21: resource 1 [mem 0xfb900000-0xfb9fffff]
[    1.151359] pci_bus 0000:21: resource 2 [mem 0xe5f00000-0xe5ffffff 64bit pref]
[    1.151360] pci_bus 0000:22: resource 1 [mem 0xfb500000-0xfb5fffff]
[    1.151360] pci_bus 0000:22: resource 2 [mem 0xe5b00000-0xe5bfffff 64bit pref]
[    1.151524] pci 0000:00:00.0: Limiting direct PCI/PCI transfers
[    1.151634] pci 0000:00:0f.0: Video device with shadowed ROM at [mem 0x000c0000-0x000dffff]
[    1.152659] pci 0000:02:01.0: CLS mismatch (32 != 64), using 64 bytes
[    1.153231] PCI-DMA: Using software bounce buffering for IO (SWIOTLB)
[    1.153233] software IO TLB: mapped [mem 0x00000000bbed0000-0x00000000bfed0000] (64MB)
[    1.153272] clocksource: tsc: mask: 0xffffffffffffffff max_cycles: 0x1e71785e5dd, max_idle_ns: 440795244814 ns
[    1.153358] clocksource: Switched to clocksource tsc
[    1.153473] Trying to unpack rootfs image as initramfs...
[    1.166820] Initialise system trusted keyrings
[    1.166829] Key type blacklist registered
[    1.168246] workingset: timestamp_bits=36 max_order=20 bucket_order=0
[    1.175503] zbud: loaded
[    1.178339] squashfs: version 4.0 (2009/01/31) Phillip Lougher
[    1.183764] fuse: init (API version 7.34)
[    1.186070] integrity: Platform Keyring initialized
[    1.192730] Key type asymmetric registered
[    1.192733] Asymmetric key parser 'x509' registered
[    1.192836] Block layer SCSI generic (bsg) driver version 0.4 loaded (major 243)
[    1.193081] io scheduler mq-deadline registered
[    1.195025] pcieport 0000:00:15.0: PME: Signaling with IRQ 24
[    1.195104] pcieport 0000:00:15.0: pciehp: Slot #160 AttnBtn+ PwrCtrl+ MRL- AttnInd- PwrInd- HotPlug+ Surprise- Interlock- NoCompl+ IbPresDis- LLActRep+
[    1.197082] pcieport 0000:00:15.1: PME: Signaling with IRQ 25
[    1.197157] pcieport 0000:00:15.1: pciehp: Slot #161 AttnBtn+ PwrCtrl+ MRL- AttnInd- PwrInd- HotPlug+ Surprise- Interlock- NoCompl+ IbPresDis- LLActRep+
[    1.198358] pcieport 0000:00:15.2: PME: Signaling with IRQ 26
[    1.198687] pcieport 0000:00:15.2: pciehp: Slot #162 AttnBtn+ PwrCtrl+ MRL- AttnInd- PwrInd- HotPlug+ Surprise- Interlock- NoCompl+ IbPresDis- LLActRep+
[    1.200370] pcieport 0000:00:15.3: PME: Signaling with IRQ 27
[    1.200787] pcieport 0000:00:15.3: pciehp: Slot #163 AttnBtn+ PwrCtrl+ MRL- AttnInd- PwrInd- HotPlug+ Surprise- Interlock- NoCompl+ IbPresDis- LLActRep+
[    1.202760] pcieport 0000:00:15.4: PME: Signaling with IRQ 28
[    1.202901] pcieport 0000:00:15.4: pciehp: Slot #164 AttnBtn+ PwrCtrl+ MRL- AttnInd- PwrInd- HotPlug+ Surprise- Interlock- NoCompl+ IbPresDis- LLActRep+
[    1.204513] pcieport 0000:00:15.5: PME: Signaling with IRQ 29
[    1.205170] pcieport 0000:00:15.5: pciehp: Slot #165 AttnBtn+ PwrCtrl+ MRL- AttnInd- PwrInd- HotPlug+ Surprise- Interlock- NoCompl+ IbPresDis- LLActRep+
[    1.206693] pcieport 0000:00:15.6: PME: Signaling with IRQ 30
[    1.206795] pcieport 0000:00:15.6: pciehp: Slot #166 AttnBtn+ PwrCtrl+ MRL- AttnInd- PwrInd- HotPlug+ Surprise- Interlock- NoCompl+ IbPresDis- LLActRep+
[    1.208108] pcieport 0000:00:15.7: PME: Signaling with IRQ 31
[    1.208185] pcieport 0000:00:15.7: pciehp: Slot #167 AttnBtn+ PwrCtrl+ MRL- AttnInd- PwrInd- HotPlug+ Surprise- Interlock- NoCompl+ IbPresDis- LLActRep+
[    1.209414] pcieport 0000:00:16.0: PME: Signaling with IRQ 32
[    1.209491] pcieport 0000:00:16.0: pciehp: Slot #192 AttnBtn+ PwrCtrl+ MRL- AttnInd- PwrInd- HotPlug+ Surprise- Interlock- NoCompl+ IbPresDis- LLActRep+
[    1.210709] pcieport 0000:00:16.1: PME: Signaling with IRQ 33
[    1.210785] pcieport 0000:00:16.1: pciehp: Slot #193 AttnBtn+ PwrCtrl+ MRL- AttnInd- PwrInd- HotPlug+ Surprise- Interlock- NoCompl+ IbPresDis- LLActRep+
[    1.212121] pcieport 0000:00:16.2: PME: Signaling with IRQ 34
[    1.212197] pcieport 0000:00:16.2: pciehp: Slot #194 AttnBtn+ PwrCtrl+ MRL- AttnInd- PwrInd- HotPlug+ Surprise- Interlock- NoCompl+ IbPresDis- LLActRep+
[    1.213491] pcieport 0000:00:16.3: PME: Signaling with IRQ 35
[    1.213753] pcieport 0000:00:16.3: pciehp: Slot #195 AttnBtn+ PwrCtrl+ MRL- AttnInd- PwrInd- HotPlug+ Surprise- Interlock- NoCompl+ IbPresDis- LLActRep+
[    1.215290] pcieport 0000:00:16.4: PME: Signaling with IRQ 36
[    1.215374] pcieport 0000:00:16.4: pciehp: Slot #196 AttnBtn+ PwrCtrl+ MRL- AttnInd- PwrInd- HotPlug+ Surprise- Interlock- NoCompl+ IbPresDis- LLActRep+
[    1.216826] pcieport 0000:00:16.5: PME: Signaling with IRQ 37
[    1.216936] pcieport 0000:00:16.5: pciehp: Slot #197 AttnBtn+ PwrCtrl+ MRL- AttnInd- PwrInd- HotPlug+ Surprise- Interlock- NoCompl+ IbPresDis- LLActRep+
[    1.218480] pcieport 0000:00:16.6: PME: Signaling with IRQ 38
[    1.218562] pcieport 0000:00:16.6: pciehp: Slot #198 AttnBtn+ PwrCtrl+ MRL- AttnInd- PwrInd- HotPlug+ Surprise- Interlock- NoCompl+ IbPresDis- LLActRep+
[    1.219508] pcieport 0000:00:16.7: PME: Signaling with IRQ 39
[    1.219586] pcieport 0000:00:16.7: pciehp: Slot #199 AttnBtn+ PwrCtrl+ MRL- AttnInd- PwrInd- HotPlug+ Surprise- Interlock- NoCompl+ IbPresDis- LLActRep+
[    1.220641] pcieport 0000:00:17.0: PME: Signaling with IRQ 40
[    1.220722] pcieport 0000:00:17.0: pciehp: Slot #224 AttnBtn+ PwrCtrl+ MRL- AttnInd- PwrInd- HotPlug+ Surprise- Interlock- NoCompl+ IbPresDis- LLActRep+
[    1.221751] pcieport 0000:00:17.1: PME: Signaling with IRQ 41
[    1.221825] pcieport 0000:00:17.1: pciehp: Slot #225 AttnBtn+ PwrCtrl+ MRL- AttnInd- PwrInd- HotPlug+ Surprise- Interlock- NoCompl+ IbPresDis- LLActRep+
[    1.223556] pcieport 0000:00:17.2: PME: Signaling with IRQ 42
[    1.223814] pcieport 0000:00:17.2: pciehp: Slot #226 AttnBtn+ PwrCtrl+ MRL- AttnInd- PwrInd- HotPlug+ Surprise- Interlock- NoCompl+ IbPresDis- LLActRep+
[    1.225274] pcieport 0000:00:17.3: PME: Signaling with IRQ 43
[    1.225350] pcieport 0000:00:17.3: pciehp: Slot #227 AttnBtn+ PwrCtrl+ MRL- AttnInd- PwrInd- HotPlug+ Surprise- Interlock- NoCompl+ IbPresDis- LLActRep+
[    1.226580] pcieport 0000:00:17.4: PME: Signaling with IRQ 44
[    1.226674] pcieport 0000:00:17.4: pciehp: Slot #228 AttnBtn+ PwrCtrl+ MRL- AttnInd- PwrInd- HotPlug+ Surprise- Interlock- NoCompl+ IbPresDis- LLActRep+
[    1.227807] pcieport 0000:00:17.5: PME: Signaling with IRQ 45
[    1.227881] pcieport 0000:00:17.5: pciehp: Slot #229 AttnBtn+ PwrCtrl+ MRL- AttnInd- PwrInd- HotPlug+ Surprise- Interlock- NoCompl+ IbPresDis- LLActRep+
[    1.228812] pcieport 0000:00:17.6: PME: Signaling with IRQ 46
[    1.228896] pcieport 0000:00:17.6: pciehp: Slot #230 AttnBtn+ PwrCtrl+ MRL- AttnInd- PwrInd- HotPlug+ Surprise- Interlock- NoCompl+ IbPresDis- LLActRep+
[    1.230086] pcieport 0000:00:17.7: PME: Signaling with IRQ 47
[    1.230172] pcieport 0000:00:17.7: pciehp: Slot #231 AttnBtn+ PwrCtrl+ MRL- AttnInd- PwrInd- HotPlug+ Surprise- Interlock- NoCompl+ IbPresDis- LLActRep+
[    1.231118] pcieport 0000:00:18.0: PME: Signaling with IRQ 48
[    1.231378] pcieport 0000:00:18.0: pciehp: Slot #256 AttnBtn+ PwrCtrl+ MRL- AttnInd- PwrInd- HotPlug+ Surprise- Interlock- NoCompl+ IbPresDis- LLActRep+
[    1.232433] pcieport 0000:00:18.1: PME: Signaling with IRQ 49
[    1.232516] pcieport 0000:00:18.1: pciehp: Slot #257 AttnBtn+ PwrCtrl+ MRL- AttnInd- PwrInd- HotPlug+ Surprise- Interlock- NoCompl+ IbPresDis- LLActRep+
[    1.233558] pcieport 0000:00:18.2: PME: Signaling with IRQ 50
[    1.233635] pcieport 0000:00:18.2: pciehp: Slot #258 AttnBtn+ PwrCtrl+ MRL- AttnInd- PwrInd- HotPlug+ Surprise- Interlock- NoCompl+ IbPresDis- LLActRep+
[    1.234751] pcieport 0000:00:18.3: PME: Signaling with IRQ 51
[    1.234980] pcieport 0000:00:18.3: pciehp: Slot #259 AttnBtn+ PwrCtrl+ MRL- AttnInd- PwrInd- HotPlug+ Surprise- Interlock- NoCompl+ IbPresDis- LLActRep+
[    1.236199] pcieport 0000:00:18.4: PME: Signaling with IRQ 52
[    1.236285] pcieport 0000:00:18.4: pciehp: Slot #260 AttnBtn+ PwrCtrl+ MRL- AttnInd- PwrInd- HotPlug+ Surprise- Interlock- NoCompl+ IbPresDis- LLActRep+
[    1.237679] pcieport 0000:00:18.5: PME: Signaling with IRQ 53
[    1.237808] pcieport 0000:00:18.5: pciehp: Slot #261 AttnBtn+ PwrCtrl+ MRL- AttnInd- PwrInd- HotPlug+ Surprise- Interlock- NoCompl+ IbPresDis- LLActRep+
[    1.239120] pcieport 0000:00:18.6: PME: Signaling with IRQ 54
[    1.239198] pcieport 0000:00:18.6: pciehp: Slot #262 AttnBtn+ PwrCtrl+ MRL- AttnInd- PwrInd- HotPlug+ Surprise- Interlock- NoCompl+ IbPresDis- LLActRep+
[    1.240465] pcieport 0000:00:18.7: PME: Signaling with IRQ 55
[    1.240543] pcieport 0000:00:18.7: pciehp: Slot #263 AttnBtn+ PwrCtrl+ MRL- AttnInd- PwrInd- HotPlug+ Surprise- Interlock- NoCompl+ IbPresDis- LLActRep+
[    1.241454] shpchp: Standard Hot Plug PCI Controller Driver version: 0.4
[    1.242754] ACPI: AC: AC Adapter [ACAD] (on-line)
[    1.243085] input: Power Button as /devices/LNXSYSTM:00/LNXPWRBN:00/input/input0
[    1.243154] ACPI: button: Power Button [PWRF]
[    1.245539] Serial: 8250/16550 driver, 32 ports, IRQ sharing enabled
[    1.268643] 00:05: ttyS0 at I/O 0x3f8 (irq = 4, base_baud = 115200) is a 16550A
[    1.311634] Linux agpgart interface v0.103
[    1.311733] agpgart-intel 0000:00:00.0: Intel 440BX Chipset
[    1.313067] agpgart-intel 0000:00:00.0: AGP aperture is 256M @ 0x0
[    1.340564] loop: module loaded
[    1.341077] ata_piix 0000:00:07.1: version 2.13
[    1.342030] scsi host0: ata_piix
[    1.342430] scsi host1: ata_piix
[    1.342469] ata1: PATA max UDMA/33 cmd 0x1f0 ctl 0x3f6 bmdma 0x1060 irq 14
[    1.342471] ata2: PATA max UDMA/33 cmd 0x170 ctl 0x376 bmdma 0x1068 irq 15
[    1.343169] libphy: Fixed MDIO Bus: probed
[    1.343170] tun: Universal TUN/TAP device driver, 1.6
[    1.343272] PPP generic driver version 2.4.2
[    1.343578] VFIO - User Level meta-driver version: 0.3
[    1.343780] ehci_hcd: USB 2.0 'Enhanced' Host Controller (EHCI) Driver
[    1.343784] ehci-pci: EHCI PCI platform driver
[    1.344484] ehci-pci 0000:02:03.0: EHCI Host Controller
[    1.344489] ehci-pci 0000:02:03.0: new USB bus registered, assigned bus number 1
[    1.344775] ehci-pci 0000:02:03.0: irq 17, io mem 0xfd5ef000
[    1.358665] ehci-pci 0000:02:03.0: USB 2.0 started, EHCI 1.00
[    1.358761] usb usb1: New USB device found, idVendor=1d6b, idProduct=0002, bcdDevice= 5.15
[    1.358763] usb usb1: New USB device strings: Mfr=3, Product=2, SerialNumber=1
[    1.358765] usb usb1: Product: EHCI Host Controller
[    1.358766] usb usb1: Manufacturer: Linux 5.15.0-rc7+ ehci_hcd
[    1.358767] usb usb1: SerialNumber: 0000:02:03.0
[    1.359257] hub 1-0:1.0: USB hub found
[    1.359265] hub 1-0:1.0: 6 ports detected
[    1.359438] ehci-platform: EHCI generic platform driver
[    1.359450] ohci_hcd: USB 1.1 'Open' Host Controller (OHCI) Driver
[    1.359452] ohci-pci: OHCI PCI platform driver
[    1.359462] ohci-platform: OHCI generic platform driver
[    1.359465] uhci_hcd: USB Universal Host Controller Interface driver
[    1.359898] uhci_hcd 0000:02:00.0: UHCI Host Controller
[    1.359902] uhci_hcd 0000:02:00.0: new USB bus registered, assigned bus number 2
[    1.359936] uhci_hcd 0000:02:00.0: detected 2 ports
[    1.360118] uhci_hcd 0000:02:00.0: irq 18, io base 0x00002080
[    1.360236] usb usb2: New USB device found, idVendor=1d6b, idProduct=0001, bcdDevice= 5.15
[    1.360238] usb usb2: New USB device strings: Mfr=3, Product=2, SerialNumber=1
[    1.360239] usb usb2: Product: UHCI Host Controller
[    1.360240] usb usb2: Manufacturer: Linux 5.15.0-rc7+ uhci_hcd
[    1.360241] usb usb2: SerialNumber: 0000:02:00.0
[    1.360517] hub 2-0:1.0: USB hub found
[    1.360521] hub 2-0:1.0: 2 ports detected
[    1.360671] i8042: PNP: PS/2 Controller [PNP0303:KBC,PNP0f13:MOUS] at 0x60,0x64 irq 1,12
[    1.361715] serio: i8042 KBD port at 0x60,0x64 irq 1
[    1.361721] serio: i8042 AUX port at 0x60,0x64 irq 12
[    1.362320] mousedev: PS/2 mouse device common for all mice
[    1.364327] rtc_cmos 00:01: registered as rtc0
[    1.364475] rtc_cmos 00:01: setting system clock to 2021-10-31T15:41:08 UTC (1635694868)
[    1.364494] rtc_cmos 00:01: alarms up to one month, y3k, 114 bytes nvram, hpet irqs
[    1.364501] i2c_dev: i2c /dev entries driver
[    1.364530] device-mapper: core: CONFIG_IMA_DISABLE_HTABLE is disabled. Duplicate IMA measurements will not be recorded in the IMA log.
[    1.364562] device-mapper: uevent: version 1.0.3
[    1.365036] device-mapper: ioctl: 4.45.0-ioctl (2021-03-22) initialised: dm-devel@redhat.com
[    1.365055] platform eisa.0: Probing EISA bus 0
[    1.365071] platform eisa.0: EISA: Cannot allocate resource for mainboard
[    1.365072] platform eisa.0: Cannot allocate resource for EISA slot 1
[    1.365074] platform eisa.0: Cannot allocate resource for EISA slot 2
[    1.365074] platform eisa.0: Cannot allocate resource for EISA slot 3
[    1.365075] platform eisa.0: Cannot allocate resource for EISA slot 4
[    1.365076] platform eisa.0: Cannot allocate resource for EISA slot 5
[    1.365077] platform eisa.0: Cannot allocate resource for EISA slot 6
[    1.365077] platform eisa.0: Cannot allocate resource for EISA slot 7
[    1.365078] platform eisa.0: Cannot allocate resource for EISA slot 8
[    1.365079] platform eisa.0: EISA: Detected 0 cards
[    1.365080] intel_pstate: CPU model not supported
[    1.365386] ledtrig-cpu: registered to indicate activity on CPUs
[    1.365586] intel_pmc_core intel_pmc_core.0:  initialized
[    1.365666] drop_monitor: Initializing network drop monitor service
[    1.366081] NET: Registered PF_INET6 protocol family
[    1.367653] input: AT Translated Set 2 keyboard as /devices/platform/i8042/serio0/input/input1
[    1.598647] usb 2-1: new full-speed USB device number 2 using uhci_hcd
[    1.767279] usb 2-1: New USB device found, idVendor=0e0f, idProduct=0003, bcdDevice= 1.03
[    1.767283] usb 2-1: New USB device strings: Mfr=1, Product=2, SerialNumber=0
[    1.767284] usb 2-1: Product: VMware Virtual USB Mouse
[    1.767285] usb 2-1: Manufacturer: VMware
[    1.780850] Freeing initrd memory: 52040K
[    1.788279] Segment Routing with IPv6
[    1.788290] In-situ OAM (IOAM) with IPv6
[    1.788308] NET: Registered PF_PACKET protocol family
[    1.788559] Key type dns_resolver registered
[    1.789111] IPI shorthand broadcast: enabled
[    1.789283] sched_clock: Marking stable (1785093348, 3979115)->(1913440287, -124367824)
[    1.790296] registered taskstats version 1
[    1.790959] Loading compiled-in X.509 certificates
[    1.792071] Loaded X.509 cert 'Build time autogenerated kernel key: c852d61b36159e5bab2247649cb992222403b7fc'
[    1.910943] usb 2-2: new full-speed USB device number 3 using uhci_hcd
[    1.911294] zswap: loaded using pool lzo/zbud
[    1.912230] Key type ._fscrypt registered
[    1.912232] Key type .fscrypt registered
[    1.912232] Key type fscrypt-provisioning registered
[    1.915470] Key type encrypted registered
[    1.915475] AppArmor: AppArmor sha1 policy hashing enabled
[    1.915481] ima: No TPM chip found, activating TPM-bypass!
[    1.915485] Loading compiled-in module X.509 certificates
[    1.915894] Loaded X.509 cert 'Build time autogenerated kernel key: c852d61b36159e5bab2247649cb992222403b7fc'
[    1.915896] ima: Allocated hash algorithm: sha1
[    1.915900] ima: No architecture policies found
[    1.915907] evm: Initialising EVM extended attributes:
[    1.915908] evm: security.selinux
[    1.915908] evm: security.SMACK64
[    1.915909] evm: security.SMACK64EXEC
[    1.915909] evm: security.SMACK64TRANSMUTE
[    1.915910] evm: security.SMACK64MMAP
[    1.915910] evm: security.apparmor
[    1.915910] evm: security.ima
[    1.915911] evm: security.capability
[    1.915911] evm: HMAC attrs: 0x1
[    1.916165] PM:   Magic number: 9:80:691
[    1.916318] acpi LNXCPU:32: hash matches
[    1.916660] RAS: Correctable Errors collector initialized.
[    1.918630] Freeing unused decrypted memory: 2036K
[    1.918875] Freeing unused kernel image (initmem) memory: 2876K
[    1.934685] Write protecting the kernel read-only data: 24576k
[    1.935536] Freeing unused kernel image (text/rodata gap) memory: 2036K
[    1.935950] Freeing unused kernel image (rodata/data gap) memory: 656K
[    1.944980] x86/mm: Checked W+X mappings: passed, no W+X pages found.
[    1.944987] Run /init as init process
[    1.944988]   with arguments:
[    1.944989]     /init
[    1.944990]     auto
[    1.944990]     noprompt
[    1.944991]   with environment:
[    1.944991]     HOME=/
[    1.944992]     TERM=linux
[    1.944992]     BOOT_IMAGE=/boot/vmlinuz-5.15.0-rc7+
[    1.944993]     find_preseed=/preseed.cfg
[    1.944993]     priority=critical
[    1.944994]     locale=en_US
[    2.077973] usb 2-2: New USB device found, idVendor=0e0f, idProduct=0002, bcdDevice= 1.00
[    2.077978] usb 2-2: New USB device strings: Mfr=1, Product=2, SerialNumber=0
[    2.077979] usb 2-2: Product: VMware Virtual USB Hub
[    2.077980] usb 2-2: Manufacturer: VMware, Inc.
[    2.087531] hub 2-2:1.0: USB hub found
[    2.091077] hub 2-2:1.0: 7 ports detected
[    2.211847] piix4_smbus 0000:00:07.3: SMBus Host Controller not enabled!
[    2.213871] Fusion MPT base driver 3.04.20
[    2.213873] Copyright (c) 1999-2008 LSI Corporation
[    2.214847] e1000: Intel(R) PRO/1000 Network Driver
[    2.214849] e1000: Copyright (c) 1999-2006 Intel Corporation.
[    2.217990] Fusion MPT SPI Host driver 3.04.20
[    2.221467] hid: raw HID events driver (C) Jiri Kosina
[    2.236661] ahci 0000:02:04.0: version 3.0
[    2.238411] ahci 0000:02:04.0: AHCI 0001.0300 32 slots 30 ports 6 Gbps 0x3fffffff impl SATA mode
[    2.238416] ahci 0000:02:04.0: flags: 64bit ncq clo only 
[    2.238788] usbcore: registered new interface driver usbhid
[    2.238790] usbhid: USB HID core driver
[    2.239090] mptbase: ioc0: Initiating bringup
[    2.279021] input: VirtualPS/2 VMware VMMouse as /devices/platform/i8042/serio1/input/input4
[    2.279466] input: VirtualPS/2 VMware VMMouse as /devices/platform/i8042/serio1/input/input3
[    2.279726] input: VMware VMware Virtual USB Mouse as /devices/pci0000:00/0000:00:11.0/0000:02:00.0/usb2/2-1/2-1:1.0/0003:0E0F:0003.0001/input/input5
[    2.279772] hid-generic 0003:0E0F:0003.0001: input,hidraw0: USB HID v1.10 Mouse [VMware VMware Virtual USB Mouse] on usb-0000:02:00.0-1/input0
[    2.290385] scsi host2: ahci
[    2.294990] scsi host3: ahci
[    2.295458] scsi host4: ahci
[    2.298550] scsi host5: ahci
[    2.302863] scsi host6: ahci
[    2.303618] scsi host7: ahci
[    2.304072] scsi host8: ahci
[    2.306880] scsi host9: ahci
[    2.310421] scsi host10: ahci
[    2.314352] scsi host11: ahci
[    2.314430] scsi host12: ahci
[    2.314860] scsi host13: ahci
[    2.315376] scsi host14: ahci
[    2.318943] scsi host15: ahci
[    2.319190] scsi host16: ahci
[    2.319532] scsi host17: ahci
[    2.322489] scsi host18: ahci
[    2.326410] scsi host19: ahci
[    2.326642] scsi host20: ahci
[    2.326908] scsi host21: ahci
[    2.327099] scsi host22: ahci
[    2.327394] scsi host23: ahci
[    2.327609] scsi host24: ahci
[    2.328302] scsi host25: ahci
[    2.328633] scsi host26: ahci
[    2.328931] scsi host27: ahci
[    2.330651] scsi host28: ahci
[    2.334426] scsi host29: ahci
[    2.334652] scsi host30: ahci
[    2.334855] scsi host31: ahci
[    2.334903] ata3: SATA max UDMA/133 abar m4096@0xfd5ee000 port 0xfd5ee100 irq 56
[    2.334906] ata4: SATA max UDMA/133 abar m4096@0xfd5ee000 port 0xfd5ee180 irq 56
[    2.334907] ata5: SATA max UDMA/133 abar m4096@0xfd5ee000 port 0xfd5ee200 irq 56
[    2.334908] ata6: SATA max UDMA/133 abar m4096@0xfd5ee000 port 0xfd5ee280 irq 56
[    2.334909] ata7: SATA max UDMA/133 abar m4096@0xfd5ee000 port 0xfd5ee300 irq 56
[    2.334910] ata8: SATA max UDMA/133 abar m4096@0xfd5ee000 port 0xfd5ee380 irq 56
[    2.334911] ata9: SATA max UDMA/133 abar m4096@0xfd5ee000 port 0xfd5ee400 irq 56
[    2.334912] ata10: SATA max UDMA/133 abar m4096@0xfd5ee000 port 0xfd5ee480 irq 56
[    2.334913] ata11: SATA max UDMA/133 abar m4096@0xfd5ee000 port 0xfd5ee500 irq 56
[    2.334914] ata12: SATA max UDMA/133 abar m4096@0xfd5ee000 port 0xfd5ee580 irq 56
[    2.334915] ata13: SATA max UDMA/133 abar m4096@0xfd5ee000 port 0xfd5ee600 irq 56
[    2.334916] ata14: SATA max UDMA/133 abar m4096@0xfd5ee000 port 0xfd5ee680 irq 56
[    2.334917] ata15: SATA max UDMA/133 abar m4096@0xfd5ee000 port 0xfd5ee700 irq 56
[    2.334918] ata16: SATA max UDMA/133 abar m4096@0xfd5ee000 port 0xfd5ee780 irq 56
[    2.334919] ata17: SATA max UDMA/133 abar m4096@0xfd5ee000 port 0xfd5ee800 irq 56
[    2.334919] ata18: SATA max UDMA/133 abar m4096@0xfd5ee000 port 0xfd5ee880 irq 56
[    2.334920] ata19: SATA max UDMA/133 abar m4096@0xfd5ee000 port 0xfd5ee900 irq 56
[    2.334921] ata20: SATA max UDMA/133 abar m4096@0xfd5ee000 port 0xfd5ee980 irq 56
[    2.334922] ata21: SATA max UDMA/133 abar m4096@0xfd5ee000 port 0xfd5eea00 irq 56
[    2.334923] ata22: SATA max UDMA/133 abar m4096@0xfd5ee000 port 0xfd5eea80 irq 56
