[    0.000000] Linux version 5.15.0-rc7+ (archana@ubuntu) (gcc (Ubuntu 9.3.0-17ubuntu1~20.04) 9.3.0, GNU ld (GNU Binutils for Ubuntu) 2.34) #1 SMP Sat Oct 30 20:58:15 PDT 2021
[    0.000000] Command line: BOOT_IMAGE=/boot/vmlinuz-5.15.0-rc7+ root=UUID=e240b98d-0f33-4ad6-aa63-1bb7403e9ecf ro find_preseed=/preseed.cfg auto noprompt priority=critical locale=en_US quiet
[    0.000000] KERNEL supported cpus:
[    0.000000]   Intel GenuineIntel
[    0.000000]   AMD AuthenticAMD
[    0.000000]   Hygon HygonGenuine
[    0.000000]   Centaur CentaurHauls
[    0.000000]   zhaoxin   Shanghai  
[    0.000000] Disabled fast string operations
[    0.000000] x86/fpu: Supporting XSAVE feature 0x001: 'x87 floating point registers'
[    0.000000] x86/fpu: Supporting XSAVE feature 0x002: 'SSE registers'
[    0.000000] x86/fpu: Supporting XSAVE feature 0x004: 'AVX registers'
[    0.000000] x86/fpu: xstate_offset[2]:  576, xstate_sizes[2]:  256
[    0.000000] x86/fpu: Enabled xstate features 0x7, context size is 832 bytes, using 'compacted' format.
[    0.000000] signal: max sigframe size: 1776
[    0.000000] BIOS-provided physical RAM map:
[    0.000000] BIOS-e820: [mem 0x0000000000000000-0x000000000009e7ff] usable
[    0.000000] BIOS-e820: [mem 0x000000000009e800-0x000000000009ffff] reserved
[    0.000000] BIOS-e820: [mem 0x00000000000dc000-0x00000000000fffff] reserved
[    0.000000] BIOS-e820: [mem 0x0000000000100000-0x00000000bfecffff] usable
[    0.000000] BIOS-e820: [mem 0x00000000bfed0000-0x00000000bfefefff] ACPI data
[    0.000000] BIOS-e820: [mem 0x00000000bfeff000-0x00000000bfefffff] ACPI NVS
[    0.000000] BIOS-e820: [mem 0x00000000bff00000-0x00000000bfffffff] usable
[    0.000000] BIOS-e820: [mem 0x00000000f0000000-0x00000000f7ffffff] reserved
[    0.000000] BIOS-e820: [mem 0x00000000fec00000-0x00000000fec0ffff] reserved
[    0.000000] BIOS-e820: [mem 0x00000000fee00000-0x00000000fee00fff] reserved
[    0.000000] BIOS-e820: [mem 0x00000000fffe0000-0x00000000ffffffff] reserved
[    0.000000] BIOS-e820: [mem 0x0000000100000000-0x000000013fffffff] usable
[    0.000000] NX (Execute Disable) protection: active
[    0.000000] SMBIOS 2.7 present.
[    0.000000] DMI: VMware, Inc. VMware Virtual Platform/440BX Desktop Reference Platform, BIOS 6.00 11/12/2020
[    0.000000] vmware: hypercall mode: 0x02
[    0.000000] Hypervisor detected: VMware
[    0.000000] vmware: TSC freq read from hypervisor : 2112.001 MHz
[    0.000000] vmware: Host bus clock speed read from hypervisor : 66000000 Hz
[    0.000000] vmware: using clock offset of 11354773723 ns
[    0.000015] tsc: Detected 2112.001 MHz processor
[    0.001300] e820: update [mem 0x00000000-0x00000fff] usable ==> reserved
[    0.001303] e820: remove [mem 0x000a0000-0x000fffff] usable
[    0.001307] last_pfn = 0x140000 max_arch_pfn = 0x400000000
[    0.001328] x86/PAT: Configuration [0-7]: WB  WC  UC- UC  WB  WP  UC- WT  
[    0.001338] total RAM covered: 130048M
[    0.001442] Found optimal setting for mtrr clean up
[    0.001443]  gran_size: 64K 	chunk_size: 64K 	num_reg: 7  	lose cover RAM: 0G
[    0.001480] e820: update [mem 0xc0000000-0xffffffff] usable ==> reserved
[    0.001485] last_pfn = 0xc0000 max_arch_pfn = 0x400000000
[    0.009252] found SMP MP-table at [mem 0x000f6a70-0x000f6a7f]
[    0.009270] Using GB pages for direct mapping
[    0.009512] RAMDISK: [mem 0x31a4b000-0x34d1cfff]
[    0.009518] ACPI: Early table checksum verification disabled
[    0.009522] ACPI: RSDP 0x00000000000F6A00 000024 (v02 PTLTD )
[    0.009526] ACPI: XSDT 0x00000000BFEDC633 00005C (v01 INTEL  440BX    06040000 VMW  01324272)
[    0.009532] ACPI: FACP 0x00000000BFEFEE73 0000F4 (v04 INTEL  440BX    06040000 PTL  000F4240)
[    0.009537] ACPI: DSDT 0x00000000BFEDD9E8 02148B (v01 PTLTD  Custom   06040000 MSFT 03000001)
[    0.009543] ACPI: FACS 0x00000000BFEFFFC0 000040
[    0.009546] ACPI: FACS 0x00000000BFEFFFC0 000040
[    0.009549] ACPI: BOOT 0x00000000BFEDD9C0 000028 (v01 PTLTD  $SBFTBL$ 06040000  LTP 00000001)
[    0.009552] ACPI: APIC 0x00000000BFEDD27E 000742 (v01 PTLTD  ? APIC   06040000  LTP 00000000)
[    0.009555] ACPI: MCFG 0x00000000BFEDD242 00003C (v01 PTLTD  $PCITBL$ 06040000  LTP 00000001)
[    0.009557] ACPI: SRAT 0x00000000BFEDC72F 0008D0 (v02 VMWARE MEMPLUG  06040000 VMW  00000001)
[    0.009560] ACPI: HPET 0x00000000BFEDC6F7 000038 (v01 VMWARE VMW HPET 06040000 VMW  00000001)
[    0.009563] ACPI: WAET 0x00000000BFEDC6CF 000028 (v01 VMWARE VMW WAET 06040000 VMW  00000001)
[    0.009565] ACPI: Reserving FACP table memory at [mem 0xbfefee73-0xbfefef66]
[    0.009567] ACPI: Reserving DSDT table memory at [mem 0xbfedd9e8-0xbfefee72]
[    0.009567] ACPI: Reserving FACS table memory at [mem 0xbfefffc0-0xbfefffff]
[    0.009568] ACPI: Reserving FACS table memory at [mem 0xbfefffc0-0xbfefffff]
[    0.009569] ACPI: Reserving BOOT table memory at [mem 0xbfedd9c0-0xbfedd9e7]
[    0.009569] ACPI: Reserving APIC table memory at [mem 0xbfedd27e-0xbfedd9bf]
[    0.009570] ACPI: Reserving MCFG table memory at [mem 0xbfedd242-0xbfedd27d]
[    0.009570] ACPI: Reserving SRAT table memory at [mem 0xbfedc72f-0xbfedcffe]
[    0.009571] ACPI: Reserving HPET table memory at [mem 0xbfedc6f7-0xbfedc72e]
[    0.009572] ACPI: Reserving WAET table memory at [mem 0xbfedc6cf-0xbfedc6f6]
[    0.009603] system APIC only can use physical flat
[    0.009604] Setting APIC routing to physical flat.
[    0.009662] SRAT: PXM 0 -> APIC 0x00 -> Node 0
[    0.009664] SRAT: PXM 0 -> APIC 0x01 -> Node 0
[    0.009664] SRAT: PXM 0 -> APIC 0x02 -> Node 0
[    0.009665] SRAT: PXM 0 -> APIC 0x04 -> Node 0
[    0.009665] SRAT: PXM 0 -> APIC 0x05 -> Node 0
[    0.009666] SRAT: PXM 0 -> APIC 0x06 -> Node 0
[    0.009666] SRAT: PXM 0 -> APIC 0x08 -> Node 0
[    0.009667] SRAT: PXM 0 -> APIC 0x09 -> Node 0
[    0.009667] SRAT: PXM 0 -> APIC 0x0a -> Node 0
[    0.009668] SRAT: PXM 0 -> APIC 0x0c -> Node 0
[    0.009668] SRAT: PXM 0 -> APIC 0x0d -> Node 0
[    0.009669] SRAT: PXM 0 -> APIC 0x0e -> Node 0
[    0.009669] SRAT: PXM 0 -> APIC 0x10 -> Node 0
[    0.009670] SRAT: PXM 0 -> APIC 0x11 -> Node 0
[    0.009670] SRAT: PXM 0 -> APIC 0x12 -> Node 0
[    0.009671] SRAT: PXM 0 -> APIC 0x14 -> Node 0
[    0.009671] SRAT: PXM 0 -> APIC 0x15 -> Node 0
[    0.009672] SRAT: PXM 0 -> APIC 0x16 -> Node 0
[    0.009672] SRAT: PXM 0 -> APIC 0x18 -> Node 0
[    0.009673] SRAT: PXM 0 -> APIC 0x19 -> Node 0
[    0.009673] SRAT: PXM 0 -> APIC 0x1a -> Node 0
[    0.009674] SRAT: PXM 0 -> APIC 0x1c -> Node 0
[    0.009674] SRAT: PXM 0 -> APIC 0x1d -> Node 0
[    0.009675] SRAT: PXM 0 -> APIC 0x1e -> Node 0
[    0.009675] SRAT: PXM 0 -> APIC 0x20 -> Node 0
[    0.009676] SRAT: PXM 0 -> APIC 0x21 -> Node 0
[    0.009676] SRAT: PXM 0 -> APIC 0x22 -> Node 0
[    0.009677] SRAT: PXM 0 -> APIC 0x24 -> Node 0
[    0.009677] SRAT: PXM 0 -> APIC 0x25 -> Node 0
[    0.009678] SRAT: PXM 0 -> APIC 0x26 -> Node 0
[    0.009678] SRAT: PXM 0 -> APIC 0x28 -> Node 0
[    0.009679] SRAT: PXM 0 -> APIC 0x29 -> Node 0
[    0.009679] SRAT: PXM 0 -> APIC 0x2a -> Node 0
[    0.009680] SRAT: PXM 0 -> APIC 0x2c -> Node 0
[    0.009680] SRAT: PXM 0 -> APIC 0x2d -> Node 0
[    0.009681] SRAT: PXM 0 -> APIC 0x2e -> Node 0
[    0.009681] SRAT: PXM 0 -> APIC 0x30 -> Node 0
[    0.009682] SRAT: PXM 0 -> APIC 0x31 -> Node 0
[    0.009682] SRAT: PXM 0 -> APIC 0x32 -> Node 0
[    0.009683] SRAT: PXM 0 -> APIC 0x34 -> Node 0
[    0.009683] SRAT: PXM 0 -> APIC 0x35 -> Node 0
[    0.009684] SRAT: PXM 0 -> APIC 0x36 -> Node 0
[    0.009685] SRAT: PXM 0 -> APIC 0x38 -> Node 0
[    0.009685] SRAT: PXM 0 -> APIC 0x39 -> Node 0
[    0.009686] SRAT: PXM 0 -> APIC 0x3a -> Node 0
[    0.009686] SRAT: PXM 0 -> APIC 0x3c -> Node 0
[    0.009687] SRAT: PXM 0 -> APIC 0x3d -> Node 0
[    0.009687] SRAT: PXM 0 -> APIC 0x3e -> Node 0
[    0.009688] SRAT: PXM 0 -> APIC 0x40 -> Node 0
[    0.009688] SRAT: PXM 0 -> APIC 0x41 -> Node 0
[    0.009689] SRAT: PXM 0 -> APIC 0x42 -> Node 0
[    0.009689] SRAT: PXM 0 -> APIC 0x44 -> Node 0
[    0.009690] SRAT: PXM 0 -> APIC 0x45 -> Node 0
[    0.009690] SRAT: PXM 0 -> APIC 0x46 -> Node 0
[    0.009691] SRAT: PXM 0 -> APIC 0x48 -> Node 0
[    0.009691] SRAT: PXM 0 -> APIC 0x49 -> Node 0
[    0.009692] SRAT: PXM 0 -> APIC 0x4a -> Node 0
[    0.009692] SRAT: PXM 0 -> APIC 0x4c -> Node 0
[    0.009693] SRAT: PXM 0 -> APIC 0x4d -> Node 0
[    0.009693] SRAT: PXM 0 -> APIC 0x4e -> Node 0
[    0.009694] SRAT: PXM 0 -> APIC 0x50 -> Node 0
[    0.009694] SRAT: PXM 0 -> APIC 0x51 -> Node 0
[    0.009695] SRAT: PXM 0 -> APIC 0x52 -> Node 0
[    0.009695] SRAT: PXM 0 -> APIC 0x54 -> Node 0
[    0.009696] SRAT: PXM 0 -> APIC 0x55 -> Node 0
[    0.009696] SRAT: PXM 0 -> APIC 0x56 -> Node 0
[    0.009697] SRAT: PXM 0 -> APIC 0x58 -> Node 0
[    0.009697] SRAT: PXM 0 -> APIC 0x59 -> Node 0
[    0.009698] SRAT: PXM 0 -> APIC 0x5a -> Node 0
[    0.009698] SRAT: PXM 0 -> APIC 0x5c -> Node 0
[    0.009699] SRAT: PXM 0 -> APIC 0x5d -> Node 0
[    0.009699] SRAT: PXM 0 -> APIC 0x5e -> Node 0
[    0.009700] SRAT: PXM 0 -> APIC 0x60 -> Node 0
[    0.009700] SRAT: PXM 0 -> APIC 0x61 -> Node 0
[    0.009701] SRAT: PXM 0 -> APIC 0x62 -> Node 0
[    0.009701] SRAT: PXM 0 -> APIC 0x64 -> Node 0
[    0.009702] SRAT: PXM 0 -> APIC 0x65 -> Node 0
[    0.009702] SRAT: PXM 0 -> APIC 0x66 -> Node 0
[    0.009703] SRAT: PXM 0 -> APIC 0x68 -> Node 0
[    0.009703] SRAT: PXM 0 -> APIC 0x69 -> Node 0
[    0.009704] SRAT: PXM 0 -> APIC 0x6a -> Node 0
[    0.009704] SRAT: PXM 0 -> APIC 0x6c -> Node 0
[    0.009705] SRAT: PXM 0 -> APIC 0x6d -> Node 0
[    0.009705] SRAT: PXM 0 -> APIC 0x6e -> Node 0
[    0.009706] SRAT: PXM 0 -> APIC 0x70 -> Node 0
[    0.009706] SRAT: PXM 0 -> APIC 0x71 -> Node 0
[    0.009707] SRAT: PXM 0 -> APIC 0x72 -> Node 0
[    0.009707] SRAT: PXM 0 -> APIC 0x74 -> Node 0
[    0.009708] SRAT: PXM 0 -> APIC 0x75 -> Node 0
[    0.009708] SRAT: PXM 0 -> APIC 0x76 -> Node 0
[    0.009709] SRAT: PXM 0 -> APIC 0x78 -> Node 0
[    0.009709] SRAT: PXM 0 -> APIC 0x79 -> Node 0
[    0.009710] SRAT: PXM 0 -> APIC 0x7a -> Node 0
[    0.009710] SRAT: PXM 0 -> APIC 0x7c -> Node 0
[    0.009711] SRAT: PXM 0 -> APIC 0x7d -> Node 0
[    0.009711] SRAT: PXM 0 -> APIC 0x7e -> Node 0
[    0.009712] SRAT: PXM 0 -> APIC 0x80 -> Node 0
[    0.009712] SRAT: PXM 0 -> APIC 0x81 -> Node 0
[    0.009713] SRAT: PXM 0 -> APIC 0x82 -> Node 0
[    0.009713] SRAT: PXM 0 -> APIC 0x84 -> Node 0
[    0.009714] SRAT: PXM 0 -> APIC 0x85 -> Node 0
[    0.009714] SRAT: PXM 0 -> APIC 0x86 -> Node 0
[    0.009715] SRAT: PXM 0 -> APIC 0x88 -> Node 0
[    0.009715] SRAT: PXM 0 -> APIC 0x89 -> Node 0
[    0.009716] SRAT: PXM 0 -> APIC 0x8a -> Node 0
[    0.009716] SRAT: PXM 0 -> APIC 0x8c -> Node 0
[    0.009717] SRAT: PXM 0 -> APIC 0x8d -> Node 0
[    0.009717] SRAT: PXM 0 -> APIC 0x8e -> Node 0
[    0.009718] SRAT: PXM 0 -> APIC 0x90 -> Node 0
[    0.009718] SRAT: PXM 0 -> APIC 0x91 -> Node 0
[    0.009719] SRAT: PXM 0 -> APIC 0x92 -> Node 0
[    0.009720] SRAT: PXM 0 -> APIC 0x94 -> Node 0
[    0.009720] SRAT: PXM 0 -> APIC 0x95 -> Node 0
[    0.009721] SRAT: PXM 0 -> APIC 0x96 -> Node 0
[    0.009721] SRAT: PXM 0 -> APIC 0x98 -> Node 0
[    0.009722] SRAT: PXM 0 -> APIC 0x99 -> Node 0
[    0.009722] SRAT: PXM 0 -> APIC 0x9a -> Node 0
[    0.009723] SRAT: PXM 0 -> APIC 0x9c -> Node 0
[    0.009723] SRAT: PXM 0 -> APIC 0x9d -> Node 0
[    0.009724] SRAT: PXM 0 -> APIC 0x9e -> Node 0
[    0.009724] SRAT: PXM 0 -> APIC 0xa0 -> Node 0
[    0.009725] SRAT: PXM 0 -> APIC 0xa1 -> Node 0
[    0.009725] SRAT: PXM 0 -> APIC 0xa2 -> Node 0
[    0.009726] SRAT: PXM 0 -> APIC 0xa4 -> Node 0
[    0.009726] SRAT: PXM 0 -> APIC 0xa5 -> Node 0
[    0.009727] SRAT: PXM 0 -> APIC 0xa6 -> Node 0
[    0.009727] SRAT: PXM 0 -> APIC 0xa8 -> Node 0
[    0.009728] SRAT: PXM 0 -> APIC 0xa9 -> Node 0
[    0.009730] ACPI: SRAT: Node 0 PXM 0 [mem 0x00000000-0x0009ffff]
[    0.009732] ACPI: SRAT: Node 0 PXM 0 [mem 0x00100000-0xbfffffff]
[    0.009733] ACPI: SRAT: Node 0 PXM 0 [mem 0x100000000-0x13fffffff]
[    0.009734] ACPI: SRAT: Node 0 PXM 0 [mem 0x140000000-0x103fffffff] hotplug
[    0.009736] NUMA: Node 0 [mem 0x00000000-0x0009ffff] + [mem 0x00100000-0xbfffffff] -> [mem 0x00000000-0xbfffffff]
[    0.009737] NUMA: Node 0 [mem 0x00000000-0xbfffffff] + [mem 0x100000000-0x13fffffff] -> [mem 0x00000000-0x13fffffff]
[    0.009744] NODE_DATA(0) allocated [mem 0x13ffd4000-0x13fffdfff]
[    0.011096] Zone ranges:
[    0.011097]   DMA      [mem 0x0000000000001000-0x0000000000ffffff]
[    0.011099]   DMA32    [mem 0x0000000001000000-0x00000000ffffffff]
[    0.011100]   Normal   [mem 0x0000000100000000-0x000000013fffffff]
[    0.011102]   Device   empty
[    0.011102] Movable zone start for each node
[    0.011104] Early memory node ranges
[    0.011105]   node   0: [mem 0x0000000000001000-0x000000000009dfff]
[    0.011106]   node   0: [mem 0x0000000000100000-0x00000000bfecffff]
[    0.011107]   node   0: [mem 0x00000000bff00000-0x00000000bfffffff]
[    0.011108]   node   0: [mem 0x0000000100000000-0x000000013fffffff]
[    0.011109] Initmem setup node 0 [mem 0x0000000000001000-0x000000013fffffff]
[    0.011289] On node 0, zone DMA: 1 pages in unavailable ranges
[    0.012220] On node 0, zone DMA: 98 pages in unavailable ranges
[    0.158423] On node 0, zone DMA32: 48 pages in unavailable ranges
[    0.211675] ACPI: PM-Timer IO Port: 0x1008
[    0.211684] system APIC only can use physical flat
[    0.211694] ACPI: LAPIC_NMI (acpi_id[0x00] high edge lint[0x1])
[    0.211696] ACPI: LAPIC_NMI (acpi_id[0x01] high edge lint[0x1])
[    0.211697] ACPI: LAPIC_NMI (acpi_id[0x02] high edge lint[0x1])
[    0.211698] ACPI: LAPIC_NMI (acpi_id[0x03] high edge lint[0x1])
[    0.211698] ACPI: LAPIC_NMI (acpi_id[0x04] high edge lint[0x1])
[    0.211699] ACPI: LAPIC_NMI (acpi_id[0x05] high edge lint[0x1])
[    0.211699] ACPI: LAPIC_NMI (acpi_id[0x06] high edge lint[0x1])
[    0.211700] ACPI: LAPIC_NMI (acpi_id[0x07] high edge lint[0x1])
[    0.211700] ACPI: LAPIC_NMI (acpi_id[0x08] high edge lint[0x1])
[    0.211701] ACPI: LAPIC_NMI (acpi_id[0x09] high edge lint[0x1])
[    0.211701] ACPI: LAPIC_NMI (acpi_id[0x0a] high edge lint[0x1])
[    0.211702] ACPI: LAPIC_NMI (acpi_id[0x0b] high edge lint[0x1])
[    0.211703] ACPI: LAPIC_NMI (acpi_id[0x0c] high edge lint[0x1])
[    0.211703] ACPI: LAPIC_NMI (acpi_id[0x0d] high edge lint[0x1])
[    0.211704] ACPI: LAPIC_NMI (acpi_id[0x0e] high edge lint[0x1])
[    0.211704] ACPI: LAPIC_NMI (acpi_id[0x0f] high edge lint[0x1])
[    0.211705] ACPI: LAPIC_NMI (acpi_id[0x10] high edge lint[0x1])
[    0.211706] ACPI: LAPIC_NMI (acpi_id[0x11] high edge lint[0x1])
[    0.211706] ACPI: LAPIC_NMI (acpi_id[0x12] high edge lint[0x1])
[    0.211707] ACPI: LAPIC_NMI (acpi_id[0x13] high edge lint[0x1])
[    0.211707] ACPI: LAPIC_NMI (acpi_id[0x14] high edge lint[0x1])
[    0.211708] ACPI: LAPIC_NMI (acpi_id[0x15] high edge lint[0x1])
[    0.211708] ACPI: LAPIC_NMI (acpi_id[0x16] high edge lint[0x1])
[    0.211709] ACPI: LAPIC_NMI (acpi_id[0x17] high edge lint[0x1])
[    0.211709] ACPI: LAPIC_NMI (acpi_id[0x18] high edge lint[0x1])
[    0.211710] ACPI: LAPIC_NMI (acpi_id[0x19] high edge lint[0x1])
[    0.211711] ACPI: LAPIC_NMI (acpi_id[0x1a] high edge lint[0x1])
[    0.211711] ACPI: LAPIC_NMI (acpi_id[0x1b] high edge lint[0x1])
[    0.211712] ACPI: LAPIC_NMI (acpi_id[0x1c] high edge lint[0x1])
[    0.211712] ACPI: LAPIC_NMI (acpi_id[0x1d] high edge lint[0x1])
[    0.211713] ACPI: LAPIC_NMI (acpi_id[0x1e] high edge lint[0x1])
[    0.211713] ACPI: LAPIC_NMI (acpi_id[0x1f] high edge lint[0x1])
[    0.211714] ACPI: LAPIC_NMI (acpi_id[0x20] high edge lint[0x1])
[    0.211715] ACPI: LAPIC_NMI (acpi_id[0x21] high edge lint[0x1])
[    0.211715] ACPI: LAPIC_NMI (acpi_id[0x22] high edge lint[0x1])
[    0.211716] ACPI: LAPIC_NMI (acpi_id[0x23] high edge lint[0x1])
[    0.211716] ACPI: LAPIC_NMI (acpi_id[0x24] high edge lint[0x1])
[    0.211717] ACPI: LAPIC_NMI (acpi_id[0x25] high edge lint[0x1])
[    0.211717] ACPI: LAPIC_NMI (acpi_id[0x26] high edge lint[0x1])
[    0.211718] ACPI: LAPIC_NMI (acpi_id[0x27] high edge lint[0x1])
[    0.211718] ACPI: LAPIC_NMI (acpi_id[0x28] high edge lint[0x1])
[    0.211719] ACPI: LAPIC_NMI (acpi_id[0x29] high edge lint[0x1])
[    0.211720] ACPI: LAPIC_NMI (acpi_id[0x2a] high edge lint[0x1])
[    0.211720] ACPI: LAPIC_NMI (acpi_id[0x2b] high edge lint[0x1])
[    0.211721] ACPI: LAPIC_NMI (acpi_id[0x2c] high edge lint[0x1])
[    0.211721] ACPI: LAPIC_NMI (acpi_id[0x2d] high edge lint[0x1])
[    0.211722] ACPI: LAPIC_NMI (acpi_id[0x2e] high edge lint[0x1])
[    0.211722] ACPI: LAPIC_NMI (acpi_id[0x2f] high edge lint[0x1])
[    0.211723] ACPI: LAPIC_NMI (acpi_id[0x30] high edge lint[0x1])
[    0.211723] ACPI: LAPIC_NMI (acpi_id[0x31] high edge lint[0x1])
[    0.211724] ACPI: LAPIC_NMI (acpi_id[0x32] high edge lint[0x1])
[    0.211725] ACPI: LAPIC_NMI (acpi_id[0x33] high edge lint[0x1])
[    0.211725] ACPI: LAPIC_NMI (acpi_id[0x34] high edge lint[0x1])
[    0.211726] ACPI: LAPIC_NMI (acpi_id[0x35] high edge lint[0x1])
[    0.211726] ACPI: LAPIC_NMI (acpi_id[0x36] high edge lint[0x1])
[    0.211727] ACPI: LAPIC_NMI (acpi_id[0x37] high edge lint[0x1])
[    0.211727] ACPI: LAPIC_NMI (acpi_id[0x38] high edge lint[0x1])
[    0.211728] ACPI: LAPIC_NMI (acpi_id[0x39] high edge lint[0x1])
[    0.211728] ACPI: LAPIC_NMI (acpi_id[0x3a] high edge lint[0x1])
[    0.211729] ACPI: LAPIC_NMI (acpi_id[0x3b] high edge lint[0x1])
[    0.211730] ACPI: LAPIC_NMI (acpi_id[0x3c] high edge lint[0x1])
[    0.211730] ACPI: LAPIC_NMI (acpi_id[0x3d] high edge lint[0x1])
[    0.211731] ACPI: LAPIC_NMI (acpi_id[0x3e] high edge lint[0x1])
[    0.211731] ACPI: LAPIC_NMI (acpi_id[0x3f] high edge lint[0x1])
[    0.211732] ACPI: LAPIC_NMI (acpi_id[0x40] high edge lint[0x1])
[    0.211732] ACPI: LAPIC_NMI (acpi_id[0x41] high edge lint[0x1])
[    0.211733] ACPI: LAPIC_NMI (acpi_id[0x42] high edge lint[0x1])
[    0.211733] ACPI: LAPIC_NMI (acpi_id[0x43] high edge lint[0x1])
[    0.211734] ACPI: LAPIC_NMI (acpi_id[0x44] high edge lint[0x1])
[    0.211735] ACPI: LAPIC_NMI (acpi_id[0x45] high edge lint[0x1])
[    0.211735] ACPI: LAPIC_NMI (acpi_id[0x46] high edge lint[0x1])
[    0.211736] ACPI: LAPIC_NMI (acpi_id[0x47] high edge lint[0x1])
[    0.211736] ACPI: LAPIC_NMI (acpi_id[0x48] high edge lint[0x1])
[    0.211737] ACPI: LAPIC_NMI (acpi_id[0x49] high edge lint[0x1])
[    0.211737] ACPI: LAPIC_NMI (acpi_id[0x4a] high edge lint[0x1])
[    0.211738] ACPI: LAPIC_NMI (acpi_id[0x4b] high edge lint[0x1])
[    0.211739] ACPI: LAPIC_NMI (acpi_id[0x4c] high edge lint[0x1])
[    0.211739] ACPI: LAPIC_NMI (acpi_id[0x4d] high edge lint[0x1])
[    0.211740] ACPI: LAPIC_NMI (acpi_id[0x4e] high edge lint[0x1])
[    0.211740] ACPI: LAPIC_NMI (acpi_id[0x4f] high edge lint[0x1])
[    0.211741] ACPI: LAPIC_NMI (acpi_id[0x50] high edge lint[0x1])
[    0.211741] ACPI: LAPIC_NMI (acpi_id[0x51] high edge lint[0x1])
[    0.211742] ACPI: LAPIC_NMI (acpi_id[0x52] high edge lint[0x1])
[    0.211742] ACPI: LAPIC_NMI (acpi_id[0x53] high edge lint[0x1])
[    0.211743] ACPI: LAPIC_NMI (acpi_id[0x54] high edge lint[0x1])
[    0.211744] ACPI: LAPIC_NMI (acpi_id[0x55] high edge lint[0x1])
[    0.211744] ACPI: LAPIC_NMI (acpi_id[0x56] high edge lint[0x1])
[    0.211745] ACPI: LAPIC_NMI (acpi_id[0x57] high edge lint[0x1])
[    0.211745] ACPI: LAPIC_NMI (acpi_id[0x58] high edge lint[0x1])
[    0.211746] ACPI: LAPIC_NMI (acpi_id[0x59] high edge lint[0x1])
[    0.211746] ACPI: LAPIC_NMI (acpi_id[0x5a] high edge lint[0x1])
[    0.211747] ACPI: LAPIC_NMI (acpi_id[0x5b] high edge lint[0x1])
[    0.211748] ACPI: LAPIC_NMI (acpi_id[0x5c] high edge lint[0x1])
[    0.211748] ACPI: LAPIC_NMI (acpi_id[0x5d] high edge lint[0x1])
[    0.211749] ACPI: LAPIC_NMI (acpi_id[0x5e] high edge lint[0x1])
[    0.211749] ACPI: LAPIC_NMI (acpi_id[0x5f] high edge lint[0x1])
[    0.211750] ACPI: LAPIC_NMI (acpi_id[0x60] high edge lint[0x1])
[    0.211750] ACPI: LAPIC_NMI (acpi_id[0x61] high edge lint[0x1])
[    0.211751] ACPI: LAPIC_NMI (acpi_id[0x62] high edge lint[0x1])
[    0.211751] ACPI: LAPIC_NMI (acpi_id[0x63] high edge lint[0x1])
[    0.211752] ACPI: LAPIC_NMI (acpi_id[0x64] high edge lint[0x1])
[    0.211752] ACPI: LAPIC_NMI (acpi_id[0x65] high edge lint[0x1])
[    0.211753] ACPI: LAPIC_NMI (acpi_id[0x66] high edge lint[0x1])
[    0.211754] ACPI: LAPIC_NMI (acpi_id[0x67] high edge lint[0x1])
[    0.211754] ACPI: LAPIC_NMI (acpi_id[0x68] high edge lint[0x1])
[    0.211755] ACPI: LAPIC_NMI (acpi_id[0x69] high edge lint[0x1])
[    0.211755] ACPI: LAPIC_NMI (acpi_id[0x6a] high edge lint[0x1])
[    0.211756] ACPI: LAPIC_NMI (acpi_id[0x6b] high edge lint[0x1])
[    0.211756] ACPI: LAPIC_NMI (acpi_id[0x6c] high edge lint[0x1])
[    0.211757] ACPI: LAPIC_NMI (acpi_id[0x6d] high edge lint[0x1])
[    0.211757] ACPI: LAPIC_NMI (acpi_id[0x6e] high edge lint[0x1])
[    0.211758] ACPI: LAPIC_NMI (acpi_id[0x6f] high edge lint[0x1])
[    0.211759] ACPI: LAPIC_NMI (acpi_id[0x70] high edge lint[0x1])
[    0.211759] ACPI: LAPIC_NMI (acpi_id[0x71] high edge lint[0x1])
[    0.211760] ACPI: LAPIC_NMI (acpi_id[0x72] high edge lint[0x1])
[    0.211760] ACPI: LAPIC_NMI (acpi_id[0x73] high edge lint[0x1])
[    0.211761] ACPI: LAPIC_NMI (acpi_id[0x74] high edge lint[0x1])
[    0.211761] ACPI: LAPIC_NMI (acpi_id[0x75] high edge lint[0x1])
[    0.211762] ACPI: LAPIC_NMI (acpi_id[0x76] high edge lint[0x1])
[    0.211763] ACPI: LAPIC_NMI (acpi_id[0x77] high edge lint[0x1])
[    0.211763] ACPI: LAPIC_NMI (acpi_id[0x78] high edge lint[0x1])
[    0.211764] ACPI: LAPIC_NMI (acpi_id[0x79] high edge lint[0x1])
[    0.211764] ACPI: LAPIC_NMI (acpi_id[0x7a] high edge lint[0x1])
[    0.211765] ACPI: LAPIC_NMI (acpi_id[0x7b] high edge lint[0x1])
[    0.211765] ACPI: LAPIC_NMI (acpi_id[0x7c] high edge lint[0x1])
[    0.211766] ACPI: LAPIC_NMI (acpi_id[0x7d] high edge lint[0x1])
[    0.211766] ACPI: LAPIC_NMI (acpi_id[0x7e] high edge lint[0x1])
[    0.211767] ACPI: LAPIC_NMI (acpi_id[0x7f] high edge lint[0x1])
[    0.211800] IOAPIC[0]: apic_id 3, version 32, address 0xfec00000, GSI 0-23
[    0.211805] ACPI: INT_SRC_OVR (bus 0 bus_irq 0 global_irq 2 high edge)
[    0.211810] ACPI: Using ACPI (MADT) for SMP configuration information
[    0.211812] ACPI: HPET id: 0x8086af01 base: 0xfed00000
[    0.211816] TSC deadline timer available
[    0.211823] smpboot: Allowing 128 CPUs, 125 hotplug CPUs
[    0.211835] PM: hibernation: Registered nosave memory: [mem 0x00000000-0x00000fff]
[    0.211837] PM: hibernation: Registered nosave memory: [mem 0x0009e000-0x0009efff]
[    0.211837] PM: hibernation: Registered nosave memory: [mem 0x0009f000-0x0009ffff]
[    0.211838] PM: hibernation: Registered nosave memory: [mem 0x000a0000-0x000dbfff]
[    0.211839] PM: hibernation: Registered nosave memory: [mem 0x000dc000-0x000fffff]
[    0.211840] PM: hibernation: Registered nosave memory: [mem 0xbfed0000-0xbfefefff]
[    0.211840] PM: hibernation: Registered nosave memory: [mem 0xbfeff000-0xbfefffff]
[    0.211873] PM: hibernation: Registered nosave memory: [mem 0xc0000000-0xefffffff]
[    0.211874] PM: hibernation: Registered nosave memory: [mem 0xf0000000-0xf7ffffff]
[    0.211875] PM: hibernation: Registered nosave memory: [mem 0xf8000000-0xfebfffff]
[    0.211875] PM: hibernation: Registered nosave memory: [mem 0xfec00000-0xfec0ffff]
[    0.211876] PM: hibernation: Registered nosave memory: [mem 0xfec10000-0xfedfffff]
[    0.211876] PM: hibernation: Registered nosave memory: [mem 0xfee00000-0xfee00fff]
[    0.211877] PM: hibernation: Registered nosave memory: [mem 0xfee01000-0xfffdffff]
[    0.211877] PM: hibernation: Registered nosave memory: [mem 0xfffe0000-0xffffffff]
[    0.211879] [mem 0xc0000000-0xefffffff] available for PCI devices
[    0.211880] Booting paravirtualized kernel on VMware hypervisor
[    0.211882] clocksource: refined-jiffies: mask: 0xffffffff max_cycles: 0xffffffff, max_idle_ns: 7645519600211568 ns
[    0.211888] setup_percpu: NR_CPUS:8192 nr_cpumask_bits:128 nr_cpu_ids:128 nr_node_ids:1
[    0.309787] percpu: Embedded 53 pages/cpu s180224 r8192 d28672 u262144
[    0.309802] pcpu-alloc: s180224 r8192 d28672 u262144 alloc=1*2097152
[    0.309805] pcpu-alloc: [0] 000 001 002 003 004 005 006 007 
[    0.309809] pcpu-alloc: [0] 008 009 010 011 012 013 014 015 
[    0.309812] pcpu-alloc: [0] 016 017 018 019 020 021 022 023 
[    0.309815] pcpu-alloc: [0] 024 025 026 027 028 029 030 031 
[    0.309818] pcpu-alloc: [0] 032 033 034 035 036 037 038 039 
[    0.309821] pcpu-alloc: [0] 040 041 042 043 044 045 046 047 
[    0.309825] pcpu-alloc: [0] 048 049 050 051 052 053 054 055 
[    0.309828] pcpu-alloc: [0] 056 057 058 059 060 061 062 063 
[    0.309831] pcpu-alloc: [0] 064 065 066 067 068 069 070 071 
[    0.309834] pcpu-alloc: [0] 072 073 074 075 076 077 078 079 
[    0.309837] pcpu-alloc: [0] 080 081 082 083 084 085 086 087 
[    0.309840] pcpu-alloc: [0] 088 089 090 091 092 093 094 095 
[    0.309843] pcpu-alloc: [0] 096 097 098 099 100 101 102 103 
[    0.309847] pcpu-alloc: [0] 104 105 106 107 108 109 110 111 
[    0.309850] pcpu-alloc: [0] 112 113 114 115 116 117 118 119 
[    0.309853] pcpu-alloc: [0] 120 121 122 123 124 125 126 127 
[    0.309920] Built 1 zonelists, mobility grouping on.  Total pages: 1031888
[    0.309923] Policy zone: Normal
[    0.309924] Kernel command line: BOOT_IMAGE=/boot/vmlinuz-5.15.0-rc7+ root=UUID=e240b98d-0f33-4ad6-aa63-1bb7403e9ecf ro find_preseed=/preseed.cfg auto noprompt priority=critical locale=en_US quiet
[    0.310021] Unknown command line parameters: auto noprompt BOOT_IMAGE=/boot/vmlinuz-5.15.0-rc7+ find_preseed=/preseed.cfg priority=critical locale=en_US
[    0.310023] printk: log_buf_len individual max cpu contribution: 4096 bytes
[    0.310024] printk: log_buf_len total cpu_extra contributions: 520192 bytes
[    0.310024] printk: log_buf_len min size: 262144 bytes
[    0.323804] printk: log_buf_len: 1048576 bytes
[    0.323808] printk: early log buf free: 237736(90%)
[    0.335776] Dentry cache hash table entries: 524288 (order: 10, 4194304 bytes, linear)
[    0.341933] Inode-cache hash table entries: 262144 (order: 9, 2097152 bytes, linear)
[    0.343900] mem auto-init: stack:off, heap alloc:on, heap free:off
[    0.451502] Memory: 3933836K/4193716K available (16393K kernel code, 3527K rwdata, 5488K rodata, 2876K init, 5740K bss, 259620K reserved, 0K cma-reserved)
[    0.451509] random: get_random_u64 called from __kmem_cache_create+0x2d/0x450 with crng_init=0
[    0.452159] SLUB: HWalign=64, Order=0-3, MinObjects=0, CPUs=128, Nodes=1
[    0.452232] ftrace: allocating 48946 entries in 192 pages
[    0.467732] ftrace: allocated 192 pages with 2 groups
[    0.469152] rcu: Hierarchical RCU implementation.
[    0.469154] rcu: 	RCU restricting CPUs from NR_CPUS=8192 to nr_cpu_ids=128.
[    0.469155] 	Rude variant of Tasks RCU enabled.
[    0.469156] 	Tracing variant of Tasks RCU enabled.
[    0.469156] rcu: RCU calculated value of scheduler-enlistment delay is 25 jiffies.
[    0.469157] rcu: Adjusting geometry for rcu_fanout_leaf=16, nr_cpu_ids=128
[    0.473656] NR_IRQS: 524544, nr_irqs: 1448, preallocated irqs: 16
[    0.474066] random: crng done (trusting CPU's manufacturer)
[    0.475455] Console: colour VGA+ 80x25
[    0.475474] printk: console [tty0] enabled
[    0.475545] ACPI: Core revision 20210730
[    0.476466] clocksource: hpet: mask: 0xffffffff max_cycles: 0xffffffff, max_idle_ns: 133484882848 ns
[    0.476589] APIC: Switch to symmetric I/O mode setup
[    0.476870] x2apic enabled
[    0.477113] Switched APIC routing to physical x2apic.
[    0.478163] ..TIMER: vector=0x30 apic1=0 pin1=2 apic2=-1 pin2=-1
[    0.478192] clocksource: tsc-early: mask: 0xffffffffffffffff max_cycles: 0x1e71797ffd2, max_idle_ns: 440795307724 ns
[    0.478216] Calibrating delay loop (skipped) preset value.. 4224.00 BogoMIPS (lpj=8448004)
[    0.478219] pid_max: default: 131072 minimum: 1024
[    0.478313] LSM: Security Framework initializing
[    0.478325] Yama: becoming mindful.
[    0.478601] AppArmor: AppArmor initialized
[    0.479054] Mount-cache hash table entries: 8192 (order: 4, 65536 bytes, linear)
[    0.479352] Mountpoint-cache hash table entries: 8192 (order: 4, 65536 bytes, linear)
[    0.482421] Disabled fast string operations
[    0.482591] Last level iTLB entries: 4KB 64, 2MB 8, 4MB 8
[    0.482595] Last level dTLB entries: 4KB 64, 2MB 0, 4MB 0, 1GB 4
[    0.482602] Spectre V1 : Mitigation: usercopy/swapgs barriers and __user pointer sanitization
[    0.482765] Spectre V2 : Mitigation: Enhanced IBRS
[    0.482767] Spectre V2 : Spectre v2 / SpectreRSB mitigation: Filling RSB on context switch
[    0.482770] Spectre V2 : mitigation: Enabling conditional Indirect Branch Prediction Barrier
[    0.482771] Speculative Store Bypass: Mitigation: Speculative Store Bypass disabled via prctl and seccomp
[    0.482774] SRBDS: Mitigation: TSX disabled
[    0.488371] Freeing SMP alternatives memory: 40K
[    0.490684] smpboot: CPU0: Intel(R) Core(TM) i5-10210U CPU @ 1.60GHz (family: 0x6, model: 0x8e, stepping: 0xc)
[    0.491609] Performance Events: Skylake events, core PMU driver.
[    0.491639] core: CPUID marked event: 'cpu cycles' unavailable
[    0.491640] core: CPUID marked event: 'instructions' unavailable
[    0.491641] core: CPUID marked event: 'bus cycles' unavailable
[    0.491641] core: CPUID marked event: 'cache references' unavailable
[    0.491641] core: CPUID marked event: 'cache misses' unavailable
[    0.491642] core: CPUID marked event: 'branch instructions' unavailable
[    0.491642] core: CPUID marked event: 'branch misses' unavailable
[    0.491644] ... version:                1
[    0.491644] ... bit width:              48
[    0.491645] ... generic registers:      4
[    0.491645] ... value mask:             0000ffffffffffff
[    0.491646] ... max period:             000000007fffffff
[    0.491646] ... fixed-purpose events:   0
[    0.491647] ... event mask:             000000000000000f
[    0.491799] rcu: Hierarchical SRCU implementation.
[    0.492596] NMI watchdog: Perf NMI watchdog permanently disabled
[    0.506200] smp: Bringing up secondary CPUs ...
[    0.506901] x86: Booting SMP configuration:
[    0.506903] .... node  #0, CPUs:          #1
[    0.008192] Disabled fast string operations
[    0.507771]    #2
[    0.008192] Disabled fast string operations
[    0.510470] smp: Brought up 1 node, 3 CPUs
[    0.510472] smpboot: Max logical packages: 43
[    0.510474] smpboot: Total of 3 processors activated (12672.00 BogoMIPS)
[    0.511166] devtmpfs: initialized
[    0.511166] x86/mm: Memory block size: 128MB
[    0.514258] ACPI: PM: Registering ACPI NVS region [mem 0xbfeff000-0xbfefffff] (4096 bytes)
[    0.514386] clocksource: jiffies: mask: 0xffffffff max_cycles: 0xffffffff, max_idle_ns: 7645041785100000 ns
[    0.520907] futex hash table entries: 32768 (order: 9, 2097152 bytes, linear)
[    0.521164] pinctrl core: initialized pinctrl subsystem
[    0.521433] PM: RTC time: 04:19:19, date: 2021-11-02
[    0.522308] NET: Registered PF_NETLINK/PF_ROUTE protocol family
[    0.524120] DMA: preallocated 512 KiB GFP_KERNEL pool for atomic allocations
[    0.524290] DMA: preallocated 512 KiB GFP_KERNEL|GFP_DMA pool for atomic allocations
[    0.524367] DMA: preallocated 512 KiB GFP_KERNEL|GFP_DMA32 pool for atomic allocations
[    0.524374] audit: initializing netlink subsys (disabled)
[    0.524391] audit: type=2000 audit(1635826759.044:1): state=initialized audit_enabled=0 res=1
[    0.524391] thermal_sys: Registered thermal governor 'fair_share'
[    0.524391] thermal_sys: Registered thermal governor 'bang_bang'
[    0.524391] thermal_sys: Registered thermal governor 'step_wise'
[    0.524391] thermal_sys: Registered thermal governor 'user_space'
[    0.524391] thermal_sys: Registered thermal governor 'power_allocator'
[    0.524391] EISA bus registered
[    0.524391] cpuidle: using governor ladder
[    0.524391] cpuidle: using governor menu
[    0.524391] Simple Boot Flag at 0x36 set to 0x80
[    0.524391] ACPI: bus type PCI registered
[    0.524391] acpiphp: ACPI Hot Plug PCI Controller Driver version: 0.5
[    0.526343] PCI: MMCONFIG for domain 0000 [bus 00-7f] at [mem 0xf0000000-0xf7ffffff] (base 0xf0000000)
[    0.526347] PCI: MMCONFIG at [mem 0xf0000000-0xf7ffffff] reserved in E820
[    0.526358] PCI: Using configuration type 1 for base access
[    0.528238] Kprobes globally optimized
[    0.530232] HugeTLB registered 1.00 GiB page size, pre-allocated 0 pages
[    0.530234] HugeTLB registered 2.00 MiB page size, pre-allocated 0 pages
[    0.542794] ACPI: Added _OSI(Module Device)
[    0.542794] ACPI: Added _OSI(Processor Device)
[    0.542794] ACPI: Added _OSI(3.0 _SCP Extensions)
[    0.542794] ACPI: Added _OSI(Processor Aggregator Device)
[    0.542794] ACPI: Added _OSI(Linux-Dell-Video)
[    0.542794] ACPI: Added _OSI(Linux-Lenovo-NV-HDMI-Audio)
[    0.542794] ACPI: Added _OSI(Linux-HPI-Hybrid-Graphics)
[    0.566378] ACPI: 1 ACPI AML tables successfully acquired and loaded
[    0.568274] ACPI: [Firmware Bug]: BIOS _OSI(Linux) query ignored
[    0.588696] ACPI: Interpreter enabled
[    0.588708] ACPI: PM: (supports S0 S1 S4 S5)
[    0.588709] ACPI: Using IOAPIC for interrupt routing
[    0.588729] PCI: Using host bridge windows from ACPI; if necessary, use "pci=nocrs" and report a bug
[    0.590183] ACPI: Enabled 4 GPEs in block 00 to 0F
[    0.775395] ACPI: PCI Root Bridge [PCI0] (domain 0000 [bus 00-7f])
[    0.775404] acpi PNP0A03:00: _OSC: OS supports [ExtendedConfig ASPM ClockPM Segments MSI HPX-Type3]
[    0.775589] acpi PNP0A03:00: _OSC: platform does not support [AER LTR]
[    0.775780] acpi PNP0A03:00: _OSC: OS now controls [PCIeHotplug SHPCHotplug PME PCIeCapability]
[    0.777695] PCI host bridge to bus 0000:00
[    0.777697] pci_bus 0000:00: root bus resource [mem 0x000a0000-0x000bffff window]
[    0.777699] pci_bus 0000:00: root bus resource [mem 0x000d0000-0x000d3fff window]
[    0.777700] pci_bus 0000:00: root bus resource [mem 0x000d4000-0x000d7fff window]
[    0.777700] pci_bus 0000:00: root bus resource [mem 0x000d8000-0x000dbfff window]
[    0.777701] pci_bus 0000:00: root bus resource [mem 0xc0000000-0xfebfffff window]
[    0.777702] pci_bus 0000:00: root bus resource [io  0x0000-0x0cf7 window]
[    0.777703] pci_bus 0000:00: root bus resource [io  0x0d00-0xfeff window]
[    0.777704] pci_bus 0000:00: root bus resource [bus 00-7f]
[    0.777878] pci 0000:00:00.0: [8086:7190] type 00 class 0x060000
[    0.778946] pci 0000:00:01.0: [8086:7191] type 01 class 0x060400
[    0.781330] pci 0000:00:07.0: [8086:7110] type 00 class 0x060100
[    0.782207] pci 0000:00:07.1: [8086:7111] type 00 class 0x01018a
[    0.783703] pci 0000:00:07.1: reg 0x20: [io  0x1060-0x106f]
[    0.784210] pci 0000:00:07.1: legacy IDE quirk: reg 0x10: [io  0x01f0-0x01f7]
[    0.784212] pci 0000:00:07.1: legacy IDE quirk: reg 0x14: [io  0x03f6]
[    0.784213] pci 0000:00:07.1: legacy IDE quirk: reg 0x18: [io  0x0170-0x0177]
[    0.784214] pci 0000:00:07.1: legacy IDE quirk: reg 0x1c: [io  0x0376]
[    0.784692] pci 0000:00:07.3: [8086:7113] type 00 class 0x068000
[    0.786167] pci 0000:00:07.3: quirk: [io  0x1000-0x103f] claimed by PIIX4 ACPI
[    0.786180] pci 0000:00:07.3: quirk: [io  0x1040-0x104f] claimed by PIIX4 SMB
[    0.786566] pci 0000:00:07.7: [15ad:0740] type 00 class 0x088000
[    0.787191] pci 0000:00:07.7: reg 0x10: [io  0x1080-0x10bf]
[    0.787694] pci 0000:00:07.7: reg 0x14: [mem 0xfebfe000-0xfebfffff 64bit]
[    0.792780] pci 0000:00:0f.0: [15ad:0405] type 00 class 0x030000
[    0.793535] pci 0000:00:0f.0: reg 0x10: [io  0x1070-0x107f]
[    0.794197] pci 0000:00:0f.0: reg 0x14: [mem 0xe8000000-0xefffffff pref]
[    0.794554] pci 0000:00:0f.0: reg 0x18: [mem 0xfe000000-0xfe7fffff]
[    0.796925] pci 0000:00:0f.0: reg 0x30: [mem 0x00000000-0x00007fff pref]
[    0.798007] pci 0000:00:10.0: [1000:0030] type 00 class 0x010000
[    0.798390] pci 0000:00:10.0: reg 0x10: [io  0x1400-0x14ff]
[    0.798752] pci 0000:00:10.0: reg 0x14: [mem 0xfeba0000-0xfebbffff 64bit]
[    0.799120] pci 0000:00:10.0: reg 0x1c: [mem 0xfebc0000-0xfebdffff 64bit]
[    0.799778] pci 0000:00:10.0: reg 0x30: [mem 0x00000000-0x00003fff pref]
[    0.800616] pci 0000:00:11.0: [15ad:0790] type 01 class 0x060401
[    0.802833] pci 0000:00:15.0: [15ad:07a0] type 01 class 0x060400
[    0.803560] pci 0000:00:15.0: PME# supported from D0 D3hot D3cold
[    0.804127] pci 0000:00:15.1: [15ad:07a0] type 01 class 0x060400
[    0.804958] pci 0000:00:15.1: PME# supported from D0 D3hot D3cold
[    0.805467] pci 0000:00:15.2: [15ad:07a0] type 01 class 0x060400
[    0.806204] pci 0000:00:15.2: PME# supported from D0 D3hot D3cold
[    0.806817] pci 0000:00:15.3: [15ad:07a0] type 01 class 0x060400
[    0.807540] pci 0000:00:15.3: PME# supported from D0 D3hot D3cold
[    0.808034] pci 0000:00:15.4: [15ad:07a0] type 01 class 0x060400
[    0.808766] pci 0000:00:15.4: PME# supported from D0 D3hot D3cold
[    0.809246] pci 0000:00:15.5: [15ad:07a0] type 01 class 0x060400
[    0.809977] pci 0000:00:15.5: PME# supported from D0 D3hot D3cold
[    0.810453] pci 0000:00:15.6: [15ad:07a0] type 01 class 0x060400
[    0.811191] pci 0000:00:15.6: PME# supported from D0 D3hot D3cold
[    0.811684] pci 0000:00:15.7: [15ad:07a0] type 01 class 0x060400
[    0.812405] pci 0000:00:15.7: PME# supported from D0 D3hot D3cold
[    0.813200] pci 0000:00:16.0: [15ad:07a0] type 01 class 0x060400
[    0.813941] pci 0000:00:16.0: PME# supported from D0 D3hot D3cold
[    0.814393] pci 0000:00:16.1: [15ad:07a0] type 01 class 0x060400
[    0.815084] pci 0000:00:16.1: PME# supported from D0 D3hot D3cold
[    0.815599] pci 0000:00:16.2: [15ad:07a0] type 01 class 0x060400
[    0.816296] pci 0000:00:16.2: PME# supported from D0 D3hot D3cold
[    0.816934] pci 0000:00:16.3: [15ad:07a0] type 01 class 0x060400
[    0.817638] pci 0000:00:16.3: PME# supported from D0 D3hot D3cold
[    0.818141] pci 0000:00:16.4: [15ad:07a0] type 01 class 0x060400
[    0.818853] pci 0000:00:16.4: PME# supported from D0 D3hot D3cold
[    0.819359] pci 0000:00:16.5: [15ad:07a0] type 01 class 0x060400
[    0.820397] pci 0000:00:16.5: PME# supported from D0 D3hot D3cold
[    0.821189] pci 0000:00:16.6: [15ad:07a0] type 01 class 0x060400
[    0.821950] pci 0000:00:16.6: PME# supported from D0 D3hot D3cold
[    0.822443] pci 0000:00:16.7: [15ad:07a0] type 01 class 0x060400
[    0.823142] pci 0000:00:16.7: PME# supported from D0 D3hot D3cold
[    0.823918] pci 0000:00:17.0: [15ad:07a0] type 01 class 0x060400
[    0.824611] pci 0000:00:17.0: PME# supported from D0 D3hot D3cold
[    0.825156] pci 0000:00:17.1: [15ad:07a0] type 01 class 0x060400
[    0.825842] pci 0000:00:17.1: PME# supported from D0 D3hot D3cold
[    0.826393] pci 0000:00:17.2: [15ad:07a0] type 01 class 0x060400
[    0.827082] pci 0000:00:17.2: PME# supported from D0 D3hot D3cold
[    0.827686] pci 0000:00:17.3: [15ad:07a0] type 01 class 0x060400
[    0.828386] pci 0000:00:17.3: PME# supported from D0 D3hot D3cold
[    0.828881] pci 0000:00:17.4: [15ad:07a0] type 01 class 0x060400
[    0.829573] pci 0000:00:17.4: PME# supported from D0 D3hot D3cold
[    0.830090] pci 0000:00:17.5: [15ad:07a0] type 01 class 0x060400
[    0.830787] pci 0000:00:17.5: PME# supported from D0 D3hot D3cold
[    0.831309] pci 0000:00:17.6: [15ad:07a0] type 01 class 0x060400
[    0.832002] pci 0000:00:17.6: PME# supported from D0 D3hot D3cold
[    0.832531] pci 0000:00:17.7: [15ad:07a0] type 01 class 0x060400
[    0.833232] pci 0000:00:17.7: PME# supported from D0 D3hot D3cold
[    0.834019] pci 0000:00:18.0: [15ad:07a0] type 01 class 0x060400
[    0.834713] pci 0000:00:18.0: PME# supported from D0 D3hot D3cold
[    0.835203] pci 0000:00:18.1: [15ad:07a0] type 01 class 0x060400
[    0.836248] pci 0000:00:18.1: PME# supported from D0 D3hot D3cold
[    0.836744] pci 0000:00:18.2: [15ad:07a0] type 01 class 0x060400
[    0.837433] pci 0000:00:18.2: PME# supported from D0 D3hot D3cold
[    0.838064] pci 0000:00:18.3: [15ad:07a0] type 01 class 0x060400
[    0.838830] pci 0000:00:18.3: PME# supported from D0 D3hot D3cold
[    0.839318] pci 0000:00:18.4: [15ad:07a0] type 01 class 0x060400
[    0.840009] pci 0000:00:18.4: PME# supported from D0 D3hot D3cold
[    0.840511] pci 0000:00:18.5: [15ad:07a0] type 01 class 0x060400
[    0.841190] pci 0000:00:18.5: PME# supported from D0 D3hot D3cold
[    0.841720] pci 0000:00:18.6: [15ad:07a0] type 01 class 0x060400
[    0.842415] pci 0000:00:18.6: PME# supported from D0 D3hot D3cold
[    0.842896] pci 0000:00:18.7: [15ad:07a0] type 01 class 0x060400
[    0.843591] pci 0000:00:18.7: PME# supported from D0 D3hot D3cold
[    0.846046] pci_bus 0000:01: extended config space not accessible
[    0.853450] pci 0000:00:01.0: PCI bridge to [bus 01]
[    0.853694] pci_bus 0000:02: extended config space not accessible
[    0.853980] acpiphp: Slot [32] registered
[    0.854001] acpiphp: Slot [33] registered
[    0.854019] acpiphp: Slot [34] registered
[    0.854037] acpiphp: Slot [35] registered
[    0.854054] acpiphp: Slot [36] registered
[    0.854104] acpiphp: Slot [37] registered
[    0.854135] acpiphp: Slot [38] registered
[    0.854152] acpiphp: Slot [39] registered
[    0.854170] acpiphp: Slot [40] registered
[    0.854189] acpiphp: Slot [41] registered
[    0.854206] acpiphp: Slot [42] registered
[    0.854212] acpiphp: Slot [43] registered
[    0.854240] acpiphp: Slot [44] registered
[    0.854256] acpiphp: Slot [45] registered
[    0.854272] acpiphp: Slot [46] registered
[    0.854286] acpiphp: Slot [47] registered
[    0.854301] acpiphp: Slot [48] registered
[    0.854319] acpiphp: Slot [49] registered
[    0.854335] acpiphp: Slot [50] registered
[    0.854367] acpiphp: Slot [51] registered
[    0.854386] acpiphp: Slot [52] registered
[    0.854402] acpiphp: Slot [53] registered
[    0.854420] acpiphp: Slot [54] registered
[    0.854436] acpiphp: Slot [55] registered
[    0.854454] acpiphp: Slot [56] registered
[    0.854487] acpiphp: Slot [57] registered
[    0.854503] acpiphp: Slot [58] registered
[    0.854521] acpiphp: Slot [59] registered
[    0.854537] acpiphp: Slot [60] registered
[    0.854555] acpiphp: Slot [61] registered
[    0.854570] acpiphp: Slot [62] registered
[    0.854607] acpiphp: Slot [63] registered
[    0.854726] pci 0000:02:00.0: [15ad:0774] type 00 class 0x0c0300
[    0.856743] pci 0000:02:00.0: reg 0x20: [io  0x2080-0x209f]
[    0.858324] pci 0000:02:01.0: [8086:100f] type 00 class 0x020000
[    0.858941] pci 0000:02:01.0: reg 0x10: [mem 0xfd5c0000-0xfd5dffff 64bit]
[    0.859513] pci 0000:02:01.0: reg 0x18: [mem 0xfdff0000-0xfdffffff 64bit]
[    0.859939] pci 0000:02:01.0: reg 0x20: [io  0x2000-0x203f]
[    0.860779] pci 0000:02:01.0: reg 0x30: [mem 0x00000000-0x0000ffff pref]
[    0.861063] pci 0000:02:01.0: PME# supported from D0 D3hot D3cold
[    0.861938] pci 0000:02:02.0: [1274:1371] type 00 class 0x040100
[    0.862198] pci 0000:02:02.0: reg 0x10: [io  0x2040-0x207f]
[    0.864496] pci 0000:02:03.0: [15ad:0770] type 00 class 0x0c0320
[    0.864802] pci 0000:02:03.0: reg 0x10: [mem 0xfd5ef000-0xfd5effff]
[    0.867386] pci 0000:02:04.0: [15ad:07e0] type 00 class 0x010601
[    0.868911] pci 0000:02:04.0: reg 0x24: [mem 0xfd5ee000-0xfd5eefff]
[    0.869156] pci 0000:02:04.0: reg 0x30: [mem 0x00000000-0x0000ffff pref]
[    0.869499] pci 0000:02:04.0: PME# supported from D3hot
[    0.877970] pci 0000:00:11.0: PCI bridge to [bus 02] (subtractive decode)
[    0.877995] pci 0000:00:11.0:   bridge window [io  0x2000-0x3fff]
[    0.878014] pci 0000:00:11.0:   bridge window [mem 0xfd500000-0xfdffffff]
[    0.878049] pci 0000:00:11.0:   bridge window [mem 0xe7b00000-0xe7ffffff 64bit pref]
[    0.878051] pci 0000:00:11.0:   bridge window [mem 0x000a0000-0x000bffff window] (subtractive decode)
[    0.878052] pci 0000:00:11.0:   bridge window [mem 0x000d0000-0x000d3fff window] (subtractive decode)
[    0.878053] pci 0000:00:11.0:   bridge window [mem 0x000d4000-0x000d7fff window] (subtractive decode)
[    0.878054] pci 0000:00:11.0:   bridge window [mem 0x000d8000-0x000dbfff window] (subtractive decode)
[    0.878055] pci 0000:00:11.0:   bridge window [mem 0xc0000000-0xfebfffff window] (subtractive decode)
[    0.878055] pci 0000:00:11.0:   bridge window [io  0x0000-0x0cf7 window] (subtractive decode)
[    0.878056] pci 0000:00:11.0:   bridge window [io  0x0d00-0xfeff window] (subtractive decode)
[    0.886212] pci 0000:00:15.0: PCI bridge to [bus 03]
[    0.886227] pci 0000:00:15.0:   bridge window [io  0x4000-0x4fff]
[    0.886246] pci 0000:00:15.0:   bridge window [mem 0xfd400000-0xfd4fffff]
[    0.886280] pci 0000:00:15.0:   bridge window [mem 0xe7a00000-0xe7afffff 64bit pref]
[    0.894171] pci 0000:00:15.1: PCI bridge to [bus 04]
[    0.894215] pci 0000:00:15.1:   bridge window [io  0x8000-0x8fff]
[    0.894270] pci 0000:00:15.1:   bridge window [mem 0xfd000000-0xfd0fffff]
[    0.894329] pci 0000:00:15.1:   bridge window [mem 0xe7600000-0xe76fffff 64bit pref]
[    0.901796] pci 0000:00:15.2: PCI bridge to [bus 05]
[    0.901815] pci 0000:00:15.2:   bridge window [io  0xc000-0xcfff]
[    0.901833] pci 0000:00:15.2:   bridge window [mem 0xfcc00000-0xfccfffff]
[    0.901867] pci 0000:00:15.2:   bridge window [mem 0xe7200000-0xe72fffff 64bit pref]
[    0.908694] pci 0000:00:15.3: PCI bridge to [bus 06]
[    0.908730] pci 0000:00:15.3:   bridge window [mem 0xfc800000-0xfc8fffff]
[    0.908764] pci 0000:00:15.3:   bridge window [mem 0xe6e00000-0xe6efffff 64bit pref]
[    0.916213] pci 0000:00:15.4: PCI bridge to [bus 07]
[    0.916247] pci 0000:00:15.4:   bridge window [mem 0xfc400000-0xfc4fffff]
[    0.916279] pci 0000:00:15.4:   bridge window [mem 0xe6a00000-0xe6afffff 64bit pref]
[    0.923220] pci 0000:00:15.5: PCI bridge to [bus 08]
[    0.923256] pci 0000:00:15.5:   bridge window [mem 0xfc000000-0xfc0fffff]
[    0.923290] pci 0000:00:15.5:   bridge window [mem 0xe6600000-0xe66fffff 64bit pref]
[    0.930212] pci 0000:00:15.6: PCI bridge to [bus 09]
[    0.930239] pci 0000:00:15.6:   bridge window [mem 0xfbc00000-0xfbcfffff]
[    0.930270] pci 0000:00:15.6:   bridge window [mem 0xe6200000-0xe62fffff 64bit pref]
[    0.938280] pci 0000:00:15.7: PCI bridge to [bus 0a]
[    0.938316] pci 0000:00:15.7:   bridge window [mem 0xfb800000-0xfb8fffff]
[    0.938350] pci 0000:00:15.7:   bridge window [mem 0xe5e00000-0xe5efffff 64bit pref]
[    0.946029] pci 0000:00:16.0: PCI bridge to [bus 0b]
[    0.946049] pci 0000:00:16.0:   bridge window [io  0x5000-0x5fff]
[    0.946066] pci 0000:00:16.0:   bridge window [mem 0xfd300000-0xfd3fffff]
[    0.946100] pci 0000:00:16.0:   bridge window [mem 0xe7900000-0xe79fffff 64bit pref]
[    0.953979] pci 0000:00:16.1: PCI bridge to [bus 0c]
[    0.953998] pci 0000:00:16.1:   bridge window [io  0x9000-0x9fff]
[    0.954014] pci 0000:00:16.1:   bridge window [mem 0xfcf00000-0xfcffffff]
[    0.954045] pci 0000:00:16.1:   bridge window [mem 0xe7500000-0xe75fffff 64bit pref]
[    0.962212] pci 0000:00:16.2: PCI bridge to [bus 0d]
[    0.962226] pci 0000:00:16.2:   bridge window [io  0xd000-0xdfff]
[    0.962245] pci 0000:00:16.2:   bridge window [mem 0xfcb00000-0xfcbfffff]
[    0.962279] pci 0000:00:16.2:   bridge window [mem 0xe7100000-0xe71fffff 64bit pref]
[    0.970212] pci 0000:00:16.3: PCI bridge to [bus 0e]
[    0.970239] pci 0000:00:16.3:   bridge window [mem 0xfc700000-0xfc7fffff]
[    0.970273] pci 0000:00:16.3:   bridge window [mem 0xe6d00000-0xe6dfffff 64bit pref]
[    0.978347] pci 0000:00:16.4: PCI bridge to [bus 0f]
[    0.978384] pci 0000:00:16.4:   bridge window [mem 0xfc300000-0xfc3fffff]
[    0.978417] pci 0000:00:16.4:   bridge window [mem 0xe6900000-0xe69fffff 64bit pref]
[    0.986091] pci 0000:00:16.5: PCI bridge to [bus 10]
[    0.986125] pci 0000:00:16.5:   bridge window [mem 0xfbf00000-0xfbffffff]
[    0.986158] pci 0000:00:16.5:   bridge window [mem 0xe6500000-0xe65fffff 64bit pref]
[    0.994069] pci 0000:00:16.6: PCI bridge to [bus 11]
[    0.994103] pci 0000:00:16.6:   bridge window [mem 0xfbb00000-0xfbbfffff]
[    0.994135] pci 0000:00:16.6:   bridge window [mem 0xe6100000-0xe61fffff 64bit pref]
[    1.002031] pci 0000:00:16.7: PCI bridge to [bus 12]
[    1.002066] pci 0000:00:16.7:   bridge window [mem 0xfb700000-0xfb7fffff]
[    1.002100] pci 0000:00:16.7:   bridge window [mem 0xe5d00000-0xe5dfffff 64bit pref]
[    1.010212] pci 0000:00:17.0: PCI bridge to [bus 13]
[    1.010224] pci 0000:00:17.0:   bridge window [io  0x6000-0x6fff]
[    1.010243] pci 0000:00:17.0:   bridge window [mem 0xfd200000-0xfd2fffff]
[    1.010278] pci 0000:00:17.0:   bridge window [mem 0xe7800000-0xe78fffff 64bit pref]
[    1.018858] pci 0000:00:17.1: PCI bridge to [bus 14]
[    1.018885] pci 0000:00:17.1:   bridge window [io  0xa000-0xafff]
[    1.018903] pci 0000:00:17.1:   bridge window [mem 0xfce00000-0xfcefffff]
[    1.018938] pci 0000:00:17.1:   bridge window [mem 0xe7400000-0xe74fffff 64bit pref]
[    1.025978] pci 0000:00:17.2: PCI bridge to [bus 15]
[    1.025998] pci 0000:00:17.2:   bridge window [io  0xe000-0xefff]
[    1.026016] pci 0000:00:17.2:   bridge window [mem 0xfca00000-0xfcafffff]
[    1.026050] pci 0000:00:17.2:   bridge window [mem 0xe7000000-0xe70fffff 64bit pref]
[    1.034212] pci 0000:00:17.3: PCI bridge to [bus 16]
[    1.034240] pci 0000:00:17.3:   bridge window [mem 0xfc600000-0xfc6fffff]
[    1.034271] pci 0000:00:17.3:   bridge window [mem 0xe6c00000-0xe6cfffff 64bit pref]
[    1.042146] pci 0000:00:17.4: PCI bridge to [bus 17]
[    1.042181] pci 0000:00:17.4:   bridge window [mem 0xfc200000-0xfc2fffff]
[    1.042215] pci 0000:00:17.4:   bridge window [mem 0xe6800000-0xe68fffff 64bit pref]
[    1.050423] pci 0000:00:17.5: PCI bridge to [bus 18]
[    1.050462] pci 0000:00:17.5:   bridge window [mem 0xfbe00000-0xfbefffff]
[    1.050494] pci 0000:00:17.5:   bridge window [mem 0xe6400000-0xe64fffff 64bit pref]
[    1.058450] pci 0000:00:17.6: PCI bridge to [bus 19]
[    1.058487] pci 0000:00:17.6:   bridge window [mem 0xfba00000-0xfbafffff]
[    1.058521] pci 0000:00:17.6:   bridge window [mem 0xe6000000-0xe60fffff 64bit pref]
[    1.066212] pci 0000:00:17.7: PCI bridge to [bus 1a]
[    1.066239] pci 0000:00:17.7:   bridge window [mem 0xfb600000-0xfb6fffff]
[    1.066272] pci 0000:00:17.7:   bridge window [mem 0xe5c00000-0xe5cfffff 64bit pref]
[    1.074212] pci 0000:00:18.0: PCI bridge to [bus 1b]
[    1.074256] pci 0000:00:18.0:   bridge window [io  0x7000-0x7fff]
[    1.074294] pci 0000:00:18.0:   bridge window [mem 0xfd100000-0xfd1fffff]
[    1.074341] pci 0000:00:18.0:   bridge window [mem 0xe7700000-0xe77fffff 64bit pref]
[    1.082212] pci 0000:00:18.1: PCI bridge to [bus 1c]
[    1.082227] pci 0000:00:18.1:   bridge window [io  0xb000-0xbfff]
[    1.082245] pci 0000:00:18.1:   bridge window [mem 0xfcd00000-0xfcdfffff]
[    1.082279] pci 0000:00:18.1:   bridge window [mem 0xe7300000-0xe73fffff 64bit pref]
[    1.090212] pci 0000:00:18.2: PCI bridge to [bus 1d]
[    1.090241] pci 0000:00:18.2:   bridge window [mem 0xfc900000-0xfc9fffff]
[    1.090275] pci 0000:00:18.2:   bridge window [mem 0xe6f00000-0xe6ffffff 64bit pref]
[    1.098382] pci 0000:00:18.3: PCI bridge to [bus 1e]
[    1.098419] pci 0000:00:18.3:   bridge window [mem 0xfc500000-0xfc5fffff]
[    1.098453] pci 0000:00:18.3:   bridge window [mem 0xe6b00000-0xe6bfffff 64bit pref]
[    1.106212] pci 0000:00:18.4: PCI bridge to [bus 1f]
[    1.106243] pci 0000:00:18.4:   bridge window [mem 0xfc100000-0xfc1fffff]
[    1.106276] pci 0000:00:18.4:   bridge window [mem 0xe6700000-0xe67fffff 64bit pref]
[    1.114212] pci 0000:00:18.5: PCI bridge to [bus 20]
[    1.114240] pci 0000:00:18.5:   bridge window [mem 0xfbd00000-0xfbdfffff]
[    1.114274] pci 0000:00:18.5:   bridge window [mem 0xe6300000-0xe63fffff 64bit pref]
[    1.122212] pci 0000:00:18.6: PCI bridge to [bus 21]
[    1.122239] pci 0000:00:18.6:   bridge window [mem 0xfb900000-0xfb9fffff]
[    1.122273] pci 0000:00:18.6:   bridge window [mem 0xe5f00000-0xe5ffffff 64bit pref]
[    1.130212] pci 0000:00:18.7: PCI bridge to [bus 22]
[    1.130242] pci 0000:00:18.7:   bridge window [mem 0xfb500000-0xfb5fffff]
[    1.130278] pci 0000:00:18.7:   bridge window [mem 0xe5b00000-0xe5bfffff 64bit pref]
[    1.132752] ACPI: PCI: Interrupt link LNKA configured for IRQ 9
[    1.132825] ACPI: PCI: Interrupt link LNKB configured for IRQ 11
[    1.132901] ACPI: PCI: Interrupt link LNKC configured for IRQ 10
[    1.132969] ACPI: PCI: Interrupt link LNKD configured for IRQ 7
[    1.169091] iommu: Default domain type: Translated 
[    1.169091] iommu: DMA domain TLB invalidation policy: lazy mode 
[    1.169091] pci 0000:00:0f.0: vgaarb: setting as boot VGA device
[    1.169091] pci 0000:00:0f.0: vgaarb: VGA device added: decodes=io+mem,owns=io+mem,locks=none
[    1.169091] pci 0000:00:0f.0: vgaarb: bridge control possible
[    1.169091] vgaarb: loaded
[    1.169091] SCSI subsystem initialized
[    1.170290] libata version 3.00 loaded.
[    1.170291] ACPI: bus type USB registered
[    1.170321] usbcore: registered new interface driver usbfs
[    1.170326] usbcore: registered new interface driver hub
[    1.170404] usbcore: registered new device driver usb
[    1.170439] pps_core: LinuxPPS API ver. 1 registered
[    1.170440] pps_core: Software ver. 5.3.6 - Copyright 2005-2007 Rodolfo Giometti <giometti@linux.it>
[    1.170441] PTP clock support registered
[    1.170482] EDAC MC: Ver: 3.0.0
[    1.171444] NetLabel: Initializing
[    1.171444] NetLabel:  domain hash size = 128
[    1.171444] NetLabel:  protocols = UNLABELED CIPSOv4 CALIPSO
[    1.171444] NetLabel:  unlabeled traffic allowed by default
[    1.171444] PCI: Using ACPI for IRQ routing
[    1.205118] PCI: pci_cache_line_size set to 64 bytes
[    1.205863] e820: reserve RAM buffer [mem 0x0009e800-0x0009ffff]
[    1.205866] e820: reserve RAM buffer [mem 0xbfed0000-0xbfffffff]
[    1.206983] hpet0: at MMIO 0xfed00000, IRQs 2, 8, 0, 0, 0, 0, 0, 0, 0, 0, 0, 0, 0, 0, 0, 0
[    1.206991] hpet0: 16 comparators, 64-bit 14.318180 MHz counter
[    1.209161] clocksource: Switched to clocksource tsc-early
[    1.258770] VFS: Disk quotas dquot_6.6.0
[    1.258844] VFS: Dquot-cache hash table entries: 512 (order 0, 4096 bytes)
[    1.259317] AppArmor: AppArmor Filesystem Enabled
[    1.259356] pnp: PnP ACPI init
[    1.259551] system 00:00: [io  0x1000-0x103f] has been reserved
[    1.259553] system 00:00: [io  0x1040-0x104f] has been reserved
[    1.259555] system 00:00: [io  0x0cf0-0x0cf1] has been reserved
[    1.259855] system 00:04: [mem 0xfed00000-0xfed003ff] has been reserved
[    1.261721] system 00:06: [io  0xfce0-0xfcff] has been reserved
[    1.261724] system 00:06: [mem 0xf0000000-0xf7ffffff] has been reserved
[    1.261725] system 00:06: [mem 0xfe800000-0xfe9fffff] has been reserved
[    1.287999] pnp: PnP ACPI: found 7 devices
[    1.302864] clocksource: acpi_pm: mask: 0xffffff max_cycles: 0xffffff, max_idle_ns: 2085701024 ns
[    1.303557] NET: Registered PF_INET protocol family
[    1.305353] IP idents hash table entries: 65536 (order: 7, 524288 bytes, linear)
[    1.314399] tcp_listen_portaddr_hash hash table entries: 2048 (order: 3, 32768 bytes, linear)
[    1.315200] TCP established hash table entries: 32768 (order: 6, 262144 bytes, linear)
[    1.316930] TCP bind hash table entries: 32768 (order: 7, 524288 bytes, linear)
[    1.316955] TCP: Hash tables configured (established 32768 bind 32768)
[    1.318576] MPTCP token hash table entries: 4096 (order: 4, 98304 bytes, linear)
[    1.318788] UDP hash table entries: 2048 (order: 4, 65536 bytes, linear)
[    1.319118] UDP-Lite hash table entries: 2048 (order: 4, 65536 bytes, linear)
[    1.320042] NET: Registered PF_UNIX/PF_LOCAL protocol family
[    1.320047] NET: Registered PF_XDP protocol family
[    1.320064] pci 0000:00:15.3: bridge window [io  0x1000-0x0fff] to [bus 06] add_size 1000
[    1.320067] pci 0000:00:15.4: bridge window [io  0x1000-0x0fff] to [bus 07] add_size 1000
[    1.320068] pci 0000:00:15.5: bridge window [io  0x1000-0x0fff] to [bus 08] add_size 1000
[    1.320070] pci 0000:00:15.6: bridge window [io  0x1000-0x0fff] to [bus 09] add_size 1000
[    1.320071] pci 0000:00:15.7: bridge window [io  0x1000-0x0fff] to [bus 0a] add_size 1000
[    1.320072] pci 0000:00:16.3: bridge window [io  0x1000-0x0fff] to [bus 0e] add_size 1000
[    1.320073] pci 0000:00:16.4: bridge window [io  0x1000-0x0fff] to [bus 0f] add_size 1000
[    1.320074] pci 0000:00:16.5: bridge window [io  0x1000-0x0fff] to [bus 10] add_size 1000
[    1.320075] pci 0000:00:16.6: bridge window [io  0x1000-0x0fff] to [bus 11] add_size 1000
[    1.320076] pci 0000:00:16.7: bridge window [io  0x1000-0x0fff] to [bus 12] add_size 1000
[    1.320078] pci 0000:00:17.3: bridge window [io  0x1000-0x0fff] to [bus 16] add_size 1000
[    1.320079] pci 0000:00:17.4: bridge window [io  0x1000-0x0fff] to [bus 17] add_size 1000
[    1.320080] pci 0000:00:17.5: bridge window [io  0x1000-0x0fff] to [bus 18] add_size 1000
[    1.320081] pci 0000:00:17.6: bridge window [io  0x1000-0x0fff] to [bus 19] add_size 1000
[    1.320082] pci 0000:00:17.7: bridge window [io  0x1000-0x0fff] to [bus 1a] add_size 1000
[    1.320083] pci 0000:00:18.2: bridge window [io  0x1000-0x0fff] to [bus 1d] add_size 1000
[    1.320084] pci 0000:00:18.3: bridge window [io  0x1000-0x0fff] to [bus 1e] add_size 1000
[    1.320085] pci 0000:00:18.4: bridge window [io  0x1000-0x0fff] to [bus 1f] add_size 1000
[    1.320086] pci 0000:00:18.5: bridge window [io  0x1000-0x0fff] to [bus 20] add_size 1000
[    1.320087] pci 0000:00:18.6: bridge window [io  0x1000-0x0fff] to [bus 21] add_size 1000
[    1.320088] pci 0000:00:18.7: bridge window [io  0x1000-0x0fff] to [bus 22] add_size 1000
[    1.320099] pci 0000:00:0f.0: BAR 6: assigned [mem 0xc0000000-0xc0007fff pref]
[    1.320101] pci 0000:00:10.0: BAR 6: assigned [mem 0xc0008000-0xc000bfff pref]
[    1.320104] pci 0000:00:15.3: BAR 13: no space for [io  size 0x1000]
[    1.320105] pci 0000:00:15.3: BAR 13: failed to assign [io  size 0x1000]
[    1.320106] pci 0000:00:15.4: BAR 13: no space for [io  size 0x1000]
[    1.320107] pci 0000:00:15.4: BAR 13: failed to assign [io  size 0x1000]
[    1.320108] pci 0000:00:15.5: BAR 13: no space for [io  size 0x1000]
[    1.320109] pci 0000:00:15.5: BAR 13: failed to assign [io  size 0x1000]
[    1.320110] pci 0000:00:15.6: BAR 13: no space for [io  size 0x1000]
[    1.320110] pci 0000:00:15.6: BAR 13: failed to assign [io  size 0x1000]
[    1.320111] pci 0000:00:15.7: BAR 13: no space for [io  size 0x1000]
[    1.320112] pci 0000:00:15.7: BAR 13: failed to assign [io  size 0x1000]
[    1.320113] pci 0000:00:16.3: BAR 13: no space for [io  size 0x1000]
[    1.320114] pci 0000:00:16.3: BAR 13: failed to assign [io  size 0x1000]
[    1.320115] pci 0000:00:16.4: BAR 13: no space for [io  size 0x1000]
[    1.320115] pci 0000:00:16.4: BAR 13: failed to assign [io  size 0x1000]
[    1.320116] pci 0000:00:16.5: BAR 13: no space for [io  size 0x1000]
[    1.320117] pci 0000:00:16.5: BAR 13: failed to assign [io  size 0x1000]
[    1.320118] pci 0000:00:16.6: BAR 13: no space for [io  size 0x1000]
[    1.320119] pci 0000:00:16.6: BAR 13: failed to assign [io  size 0x1000]
[    1.320120] pci 0000:00:16.7: BAR 13: no space for [io  size 0x1000]
[    1.320120] pci 0000:00:16.7: BAR 13: failed to assign [io  size 0x1000]
[    1.320121] pci 0000:00:17.3: BAR 13: no space for [io  size 0x1000]
[    1.320122] pci 0000:00:17.3: BAR 13: failed to assign [io  size 0x1000]
[    1.320123] pci 0000:00:17.4: BAR 13: no space for [io  size 0x1000]
[    1.320124] pci 0000:00:17.4: BAR 13: failed to assign [io  size 0x1000]
[    1.320125] pci 0000:00:17.5: BAR 13: no space for [io  size 0x1000]
[    1.320126] pci 0000:00:17.5: BAR 13: failed to assign [io  size 0x1000]
[    1.320127] pci 0000:00:17.6: BAR 13: no space for [io  size 0x1000]
[    1.320128] pci 0000:00:17.6: BAR 13: failed to assign [io  size 0x1000]
[    1.320129] pci 0000:00:17.7: BAR 13: no space for [io  size 0x1000]
[    1.320129] pci 0000:00:17.7: BAR 13: failed to assign [io  size 0x1000]
[    1.320130] pci 0000:00:18.2: BAR 13: no space for [io  size 0x1000]
[    1.320131] pci 0000:00:18.2: BAR 13: failed to assign [io  size 0x1000]
[    1.320132] pci 0000:00:18.3: BAR 13: no space for [io  size 0x1000]
[    1.320133] pci 0000:00:18.3: BAR 13: failed to assign [io  size 0x1000]
[    1.320134] pci 0000:00:18.4: BAR 13: no space for [io  size 0x1000]
[    1.320134] pci 0000:00:18.4: BAR 13: failed to assign [io  size 0x1000]
[    1.320135] pci 0000:00:18.5: BAR 13: no space for [io  size 0x1000]
[    1.320136] pci 0000:00:18.5: BAR 13: failed to assign [io  size 0x1000]
[    1.320137] pci 0000:00:18.6: BAR 13: no space for [io  size 0x1000]
[    1.320137] pci 0000:00:18.6: BAR 13: failed to assign [io  size 0x1000]
[    1.320138] pci 0000:00:18.7: BAR 13: no space for [io  size 0x1000]
[    1.320139] pci 0000:00:18.7: BAR 13: failed to assign [io  size 0x1000]
[    1.320142] pci 0000:00:18.7: BAR 13: no space for [io  size 0x1000]
[    1.320143] pci 0000:00:18.7: BAR 13: failed to assign [io  size 0x1000]
[    1.320144] pci 0000:00:18.6: BAR 13: no space for [io  size 0x1000]
[    1.320145] pci 0000:00:18.6: BAR 13: failed to assign [io  size 0x1000]
[    1.320146] pci 0000:00:18.5: BAR 13: no space for [io  size 0x1000]
[    1.320146] pci 0000:00:18.5: BAR 13: failed to assign [io  size 0x1000]
[    1.320147] pci 0000:00:18.4: BAR 13: no space for [io  size 0x1000]
[    1.320148] pci 0000:00:18.4: BAR 13: failed to assign [io  size 0x1000]
[    1.320149] pci 0000:00:18.3: BAR 13: no space for [io  size 0x1000]
[    1.320150] pci 0000:00:18.3: BAR 13: failed to assign [io  size 0x1000]
[    1.320151] pci 0000:00:18.2: BAR 13: no space for [io  size 0x1000]
[    1.320151] pci 0000:00:18.2: BAR 13: failed to assign [io  size 0x1000]
[    1.320152] pci 0000:00:17.7: BAR 13: no space for [io  size 0x1000]
[    1.320153] pci 0000:00:17.7: BAR 13: failed to assign [io  size 0x1000]
[    1.320154] pci 0000:00:17.6: BAR 13: no space for [io  size 0x1000]
[    1.320155] pci 0000:00:17.6: BAR 13: failed to assign [io  size 0x1000]
[    1.320156] pci 0000:00:17.5: BAR 13: no space for [io  size 0x1000]
[    1.320156] pci 0000:00:17.5: BAR 13: failed to assign [io  size 0x1000]
[    1.320167] pci 0000:00:17.4: BAR 13: no space for [io  size 0x1000]
[    1.320168] pci 0000:00:17.4: BAR 13: failed to assign [io  size 0x1000]
[    1.320169] pci 0000:00:17.3: BAR 13: no space for [io  size 0x1000]
[    1.320169] pci 0000:00:17.3: BAR 13: failed to assign [io  size 0x1000]
[    1.320170] pci 0000:00:16.7: BAR 13: no space for [io  size 0x1000]
[    1.320171] pci 0000:00:16.7: BAR 13: failed to assign [io  size 0x1000]
[    1.320172] pci 0000:00:16.6: BAR 13: no space for [io  size 0x1000]
[    1.320173] pci 0000:00:16.6: BAR 13: failed to assign [io  size 0x1000]
[    1.320174] pci 0000:00:16.5: BAR 13: no space for [io  size 0x1000]
[    1.320174] pci 0000:00:16.5: BAR 13: failed to assign [io  size 0x1000]
[    1.320175] pci 0000:00:16.4: BAR 13: no space for [io  size 0x1000]
[    1.320176] pci 0000:00:16.4: BAR 13: failed to assign [io  size 0x1000]
[    1.320177] pci 0000:00:16.3: BAR 13: no space for [io  size 0x1000]
[    1.320178] pci 0000:00:16.3: BAR 13: failed to assign [io  size 0x1000]
[    1.320179] pci 0000:00:15.7: BAR 13: no space for [io  size 0x1000]
[    1.320179] pci 0000:00:15.7: BAR 13: failed to assign [io  size 0x1000]
[    1.320180] pci 0000:00:15.6: BAR 13: no space for [io  size 0x1000]
[    1.320181] pci 0000:00:15.6: BAR 13: failed to assign [io  size 0x1000]
[    1.320182] pci 0000:00:15.5: BAR 13: no space for [io  size 0x1000]
[    1.320183] pci 0000:00:15.5: BAR 13: failed to assign [io  size 0x1000]
[    1.320184] pci 0000:00:15.4: BAR 13: no space for [io  size 0x1000]
[    1.320184] pci 0000:00:15.4: BAR 13: failed to assign [io  size 0x1000]
[    1.320185] pci 0000:00:15.3: BAR 13: no space for [io  size 0x1000]
[    1.320186] pci 0000:00:15.3: BAR 13: failed to assign [io  size 0x1000]
[    1.320188] pci 0000:00:01.0: PCI bridge to [bus 01]
[    1.320297] pci 0000:02:01.0: BAR 6: assigned [mem 0xfd500000-0xfd50ffff pref]
[    1.320299] pci 0000:02:04.0: BAR 6: assigned [mem 0xfd510000-0xfd51ffff pref]
[    1.320301] pci 0000:00:11.0: PCI bridge to [bus 02]
[    1.320314] pci 0000:00:11.0:   bridge window [io  0x2000-0x3fff]
[    1.320346] pci 0000:00:11.0:   bridge window [mem 0xfd500000-0xfdffffff]
[    1.320364] pci 0000:00:11.0:   bridge window [mem 0xe7b00000-0xe7ffffff 64bit pref]
[    1.320396] pci 0000:00:15.0: PCI bridge to [bus 03]
[    1.320410] pci 0000:00:15.0:   bridge window [io  0x4000-0x4fff]
[    1.320435] pci 0000:00:15.0:   bridge window [mem 0xfd400000-0xfd4fffff]
[    1.320452] pci 0000:00:15.0:   bridge window [mem 0xe7a00000-0xe7afffff 64bit pref]
[    1.320525] pci 0000:00:15.1: PCI bridge to [bus 04]
[    1.320551] pci 0000:00:15.1:   bridge window [io  0x8000-0x8fff]
[    1.320576] pci 0000:00:15.1:   bridge window [mem 0xfd000000-0xfd0fffff]
[    1.320594] pci 0000:00:15.1:   bridge window [mem 0xe7600000-0xe76fffff 64bit pref]
[    1.320644] pci 0000:00:15.2: PCI bridge to [bus 05]
[    1.320654] pci 0000:00:15.2:   bridge window [io  0xc000-0xcfff]
[    1.320678] pci 0000:00:15.2:   bridge window [mem 0xfcc00000-0xfccfffff]
[    1.320694] pci 0000:00:15.2:   bridge window [mem 0xe7200000-0xe72fffff 64bit pref]
[    1.320742] pci 0000:00:15.3: PCI bridge to [bus 06]
[    1.320768] pci 0000:00:15.3:   bridge window [mem 0xfc800000-0xfc8fffff]
[    1.320785] pci 0000:00:15.3:   bridge window [mem 0xe6e00000-0xe6efffff 64bit pref]
[    1.320834] pci 0000:00:15.4: PCI bridge to [bus 07]
[    1.320859] pci 0000:00:15.4:   bridge window [mem 0xfc400000-0xfc4fffff]
[    1.320875] pci 0000:00:15.4:   bridge window [mem 0xe6a00000-0xe6afffff 64bit pref]
[    1.320922] pci 0000:00:15.5: PCI bridge to [bus 08]
[    1.320949] pci 0000:00:15.5:   bridge window [mem 0xfc000000-0xfc0fffff]
[    1.320966] pci 0000:00:15.5:   bridge window [mem 0xe6600000-0xe66fffff 64bit pref]
[    1.321015] pci 0000:00:15.6: PCI bridge to [bus 09]
[    1.321040] pci 0000:00:15.6:   bridge window [mem 0xfbc00000-0xfbcfffff]
[    1.321056] pci 0000:00:15.6:   bridge window [mem 0xe6200000-0xe62fffff 64bit pref]
[    1.321103] pci 0000:00:15.7: PCI bridge to [bus 0a]
[    1.321129] pci 0000:00:15.7:   bridge window [mem 0xfb800000-0xfb8fffff]
[    1.321147] pci 0000:00:15.7:   bridge window [mem 0xe5e00000-0xe5efffff 64bit pref]
[    1.321262] pci 0000:00:16.0: PCI bridge to [bus 0b]
[    1.321276] pci 0000:00:16.0:   bridge window [io  0x5000-0x5fff]
[    1.321308] pci 0000:00:16.0:   bridge window [mem 0xfd300000-0xfd3fffff]
[    1.321330] pci 0000:00:16.0:   bridge window [mem 0xe7900000-0xe79fffff 64bit pref]
[    1.321416] pci 0000:00:16.1: PCI bridge to [bus 0c]
[    1.321461] pci 0000:00:16.1:   bridge window [io  0x9000-0x9fff]
[    1.321540] pci 0000:00:16.1:   bridge window [mem 0xfcf00000-0xfcffffff]
[    1.321558] pci 0000:00:16.1:   bridge window [mem 0xe7500000-0xe75fffff 64bit pref]
[    1.321622] pci 0000:00:16.2: PCI bridge to [bus 0d]
[    1.321652] pci 0000:00:16.2:   bridge window [io  0xd000-0xdfff]
[    1.321692] pci 0000:00:16.2:   bridge window [mem 0xfcb00000-0xfcbfffff]
[    1.321710] pci 0000:00:16.2:   bridge window [mem 0xe7100000-0xe71fffff 64bit pref]
[    1.321758] pci 0000:00:16.3: PCI bridge to [bus 0e]
[    1.321784] pci 0000:00:16.3:   bridge window [mem 0xfc700000-0xfc7fffff]
[    1.321802] pci 0000:00:16.3:   bridge window [mem 0xe6d00000-0xe6dfffff 64bit pref]
[    1.321851] pci 0000:00:16.4: PCI bridge to [bus 0f]
[    1.321878] pci 0000:00:16.4:   bridge window [mem 0xfc300000-0xfc3fffff]
[    1.321896] pci 0000:00:16.4:   bridge window [mem 0xe6900000-0xe69fffff 64bit pref]
[    1.321945] pci 0000:00:16.5: PCI bridge to [bus 10]
[    1.321971] pci 0000:00:16.5:   bridge window [mem 0xfbf00000-0xfbffffff]
[    1.321989] pci 0000:00:16.5:   bridge window [mem 0xe6500000-0xe65fffff 64bit pref]
[    1.322037] pci 0000:00:16.6: PCI bridge to [bus 11]
[    1.322064] pci 0000:00:16.6:   bridge window [mem 0xfbb00000-0xfbbfffff]
[    1.322081] pci 0000:00:16.6:   bridge window [mem 0xe6100000-0xe61fffff 64bit pref]
[    1.322130] pci 0000:00:16.7: PCI bridge to [bus 12]
[    1.322163] pci 0000:00:16.7:   bridge window [mem 0xfb700000-0xfb7fffff]
[    1.322180] pci 0000:00:16.7:   bridge window [mem 0xe5d00000-0xe5dfffff 64bit pref]
[    1.322234] pci 0000:00:17.0: PCI bridge to [bus 13]
[    1.322246] pci 0000:00:17.0:   bridge window [io  0x6000-0x6fff]
[    1.322271] pci 0000:00:17.0:   bridge window [mem 0xfd200000-0xfd2fffff]
[    1.322289] pci 0000:00:17.0:   bridge window [mem 0xe7800000-0xe78fffff 64bit pref]
[    1.322339] pci 0000:00:17.1: PCI bridge to [bus 14]
[    1.322349] pci 0000:00:17.1:   bridge window [io  0xa000-0xafff]
[    1.322373] pci 0000:00:17.1:   bridge window [mem 0xfce00000-0xfcefffff]
[    1.322389] pci 0000:00:17.1:   bridge window [mem 0xe7400000-0xe74fffff 64bit pref]
[    1.322436] pci 0000:00:17.2: PCI bridge to [bus 15]
[    1.322446] pci 0000:00:17.2:   bridge window [io  0xe000-0xefff]
[    1.322472] pci 0000:00:17.2:   bridge window [mem 0xfca00000-0xfcafffff]
[    1.322489] pci 0000:00:17.2:   bridge window [mem 0xe7000000-0xe70fffff 64bit pref]
[    1.322538] pci 0000:00:17.3: PCI bridge to [bus 16]
[    1.322563] pci 0000:00:17.3:   bridge window [mem 0xfc600000-0xfc6fffff]
[    1.322579] pci 0000:00:17.3:   bridge window [mem 0xe6c00000-0xe6cfffff 64bit pref]
[    1.322626] pci 0000:00:17.4: PCI bridge to [bus 17]
[    1.322652] pci 0000:00:17.4:   bridge window [mem 0xfc200000-0xfc2fffff]
[    1.322670] pci 0000:00:17.4:   bridge window [mem 0xe6800000-0xe68fffff 64bit pref]
[    1.322718] pci 0000:00:17.5: PCI bridge to [bus 18]
[    1.322743] pci 0000:00:17.5:   bridge window [mem 0xfbe00000-0xfbefffff]
[    1.322759] pci 0000:00:17.5:   bridge window [mem 0xe6400000-0xe64fffff 64bit pref]
[    1.322806] pci 0000:00:17.6: PCI bridge to [bus 19]
[    1.322833] pci 0000:00:17.6:   bridge window [mem 0xfba00000-0xfbafffff]
[    1.322851] pci 0000:00:17.6:   bridge window [mem 0xe6000000-0xe60fffff 64bit pref]
[    1.322905] pci 0000:00:17.7: PCI bridge to [bus 1a]
[    1.322930] pci 0000:00:17.7:   bridge window [mem 0xfb600000-0xfb6fffff]
[    1.322947] pci 0000:00:17.7:   bridge window [mem 0xe5c00000-0xe5cfffff 64bit pref]
[    1.322994] pci 0000:00:18.0: PCI bridge to [bus 1b]
[    1.323005] pci 0000:00:18.0:   bridge window [io  0x7000-0x7fff]
[    1.323030] pci 0000:00:18.0:   bridge window [mem 0xfd100000-0xfd1fffff]
[    1.323048] pci 0000:00:18.0:   bridge window [mem 0xe7700000-0xe77fffff 64bit pref]
[    1.323096] pci 0000:00:18.1: PCI bridge to [bus 1c]
[    1.323107] pci 0000:00:18.1:   bridge window [io  0xb000-0xbfff]
[    1.323131] pci 0000:00:18.1:   bridge window [mem 0xfcd00000-0xfcdfffff]
[    1.323148] pci 0000:00:18.1:   bridge window [mem 0xe7300000-0xe73fffff 64bit pref]
[    1.323196] pci 0000:00:18.2: PCI bridge to [bus 1d]
[    1.323223] pci 0000:00:18.2:   bridge window [mem 0xfc900000-0xfc9fffff]
[    1.323240] pci 0000:00:18.2:   bridge window [mem 0xe6f00000-0xe6ffffff 64bit pref]
[    1.323289] pci 0000:00:18.3: PCI bridge to [bus 1e]
[    1.323316] pci 0000:00:18.3:   bridge window [mem 0xfc500000-0xfc5fffff]
[    1.323334] pci 0000:00:18.3:   bridge window [mem 0xe6b00000-0xe6bfffff 64bit pref]
[    1.323382] pci 0000:00:18.4: PCI bridge to [bus 1f]
[    1.323408] pci 0000:00:18.4:   bridge window [mem 0xfc100000-0xfc1fffff]
[    1.323426] pci 0000:00:18.4:   bridge window [mem 0xe6700000-0xe67fffff 64bit pref]
[    1.323475] pci 0000:00:18.5: PCI bridge to [bus 20]
[    1.323501] pci 0000:00:18.5:   bridge window [mem 0xfbd00000-0xfbdfffff]
[    1.323518] pci 0000:00:18.5:   bridge window [mem 0xe6300000-0xe63fffff 64bit pref]
[    1.323566] pci 0000:00:18.6: PCI bridge to [bus 21]
[    1.323593] pci 0000:00:18.6:   bridge window [mem 0xfb900000-0xfb9fffff]
[    1.323611] pci 0000:00:18.6:   bridge window [mem 0xe5f00000-0xe5ffffff 64bit pref]
[    1.323660] pci 0000:00:18.7: PCI bridge to [bus 22]
[    1.323707] pci 0000:00:18.7:   bridge window [mem 0xfb500000-0xfb5fffff]
[    1.323726] pci 0000:00:18.7:   bridge window [mem 0xe5b00000-0xe5bfffff 64bit pref]
[    1.323803] pci_bus 0000:00: resource 4 [mem 0x000a0000-0x000bffff window]
[    1.323805] pci_bus 0000:00: resource 5 [mem 0x000d0000-0x000d3fff window]
[    1.323806] pci_bus 0000:00: resource 6 [mem 0x000d4000-0x000d7fff window]
[    1.323807] pci_bus 0000:00: resource 7 [mem 0x000d8000-0x000dbfff window]
[    1.323808] pci_bus 0000:00: resource 8 [mem 0xc0000000-0xfebfffff window]
[    1.323809] pci_bus 0000:00: resource 9 [io  0x0000-0x0cf7 window]
[    1.323810] pci_bus 0000:00: resource 10 [io  0x0d00-0xfeff window]
[    1.323812] pci_bus 0000:02: resource 0 [io  0x2000-0x3fff]
[    1.323813] pci_bus 0000:02: resource 1 [mem 0xfd500000-0xfdffffff]
[    1.323814] pci_bus 0000:02: resource 2 [mem 0xe7b00000-0xe7ffffff 64bit pref]
[    1.323815] pci_bus 0000:02: resource 4 [mem 0x000a0000-0x000bffff window]
[    1.323816] pci_bus 0000:02: resource 5 [mem 0x000d0000-0x000d3fff window]
[    1.323817] pci_bus 0000:02: resource 6 [mem 0x000d4000-0x000d7fff window]
[    1.323818] pci_bus 0000:02: resource 7 [mem 0x000d8000-0x000dbfff window]
[    1.323819] pci_bus 0000:02: resource 8 [mem 0xc0000000-0xfebfffff window]
[    1.323819] pci_bus 0000:02: resource 9 [io  0x0000-0x0cf7 window]
[    1.323820] pci_bus 0000:02: resource 10 [io  0x0d00-0xfeff window]
[    1.323822] pci_bus 0000:03: resource 0 [io  0x4000-0x4fff]
[    1.323823] pci_bus 0000:03: resource 1 [mem 0xfd400000-0xfd4fffff]
[    1.323824] pci_bus 0000:03: resource 2 [mem 0xe7a00000-0xe7afffff 64bit pref]
[    1.323825] pci_bus 0000:04: resource 0 [io  0x8000-0x8fff]
[    1.323826] pci_bus 0000:04: resource 1 [mem 0xfd000000-0xfd0fffff]
[    1.323826] pci_bus 0000:04: resource 2 [mem 0xe7600000-0xe76fffff 64bit pref]
[    1.323828] pci_bus 0000:05: resource 0 [io  0xc000-0xcfff]
[    1.323828] pci_bus 0000:05: resource 1 [mem 0xfcc00000-0xfccfffff]
[    1.323829] pci_bus 0000:05: resource 2 [mem 0xe7200000-0xe72fffff 64bit pref]
[    1.323830] pci_bus 0000:06: resource 1 [mem 0xfc800000-0xfc8fffff]
[    1.323831] pci_bus 0000:06: resource 2 [mem 0xe6e00000-0xe6efffff 64bit pref]
[    1.323832] pci_bus 0000:07: resource 1 [mem 0xfc400000-0xfc4fffff]
[    1.323833] pci_bus 0000:07: resource 2 [mem 0xe6a00000-0xe6afffff 64bit pref]
[    1.323834] pci_bus 0000:08: resource 1 [mem 0xfc000000-0xfc0fffff]
[    1.323835] pci_bus 0000:08: resource 2 [mem 0xe6600000-0xe66fffff 64bit pref]
[    1.323836] pci_bus 0000:09: resource 1 [mem 0xfbc00000-0xfbcfffff]
[    1.323837] pci_bus 0000:09: resource 2 [mem 0xe6200000-0xe62fffff 64bit pref]
[    1.323838] pci_bus 0000:0a: resource 1 [mem 0xfb800000-0xfb8fffff]
[    1.323839] pci_bus 0000:0a: resource 2 [mem 0xe5e00000-0xe5efffff 64bit pref]
[    1.323840] pci_bus 0000:0b: resource 0 [io  0x5000-0x5fff]
[    1.323841] pci_bus 0000:0b: resource 1 [mem 0xfd300000-0xfd3fffff]
[    1.323842] pci_bus 0000:0b: resource 2 [mem 0xe7900000-0xe79fffff 64bit pref]
[    1.323843] pci_bus 0000:0c: resource 0 [io  0x9000-0x9fff]
[    1.323844] pci_bus 0000:0c: resource 1 [mem 0xfcf00000-0xfcffffff]
[    1.323845] pci_bus 0000:0c: resource 2 [mem 0xe7500000-0xe75fffff 64bit pref]
[    1.323846] pci_bus 0000:0d: resource 0 [io  0xd000-0xdfff]
[    1.323847] pci_bus 0000:0d: resource 1 [mem 0xfcb00000-0xfcbfffff]
[    1.323848] pci_bus 0000:0d: resource 2 [mem 0xe7100000-0xe71fffff 64bit pref]
[    1.323849] pci_bus 0000:0e: resource 1 [mem 0xfc700000-0xfc7fffff]
[    1.323850] pci_bus 0000:0e: resource 2 [mem 0xe6d00000-0xe6dfffff 64bit pref]
[    1.323851] pci_bus 0000:0f: resource 1 [mem 0xfc300000-0xfc3fffff]
[    1.323852] pci_bus 0000:0f: resource 2 [mem 0xe6900000-0xe69fffff 64bit pref]
[    1.323853] pci_bus 0000:10: resource 1 [mem 0xfbf00000-0xfbffffff]
[    1.323854] pci_bus 0000:10: resource 2 [mem 0xe6500000-0xe65fffff 64bit pref]
[    1.323869] pci_bus 0000:11: resource 1 [mem 0xfbb00000-0xfbbfffff]
[    1.323870] pci_bus 0000:11: resource 2 [mem 0xe6100000-0xe61fffff 64bit pref]
[    1.323871] pci_bus 0000:12: resource 1 [mem 0xfb700000-0xfb7fffff]
[    1.323872] pci_bus 0000:12: resource 2 [mem 0xe5d00000-0xe5dfffff 64bit pref]
[    1.323873] pci_bus 0000:13: resource 0 [io  0x6000-0x6fff]
[    1.323873] pci_bus 0000:13: resource 1 [mem 0xfd200000-0xfd2fffff]
[    1.323874] pci_bus 0000:13: resource 2 [mem 0xe7800000-0xe78fffff 64bit pref]
[    1.323875] pci_bus 0000:14: resource 0 [io  0xa000-0xafff]
[    1.323876] pci_bus 0000:14: resource 1 [mem 0xfce00000-0xfcefffff]
[    1.323877] pci_bus 0000:14: resource 2 [mem 0xe7400000-0xe74fffff 64bit pref]
[    1.323878] pci_bus 0000:15: resource 0 [io  0xe000-0xefff]
[    1.323878] pci_bus 0000:15: resource 1 [mem 0xfca00000-0xfcafffff]
[    1.323879] pci_bus 0000:15: resource 2 [mem 0xe7000000-0xe70fffff 64bit pref]
[    1.323881] pci_bus 0000:16: resource 1 [mem 0xfc600000-0xfc6fffff]
[    1.323881] pci_bus 0000:16: resource 2 [mem 0xe6c00000-0xe6cfffff 64bit pref]
[    1.323882] pci_bus 0000:17: resource 1 [mem 0xfc200000-0xfc2fffff]
[    1.323883] pci_bus 0000:17: resource 2 [mem 0xe6800000-0xe68fffff 64bit pref]
[    1.323884] pci_bus 0000:18: resource 1 [mem 0xfbe00000-0xfbefffff]
[    1.323885] pci_bus 0000:18: resource 2 [mem 0xe6400000-0xe64fffff 64bit pref]
[    1.323886] pci_bus 0000:19: resource 1 [mem 0xfba00000-0xfbafffff]
[    1.323886] pci_bus 0000:19: resource 2 [mem 0xe6000000-0xe60fffff 64bit pref]
[    1.323901] pci_bus 0000:1a: resource 1 [mem 0xfb600000-0xfb6fffff]
[    1.323902] pci_bus 0000:1a: resource 2 [mem 0xe5c00000-0xe5cfffff 64bit pref]
[    1.323903] pci_bus 0000:1b: resource 0 [io  0x7000-0x7fff]
[    1.323904] pci_bus 0000:1b: resource 1 [mem 0xfd100000-0xfd1fffff]
[    1.323904] pci_bus 0000:1b: resource 2 [mem 0xe7700000-0xe77fffff 64bit pref]
[    1.323905] pci_bus 0000:1c: resource 0 [io  0xb000-0xbfff]
[    1.323906] pci_bus 0000:1c: resource 1 [mem 0xfcd00000-0xfcdfffff]
[    1.323906] pci_bus 0000:1c: resource 2 [mem 0xe7300000-0xe73fffff 64bit pref]
[    1.323907] pci_bus 0000:1d: resource 1 [mem 0xfc900000-0xfc9fffff]
[    1.323908] pci_bus 0000:1d: resource 2 [mem 0xe6f00000-0xe6ffffff 64bit pref]
[    1.323909] pci_bus 0000:1e: resource 1 [mem 0xfc500000-0xfc5fffff]
[    1.323910] pci_bus 0000:1e: resource 2 [mem 0xe6b00000-0xe6bfffff 64bit pref]
[    1.323911] pci_bus 0000:1f: resource 1 [mem 0xfc100000-0xfc1fffff]
[    1.323912] pci_bus 0000:1f: resource 2 [mem 0xe6700000-0xe67fffff 64bit pref]
[    1.323912] pci_bus 0000:20: resource 1 [mem 0xfbd00000-0xfbdfffff]
[    1.323913] pci_bus 0000:20: resource 2 [mem 0xe6300000-0xe63fffff 64bit pref]
[    1.323914] pci_bus 0000:21: resource 1 [mem 0xfb900000-0xfb9fffff]
[    1.323915] pci_bus 0000:21: resource 2 [mem 0xe5f00000-0xe5ffffff 64bit pref]
[    1.323916] pci_bus 0000:22: resource 1 [mem 0xfb500000-0xfb5fffff]
[    1.323916] pci_bus 0000:22: resource 2 [mem 0xe5b00000-0xe5bfffff 64bit pref]
[    1.324085] pci 0000:00:00.0: Limiting direct PCI/PCI transfers
[    1.324187] pci 0000:00:0f.0: Video device with shadowed ROM at [mem 0x000c0000-0x000dffff]
[    1.325188] pci 0000:02:01.0: CLS mismatch (32 != 64), using 64 bytes
[    1.325758] PCI-DMA: Using software bounce buffering for IO (SWIOTLB)
[    1.325760] software IO TLB: mapped [mem 0x00000000bbed0000-0x00000000bfed0000] (64MB)
[    1.325799] clocksource: tsc: mask: 0xffffffffffffffff max_cycles: 0x1e71797ffd2, max_idle_ns: 440795307724 ns
[    1.325874] clocksource: Switched to clocksource tsc
[    1.326187] Trying to unpack rootfs image as initramfs...
[    1.329230] Initialise system trusted keyrings
[    1.329237] Key type blacklist registered
[    1.329572] workingset: timestamp_bits=36 max_order=20 bucket_order=0
[    1.330556] zbud: loaded
[    1.330898] squashfs: version 4.0 (2009/01/31) Phillip Lougher
[    1.331523] fuse: init (API version 7.34)
[    1.332194] integrity: Platform Keyring initialized
[    1.338816] Key type asymmetric registered
[    1.338819] Asymmetric key parser 'x509' registered
[    1.339016] Block layer SCSI generic (bsg) driver version 0.4 loaded (major 243)
[    1.339306] io scheduler mq-deadline registered
[    1.340663] pcieport 0000:00:15.0: PME: Signaling with IRQ 24
[    1.340741] pcieport 0000:00:15.0: pciehp: Slot #160 AttnBtn+ PwrCtrl+ MRL- AttnInd- PwrInd- HotPlug+ Surprise- Interlock- NoCompl+ IbPresDis- LLActRep+
[    1.341925] pcieport 0000:00:15.1: PME: Signaling with IRQ 25
[    1.342002] pcieport 0000:00:15.1: pciehp: Slot #161 AttnBtn+ PwrCtrl+ MRL- AttnInd- PwrInd- HotPlug+ Surprise- Interlock- NoCompl+ IbPresDis- LLActRep+
[    1.343148] pcieport 0000:00:15.2: PME: Signaling with IRQ 26
[    1.343242] pcieport 0000:00:15.2: pciehp: Slot #162 AttnBtn+ PwrCtrl+ MRL- AttnInd- PwrInd- HotPlug+ Surprise- Interlock- NoCompl+ IbPresDis- LLActRep+
[    1.344415] pcieport 0000:00:15.3: PME: Signaling with IRQ 27
[    1.344492] pcieport 0000:00:15.3: pciehp: Slot #163 AttnBtn+ PwrCtrl+ MRL- AttnInd- PwrInd- HotPlug+ Surprise- Interlock- NoCompl+ IbPresDis- LLActRep+
[    1.345651] pcieport 0000:00:15.4: PME: Signaling with IRQ 28
[    1.345745] pcieport 0000:00:15.4: pciehp: Slot #164 AttnBtn+ PwrCtrl+ MRL- AttnInd- PwrInd- HotPlug+ Surprise- Interlock- NoCompl+ IbPresDis- LLActRep+
[    1.347182] pcieport 0000:00:15.5: PME: Signaling with IRQ 29
[    1.347282] pcieport 0000:00:15.5: pciehp: Slot #165 AttnBtn+ PwrCtrl+ MRL- AttnInd- PwrInd- HotPlug+ Surprise- Interlock- NoCompl+ IbPresDis- LLActRep+
[    1.348513] pcieport 0000:00:15.6: PME: Signaling with IRQ 30
[    1.348590] pcieport 0000:00:15.6: pciehp: Slot #166 AttnBtn+ PwrCtrl+ MRL- AttnInd- PwrInd- HotPlug+ Surprise- Interlock- NoCompl+ IbPresDis- LLActRep+
[    1.349743] pcieport 0000:00:15.7: PME: Signaling with IRQ 31
[    1.349843] pcieport 0000:00:15.7: pciehp: Slot #167 AttnBtn+ PwrCtrl+ MRL- AttnInd- PwrInd- HotPlug+ Surprise- Interlock- NoCompl+ IbPresDis- LLActRep+
[    1.351093] pcieport 0000:00:16.0: PME: Signaling with IRQ 32
[    1.351183] pcieport 0000:00:16.0: pciehp: Slot #192 AttnBtn+ PwrCtrl+ MRL- AttnInd- PwrInd- HotPlug+ Surprise- Interlock- NoCompl+ IbPresDis- LLActRep+
[    1.352317] pcieport 0000:00:16.1: PME: Signaling with IRQ 33
[    1.352394] pcieport 0000:00:16.1: pciehp: Slot #193 AttnBtn+ PwrCtrl+ MRL- AttnInd- PwrInd- HotPlug+ Surprise- Interlock- NoCompl+ IbPresDis- LLActRep+
[    1.353856] pcieport 0000:00:16.2: PME: Signaling with IRQ 34
[    1.353934] pcieport 0000:00:16.2: pciehp: Slot #194 AttnBtn+ PwrCtrl+ MRL- AttnInd- PwrInd- HotPlug+ Surprise- Interlock- NoCompl+ IbPresDis- LLActRep+
[    1.355181] pcieport 0000:00:16.3: PME: Signaling with IRQ 35
[    1.355263] pcieport 0000:00:16.3: pciehp: Slot #195 AttnBtn+ PwrCtrl+ MRL- AttnInd- PwrInd- HotPlug+ Surprise- Interlock- NoCompl+ IbPresDis- LLActRep+
[    1.356549] pcieport 0000:00:16.4: PME: Signaling with IRQ 36
[    1.356649] pcieport 0000:00:16.4: pciehp: Slot #196 AttnBtn+ PwrCtrl+ MRL- AttnInd- PwrInd- HotPlug+ Surprise- Interlock- NoCompl+ IbPresDis- LLActRep+
[    1.357868] pcieport 0000:00:16.5: PME: Signaling with IRQ 37
[    1.358079] pcieport 0000:00:16.5: pciehp: Slot #197 AttnBtn+ PwrCtrl+ MRL- AttnInd- PwrInd- HotPlug+ Surprise- Interlock- NoCompl+ IbPresDis- LLActRep+
[    1.359165] pcieport 0000:00:16.6: PME: Signaling with IRQ 38
[    1.359241] pcieport 0000:00:16.6: pciehp: Slot #198 AttnBtn+ PwrCtrl+ MRL- AttnInd- PwrInd- HotPlug+ Surprise- Interlock- NoCompl+ IbPresDis- LLActRep+
[    1.360469] pcieport 0000:00:16.7: PME: Signaling with IRQ 39
[    1.360570] pcieport 0000:00:16.7: pciehp: Slot #199 AttnBtn+ PwrCtrl+ MRL- AttnInd- PwrInd- HotPlug+ Surprise- Interlock- NoCompl+ IbPresDis- LLActRep+
[    1.361792] pcieport 0000:00:17.0: PME: Signaling with IRQ 40
[    1.361887] pcieport 0000:00:17.0: pciehp: Slot #224 AttnBtn+ PwrCtrl+ MRL- AttnInd- PwrInd- HotPlug+ Surprise- Interlock- NoCompl+ IbPresDis- LLActRep+
[    1.363100] pcieport 0000:00:17.1: PME: Signaling with IRQ 41
[    1.363184] pcieport 0000:00:17.1: pciehp: Slot #225 AttnBtn+ PwrCtrl+ MRL- AttnInd- PwrInd- HotPlug+ Surprise- Interlock- NoCompl+ IbPresDis- LLActRep+
[    1.364310] pcieport 0000:00:17.2: PME: Signaling with IRQ 42
[    1.364408] pcieport 0000:00:17.2: pciehp: Slot #226 AttnBtn+ PwrCtrl+ MRL- AttnInd- PwrInd- HotPlug+ Surprise- Interlock- NoCompl+ IbPresDis- LLActRep+
[    1.365583] pcieport 0000:00:17.3: PME: Signaling with IRQ 43
[    1.365660] pcieport 0000:00:17.3: pciehp: Slot #227 AttnBtn+ PwrCtrl+ MRL- AttnInd- PwrInd- HotPlug+ Surprise- Interlock- NoCompl+ IbPresDis- LLActRep+
[    1.366844] pcieport 0000:00:17.4: PME: Signaling with IRQ 44
[    1.366923] pcieport 0000:00:17.4: pciehp: Slot #228 AttnBtn+ PwrCtrl+ MRL- AttnInd- PwrInd- HotPlug+ Surprise- Interlock- NoCompl+ IbPresDis- LLActRep+
[    1.368215] pcieport 0000:00:17.5: PME: Signaling with IRQ 45
[    1.368287] pcieport 0000:00:17.5: pciehp: Slot #229 AttnBtn+ PwrCtrl+ MRL- AttnInd- PwrInd- HotPlug+ Surprise- Interlock- NoCompl+ IbPresDis- LLActRep+
[    1.370056] pcieport 0000:00:17.6: PME: Signaling with IRQ 46
[    1.370173] pcieport 0000:00:17.6: pciehp: Slot #230 AttnBtn+ PwrCtrl+ MRL- AttnInd- PwrInd- HotPlug+ Surprise- Interlock- NoCompl+ IbPresDis- LLActRep+
[    1.371525] pcieport 0000:00:17.7: PME: Signaling with IRQ 47
[    1.371623] pcieport 0000:00:17.7: pciehp: Slot #231 AttnBtn+ PwrCtrl+ MRL- AttnInd- PwrInd- HotPlug+ Surprise- Interlock- NoCompl+ IbPresDis- LLActRep+
[    1.372753] pcieport 0000:00:18.0: PME: Signaling with IRQ 48
[    1.372830] pcieport 0000:00:18.0: pciehp: Slot #256 AttnBtn+ PwrCtrl+ MRL- AttnInd- PwrInd- HotPlug+ Surprise- Interlock- NoCompl+ IbPresDis- LLActRep+
[    1.374241] pcieport 0000:00:18.1: PME: Signaling with IRQ 49
[    1.374378] pcieport 0000:00:18.1: pciehp: Slot #257 AttnBtn+ PwrCtrl+ MRL- AttnInd- PwrInd- HotPlug+ Surprise- Interlock- NoCompl+ IbPresDis- LLActRep+
[    1.375560] pcieport 0000:00:18.2: PME: Signaling with IRQ 50
[    1.375658] pcieport 0000:00:18.2: pciehp: Slot #258 AttnBtn+ PwrCtrl+ MRL- AttnInd- PwrInd- HotPlug+ Surprise- Interlock- NoCompl+ IbPresDis- LLActRep+
[    1.377037] pcieport 0000:00:18.3: PME: Signaling with IRQ 51
[    1.377131] pcieport 0000:00:18.3: pciehp: Slot #259 AttnBtn+ PwrCtrl+ MRL- AttnInd- PwrInd- HotPlug+ Surprise- Interlock- NoCompl+ IbPresDis- LLActRep+
[    1.378440] pcieport 0000:00:18.4: PME: Signaling with IRQ 52
[    1.378695] pcieport 0000:00:18.4: pciehp: Slot #260 AttnBtn+ PwrCtrl+ MRL- AttnInd- PwrInd- HotPlug+ Surprise- Interlock- NoCompl+ IbPresDis- LLActRep+
[    1.379895] pcieport 0000:00:18.5: PME: Signaling with IRQ 53
[    1.379990] pcieport 0000:00:18.5: pciehp: Slot #261 AttnBtn+ PwrCtrl+ MRL- AttnInd- PwrInd- HotPlug+ Surprise- Interlock- NoCompl+ IbPresDis- LLActRep+
[    1.381159] pcieport 0000:00:18.6: PME: Signaling with IRQ 54
[    1.381237] pcieport 0000:00:18.6: pciehp: Slot #262 AttnBtn+ PwrCtrl+ MRL- AttnInd- PwrInd- HotPlug+ Surprise- Interlock- NoCompl+ IbPresDis- LLActRep+
[    1.382541] pcieport 0000:00:18.7: PME: Signaling with IRQ 55
[    1.382613] pcieport 0000:00:18.7: pciehp: Slot #263 AttnBtn+ PwrCtrl+ MRL- AttnInd- PwrInd- HotPlug+ Surprise- Interlock- NoCompl+ IbPresDis- LLActRep+
[    1.383581] shpchp: Standard Hot Plug PCI Controller Driver version: 0.4
[    1.384178] ACPI: AC: AC Adapter [ACAD] (on-line)
[    1.384361] input: Power Button as /devices/LNXSYSTM:00/LNXPWRBN:00/input/input0
[    1.384422] ACPI: button: Power Button [PWRF]
[    1.385963] Serial: 8250/16550 driver, 32 ports, IRQ sharing enabled
[    1.409320] 00:05: ttyS0 at I/O 0x3f8 (irq = 4, base_baud = 115200) is a 16550A
[    1.456809] Linux agpgart interface v0.103
[    1.456889] agpgart-intel 0000:00:00.0: Intel 440BX Chipset
[    1.458861] agpgart-intel 0000:00:00.0: AGP aperture is 256M @ 0x0
[    1.509452] loop: module loaded
[    1.510041] ata_piix 0000:00:07.1: version 2.13
[    1.511778] scsi host0: ata_piix
[    1.512551] scsi host1: ata_piix
[    1.512730] ata1: PATA max UDMA/33 cmd 0x1f0 ctl 0x3f6 bmdma 0x1060 irq 14
[    1.512733] ata2: PATA max UDMA/33 cmd 0x170 ctl 0x376 bmdma 0x1068 irq 15
[    1.513171] libphy: Fixed MDIO Bus: probed
[    1.513173] tun: Universal TUN/TAP device driver, 1.6
[    1.513216] PPP generic driver version 2.4.2
[    1.513430] VFIO - User Level meta-driver version: 0.3
[    1.513956] ehci_hcd: USB 2.0 'Enhanced' Host Controller (EHCI) Driver
[    1.513959] ehci-pci: EHCI PCI platform driver
[    1.514549] ehci-pci 0000:02:03.0: EHCI Host Controller
[    1.514574] ehci-pci 0000:02:03.0: new USB bus registered, assigned bus number 1
[    1.515320] ehci-pci 0000:02:03.0: irq 17, io mem 0xfd5ef000
[    1.530861] ehci-pci 0000:02:03.0: USB 2.0 started, EHCI 1.00
[    1.530965] usb usb1: New USB device found, idVendor=1d6b, idProduct=0002, bcdDevice= 5.15
[    1.530968] usb usb1: New USB device strings: Mfr=3, Product=2, SerialNumber=1
[    1.530969] usb usb1: Product: EHCI Host Controller
[    1.530970] usb usb1: Manufacturer: Linux 5.15.0-rc7+ ehci_hcd
[    1.530971] usb usb1: SerialNumber: 0000:02:03.0
[    1.531273] hub 1-0:1.0: USB hub found
[    1.531280] hub 1-0:1.0: 6 ports detected
[    1.531625] ehci-platform: EHCI generic platform driver
[    1.531637] ohci_hcd: USB 1.1 'Open' Host Controller (OHCI) Driver
[    1.531640] ohci-pci: OHCI PCI platform driver
[    1.531652] ohci-platform: OHCI generic platform driver
[    1.531655] uhci_hcd: USB Universal Host Controller Interface driver
[    1.532219] uhci_hcd 0000:02:00.0: UHCI Host Controller
[    1.532224] uhci_hcd 0000:02:00.0: new USB bus registered, assigned bus number 2
[    1.532259] uhci_hcd 0000:02:00.0: detected 2 ports
[    1.532744] uhci_hcd 0000:02:00.0: irq 18, io base 0x00002080
[    1.532879] usb usb2: New USB device found, idVendor=1d6b, idProduct=0001, bcdDevice= 5.15
[    1.532882] usb usb2: New USB device strings: Mfr=3, Product=2, SerialNumber=1
[    1.532883] usb usb2: Product: UHCI Host Controller
[    1.532884] usb usb2: Manufacturer: Linux 5.15.0-rc7+ uhci_hcd
[    1.532885] usb usb2: SerialNumber: 0000:02:00.0
[    1.533130] hub 2-0:1.0: USB hub found
[    1.533276] hub 2-0:1.0: 2 ports detected
[    1.533591] i8042: PNP: PS/2 Controller [PNP0303:KBC,PNP0f13:MOUS] at 0x60,0x64 irq 1,12
[    1.534530] serio: i8042 KBD port at 0x60,0x64 irq 1
[    1.534550] serio: i8042 AUX port at 0x60,0x64 irq 12
[    1.535071] mousedev: PS/2 mouse device common for all mice
[    1.537534] rtc_cmos 00:01: registered as rtc0
[    1.537629] rtc_cmos 00:01: setting system clock to 2021-11-02T04:19:20 UTC (1635826760)
[    1.537665] rtc_cmos 00:01: alarms up to one month, y3k, 114 bytes nvram, hpet irqs
[    1.537672] i2c_dev: i2c /dev entries driver
[    1.537683] device-mapper: core: CONFIG_IMA_DISABLE_HTABLE is disabled. Duplicate IMA measurements will not be recorded in the IMA log.
[    1.537739] device-mapper: uevent: version 1.0.3
[    1.538156] device-mapper: ioctl: 4.45.0-ioctl (2021-03-22) initialised: dm-devel@redhat.com
[    1.538173] platform eisa.0: Probing EISA bus 0
[    1.538436] platform eisa.0: EISA: Cannot allocate resource for mainboard
[    1.538475] platform eisa.0: Cannot allocate resource for EISA slot 1
[    1.538477] platform eisa.0: Cannot allocate resource for EISA slot 2
[    1.538477] platform eisa.0: Cannot allocate resource for EISA slot 3
[    1.538478] platform eisa.0: Cannot allocate resource for EISA slot 4
[    1.538479] platform eisa.0: Cannot allocate resource for EISA slot 5
[    1.538480] platform eisa.0: Cannot allocate resource for EISA slot 6
[    1.538480] platform eisa.0: Cannot allocate resource for EISA slot 7
[    1.538481] platform eisa.0: Cannot allocate resource for EISA slot 8
[    1.538495] platform eisa.0: EISA: Detected 0 cards
[    1.538497] intel_pstate: CPU model not supported
[    1.538734] ledtrig-cpu: registered to indicate activity on CPUs
[    1.539171] input: AT Translated Set 2 keyboard as /devices/platform/i8042/serio0/input/input1
[    1.539431] intel_pmc_core intel_pmc_core.0:  initialized
[    1.539649] drop_monitor: Initializing network drop monitor service
[    1.539971] NET: Registered PF_INET6 protocol family
[    1.774617] usb 2-1: new full-speed USB device number 2 using uhci_hcd
[    1.936887] usb 2-1: New USB device found, idVendor=0e0f, idProduct=0003, bcdDevice= 1.03
[    1.936892] usb 2-1: New USB device strings: Mfr=1, Product=2, SerialNumber=0
[    1.936893] usb 2-1: Product: VMware Virtual USB Mouse
[    1.936894] usb 2-1: Manufacturer: VMware
[    2.070489] usb 2-2: new full-speed USB device number 3 using uhci_hcd
[    2.103102] Freeing initrd memory: 52040K
[    2.111079] Segment Routing with IPv6
[    2.111089] In-situ OAM (IOAM) with IPv6
[    2.111109] NET: Registered PF_PACKET protocol family
[    2.111275] Key type dns_resolver registered
[    2.111796] IPI shorthand broadcast: enabled
[    2.111803] sched_clock: Marking stable (2107556596, 4192653)->(2163162749, -51413500)
[    2.112936] registered taskstats version 1
[    2.113159] Loading compiled-in X.509 certificates
[    2.114208] Loaded X.509 cert 'Build time autogenerated kernel key: c852d61b36159e5bab2247649cb992222403b7fc'
[    2.218165] zswap: loaded using pool lzo/zbud
[    2.219480] Key type ._fscrypt registered
[    2.219482] Key type .fscrypt registered
[    2.219482] Key type fscrypt-provisioning registered
[    2.225208] Key type encrypted registered
[    2.225238] AppArmor: AppArmor sha1 policy hashing enabled
[    2.225252] ima: No TPM chip found, activating TPM-bypass!
[    2.225258] Loading compiled-in module X.509 certificates
[    2.225886] Loaded X.509 cert 'Build time autogenerated kernel key: c852d61b36159e5bab2247649cb992222403b7fc'
[    2.225889] ima: Allocated hash algorithm: sha1
[    2.225894] ima: No architecture policies found
[    2.225902] evm: Initialising EVM extended attributes:
[    2.225903] evm: security.selinux
[    2.225903] evm: security.SMACK64
[    2.225904] evm: security.SMACK64EXEC
[    2.225904] evm: security.SMACK64TRANSMUTE
[    2.225904] evm: security.SMACK64MMAP
[    2.225905] evm: security.apparmor
[    2.225905] evm: security.ima
[    2.225905] evm: security.capability
[    2.225906] evm: HMAC attrs: 0x1
[    2.226322] PM:   Magic number: 13:871:311
[    2.226944] RAS: Correctable Errors collector initialized.
[    2.229071] Freeing unused decrypted memory: 2036K
[    2.229329] Freeing unused kernel image (initmem) memory: 2876K
[    2.240764] usb 2-2: New USB device found, idVendor=0e0f, idProduct=0002, bcdDevice= 1.00
[    2.240771] usb 2-2: New USB device strings: Mfr=1, Product=2, SerialNumber=0
[    2.240772] usb 2-2: Product: VMware Virtual USB Hub
[    2.240773] usb 2-2: Manufacturer: VMware, Inc.
[    2.250405] Write protecting the kernel read-only data: 24576k
[    2.250621] hub 2-2:1.0: USB hub found
[    2.251296] Freeing unused kernel image (text/rodata gap) memory: 2036K
[    2.251775] Freeing unused kernel image (rodata/data gap) memory: 656K
[    2.253280] hub 2-2:1.0: 7 ports detected
[    2.261063] x86/mm: Checked W+X mappings: passed, no W+X pages found.
[    2.261068] Run /init as init process
[    2.261070]   with arguments:
[    2.261071]     /init
[    2.261071]     auto
[    2.261072]     noprompt
[    2.261072]   with environment:
[    2.261073]     HOME=/
[    2.261073]     TERM=linux
[    2.261074]     BOOT_IMAGE=/boot/vmlinuz-5.15.0-rc7+
[    2.261074]     find_preseed=/preseed.cfg
[    2.261075]     priority=critical
[    2.261075]     locale=en_US
[    2.547446] hid: raw HID events driver (C) Jiri Kosina
[    2.548066] e1000: Intel(R) PRO/1000 Network Driver
[    2.548069] e1000: Copyright (c) 1999-2006 Intel Corporation.
[    2.549789] piix4_smbus 0000:00:07.3: SMBus Host Controller not enabled!
[    2.572140] ahci 0000:02:04.0: version 3.0
[    2.573911] ahci 0000:02:04.0: AHCI 0001.0300 32 slots 30 ports 6 Gbps 0x3fffffff impl SATA mode
[    2.573915] ahci 0000:02:04.0: flags: 64bit ncq clo only 
[    2.578946] Fusion MPT base driver 3.04.20
[    2.578950] Copyright (c) 1999-2008 LSI Corporation
[    2.583809] Fusion MPT SPI Host driver 3.04.20
[    2.595366] usbcore: registered new interface driver usbhid
[    2.595381] usbhid: USB HID core driver
[    2.595773] input: VirtualPS/2 VMware VMMouse as /devices/platform/i8042/serio1/input/input4
[    2.596242] input: VirtualPS/2 VMware VMMouse as /devices/platform/i8042/serio1/input/input3
[    2.602512] mptbase: ioc0: Initiating bringup
[    2.640969] input: VMware VMware Virtual USB Mouse as /devices/pci0000:00/0000:00:11.0/0000:02:00.0/usb2/2-1/2-1:1.0/0003:0E0F:0003.0001/input/input5
[    2.641268] hid-generic 0003:0E0F:0003.0001: input,hidraw0: USB HID v1.10 Mouse [VMware VMware Virtual USB Mouse] on usb-0000:02:00.0-1/input0
[    2.646352] scsi host2: ahci
[    2.651006] scsi host3: ahci
[    2.651527] scsi host4: ahci
[    2.652275] scsi host5: ahci
[    2.654560] scsi host6: ahci
[    2.658841] scsi host7: ahci
[    2.659438] scsi host8: ahci
[    2.659769] scsi host9: ahci
[    2.660100] scsi host10: ahci
[    2.660699] scsi host11: ahci
[    2.662510] scsi host12: ahci
[    2.667909] scsi host13: ahci
[    2.668580] scsi host14: ahci
[    2.669099] scsi host15: ahci
[    2.669607] scsi host16: ahci
[    2.669945] scsi host17: ahci
[    2.670479] scsi host18: ahci
[    2.671068] scsi host19: ahci
[    2.675441] scsi host20: ahci
[    2.676321] scsi host21: ahci
[    2.678494] scsi host22: ahci
[    2.679304] scsi host23: ahci
[    2.680016] scsi host24: ahci
[    2.681121] scsi host25: ahci
[    2.681855] scsi host26: ahci
[    2.686441] scsi host27: ahci
[    2.687254] scsi host28: ahci
[    2.690814] scsi host29: ahci
[    2.691976] scsi host30: ahci
[    2.694947] scsi host31: ahci
[    2.695238] ata3: SATA max UDMA/133 abar m4096@0xfd5ee000 port 0xfd5ee100 irq 56
[    2.695241] ata4: SATA max UDMA/133 abar m4096@0xfd5ee000 port 0xfd5ee180 irq 56
[    2.695242] ata5: SATA max UDMA/133 abar m4096@0xfd5ee000 port 0xfd5ee200 irq 56
[    2.695243] ata6: SATA max UDMA/133 abar m4096@0xfd5ee000 port 0xfd5ee280 irq 56
[    2.695244] ata7: SATA max UDMA/133 abar m4096@0xfd5ee000 port 0xfd5ee300 irq 56
[    2.695245] ata8: SATA max UDMA/133 abar m4096@0xfd5ee000 port 0xfd5ee380 irq 56
[    2.695246] ata9: SATA max UDMA/133 abar m4096@0xfd5ee000 port 0xfd5ee400 irq 56
[    2.695246] ata10: SATA max UDMA/133 abar m4096@0xfd5ee000 port 0xfd5ee480 irq 56
[    2.695247] ata11: SATA max UDMA/133 abar m4096@0xfd5ee000 port 0xfd5ee500 irq 56
[    2.695248] ata12: SATA max UDMA/133 abar m4096@0xfd5ee000 port 0xfd5ee580 irq 56
[    2.695249] ata13: SATA max UDMA/133 abar m4096@0xfd5ee000 port 0xfd5ee600 irq 56
[    2.695250] ata14: SATA max UDMA/133 abar m4096@0xfd5ee000 port 0xfd5ee680 irq 56
[    2.695250] ata15: SATA max UDMA/133 abar m4096@0xfd5ee000 port 0xfd5ee700 irq 56
[    2.695251] ata16: SATA max UDMA/133 abar m4096@0xfd5ee000 port 0xfd5ee780 irq 56
[    2.695252] ata17: SATA max UDMA/133 abar m4096@0xfd5ee000 port 0xfd5ee800 irq 56
[    2.695253] ata18: SATA max UDMA/133 abar m4096@0xfd5ee000 port 0xfd5ee880 irq 56
[    2.695254] ata19: SATA max UDMA/133 abar m4096@0xfd5ee000 port 0xfd5ee900 irq 56
[    2.695255] ata20: SATA max UDMA/133 abar m4096@0xfd5ee000 port 0xfd5ee980 irq 56
[    2.695255] ata21: SATA max UDMA/133 abar m4096@0xfd5ee000 port 0xfd5eea00 irq 56
[    2.695256] ata22: SATA max UDMA/133 abar m4096@0xfd5ee000 port 0xfd5eea80 irq 56
