[    0.000000] Linux version 5.15.0-rc7+ (archana@ubuntu) (gcc (Ubuntu 9.3.0-17ubuntu1~20.04) 9.3.0, GNU ld (GNU Binutils for Ubuntu) 2.34) #1 SMP Sat Oct 30 20:58:15 PDT 2021
[    0.000000] Command line: BOOT_IMAGE=/boot/vmlinuz-5.15.0-rc7+ root=UUID=e240b98d-0f33-4ad6-aa63-1bb7403e9ecf ro find_preseed=/preseed.cfg auto noprompt priority=critical locale=en_US quiet
[    0.000000] KERNEL supported cpus:
[    0.000000]   Intel GenuineIntel
[    0.000000]   AMD AuthenticAMD
[    0.000000]   Hygon HygonGenuine
[    0.000000]   Centaur CentaurHauls
[    0.000000]   zhaoxin   Shanghai  
[    0.000000] Disabled fast string operations
[    0.000000] x86/fpu: Supporting XSAVE feature 0x001: 'x87 floating point registers'
[    0.000000] x86/fpu: Supporting XSAVE feature 0x002: 'SSE registers'
[    0.000000] x86/fpu: Supporting XSAVE feature 0x004: 'AVX registers'
[    0.000000] x86/fpu: xstate_offset[2]:  576, xstate_sizes[2]:  256
[    0.000000] x86/fpu: Enabled xstate features 0x7, context size is 832 bytes, using 'compacted' format.
[    0.000000] signal: max sigframe size: 1776
[    0.000000] BIOS-provided physical RAM map:
[    0.000000] BIOS-e820: [mem 0x0000000000000000-0x000000000009e7ff] usable
[    0.000000] BIOS-e820: [mem 0x000000000009e800-0x000000000009ffff] reserved
[    0.000000] BIOS-e820: [mem 0x00000000000dc000-0x00000000000fffff] reserved
[    0.000000] BIOS-e820: [mem 0x0000000000100000-0x00000000bfecffff] usable
[    0.000000] BIOS-e820: [mem 0x00000000bfed0000-0x00000000bfefefff] ACPI data
[    0.000000] BIOS-e820: [mem 0x00000000bfeff000-0x00000000bfefffff] ACPI NVS
[    0.000000] BIOS-e820: [mem 0x00000000bff00000-0x00000000bfffffff] usable
[    0.000000] BIOS-e820: [mem 0x00000000f0000000-0x00000000f7ffffff] reserved
[    0.000000] BIOS-e820: [mem 0x00000000fec00000-0x00000000fec0ffff] reserved
[    0.000000] BIOS-e820: [mem 0x00000000fee00000-0x00000000fee00fff] reserved
[    0.000000] BIOS-e820: [mem 0x00000000fffe0000-0x00000000ffffffff] reserved
[    0.000000] BIOS-e820: [mem 0x0000000100000000-0x000000013fffffff] usable
[    0.000000] NX (Execute Disable) protection: active
[    0.000000] SMBIOS 2.7 present.
[    0.000000] DMI: VMware, Inc. VMware Virtual Platform/440BX Desktop Reference Platform, BIOS 6.00 11/12/2020
[    0.000000] vmware: hypercall mode: 0x02
[    0.000000] Hypervisor detected: VMware
[    0.000000] vmware: TSC freq read from hypervisor : 2112.004 MHz
[    0.000000] vmware: Host bus clock speed read from hypervisor : 66000000 Hz
[    0.000000] vmware: using clock offset of 12339635175 ns
[    0.000012] tsc: Detected 2112.004 MHz processor
[    0.001178] e820: update [mem 0x00000000-0x00000fff] usable ==> reserved
[    0.001180] e820: remove [mem 0x000a0000-0x000fffff] usable
[    0.001184] last_pfn = 0x140000 max_arch_pfn = 0x400000000
[    0.001204] x86/PAT: Configuration [0-7]: WB  WC  UC- UC  WB  WP  UC- WT  
[    0.001213] total RAM covered: 130048M
[    0.001310] Found optimal setting for mtrr clean up
[    0.001310]  gran_size: 64K 	chunk_size: 64K 	num_reg: 7  	lose cover RAM: 0G
[    0.001344] e820: update [mem 0xc0000000-0xffffffff] usable ==> reserved
[    0.001349] last_pfn = 0xc0000 max_arch_pfn = 0x400000000
[    0.008998] found SMP MP-table at [mem 0x000f6a70-0x000f6a7f]
[    0.009019] Using GB pages for direct mapping
[    0.009239] RAMDISK: [mem 0x31a4b000-0x34d1cfff]
[    0.009245] ACPI: Early table checksum verification disabled
[    0.009250] ACPI: RSDP 0x00000000000F6A00 000024 (v02 PTLTD )
[    0.009253] ACPI: XSDT 0x00000000BFEDC5D7 000064 (v01 INTEL  440BX    06040000 VMW  01324272)
[    0.009258] ACPI: FACP 0x00000000BFEFEE73 0000F4 (v04 INTEL  440BX    06040000 PTL  000F4240)
[    0.009264] ACPI: DSDT 0x00000000BFEDD9E8 02148B (v01 PTLTD  Custom   06040000 MSFT 03000001)
[    0.009271] ACPI: FACS 0x00000000BFEFFFC0 000040
[    0.009273] ACPI: FACS 0x00000000BFEFFFC0 000040
[    0.009276] ACPI: BOOT 0x00000000BFEDD9C0 000028 (v01 PTLTD  $SBFTBL$ 06040000  LTP 00000001)
[    0.009279] ACPI: APIC 0x00000000BFEDD27E 000742 (v01 PTLTD  ? APIC   06040000  LTP 00000000)
[    0.009282] ACPI: MCFG 0x00000000BFEDD242 00003C (v01 PTLTD  $PCITBL$ 06040000  LTP 00000001)
[    0.009285] ACPI: SRAT 0x00000000BFEDC72F 0008D0 (v02 VMWARE MEMPLUG  06040000 VMW  00000001)
[    0.009288] ACPI: HPET 0x00000000BFEDC6F7 000038 (v01 VMWARE VMW HPET 06040000 VMW  00000001)
[    0.009290] ACPI: WAET 0x00000000BFEDC6CF 000028 (v01 VMWARE VMW WAET 06040000 VMW  00000001)
[    0.009293] ACPI: DMAR 0x00000000BFEDC67F 000050 (v01 VMWARE VMW DMAR 06040000 VMW  00000001)
[    0.009295] ACPI: Reserving FACP table memory at [mem 0xbfefee73-0xbfefef66]
[    0.009297] ACPI: Reserving DSDT table memory at [mem 0xbfedd9e8-0xbfefee72]
[    0.009297] ACPI: Reserving FACS table memory at [mem 0xbfefffc0-0xbfefffff]
[    0.009298] ACPI: Reserving FACS table memory at [mem 0xbfefffc0-0xbfefffff]
[    0.009299] ACPI: Reserving BOOT table memory at [mem 0xbfedd9c0-0xbfedd9e7]
[    0.009299] ACPI: Reserving APIC table memory at [mem 0xbfedd27e-0xbfedd9bf]
[    0.009300] ACPI: Reserving MCFG table memory at [mem 0xbfedd242-0xbfedd27d]
[    0.009301] ACPI: Reserving SRAT table memory at [mem 0xbfedc72f-0xbfedcffe]
[    0.009301] ACPI: Reserving HPET table memory at [mem 0xbfedc6f7-0xbfedc72e]
[    0.009302] ACPI: Reserving WAET table memory at [mem 0xbfedc6cf-0xbfedc6f6]
[    0.009302] ACPI: Reserving DMAR table memory at [mem 0xbfedc67f-0xbfedc6ce]
[    0.009334] system APIC only can use physical flat
[    0.009335] Setting APIC routing to physical flat.
[    0.009394] SRAT: PXM 0 -> APIC 0x00 -> Node 0
[    0.009395] SRAT: PXM 0 -> APIC 0x01 -> Node 0
[    0.009396] SRAT: PXM 0 -> APIC 0x02 -> Node 0
[    0.009397] SRAT: PXM 0 -> APIC 0x04 -> Node 0
[    0.009397] SRAT: PXM 0 -> APIC 0x05 -> Node 0
[    0.009398] SRAT: PXM 0 -> APIC 0x06 -> Node 0
[    0.009398] SRAT: PXM 0 -> APIC 0x08 -> Node 0
[    0.009399] SRAT: PXM 0 -> APIC 0x09 -> Node 0
[    0.009399] SRAT: PXM 0 -> APIC 0x0a -> Node 0
[    0.009400] SRAT: PXM 0 -> APIC 0x0c -> Node 0
[    0.009400] SRAT: PXM 0 -> APIC 0x0d -> Node 0
[    0.009401] SRAT: PXM 0 -> APIC 0x0e -> Node 0
[    0.009401] SRAT: PXM 0 -> APIC 0x10 -> Node 0
[    0.009402] SRAT: PXM 0 -> APIC 0x11 -> Node 0
[    0.009402] SRAT: PXM 0 -> APIC 0x12 -> Node 0
[    0.009403] SRAT: PXM 0 -> APIC 0x14 -> Node 0
[    0.009403] SRAT: PXM 0 -> APIC 0x15 -> Node 0
[    0.009404] SRAT: PXM 0 -> APIC 0x16 -> Node 0
[    0.009404] SRAT: PXM 0 -> APIC 0x18 -> Node 0
[    0.009405] SRAT: PXM 0 -> APIC 0x19 -> Node 0
[    0.009405] SRAT: PXM 0 -> APIC 0x1a -> Node 0
[    0.009406] SRAT: PXM 0 -> APIC 0x1c -> Node 0
[    0.009406] SRAT: PXM 0 -> APIC 0x1d -> Node 0
[    0.009407] SRAT: PXM 0 -> APIC 0x1e -> Node 0
[    0.009407] SRAT: PXM 0 -> APIC 0x20 -> Node 0
[    0.009408] SRAT: PXM 0 -> APIC 0x21 -> Node 0
[    0.009408] SRAT: PXM 0 -> APIC 0x22 -> Node 0
[    0.009409] SRAT: PXM 0 -> APIC 0x24 -> Node 0
[    0.009409] SRAT: PXM 0 -> APIC 0x25 -> Node 0
[    0.009410] SRAT: PXM 0 -> APIC 0x26 -> Node 0
[    0.009410] SRAT: PXM 0 -> APIC 0x28 -> Node 0
[    0.009411] SRAT: PXM 0 -> APIC 0x29 -> Node 0
[    0.009411] SRAT: PXM 0 -> APIC 0x2a -> Node 0
[    0.009412] SRAT: PXM 0 -> APIC 0x2c -> Node 0
[    0.009412] SRAT: PXM 0 -> APIC 0x2d -> Node 0
[    0.009413] SRAT: PXM 0 -> APIC 0x2e -> Node 0
[    0.009413] SRAT: PXM 0 -> APIC 0x30 -> Node 0
[    0.009414] SRAT: PXM 0 -> APIC 0x31 -> Node 0
[    0.009414] SRAT: PXM 0 -> APIC 0x32 -> Node 0
[    0.009415] SRAT: PXM 0 -> APIC 0x34 -> Node 0
[    0.009416] SRAT: PXM 0 -> APIC 0x35 -> Node 0
[    0.009416] SRAT: PXM 0 -> APIC 0x36 -> Node 0
[    0.009417] SRAT: PXM 0 -> APIC 0x38 -> Node 0
[    0.009417] SRAT: PXM 0 -> APIC 0x39 -> Node 0
[    0.009418] SRAT: PXM 0 -> APIC 0x3a -> Node 0
[    0.009418] SRAT: PXM 0 -> APIC 0x3c -> Node 0
[    0.009419] SRAT: PXM 0 -> APIC 0x3d -> Node 0
[    0.009419] SRAT: PXM 0 -> APIC 0x3e -> Node 0
[    0.009420] SRAT: PXM 0 -> APIC 0x40 -> Node 0
[    0.009420] SRAT: PXM 0 -> APIC 0x41 -> Node 0
[    0.009421] SRAT: PXM 0 -> APIC 0x42 -> Node 0
[    0.009421] SRAT: PXM 0 -> APIC 0x44 -> Node 0
[    0.009422] SRAT: PXM 0 -> APIC 0x45 -> Node 0
[    0.009422] SRAT: PXM 0 -> APIC 0x46 -> Node 0
[    0.009423] SRAT: PXM 0 -> APIC 0x48 -> Node 0
[    0.009423] SRAT: PXM 0 -> APIC 0x49 -> Node 0
[    0.009424] SRAT: PXM 0 -> APIC 0x4a -> Node 0
[    0.009424] SRAT: PXM 0 -> APIC 0x4c -> Node 0
[    0.009425] SRAT: PXM 0 -> APIC 0x4d -> Node 0
[    0.009425] SRAT: PXM 0 -> APIC 0x4e -> Node 0
[    0.009426] SRAT: PXM 0 -> APIC 0x50 -> Node 0
[    0.009426] SRAT: PXM 0 -> APIC 0x51 -> Node 0
[    0.009427] SRAT: PXM 0 -> APIC 0x52 -> Node 0
[    0.009427] SRAT: PXM 0 -> APIC 0x54 -> Node 0
[    0.009428] SRAT: PXM 0 -> APIC 0x55 -> Node 0
[    0.009428] SRAT: PXM 0 -> APIC 0x56 -> Node 0
[    0.009429] SRAT: PXM 0 -> APIC 0x58 -> Node 0
[    0.009429] SRAT: PXM 0 -> APIC 0x59 -> Node 0
[    0.009430] SRAT: PXM 0 -> APIC 0x5a -> Node 0
[    0.009430] SRAT: PXM 0 -> APIC 0x5c -> Node 0
[    0.009431] SRAT: PXM 0 -> APIC 0x5d -> Node 0
[    0.009431] SRAT: PXM 0 -> APIC 0x5e -> Node 0
[    0.009432] SRAT: PXM 0 -> APIC 0x60 -> Node 0
[    0.009432] SRAT: PXM 0 -> APIC 0x61 -> Node 0
[    0.009433] SRAT: PXM 0 -> APIC 0x62 -> Node 0
[    0.009433] SRAT: PXM 0 -> APIC 0x64 -> Node 0
[    0.009434] SRAT: PXM 0 -> APIC 0x65 -> Node 0
[    0.009434] SRAT: PXM 0 -> APIC 0x66 -> Node 0
[    0.009435] SRAT: PXM 0 -> APIC 0x68 -> Node 0
[    0.009435] SRAT: PXM 0 -> APIC 0x69 -> Node 0
[    0.009436] SRAT: PXM 0 -> APIC 0x6a -> Node 0
[    0.009436] SRAT: PXM 0 -> APIC 0x6c -> Node 0
[    0.009437] SRAT: PXM 0 -> APIC 0x6d -> Node 0
[    0.009437] SRAT: PXM 0 -> APIC 0x6e -> Node 0
[    0.009438] SRAT: PXM 0 -> APIC 0x70 -> Node 0
[    0.009438] SRAT: PXM 0 -> APIC 0x71 -> Node 0
[    0.009439] SRAT: PXM 0 -> APIC 0x72 -> Node 0
[    0.009439] SRAT: PXM 0 -> APIC 0x74 -> Node 0
[    0.009440] SRAT: PXM 0 -> APIC 0x75 -> Node 0
[    0.009440] SRAT: PXM 0 -> APIC 0x76 -> Node 0
[    0.009441] SRAT: PXM 0 -> APIC 0x78 -> Node 0
[    0.009441] SRAT: PXM 0 -> APIC 0x79 -> Node 0
[    0.009442] SRAT: PXM 0 -> APIC 0x7a -> Node 0
[    0.009442] SRAT: PXM 0 -> APIC 0x7c -> Node 0
[    0.009443] SRAT: PXM 0 -> APIC 0x7d -> Node 0
[    0.009443] SRAT: PXM 0 -> APIC 0x7e -> Node 0
[    0.009444] SRAT: PXM 0 -> APIC 0x80 -> Node 0
[    0.009444] SRAT: PXM 0 -> APIC 0x81 -> Node 0
[    0.009445] SRAT: PXM 0 -> APIC 0x82 -> Node 0
[    0.009445] SRAT: PXM 0 -> APIC 0x84 -> Node 0
[    0.009446] SRAT: PXM 0 -> APIC 0x85 -> Node 0
[    0.009446] SRAT: PXM 0 -> APIC 0x86 -> Node 0
[    0.009447] SRAT: PXM 0 -> APIC 0x88 -> Node 0
[    0.009447] SRAT: PXM 0 -> APIC 0x89 -> Node 0
[    0.009448] SRAT: PXM 0 -> APIC 0x8a -> Node 0
[    0.009448] SRAT: PXM 0 -> APIC 0x8c -> Node 0
[    0.009449] SRAT: PXM 0 -> APIC 0x8d -> Node 0
[    0.009449] SRAT: PXM 0 -> APIC 0x8e -> Node 0
[    0.009450] SRAT: PXM 0 -> APIC 0x90 -> Node 0
[    0.009450] SRAT: PXM 0 -> APIC 0x91 -> Node 0
[    0.009451] SRAT: PXM 0 -> APIC 0x92 -> Node 0
[    0.009452] SRAT: PXM 0 -> APIC 0x94 -> Node 0
[    0.009452] SRAT: PXM 0 -> APIC 0x95 -> Node 0
[    0.009453] SRAT: PXM 0 -> APIC 0x96 -> Node 0
[    0.009453] SRAT: PXM 0 -> APIC 0x98 -> Node 0
[    0.009454] SRAT: PXM 0 -> APIC 0x99 -> Node 0
[    0.009454] SRAT: PXM 0 -> APIC 0x9a -> Node 0
[    0.009455] SRAT: PXM 0 -> APIC 0x9c -> Node 0
[    0.009455] SRAT: PXM 0 -> APIC 0x9d -> Node 0
[    0.009456] SRAT: PXM 0 -> APIC 0x9e -> Node 0
[    0.009456] SRAT: PXM 0 -> APIC 0xa0 -> Node 0
[    0.009457] SRAT: PXM 0 -> APIC 0xa1 -> Node 0
[    0.009457] SRAT: PXM 0 -> APIC 0xa2 -> Node 0
[    0.009458] SRAT: PXM 0 -> APIC 0xa4 -> Node 0
[    0.009458] SRAT: PXM 0 -> APIC 0xa5 -> Node 0
[    0.009459] SRAT: PXM 0 -> APIC 0xa6 -> Node 0
[    0.009459] SRAT: PXM 0 -> APIC 0xa8 -> Node 0
[    0.009460] SRAT: PXM 0 -> APIC 0xa9 -> Node 0
[    0.009462] ACPI: SRAT: Node 0 PXM 0 [mem 0x00000000-0x0009ffff]
[    0.009464] ACPI: SRAT: Node 0 PXM 0 [mem 0x00100000-0xbfffffff]
[    0.009465] ACPI: SRAT: Node 0 PXM 0 [mem 0x100000000-0x13fffffff]
[    0.009466] ACPI: SRAT: Node 0 PXM 0 [mem 0x140000000-0x103fffffff] hotplug
[    0.009468] NUMA: Node 0 [mem 0x00000000-0x0009ffff] + [mem 0x00100000-0xbfffffff] -> [mem 0x00000000-0xbfffffff]
[    0.009469] NUMA: Node 0 [mem 0x00000000-0xbfffffff] + [mem 0x100000000-0x13fffffff] -> [mem 0x00000000-0x13fffffff]
[    0.009476] NODE_DATA(0) allocated [mem 0x13ffd6000-0x13fffffff]
[    0.010343] Zone ranges:
[    0.010345]   DMA      [mem 0x0000000000001000-0x0000000000ffffff]
[    0.010347]   DMA32    [mem 0x0000000001000000-0x00000000ffffffff]
[    0.010348]   Normal   [mem 0x0000000100000000-0x000000013fffffff]
[    0.010349]   Device   empty
[    0.010350] Movable zone start for each node
[    0.010352] Early memory node ranges
[    0.010352]   node   0: [mem 0x0000000000001000-0x000000000009dfff]
[    0.010354]   node   0: [mem 0x0000000000100000-0x00000000bfecffff]
[    0.010355]   node   0: [mem 0x00000000bff00000-0x00000000bfffffff]
[    0.010355]   node   0: [mem 0x0000000100000000-0x000000013fffffff]
[    0.010356] Initmem setup node 0 [mem 0x0000000000001000-0x000000013fffffff]
[    0.010421] On node 0, zone DMA: 1 pages in unavailable ranges
[    0.011143] On node 0, zone DMA: 98 pages in unavailable ranges
[    0.168489] On node 0, zone DMA32: 48 pages in unavailable ranges
[    0.223867] ACPI: PM-Timer IO Port: 0x1008
[    0.223877] system APIC only can use physical flat
[    0.223888] ACPI: LAPIC_NMI (acpi_id[0x00] high edge lint[0x1])
[    0.223890] ACPI: LAPIC_NMI (acpi_id[0x01] high edge lint[0x1])
[    0.223891] ACPI: LAPIC_NMI (acpi_id[0x02] high edge lint[0x1])
[    0.223892] ACPI: LAPIC_NMI (acpi_id[0x03] high edge lint[0x1])
[    0.223892] ACPI: LAPIC_NMI (acpi_id[0x04] high edge lint[0x1])
[    0.223893] ACPI: LAPIC_NMI (acpi_id[0x05] high edge lint[0x1])
[    0.223893] ACPI: LAPIC_NMI (acpi_id[0x06] high edge lint[0x1])
[    0.223894] ACPI: LAPIC_NMI (acpi_id[0x07] high edge lint[0x1])
[    0.223894] ACPI: LAPIC_NMI (acpi_id[0x08] high edge lint[0x1])
[    0.223895] ACPI: LAPIC_NMI (acpi_id[0x09] high edge lint[0x1])
[    0.223895] ACPI: LAPIC_NMI (acpi_id[0x0a] high edge lint[0x1])
[    0.223896] ACPI: LAPIC_NMI (acpi_id[0x0b] high edge lint[0x1])
[    0.223897] ACPI: LAPIC_NMI (acpi_id[0x0c] high edge lint[0x1])
[    0.223897] ACPI: LAPIC_NMI (acpi_id[0x0d] high edge lint[0x1])
[    0.223898] ACPI: LAPIC_NMI (acpi_id[0x0e] high edge lint[0x1])
[    0.223898] ACPI: LAPIC_NMI (acpi_id[0x0f] high edge lint[0x1])
[    0.223899] ACPI: LAPIC_NMI (acpi_id[0x10] high edge lint[0x1])
[    0.223899] ACPI: LAPIC_NMI (acpi_id[0x11] high edge lint[0x1])
[    0.223900] ACPI: LAPIC_NMI (acpi_id[0x12] high edge lint[0x1])
[    0.223901] ACPI: LAPIC_NMI (acpi_id[0x13] high edge lint[0x1])
[    0.223901] ACPI: LAPIC_NMI (acpi_id[0x14] high edge lint[0x1])
[    0.223902] ACPI: LAPIC_NMI (acpi_id[0x15] high edge lint[0x1])
[    0.223902] ACPI: LAPIC_NMI (acpi_id[0x16] high edge lint[0x1])
[    0.223903] ACPI: LAPIC_NMI (acpi_id[0x17] high edge lint[0x1])
[    0.223903] ACPI: LAPIC_NMI (acpi_id[0x18] high edge lint[0x1])
[    0.223904] ACPI: LAPIC_NMI (acpi_id[0x19] high edge lint[0x1])
[    0.223904] ACPI: LAPIC_NMI (acpi_id[0x1a] high edge lint[0x1])
[    0.223905] ACPI: LAPIC_NMI (acpi_id[0x1b] high edge lint[0x1])
[    0.223906] ACPI: LAPIC_NMI (acpi_id[0x1c] high edge lint[0x1])
[    0.223906] ACPI: LAPIC_NMI (acpi_id[0x1d] high edge lint[0x1])
[    0.223907] ACPI: LAPIC_NMI (acpi_id[0x1e] high edge lint[0x1])
[    0.223907] ACPI: LAPIC_NMI (acpi_id[0x1f] high edge lint[0x1])
[    0.223908] ACPI: LAPIC_NMI (acpi_id[0x20] high edge lint[0x1])
[    0.223908] ACPI: LAPIC_NMI (acpi_id[0x21] high edge lint[0x1])
[    0.223909] ACPI: LAPIC_NMI (acpi_id[0x22] high edge lint[0x1])
[    0.223909] ACPI: LAPIC_NMI (acpi_id[0x23] high edge lint[0x1])
[    0.223910] ACPI: LAPIC_NMI (acpi_id[0x24] high edge lint[0x1])
[    0.223911] ACPI: LAPIC_NMI (acpi_id[0x25] high edge lint[0x1])
[    0.223911] ACPI: LAPIC_NMI (acpi_id[0x26] high edge lint[0x1])
[    0.223912] ACPI: LAPIC_NMI (acpi_id[0x27] high edge lint[0x1])
[    0.223912] ACPI: LAPIC_NMI (acpi_id[0x28] high edge lint[0x1])
[    0.223913] ACPI: LAPIC_NMI (acpi_id[0x29] high edge lint[0x1])
[    0.223913] ACPI: LAPIC_NMI (acpi_id[0x2a] high edge lint[0x1])
[    0.223914] ACPI: LAPIC_NMI (acpi_id[0x2b] high edge lint[0x1])
[    0.223914] ACPI: LAPIC_NMI (acpi_id[0x2c] high edge lint[0x1])
[    0.223915] ACPI: LAPIC_NMI (acpi_id[0x2d] high edge lint[0x1])
[    0.223916] ACPI: LAPIC_NMI (acpi_id[0x2e] high edge lint[0x1])
[    0.223916] ACPI: LAPIC_NMI (acpi_id[0x2f] high edge lint[0x1])
[    0.223917] ACPI: LAPIC_NMI (acpi_id[0x30] high edge lint[0x1])
[    0.223917] ACPI: LAPIC_NMI (acpi_id[0x31] high edge lint[0x1])
[    0.223918] ACPI: LAPIC_NMI (acpi_id[0x32] high edge lint[0x1])
[    0.223918] ACPI: LAPIC_NMI (acpi_id[0x33] high edge lint[0x1])
[    0.223919] ACPI: LAPIC_NMI (acpi_id[0x34] high edge lint[0x1])
[    0.223919] ACPI: LAPIC_NMI (acpi_id[0x35] high edge lint[0x1])
[    0.223920] ACPI: LAPIC_NMI (acpi_id[0x36] high edge lint[0x1])
[    0.223921] ACPI: LAPIC_NMI (acpi_id[0x37] high edge lint[0x1])
[    0.223921] ACPI: LAPIC_NMI (acpi_id[0x38] high edge lint[0x1])
[    0.223922] ACPI: LAPIC_NMI (acpi_id[0x39] high edge lint[0x1])
[    0.223922] ACPI: LAPIC_NMI (acpi_id[0x3a] high edge lint[0x1])
[    0.223923] ACPI: LAPIC_NMI (acpi_id[0x3b] high edge lint[0x1])
[    0.223923] ACPI: LAPIC_NMI (acpi_id[0x3c] high edge lint[0x1])
[    0.223924] ACPI: LAPIC_NMI (acpi_id[0x3d] high edge lint[0x1])
[    0.223924] ACPI: LAPIC_NMI (acpi_id[0x3e] high edge lint[0x1])
[    0.223925] ACPI: LAPIC_NMI (acpi_id[0x3f] high edge lint[0x1])
[    0.223926] ACPI: LAPIC_NMI (acpi_id[0x40] high edge lint[0x1])
[    0.223926] ACPI: LAPIC_NMI (acpi_id[0x41] high edge lint[0x1])
[    0.223927] ACPI: LAPIC_NMI (acpi_id[0x42] high edge lint[0x1])
[    0.223927] ACPI: LAPIC_NMI (acpi_id[0x43] high edge lint[0x1])
[    0.223928] ACPI: LAPIC_NMI (acpi_id[0x44] high edge lint[0x1])
[    0.223928] ACPI: LAPIC_NMI (acpi_id[0x45] high edge lint[0x1])
[    0.223929] ACPI: LAPIC_NMI (acpi_id[0x46] high edge lint[0x1])
[    0.223929] ACPI: LAPIC_NMI (acpi_id[0x47] high edge lint[0x1])
[    0.223930] ACPI: LAPIC_NMI (acpi_id[0x48] high edge lint[0x1])
[    0.223931] ACPI: LAPIC_NMI (acpi_id[0x49] high edge lint[0x1])
[    0.223931] ACPI: LAPIC_NMI (acpi_id[0x4a] high edge lint[0x1])
[    0.223932] ACPI: LAPIC_NMI (acpi_id[0x4b] high edge lint[0x1])
[    0.223932] ACPI: LAPIC_NMI (acpi_id[0x4c] high edge lint[0x1])
[    0.223933] ACPI: LAPIC_NMI (acpi_id[0x4d] high edge lint[0x1])
[    0.223933] ACPI: LAPIC_NMI (acpi_id[0x4e] high edge lint[0x1])
[    0.223934] ACPI: LAPIC_NMI (acpi_id[0x4f] high edge lint[0x1])
[    0.223934] ACPI: LAPIC_NMI (acpi_id[0x50] high edge lint[0x1])
[    0.223935] ACPI: LAPIC_NMI (acpi_id[0x51] high edge lint[0x1])
[    0.223936] ACPI: LAPIC_NMI (acpi_id[0x52] high edge lint[0x1])
[    0.223936] ACPI: LAPIC_NMI (acpi_id[0x53] high edge lint[0x1])
[    0.223937] ACPI: LAPIC_NMI (acpi_id[0x54] high edge lint[0x1])
[    0.223937] ACPI: LAPIC_NMI (acpi_id[0x55] high edge lint[0x1])
[    0.223938] ACPI: LAPIC_NMI (acpi_id[0x56] high edge lint[0x1])
[    0.223938] ACPI: LAPIC_NMI (acpi_id[0x57] high edge lint[0x1])
[    0.223939] ACPI: LAPIC_NMI (acpi_id[0x58] high edge lint[0x1])
[    0.223939] ACPI: LAPIC_NMI (acpi_id[0x59] high edge lint[0x1])
[    0.223940] ACPI: LAPIC_NMI (acpi_id[0x5a] high edge lint[0x1])
[    0.223941] ACPI: LAPIC_NMI (acpi_id[0x5b] high edge lint[0x1])
[    0.223941] ACPI: LAPIC_NMI (acpi_id[0x5c] high edge lint[0x1])
[    0.223942] ACPI: LAPIC_NMI (acpi_id[0x5d] high edge lint[0x1])
[    0.223942] ACPI: LAPIC_NMI (acpi_id[0x5e] high edge lint[0x1])
[    0.223943] ACPI: LAPIC_NMI (acpi_id[0x5f] high edge lint[0x1])
[    0.223943] ACPI: LAPIC_NMI (acpi_id[0x60] high edge lint[0x1])
[    0.223944] ACPI: LAPIC_NMI (acpi_id[0x61] high edge lint[0x1])
[    0.223944] ACPI: LAPIC_NMI (acpi_id[0x62] high edge lint[0x1])
[    0.223945] ACPI: LAPIC_NMI (acpi_id[0x63] high edge lint[0x1])
[    0.223946] ACPI: LAPIC_NMI (acpi_id[0x64] high edge lint[0x1])
[    0.223946] ACPI: LAPIC_NMI (acpi_id[0x65] high edge lint[0x1])
[    0.223947] ACPI: LAPIC_NMI (acpi_id[0x66] high edge lint[0x1])
[    0.223947] ACPI: LAPIC_NMI (acpi_id[0x67] high edge lint[0x1])
[    0.223948] ACPI: LAPIC_NMI (acpi_id[0x68] high edge lint[0x1])
[    0.223948] ACPI: LAPIC_NMI (acpi_id[0x69] high edge lint[0x1])
[    0.223949] ACPI: LAPIC_NMI (acpi_id[0x6a] high edge lint[0x1])
[    0.223949] ACPI: LAPIC_NMI (acpi_id[0x6b] high edge lint[0x1])
[    0.223950] ACPI: LAPIC_NMI (acpi_id[0x6c] high edge lint[0x1])
[    0.223951] ACPI: LAPIC_NMI (acpi_id[0x6d] high edge lint[0x1])
[    0.223951] ACPI: LAPIC_NMI (acpi_id[0x6e] high edge lint[0x1])
[    0.223952] ACPI: LAPIC_NMI (acpi_id[0x6f] high edge lint[0x1])
[    0.223952] ACPI: LAPIC_NMI (acpi_id[0x70] high edge lint[0x1])
[    0.223953] ACPI: LAPIC_NMI (acpi_id[0x71] high edge lint[0x1])
[    0.223953] ACPI: LAPIC_NMI (acpi_id[0x72] high edge lint[0x1])
[    0.223954] ACPI: LAPIC_NMI (acpi_id[0x73] high edge lint[0x1])
[    0.223955] ACPI: LAPIC_NMI (acpi_id[0x74] high edge lint[0x1])
[    0.223955] ACPI: LAPIC_NMI (acpi_id[0x75] high edge lint[0x1])
[    0.223956] ACPI: LAPIC_NMI (acpi_id[0x76] high edge lint[0x1])
[    0.223956] ACPI: LAPIC_NMI (acpi_id[0x77] high edge lint[0x1])
[    0.223957] ACPI: LAPIC_NMI (acpi_id[0x78] high edge lint[0x1])
[    0.223957] ACPI: LAPIC_NMI (acpi_id[0x79] high edge lint[0x1])
[    0.223958] ACPI: LAPIC_NMI (acpi_id[0x7a] high edge lint[0x1])
[    0.223958] ACPI: LAPIC_NMI (acpi_id[0x7b] high edge lint[0x1])
[    0.223959] ACPI: LAPIC_NMI (acpi_id[0x7c] high edge lint[0x1])
[    0.223960] ACPI: LAPIC_NMI (acpi_id[0x7d] high edge lint[0x1])
[    0.223960] ACPI: LAPIC_NMI (acpi_id[0x7e] high edge lint[0x1])
[    0.223961] ACPI: LAPIC_NMI (acpi_id[0x7f] high edge lint[0x1])
[    0.223996] IOAPIC[0]: apic_id 3, version 32, address 0xfec00000, GSI 0-23
[    0.224000] ACPI: INT_SRC_OVR (bus 0 bus_irq 0 global_irq 2 high edge)
[    0.224006] ACPI: Using ACPI (MADT) for SMP configuration information
[    0.224008] ACPI: HPET id: 0x8086af01 base: 0xfed00000
[    0.224012] TSC deadline timer available
[    0.224019] smpboot: Allowing 128 CPUs, 125 hotplug CPUs
[    0.224030] PM: hibernation: Registered nosave memory: [mem 0x00000000-0x00000fff]
[    0.224032] PM: hibernation: Registered nosave memory: [mem 0x0009e000-0x0009efff]
[    0.224033] PM: hibernation: Registered nosave memory: [mem 0x0009f000-0x0009ffff]
[    0.224033] PM: hibernation: Registered nosave memory: [mem 0x000a0000-0x000dbfff]
[    0.224034] PM: hibernation: Registered nosave memory: [mem 0x000dc000-0x000fffff]
[    0.224035] PM: hibernation: Registered nosave memory: [mem 0xbfed0000-0xbfefefff]
[    0.224035] PM: hibernation: Registered nosave memory: [mem 0xbfeff000-0xbfefffff]
[    0.224074] PM: hibernation: Registered nosave memory: [mem 0xc0000000-0xefffffff]
[    0.224075] PM: hibernation: Registered nosave memory: [mem 0xf0000000-0xf7ffffff]
[    0.224076] PM: hibernation: Registered nosave memory: [mem 0xf8000000-0xfebfffff]
[    0.224076] PM: hibernation: Registered nosave memory: [mem 0xfec00000-0xfec0ffff]
[    0.224077] PM: hibernation: Registered nosave memory: [mem 0xfec10000-0xfedfffff]
[    0.224077] PM: hibernation: Registered nosave memory: [mem 0xfee00000-0xfee00fff]
[    0.224078] PM: hibernation: Registered nosave memory: [mem 0xfee01000-0xfffdffff]
[    0.224078] PM: hibernation: Registered nosave memory: [mem 0xfffe0000-0xffffffff]
[    0.224080] [mem 0xc0000000-0xefffffff] available for PCI devices
[    0.224081] Booting paravirtualized kernel on VMware hypervisor
[    0.224083] clocksource: refined-jiffies: mask: 0xffffffff max_cycles: 0xffffffff, max_idle_ns: 7645519600211568 ns
[    0.224089] setup_percpu: NR_CPUS:8192 nr_cpumask_bits:128 nr_cpu_ids:128 nr_node_ids:1
[    0.330122] percpu: Embedded 53 pages/cpu s180224 r8192 d28672 u262144
[    0.330136] pcpu-alloc: s180224 r8192 d28672 u262144 alloc=1*2097152
[    0.330138] pcpu-alloc: [0] 000 001 002 003 004 005 006 007 
[    0.330142] pcpu-alloc: [0] 008 009 010 011 012 013 014 015 
[    0.330146] pcpu-alloc: [0] 016 017 018 019 020 021 022 023 
[    0.330149] pcpu-alloc: [0] 024 025 026 027 028 029 030 031 
[    0.330152] pcpu-alloc: [0] 032 033 034 035 036 037 038 039 
[    0.330155] pcpu-alloc: [0] 040 041 042 043 044 045 046 047 
[    0.330158] pcpu-alloc: [0] 048 049 050 051 052 053 054 055 
[    0.330161] pcpu-alloc: [0] 056 057 058 059 060 061 062 063 
[    0.330165] pcpu-alloc: [0] 064 065 066 067 068 069 070 071 
[    0.330168] pcpu-alloc: [0] 072 073 074 075 076 077 078 079 
[    0.330171] pcpu-alloc: [0] 080 081 082 083 084 085 086 087 
[    0.330174] pcpu-alloc: [0] 088 089 090 091 092 093 094 095 
[    0.330177] pcpu-alloc: [0] 096 097 098 099 100 101 102 103 
[    0.330180] pcpu-alloc: [0] 104 105 106 107 108 109 110 111 
[    0.330183] pcpu-alloc: [0] 112 113 114 115 116 117 118 119 
[    0.330186] pcpu-alloc: [0] 120 121 122 123 124 125 126 127 
[    0.330270] Built 1 zonelists, mobility grouping on.  Total pages: 1031888
[    0.330273] Policy zone: Normal
[    0.330274] Kernel command line: BOOT_IMAGE=/boot/vmlinuz-5.15.0-rc7+ root=UUID=e240b98d-0f33-4ad6-aa63-1bb7403e9ecf ro find_preseed=/preseed.cfg auto noprompt priority=critical locale=en_US quiet
[    0.330371] Unknown command line parameters: auto noprompt BOOT_IMAGE=/boot/vmlinuz-5.15.0-rc7+ find_preseed=/preseed.cfg priority=critical locale=en_US
[    0.330373] printk: log_buf_len individual max cpu contribution: 4096 bytes
[    0.330374] printk: log_buf_len total cpu_extra contributions: 520192 bytes
[    0.330374] printk: log_buf_len min size: 262144 bytes
[    0.344908] printk: log_buf_len: 1048576 bytes
[    0.344912] printk: early log buf free: 237568(90%)
[    0.357803] Dentry cache hash table entries: 524288 (order: 10, 4194304 bytes, linear)
[    0.364109] Inode-cache hash table entries: 262144 (order: 9, 2097152 bytes, linear)
[    0.366066] mem auto-init: stack:off, heap alloc:on, heap free:off
[    0.476547] Memory: 3933844K/4193716K available (16393K kernel code, 3527K rwdata, 5488K rodata, 2876K init, 5740K bss, 259612K reserved, 0K cma-reserved)
[    0.476553] random: get_random_u64 called from __kmem_cache_create+0x2d/0x450 with crng_init=0
[    0.477144] SLUB: HWalign=64, Order=0-3, MinObjects=0, CPUs=128, Nodes=1
[    0.477213] ftrace: allocating 48946 entries in 192 pages
[    0.492520] ftrace: allocated 192 pages with 2 groups
[    0.493768] rcu: Hierarchical RCU implementation.
[    0.493770] rcu: 	RCU restricting CPUs from NR_CPUS=8192 to nr_cpu_ids=128.
[    0.493771] 	Rude variant of Tasks RCU enabled.
[    0.493772] 	Tracing variant of Tasks RCU enabled.
[    0.493772] rcu: RCU calculated value of scheduler-enlistment delay is 25 jiffies.
[    0.493773] rcu: Adjusting geometry for rcu_fanout_leaf=16, nr_cpu_ids=128
[    0.498628] NR_IRQS: 524544, nr_irqs: 1448, preallocated irqs: 16
[    0.499051] random: crng done (trusting CPU's manufacturer)
[    0.500330] Console: colour VGA+ 80x25
[    0.500349] printk: console [tty0] enabled
[    0.500421] ACPI: Core revision 20210730
[    0.500992] clocksource: hpet: mask: 0xffffffff max_cycles: 0xffffffff, max_idle_ns: 133484882848 ns
[    0.501078] APIC: Switch to symmetric I/O mode setup
[    0.501081] DMAR: Host address width 45
[    0.501082] DMAR: DRHD base: 0x000000fec10000 flags: 0x1
[    0.501097] DMAR: dmar0: reg_base_addr fec10000 ver 1:0 cap ff0080f02c0462 ecap f0f15f
[    0.501101] DMAR: ATSR flags: 0x1
[    0.501103] DMAR-IR: IOAPIC id 3 under DRHD base  0xfec10000 IOMMU 0
[    0.501104] DMAR-IR: Queued invalidation will be enabled to support x2apic and Intr-remapping.
[    0.507566] DMAR-IR: Enabled IRQ remapping in x2apic mode
[    0.507775] x2apic enabled
[    0.507784] System requires x2apic physical mode
[    0.507785] Switched APIC routing to physical x2apic.
[    0.508816] ..TIMER: vector=0x30 apic1=0 pin1=2 apic2=-1 pin2=-1
[    0.508858] clocksource: tsc-early: mask: 0xffffffffffffffff max_cycles: 0x1e717c37157, max_idle_ns: 440795284133 ns
[    0.508865] Calibrating delay loop (skipped) preset value.. 4224.00 BogoMIPS (lpj=8448016)
[    0.508867] pid_max: default: 131072 minimum: 1024
[    0.508940] LSM: Security Framework initializing
[    0.508950] Yama: becoming mindful.
[    0.512917] AppArmor: AppArmor initialized
[    0.513161] Mount-cache hash table entries: 8192 (order: 4, 65536 bytes, linear)
[    0.513349] Mountpoint-cache hash table entries: 8192 (order: 4, 65536 bytes, linear)
[    0.514376] Disabled fast string operations
[    0.514473] Last level iTLB entries: 4KB 64, 2MB 8, 4MB 8
[    0.514475] Last level dTLB entries: 4KB 64, 2MB 0, 4MB 0, 1GB 4
[    0.514480] Spectre V1 : Mitigation: usercopy/swapgs barriers and __user pointer sanitization
[    0.514741] Spectre V2 : Mitigation: Enhanced IBRS
[    0.514743] Spectre V2 : Spectre v2 / SpectreRSB mitigation: Filling RSB on context switch
[    0.514746] Spectre V2 : mitigation: Enabling conditional Indirect Branch Prediction Barrier
[    0.514748] Speculative Store Bypass: Mitigation: Speculative Store Bypass disabled via prctl and seccomp
[    0.514751] SRBDS: Mitigation: TSX disabled
[    0.520415] Freeing SMP alternatives memory: 40K
[    0.522854] smpboot: CPU0: Intel(R) Core(TM) i5-10210U CPU @ 1.60GHz (family: 0x6, model: 0x8e, stepping: 0xc)
[    0.523790] Performance Events: Skylake events, Intel PMU driver.
[    0.523835] ... version:                4
[    0.523836] ... bit width:              48
[    0.523836] ... generic registers:      4
[    0.523836] ... value mask:             0000ffffffffffff
[    0.523837] ... max period:             000000007fffffff
[    0.523838] ... fixed-purpose events:   3
[    0.523838] ... event mask:             000000070000000f
[    0.523993] rcu: Hierarchical SRCU implementation.
[    0.524769] NMI watchdog: Enabled. Permanently consumes one hw-PMU counter.
[    0.537600] smp: Bringing up secondary CPUs ...
[    0.538370] x86: Booting SMP configuration:
[    0.538371] .... node  #0, CPUs:          #1
[    0.009856] Disabled fast string operations
[    0.539227]    #2
[    0.009856] Disabled fast string operations
[    0.541145] smp: Brought up 1 node, 3 CPUs
[    0.541145] smpboot: Max logical packages: 43
[    0.541145] smpboot: Total of 3 processors activated (12672.02 BogoMIPS)
[    0.541708] devtmpfs: initialized
[    0.541708] x86/mm: Memory block size: 128MB
[    0.544928] ACPI: PM: Registering ACPI NVS region [mem 0xbfeff000-0xbfefffff] (4096 bytes)
[    0.545126] clocksource: jiffies: mask: 0xffffffff max_cycles: 0xffffffff, max_idle_ns: 7645041785100000 ns
[    0.552169] futex hash table entries: 32768 (order: 9, 2097152 bytes, linear)
[    0.552435] pinctrl core: initialized pinctrl subsystem
[    0.552734] PM: RTC time: 21:29:14, date: 2021-11-11
[    0.553489] NET: Registered PF_NETLINK/PF_ROUTE protocol family
[    0.555411] DMA: preallocated 512 KiB GFP_KERNEL pool for atomic allocations
[    0.555623] DMA: preallocated 512 KiB GFP_KERNEL|GFP_DMA pool for atomic allocations
[    0.555697] DMA: preallocated 512 KiB GFP_KERNEL|GFP_DMA32 pool for atomic allocations
[    0.555703] audit: initializing netlink subsys (disabled)
[    0.555723] audit: type=2000 audit(1636666154.048:1): state=initialized audit_enabled=0 res=1
[    0.555723] thermal_sys: Registered thermal governor 'fair_share'
[    0.555723] thermal_sys: Registered thermal governor 'bang_bang'
[    0.555723] thermal_sys: Registered thermal governor 'step_wise'
[    0.555723] thermal_sys: Registered thermal governor 'user_space'
[    0.555723] thermal_sys: Registered thermal governor 'power_allocator'
[    0.555723] EISA bus registered
[    0.555723] cpuidle: using governor ladder
[    0.556971] cpuidle: using governor menu
[    0.556971] Simple Boot Flag at 0x36 set to 0x80
[    0.556971] ACPI: bus type PCI registered
[    0.556971] acpiphp: ACPI Hot Plug PCI Controller Driver version: 0.5
[    0.557335] PCI: MMCONFIG for domain 0000 [bus 00-7f] at [mem 0xf0000000-0xf7ffffff] (base 0xf0000000)
[    0.557339] PCI: MMCONFIG at [mem 0xf0000000-0xf7ffffff] reserved in E820
[    0.557350] PCI: Using configuration type 1 for base access
[    0.559302] Kprobes globally optimized
[    0.560968] HugeTLB registered 1.00 GiB page size, pre-allocated 0 pages
[    0.560970] HugeTLB registered 2.00 MiB page size, pre-allocated 0 pages
[    0.573237] ACPI: Added _OSI(Module Device)
[    0.573237] ACPI: Added _OSI(Processor Device)
[    0.573237] ACPI: Added _OSI(3.0 _SCP Extensions)
[    0.573237] ACPI: Added _OSI(Processor Aggregator Device)
[    0.573237] ACPI: Added _OSI(Linux-Dell-Video)
[    0.573237] ACPI: Added _OSI(Linux-Lenovo-NV-HDMI-Audio)
[    0.573237] ACPI: Added _OSI(Linux-HPI-Hybrid-Graphics)
[    0.596861] ACPI: 1 ACPI AML tables successfully acquired and loaded
[    0.598278] ACPI: [Firmware Bug]: BIOS _OSI(Linux) query ignored
[    0.616861] ACPI: Interpreter enabled
[    0.616861] ACPI: PM: (supports S0 S1 S4 S5)
[    0.616861] ACPI: Using IOAPIC for interrupt routing
[    0.616861] PCI: Using host bridge windows from ACPI; if necessary, use "pci=nocrs" and report a bug
[    0.618091] ACPI: Enabled 4 GPEs in block 00 to 0F
[    0.795219] ACPI: PCI Root Bridge [PCI0] (domain 0000 [bus 00-7f])
[    0.795228] acpi PNP0A03:00: _OSC: OS supports [ExtendedConfig ASPM ClockPM Segments MSI HPX-Type3]
[    0.795403] acpi PNP0A03:00: _OSC: platform does not support [AER LTR]
[    0.795577] acpi PNP0A03:00: _OSC: OS now controls [PCIeHotplug SHPCHotplug PME PCIeCapability]
[    0.797377] PCI host bridge to bus 0000:00
[    0.797379] pci_bus 0000:00: root bus resource [mem 0x000a0000-0x000bffff window]
[    0.797381] pci_bus 0000:00: root bus resource [mem 0x000d0000-0x000d3fff window]
[    0.797382] pci_bus 0000:00: root bus resource [mem 0x000d4000-0x000d7fff window]
[    0.797383] pci_bus 0000:00: root bus resource [mem 0x000d8000-0x000dbfff window]
[    0.797384] pci_bus 0000:00: root bus resource [mem 0xc0000000-0xfebfffff window]
[    0.797384] pci_bus 0000:00: root bus resource [io  0x0000-0x0cf7 window]
[    0.797385] pci_bus 0000:00: root bus resource [io  0x0d00-0xfeff window]
[    0.797386] pci_bus 0000:00: root bus resource [bus 00-7f]
[    0.797550] pci 0000:00:00.0: [8086:7190] type 00 class 0x060000
[    0.798626] pci 0000:00:01.0: [8086:7191] type 01 class 0x060400
[    0.800858] pci 0000:00:07.0: [8086:7110] type 00 class 0x060100
[    0.801648] pci 0000:00:07.1: [8086:7111] type 00 class 0x01018a
[    0.803797] pci 0000:00:07.1: reg 0x20: [io  0x1060-0x106f]
[    0.804222] pci 0000:00:07.1: legacy IDE quirk: reg 0x10: [io  0x01f0-0x01f7]
[    0.804224] pci 0000:00:07.1: legacy IDE quirk: reg 0x14: [io  0x03f6]
[    0.804225] pci 0000:00:07.1: legacy IDE quirk: reg 0x18: [io  0x0170-0x0177]
[    0.804226] pci 0000:00:07.1: legacy IDE quirk: reg 0x1c: [io  0x0376]
[    0.804708] pci 0000:00:07.3: [8086:7113] type 00 class 0x068000
[    0.806123] pci 0000:00:07.3: quirk: [io  0x1000-0x103f] claimed by PIIX4 ACPI
[    0.806136] pci 0000:00:07.3: quirk: [io  0x1040-0x104f] claimed by PIIX4 SMB
[    0.806596] pci 0000:00:07.7: [15ad:0740] type 00 class 0x088000
[    0.807172] pci 0000:00:07.7: reg 0x10: [io  0x1080-0x10bf]
[    0.807754] pci 0000:00:07.7: reg 0x14: [mem 0xfebfe000-0xfebfffff 64bit]
[    0.812746] pci 0000:00:0f.0: [15ad:0405] type 00 class 0x030000
[    0.813272] pci 0000:00:0f.0: reg 0x10: [io  0x1070-0x107f]
[    0.814013] pci 0000:00:0f.0: reg 0x14: [mem 0xe8000000-0xefffffff pref]
[    0.814765] pci 0000:00:0f.0: reg 0x18: [mem 0xfe000000-0xfe7fffff]
[    0.817199] pci 0000:00:0f.0: reg 0x30: [mem 0x00000000-0x00007fff pref]
[    0.818081] pci 0000:00:10.0: [1000:0030] type 00 class 0x010000
[    0.818488] pci 0000:00:10.0: reg 0x10: [io  0x1400-0x14ff]
[    0.818884] pci 0000:00:10.0: reg 0x14: [mem 0xfeba0000-0xfebbffff 64bit]
[    0.819271] pci 0000:00:10.0: reg 0x1c: [mem 0xfebc0000-0xfebdffff 64bit]
[    0.819970] pci 0000:00:10.0: reg 0x30: [mem 0x00000000-0x00003fff pref]
[    0.820840] pci 0000:00:11.0: [15ad:0790] type 01 class 0x060401
[    0.823484] pci 0000:00:15.0: [15ad:07a0] type 01 class 0x060400
[    0.824339] pci 0000:00:15.0: PME# supported from D0 D3hot D3cold
[    0.824901] pci 0000:00:15.1: [15ad:07a0] type 01 class 0x060400
[    0.825683] pci 0000:00:15.1: PME# supported from D0 D3hot D3cold
[    0.826260] pci 0000:00:15.2: [15ad:07a0] type 01 class 0x060400
[    0.827044] pci 0000:00:15.2: PME# supported from D0 D3hot D3cold
[    0.827728] pci 0000:00:15.3: [15ad:07a0] type 01 class 0x060400
[    0.828519] pci 0000:00:15.3: PME# supported from D0 D3hot D3cold
[    0.829083] pci 0000:00:15.4: [15ad:07a0] type 01 class 0x060400
[    0.829897] pci 0000:00:15.4: PME# supported from D0 D3hot D3cold
[    0.830455] pci 0000:00:15.5: [15ad:07a0] type 01 class 0x060400
[    0.831249] pci 0000:00:15.5: PME# supported from D0 D3hot D3cold
[    0.831817] pci 0000:00:15.6: [15ad:07a0] type 01 class 0x060400
[    0.832610] pci 0000:00:15.6: PME# supported from D0 D3hot D3cold
[    0.833162] pci 0000:00:15.7: [15ad:07a0] type 01 class 0x060400
[    0.833943] pci 0000:00:15.7: PME# supported from D0 D3hot D3cold
[    0.834775] pci 0000:00:16.0: [15ad:07a0] type 01 class 0x060400
[    0.835561] pci 0000:00:16.0: PME# supported from D0 D3hot D3cold
[    0.836138] pci 0000:00:16.1: [15ad:07a0] type 01 class 0x060400
[    0.836899] pci 0000:00:16.1: PME# supported from D0 D3hot D3cold
[    0.837429] pci 0000:00:16.2: [15ad:07a0] type 01 class 0x060400
[    0.838221] pci 0000:00:16.2: PME# supported from D0 D3hot D3cold
[    0.839006] pci 0000:00:16.3: [15ad:07a0] type 01 class 0x060400
[    0.840204] pci 0000:00:16.3: PME# supported from D0 D3hot D3cold
[    0.840900] pci 0000:00:16.4: [15ad:07a0] type 01 class 0x060400
[    0.841815] pci 0000:00:16.4: PME# supported from D0 D3hot D3cold
[    0.842372] pci 0000:00:16.5: [15ad:07a0] type 01 class 0x060400
[    0.843215] pci 0000:00:16.5: PME# supported from D0 D3hot D3cold
[    0.843818] pci 0000:00:16.6: [15ad:07a0] type 01 class 0x060400
[    0.844639] pci 0000:00:16.6: PME# supported from D0 D3hot D3cold
[    0.845241] pci 0000:00:16.7: [15ad:07a0] type 01 class 0x060400
[    0.845992] pci 0000:00:16.7: PME# supported from D0 D3hot D3cold
[    0.846810] pci 0000:00:17.0: [15ad:07a0] type 01 class 0x060400
[    0.847562] pci 0000:00:17.0: PME# supported from D0 D3hot D3cold
[    0.848080] pci 0000:00:17.1: [15ad:07a0] type 01 class 0x060400
[    0.848833] pci 0000:00:17.1: PME# supported from D0 D3hot D3cold
[    0.849376] pci 0000:00:17.2: [15ad:07a0] type 01 class 0x060400
[    0.850130] pci 0000:00:17.2: PME# supported from D0 D3hot D3cold
[    0.850825] pci 0000:00:17.3: [15ad:07a0] type 01 class 0x060400
[    0.851567] pci 0000:00:17.3: PME# supported from D0 D3hot D3cold
[    0.852096] pci 0000:00:17.4: [15ad:07a0] type 01 class 0x060400
[    0.852853] pci 0000:00:17.4: PME# supported from D0 D3hot D3cold
[    0.853493] pci 0000:00:17.5: [15ad:07a0] type 01 class 0x060400
[    0.854264] pci 0000:00:17.5: PME# supported from D0 D3hot D3cold
[    0.854798] pci 0000:00:17.6: [15ad:07a0] type 01 class 0x060400
[    0.855633] pci 0000:00:17.6: PME# supported from D0 D3hot D3cold
[    0.856151] pci 0000:00:17.7: [15ad:07a0] type 01 class 0x060400
[    0.857017] pci 0000:00:17.7: PME# supported from D0 D3hot D3cold
[    0.857832] pci 0000:00:18.0: [15ad:07a0] type 01 class 0x060400
[    0.858584] pci 0000:00:18.0: PME# supported from D0 D3hot D3cold
[    0.859102] pci 0000:00:18.1: [15ad:07a0] type 01 class 0x060400
[    0.859863] pci 0000:00:18.1: PME# supported from D0 D3hot D3cold
[    0.860431] pci 0000:00:18.2: [15ad:07a0] type 01 class 0x060400
[    0.861166] pci 0000:00:18.2: PME# supported from D0 D3hot D3cold
[    0.861831] pci 0000:00:18.3: [15ad:07a0] type 01 class 0x060400
[    0.862577] pci 0000:00:18.3: PME# supported from D0 D3hot D3cold
[    0.863088] pci 0000:00:18.4: [15ad:07a0] type 01 class 0x060400
[    0.863843] pci 0000:00:18.4: PME# supported from D0 D3hot D3cold
[    0.864408] pci 0000:00:18.5: [15ad:07a0] type 01 class 0x060400
[    0.865296] pci 0000:00:18.5: PME# supported from D0 D3hot D3cold
[    0.866183] pci 0000:00:18.6: [15ad:07a0] type 01 class 0x060400
[    0.866981] pci 0000:00:18.6: PME# supported from D0 D3hot D3cold
[    0.867593] pci 0000:00:18.7: [15ad:07a0] type 01 class 0x060400
[    0.868377] pci 0000:00:18.7: PME# supported from D0 D3hot D3cold
[    0.870824] pci_bus 0000:01: extended config space not accessible
[    0.878091] pci 0000:00:01.0: PCI bridge to [bus 01]
[    0.878298] pci_bus 0000:02: extended config space not accessible
[    0.878641] acpiphp: Slot [32] registered
[    0.878661] acpiphp: Slot [33] registered
[    0.878681] acpiphp: Slot [34] registered
[    0.878698] acpiphp: Slot [35] registered
[    0.878717] acpiphp: Slot [36] registered
[    0.878735] acpiphp: Slot [37] registered
[    0.878773] acpiphp: Slot [38] registered
[    0.878794] acpiphp: Slot [39] registered
[    0.878810] acpiphp: Slot [40] registered
[    0.878858] acpiphp: Slot [41] registered
[    0.878877] acpiphp: Slot [42] registered
[    0.878895] acpiphp: Slot [43] registered
[    0.878931] acpiphp: Slot [44] registered
[    0.878949] acpiphp: Slot [45] registered
[    0.878965] acpiphp: Slot [46] registered
[    0.878980] acpiphp: Slot [47] registered
[    0.878996] acpiphp: Slot [48] registered
[    0.879011] acpiphp: Slot [49] registered
[    0.879047] acpiphp: Slot [50] registered
[    0.879068] acpiphp: Slot [51] registered
[    0.879085] acpiphp: Slot [52] registered
[    0.879104] acpiphp: Slot [53] registered
[    0.879120] acpiphp: Slot [54] registered
[    0.879139] acpiphp: Slot [55] registered
[    0.879155] acpiphp: Slot [56] registered
[    0.879194] acpiphp: Slot [57] registered
[    0.879215] acpiphp: Slot [58] registered
[    0.879231] acpiphp: Slot [59] registered
[    0.879250] acpiphp: Slot [60] registered
[    0.879266] acpiphp: Slot [61] registered
[    0.879285] acpiphp: Slot [62] registered
[    0.879322] acpiphp: Slot [63] registered
[    0.879445] pci 0000:02:00.0: [15ad:0774] type 00 class 0x0c0300
[    0.881047] pci 0000:02:00.0: reg 0x20: [io  0x2080-0x209f]
[    0.882828] pci 0000:02:01.0: [8086:100f] type 00 class 0x020000
[    0.883568] pci 0000:02:01.0: reg 0x10: [mem 0xfd5c0000-0xfd5dffff 64bit]
[    0.883959] pci 0000:02:01.0: reg 0x18: [mem 0xfdff0000-0xfdffffff 64bit]
[    0.884297] pci 0000:02:01.0: reg 0x20: [io  0x2000-0x203f]
[    0.884864] pci 0000:02:01.0: reg 0x30: [mem 0x00000000-0x0000ffff pref]
[    0.885159] pci 0000:02:01.0: PME# supported from D0 D3hot D3cold
[    0.886029] pci 0000:02:02.0: [1274:1371] type 00 class 0x040100
[    0.886326] pci 0000:02:02.0: reg 0x10: [io  0x2040-0x207f]
[    0.888865] pci 0000:02:03.0: [15ad:0770] type 00 class 0x0c0320
[    0.889199] pci 0000:02:03.0: reg 0x10: [mem 0xfd5ef000-0xfd5effff]
[    0.891874] pci 0000:02:04.0: [15ad:07e0] type 00 class 0x010601
[    0.893484] pci 0000:02:04.0: reg 0x24: [mem 0xfd5ee000-0xfd5eefff]
[    0.893788] pci 0000:02:04.0: reg 0x30: [mem 0x00000000-0x0000ffff pref]
[    0.894133] pci 0000:02:04.0: PME# supported from D3hot
[    0.902590] pci 0000:00:11.0: PCI bridge to [bus 02] (subtractive decode)
[    0.902615] pci 0000:00:11.0:   bridge window [io  0x2000-0x3fff]
[    0.902635] pci 0000:00:11.0:   bridge window [mem 0xfd500000-0xfdffffff]
[    0.902674] pci 0000:00:11.0:   bridge window [mem 0xe7b00000-0xe7ffffff 64bit pref]
[    0.902676] pci 0000:00:11.0:   bridge window [mem 0x000a0000-0x000bffff window] (subtractive decode)
[    0.902677] pci 0000:00:11.0:   bridge window [mem 0x000d0000-0x000d3fff window] (subtractive decode)
[    0.902678] pci 0000:00:11.0:   bridge window [mem 0x000d4000-0x000d7fff window] (subtractive decode)
[    0.902679] pci 0000:00:11.0:   bridge window [mem 0x000d8000-0x000dbfff window] (subtractive decode)
[    0.902679] pci 0000:00:11.0:   bridge window [mem 0xc0000000-0xfebfffff window] (subtractive decode)
[    0.902680] pci 0000:00:11.0:   bridge window [io  0x0000-0x0cf7 window] (subtractive decode)
[    0.902681] pci 0000:00:11.0:   bridge window [io  0x0d00-0xfeff window] (subtractive decode)
[    0.910155] pci 0000:00:15.0: PCI bridge to [bus 03]
[    0.910177] pci 0000:00:15.0:   bridge window [io  0x4000-0x4fff]
[    0.910196] pci 0000:00:15.0:   bridge window [mem 0xfd400000-0xfd4fffff]
[    0.910232] pci 0000:00:15.0:   bridge window [mem 0xe7a00000-0xe7afffff 64bit pref]
[    0.919357] pci 0000:00:15.1: PCI bridge to [bus 04]
[    0.919389] pci 0000:00:15.1:   bridge window [io  0x8000-0x8fff]
[    0.919409] pci 0000:00:15.1:   bridge window [mem 0xfd000000-0xfd0fffff]
[    0.919447] pci 0000:00:15.1:   bridge window [mem 0xe7600000-0xe76fffff 64bit pref]
[    0.928839] pci 0000:00:15.2: PCI bridge to [bus 05]
[    0.928865] pci 0000:00:15.2:   bridge window [io  0xc000-0xcfff]
[    0.928886] pci 0000:00:15.2:   bridge window [mem 0xfcc00000-0xfccfffff]
[    0.928923] pci 0000:00:15.2:   bridge window [mem 0xe7200000-0xe72fffff 64bit pref]
[    0.937482] pci 0000:00:15.3: PCI bridge to [bus 06]
[    0.937531] pci 0000:00:15.3:   bridge window [mem 0xfc800000-0xfc8fffff]
[    0.937569] pci 0000:00:15.3:   bridge window [mem 0xe6e00000-0xe6efffff 64bit pref]
[    0.946661] pci 0000:00:15.4: PCI bridge to [bus 07]
[    0.946743] pci 0000:00:15.4:   bridge window [mem 0xfc400000-0xfc4fffff]
[    0.946802] pci 0000:00:15.4:   bridge window [mem 0xe6a00000-0xe6afffff 64bit pref]
[    0.956861] pci 0000:00:15.5: PCI bridge to [bus 08]
[    0.956899] pci 0000:00:15.5:   bridge window [mem 0xfc000000-0xfc0fffff]
[    0.956939] pci 0000:00:15.5:   bridge window [mem 0xe6600000-0xe66fffff 64bit pref]
[    0.966013] pci 0000:00:15.6: PCI bridge to [bus 09]
[    0.966104] pci 0000:00:15.6:   bridge window [mem 0xfbc00000-0xfbcfffff]
[    0.966158] pci 0000:00:15.6:   bridge window [mem 0xe6200000-0xe62fffff 64bit pref]
[    0.974217] pci 0000:00:15.7: PCI bridge to [bus 0a]
[    0.974270] pci 0000:00:15.7:   bridge window [mem 0xfb800000-0xfb8fffff]
[    0.974342] pci 0000:00:15.7:   bridge window [mem 0xe5e00000-0xe5efffff 64bit pref]
[    0.982677] pci 0000:00:16.0: PCI bridge to [bus 0b]
[    0.982724] pci 0000:00:16.0:   bridge window [io  0x5000-0x5fff]
[    0.982751] pci 0000:00:16.0:   bridge window [mem 0xfd300000-0xfd3fffff]
[    0.982830] pci 0000:00:16.0:   bridge window [mem 0xe7900000-0xe79fffff 64bit pref]
[    0.992253] pci 0000:00:16.1: PCI bridge to [bus 0c]
[    0.992283] pci 0000:00:16.1:   bridge window [io  0x9000-0x9fff]
[    0.992304] pci 0000:00:16.1:   bridge window [mem 0xfcf00000-0xfcffffff]
[    0.992343] pci 0000:00:16.1:   bridge window [mem 0xe7500000-0xe75fffff 64bit pref]
[    0.998457] pci 0000:00:16.2: PCI bridge to [bus 0d]
[    0.998480] pci 0000:00:16.2:   bridge window [io  0xd000-0xdfff]
[    0.998500] pci 0000:00:16.2:   bridge window [mem 0xfcb00000-0xfcbfffff]
[    0.998536] pci 0000:00:16.2:   bridge window [mem 0xe7100000-0xe71fffff 64bit pref]
[    1.005621] pci 0000:00:16.3: PCI bridge to [bus 0e]
[    1.005658] pci 0000:00:16.3:   bridge window [mem 0xfc700000-0xfc7fffff]
[    1.005693] pci 0000:00:16.3:   bridge window [mem 0xe6d00000-0xe6dfffff 64bit pref]
[    1.013413] pci 0000:00:16.4: PCI bridge to [bus 0f]
[    1.013473] pci 0000:00:16.4:   bridge window [mem 0xfc300000-0xfc3fffff]
[    1.013551] pci 0000:00:16.4:   bridge window [mem 0xe6900000-0xe69fffff 64bit pref]
[    1.022150] pci 0000:00:16.5: PCI bridge to [bus 10]
[    1.022243] pci 0000:00:16.5:   bridge window [mem 0xfbf00000-0xfbffffff]
[    1.022287] pci 0000:00:16.5:   bridge window [mem 0xe6500000-0xe65fffff 64bit pref]
[    1.031241] pci 0000:00:16.6: PCI bridge to [bus 11]
[    1.031319] pci 0000:00:16.6:   bridge window [mem 0xfbb00000-0xfbbfffff]
[    1.031378] pci 0000:00:16.6:   bridge window [mem 0xe6100000-0xe61fffff 64bit pref]
[    1.038452] pci 0000:00:16.7: PCI bridge to [bus 12]
[    1.038498] pci 0000:00:16.7:   bridge window [mem 0xfb700000-0xfb7fffff]
[    1.038536] pci 0000:00:16.7:   bridge window [mem 0xe5d00000-0xe5dfffff 64bit pref]
[    1.047599] pci 0000:00:17.0: PCI bridge to [bus 13]
[    1.047636] pci 0000:00:17.0:   bridge window [io  0x6000-0x6fff]
[    1.047657] pci 0000:00:17.0:   bridge window [mem 0xfd200000-0xfd2fffff]
[    1.047695] pci 0000:00:17.0:   bridge window [mem 0xe7800000-0xe78fffff 64bit pref]
[    1.056528] pci 0000:00:17.1: PCI bridge to [bus 14]
[    1.056582] pci 0000:00:17.1:   bridge window [io  0xa000-0xafff]
[    1.056615] pci 0000:00:17.1:   bridge window [mem 0xfce00000-0xfcefffff]
[    1.056677] pci 0000:00:17.1:   bridge window [mem 0xe7400000-0xe74fffff 64bit pref]
[    1.064861] pci 0000:00:17.2: PCI bridge to [bus 15]
[    1.064876] pci 0000:00:17.2:   bridge window [io  0xe000-0xefff]
[    1.064897] pci 0000:00:17.2:   bridge window [mem 0xfca00000-0xfcafffff]
[    1.064936] pci 0000:00:17.2:   bridge window [mem 0xe7000000-0xe70fffff 64bit pref]
[    1.073157] pci 0000:00:17.3: PCI bridge to [bus 16]
[    1.073214] pci 0000:00:17.3:   bridge window [mem 0xfc600000-0xfc6fffff]
[    1.073275] pci 0000:00:17.3:   bridge window [mem 0xe6c00000-0xe6cfffff 64bit pref]
[    1.084861] pci 0000:00:17.4: PCI bridge to [bus 17]
[    1.084903] pci 0000:00:17.4:   bridge window [mem 0xfc200000-0xfc2fffff]
[    1.084951] pci 0000:00:17.4:   bridge window [mem 0xe6800000-0xe68fffff 64bit pref]
[    1.092690] pci 0000:00:17.5: PCI bridge to [bus 18]
[    1.092737] pci 0000:00:17.5:   bridge window [mem 0xfbe00000-0xfbefffff]
[    1.092775] pci 0000:00:17.5:   bridge window [mem 0xe6400000-0xe64fffff 64bit pref]
[    1.100381] pci 0000:00:17.6: PCI bridge to [bus 19]
[    1.100419] pci 0000:00:17.6:   bridge window [mem 0xfba00000-0xfbafffff]
[    1.100455] pci 0000:00:17.6:   bridge window [mem 0xe6000000-0xe60fffff 64bit pref]
[    1.108659] pci 0000:00:17.7: PCI bridge to [bus 1a]
[    1.108702] pci 0000:00:17.7:   bridge window [mem 0xfb600000-0xfb6fffff]
[    1.108739] pci 0000:00:17.7:   bridge window [mem 0xe5c00000-0xe5cfffff 64bit pref]
[    1.116861] pci 0000:00:18.0: PCI bridge to [bus 1b]
[    1.116892] pci 0000:00:18.0:   bridge window [io  0x7000-0x7fff]
[    1.116933] pci 0000:00:18.0:   bridge window [mem 0xfd100000-0xfd1fffff]
[    1.116992] pci 0000:00:18.0:   bridge window [mem 0xe7700000-0xe77fffff 64bit pref]
[    1.125210] pci 0000:00:18.1: PCI bridge to [bus 1c]
[    1.125244] pci 0000:00:18.1:   bridge window [io  0xb000-0xbfff]
[    1.125264] pci 0000:00:18.1:   bridge window [mem 0xfcd00000-0xfcdfffff]
[    1.125301] pci 0000:00:18.1:   bridge window [mem 0xe7300000-0xe73fffff 64bit pref]
[    1.133554] pci 0000:00:18.2: PCI bridge to [bus 1d]
[    1.133619] pci 0000:00:18.2:   bridge window [mem 0xfc900000-0xfc9fffff]
[    1.133667] pci 0000:00:18.2:   bridge window [mem 0xe6f00000-0xe6ffffff 64bit pref]
[    1.142311] pci 0000:00:18.3: PCI bridge to [bus 1e]
[    1.142380] pci 0000:00:18.3:   bridge window [mem 0xfc500000-0xfc5fffff]
[    1.142457] pci 0000:00:18.3:   bridge window [mem 0xe6b00000-0xe6bfffff 64bit pref]
[    1.151002] pci 0000:00:18.4: PCI bridge to [bus 1f]
[    1.151057] pci 0000:00:18.4:   bridge window [mem 0xfc100000-0xfc1fffff]
[    1.151096] pci 0000:00:18.4:   bridge window [mem 0xe6700000-0xe67fffff 64bit pref]
[    1.158088] pci 0000:00:18.5: PCI bridge to [bus 20]
[    1.158140] pci 0000:00:18.5:   bridge window [mem 0xfbd00000-0xfbdfffff]
[    1.158180] pci 0000:00:18.5:   bridge window [mem 0xe6300000-0xe63fffff 64bit pref]
[    1.166343] pci 0000:00:18.6: PCI bridge to [bus 21]
[    1.166381] pci 0000:00:18.6:   bridge window [mem 0xfb900000-0xfb9fffff]
[    1.166417] pci 0000:00:18.6:   bridge window [mem 0xe5f00000-0xe5ffffff 64bit pref]
[    1.174873] pci 0000:00:18.7: PCI bridge to [bus 22]
[    1.174928] pci 0000:00:18.7:   bridge window [mem 0xfb500000-0xfb5fffff]
[    1.174973] pci 0000:00:18.7:   bridge window [mem 0xe5b00000-0xe5bfffff 64bit pref]
[    1.178916] ACPI: PCI: Interrupt link LNKA configured for IRQ 9
[    1.179059] ACPI: PCI: Interrupt link LNKB configured for IRQ 11
[    1.179192] ACPI: PCI: Interrupt link LNKC configured for IRQ 10
[    1.179295] ACPI: PCI: Interrupt link LNKD configured for IRQ 7
[    1.229015] iommu: Default domain type: Translated 
[    1.229015] iommu: DMA domain TLB invalidation policy: lazy mode 
[    1.229121] pci 0000:00:0f.0: vgaarb: setting as boot VGA device
[    1.229121] pci 0000:00:0f.0: vgaarb: VGA device added: decodes=io+mem,owns=io+mem,locks=none
[    1.229121] pci 0000:00:0f.0: vgaarb: bridge control possible
[    1.229121] vgaarb: loaded
[    1.229412] SCSI subsystem initialized
[    1.229474] libata version 3.00 loaded.
[    1.229474] ACPI: bus type USB registered
[    1.229474] usbcore: registered new interface driver usbfs
[    1.229474] usbcore: registered new interface driver hub
[    1.229474] usbcore: registered new device driver usb
[    1.229474] pps_core: LinuxPPS API ver. 1 registered
[    1.229474] pps_core: Software ver. 5.3.6 - Copyright 2005-2007 Rodolfo Giometti <giometti@linux.it>
[    1.229474] PTP clock support registered
[    1.229474] EDAC MC: Ver: 3.0.0
[    1.233274] NetLabel: Initializing
[    1.233276] NetLabel:  domain hash size = 128
[    1.233277] NetLabel:  protocols = UNLABELED CIPSOv4 CALIPSO
[    1.233286] NetLabel:  unlabeled traffic allowed by default
[    1.233358] PCI: Using ACPI for IRQ routing
[    1.272798] PCI: pci_cache_line_size set to 64 bytes
[    1.273950] e820: reserve RAM buffer [mem 0x0009e800-0x0009ffff]
[    1.273955] e820: reserve RAM buffer [mem 0xbfed0000-0xbfffffff]
[    1.274133] hpet0: at MMIO 0xfed00000, IRQs 2, 8, 0, 0, 0, 0, 0, 0, 0, 0, 0, 0, 0, 0, 0, 0
[    1.274142] hpet0: 16 comparators, 64-bit 14.318180 MHz counter
[    1.276950] clocksource: Switched to clocksource tsc-early
[    1.345697] VFS: Disk quotas dquot_6.6.0
[    1.345802] VFS: Dquot-cache hash table entries: 512 (order 0, 4096 bytes)
[    1.346387] AppArmor: AppArmor Filesystem Enabled
[    1.346428] pnp: PnP ACPI init
[    1.346765] system 00:00: [io  0x1000-0x103f] has been reserved
[    1.346781] system 00:00: [io  0x1040-0x104f] has been reserved
[    1.346783] system 00:00: [io  0x0cf0-0x0cf1] has been reserved
[    1.347259] system 00:04: [mem 0xfed00000-0xfed003ff] has been reserved
[    1.350106] system 00:06: [io  0xfce0-0xfcff] has been reserved
[    1.350111] system 00:06: [mem 0xf0000000-0xf7ffffff] has been reserved
[    1.350113] system 00:06: [mem 0xfe800000-0xfe9fffff] has been reserved
[    1.350331] system 00:07: [mem 0xfec10000-0xfec10fff] could not be reserved
[    1.384329] pnp: PnP ACPI: found 8 devices
[    1.397500] clocksource: acpi_pm: mask: 0xffffff max_cycles: 0xffffff, max_idle_ns: 2085701024 ns
[    1.397684] NET: Registered PF_INET protocol family
[    1.399915] IP idents hash table entries: 65536 (order: 7, 524288 bytes, linear)
[    1.410846] tcp_listen_portaddr_hash hash table entries: 2048 (order: 3, 32768 bytes, linear)
[    1.412215] TCP established hash table entries: 32768 (order: 6, 262144 bytes, linear)
[    1.415083] TCP bind hash table entries: 32768 (order: 7, 524288 bytes, linear)
[    1.415133] TCP: Hash tables configured (established 32768 bind 32768)
[    1.417988] MPTCP token hash table entries: 4096 (order: 4, 98304 bytes, linear)
[    1.418264] UDP hash table entries: 2048 (order: 4, 65536 bytes, linear)
[    1.418593] UDP-Lite hash table entries: 2048 (order: 4, 65536 bytes, linear)
[    1.420013] NET: Registered PF_UNIX/PF_LOCAL protocol family
[    1.420018] NET: Registered PF_XDP protocol family
[    1.420035] pci 0000:00:15.3: bridge window [io  0x1000-0x0fff] to [bus 06] add_size 1000
[    1.420038] pci 0000:00:15.4: bridge window [io  0x1000-0x0fff] to [bus 07] add_size 1000
[    1.420039] pci 0000:00:15.5: bridge window [io  0x1000-0x0fff] to [bus 08] add_size 1000
[    1.420041] pci 0000:00:15.6: bridge window [io  0x1000-0x0fff] to [bus 09] add_size 1000
[    1.420042] pci 0000:00:15.7: bridge window [io  0x1000-0x0fff] to [bus 0a] add_size 1000
[    1.420043] pci 0000:00:16.3: bridge window [io  0x1000-0x0fff] to [bus 0e] add_size 1000
[    1.420045] pci 0000:00:16.4: bridge window [io  0x1000-0x0fff] to [bus 0f] add_size 1000
[    1.420046] pci 0000:00:16.5: bridge window [io  0x1000-0x0fff] to [bus 10] add_size 1000
[    1.420047] pci 0000:00:16.6: bridge window [io  0x1000-0x0fff] to [bus 11] add_size 1000
[    1.420048] pci 0000:00:16.7: bridge window [io  0x1000-0x0fff] to [bus 12] add_size 1000
[    1.420049] pci 0000:00:17.3: bridge window [io  0x1000-0x0fff] to [bus 16] add_size 1000
[    1.420050] pci 0000:00:17.4: bridge window [io  0x1000-0x0fff] to [bus 17] add_size 1000
[    1.420051] pci 0000:00:17.5: bridge window [io  0x1000-0x0fff] to [bus 18] add_size 1000
[    1.420052] pci 0000:00:17.6: bridge window [io  0x1000-0x0fff] to [bus 19] add_size 1000
[    1.420053] pci 0000:00:17.7: bridge window [io  0x1000-0x0fff] to [bus 1a] add_size 1000
[    1.420055] pci 0000:00:18.2: bridge window [io  0x1000-0x0fff] to [bus 1d] add_size 1000
[    1.420056] pci 0000:00:18.3: bridge window [io  0x1000-0x0fff] to [bus 1e] add_size 1000
[    1.420057] pci 0000:00:18.4: bridge window [io  0x1000-0x0fff] to [bus 1f] add_size 1000
[    1.420058] pci 0000:00:18.5: bridge window [io  0x1000-0x0fff] to [bus 20] add_size 1000
[    1.420059] pci 0000:00:18.6: bridge window [io  0x1000-0x0fff] to [bus 21] add_size 1000
[    1.420060] pci 0000:00:18.7: bridge window [io  0x1000-0x0fff] to [bus 22] add_size 1000
[    1.420071] pci 0000:00:0f.0: BAR 6: assigned [mem 0xc0000000-0xc0007fff pref]
[    1.420073] pci 0000:00:10.0: BAR 6: assigned [mem 0xc0008000-0xc000bfff pref]
[    1.420076] pci 0000:00:15.3: BAR 13: no space for [io  size 0x1000]
[    1.420077] pci 0000:00:15.3: BAR 13: failed to assign [io  size 0x1000]
[    1.420078] pci 0000:00:15.4: BAR 13: no space for [io  size 0x1000]
[    1.420079] pci 0000:00:15.4: BAR 13: failed to assign [io  size 0x1000]
[    1.420080] pci 0000:00:15.5: BAR 13: no space for [io  size 0x1000]
[    1.420081] pci 0000:00:15.5: BAR 13: failed to assign [io  size 0x1000]
[    1.420082] pci 0000:00:15.6: BAR 13: no space for [io  size 0x1000]
[    1.420083] pci 0000:00:15.6: BAR 13: failed to assign [io  size 0x1000]
[    1.420084] pci 0000:00:15.7: BAR 13: no space for [io  size 0x1000]
[    1.420085] pci 0000:00:15.7: BAR 13: failed to assign [io  size 0x1000]
[    1.420086] pci 0000:00:16.3: BAR 13: no space for [io  size 0x1000]
[    1.420087] pci 0000:00:16.3: BAR 13: failed to assign [io  size 0x1000]
[    1.420088] pci 0000:00:16.4: BAR 13: no space for [io  size 0x1000]
[    1.420088] pci 0000:00:16.4: BAR 13: failed to assign [io  size 0x1000]
[    1.420090] pci 0000:00:16.5: BAR 13: no space for [io  size 0x1000]
[    1.420090] pci 0000:00:16.5: BAR 13: failed to assign [io  size 0x1000]
[    1.420091] pci 0000:00:16.6: BAR 13: no space for [io  size 0x1000]
[    1.420092] pci 0000:00:16.6: BAR 13: failed to assign [io  size 0x1000]
[    1.420093] pci 0000:00:16.7: BAR 13: no space for [io  size 0x1000]
[    1.420094] pci 0000:00:16.7: BAR 13: failed to assign [io  size 0x1000]
[    1.420095] pci 0000:00:17.3: BAR 13: no space for [io  size 0x1000]
[    1.420096] pci 0000:00:17.3: BAR 13: failed to assign [io  size 0x1000]
[    1.420097] pci 0000:00:17.4: BAR 13: no space for [io  size 0x1000]
[    1.420097] pci 0000:00:17.4: BAR 13: failed to assign [io  size 0x1000]
[    1.420100] pci 0000:00:17.5: BAR 13: no space for [io  size 0x1000]
[    1.420100] pci 0000:00:17.5: BAR 13: failed to assign [io  size 0x1000]
[    1.420101] pci 0000:00:17.6: BAR 13: no space for [io  size 0x1000]
[    1.420102] pci 0000:00:17.6: BAR 13: failed to assign [io  size 0x1000]
[    1.420103] pci 0000:00:17.7: BAR 13: no space for [io  size 0x1000]
[    1.420104] pci 0000:00:17.7: BAR 13: failed to assign [io  size 0x1000]
[    1.420105] pci 0000:00:18.2: BAR 13: no space for [io  size 0x1000]
[    1.420106] pci 0000:00:18.2: BAR 13: failed to assign [io  size 0x1000]
[    1.420107] pci 0000:00:18.3: BAR 13: no space for [io  size 0x1000]
[    1.420107] pci 0000:00:18.3: BAR 13: failed to assign [io  size 0x1000]
[    1.420108] pci 0000:00:18.4: BAR 13: no space for [io  size 0x1000]
[    1.420109] pci 0000:00:18.4: BAR 13: failed to assign [io  size 0x1000]
[    1.420110] pci 0000:00:18.5: BAR 13: no space for [io  size 0x1000]
[    1.420111] pci 0000:00:18.5: BAR 13: failed to assign [io  size 0x1000]
[    1.420112] pci 0000:00:18.6: BAR 13: no space for [io  size 0x1000]
[    1.420113] pci 0000:00:18.6: BAR 13: failed to assign [io  size 0x1000]
[    1.420114] pci 0000:00:18.7: BAR 13: no space for [io  size 0x1000]
[    1.420115] pci 0000:00:18.7: BAR 13: failed to assign [io  size 0x1000]
[    1.420118] pci 0000:00:18.7: BAR 13: no space for [io  size 0x1000]
[    1.420118] pci 0000:00:18.7: BAR 13: failed to assign [io  size 0x1000]
[    1.420119] pci 0000:00:18.6: BAR 13: no space for [io  size 0x1000]
[    1.420120] pci 0000:00:18.6: BAR 13: failed to assign [io  size 0x1000]
[    1.420121] pci 0000:00:18.5: BAR 13: no space for [io  size 0x1000]
[    1.420122] pci 0000:00:18.5: BAR 13: failed to assign [io  size 0x1000]
[    1.420123] pci 0000:00:18.4: BAR 13: no space for [io  size 0x1000]
[    1.420124] pci 0000:00:18.4: BAR 13: failed to assign [io  size 0x1000]
[    1.420125] pci 0000:00:18.3: BAR 13: no space for [io  size 0x1000]
[    1.420126] pci 0000:00:18.3: BAR 13: failed to assign [io  size 0x1000]
[    1.420127] pci 0000:00:18.2: BAR 13: no space for [io  size 0x1000]
[    1.420127] pci 0000:00:18.2: BAR 13: failed to assign [io  size 0x1000]
[    1.420129] pci 0000:00:17.7: BAR 13: no space for [io  size 0x1000]
[    1.420129] pci 0000:00:17.7: BAR 13: failed to assign [io  size 0x1000]
[    1.420130] pci 0000:00:17.6: BAR 13: no space for [io  size 0x1000]
[    1.420131] pci 0000:00:17.6: BAR 13: failed to assign [io  size 0x1000]
[    1.420132] pci 0000:00:17.5: BAR 13: no space for [io  size 0x1000]
[    1.420133] pci 0000:00:17.5: BAR 13: failed to assign [io  size 0x1000]
[    1.420134] pci 0000:00:17.4: BAR 13: no space for [io  size 0x1000]
[    1.420135] pci 0000:00:17.4: BAR 13: failed to assign [io  size 0x1000]
[    1.420136] pci 0000:00:17.3: BAR 13: no space for [io  size 0x1000]
[    1.420136] pci 0000:00:17.3: BAR 13: failed to assign [io  size 0x1000]
[    1.420138] pci 0000:00:16.7: BAR 13: no space for [io  size 0x1000]
[    1.420138] pci 0000:00:16.7: BAR 13: failed to assign [io  size 0x1000]
[    1.420139] pci 0000:00:16.6: BAR 13: no space for [io  size 0x1000]
[    1.420140] pci 0000:00:16.6: BAR 13: failed to assign [io  size 0x1000]
[    1.420141] pci 0000:00:16.5: BAR 13: no space for [io  size 0x1000]
[    1.420142] pci 0000:00:16.5: BAR 13: failed to assign [io  size 0x1000]
[    1.420143] pci 0000:00:16.4: BAR 13: no space for [io  size 0x1000]
[    1.420144] pci 0000:00:16.4: BAR 13: failed to assign [io  size 0x1000]
[    1.420145] pci 0000:00:16.3: BAR 13: no space for [io  size 0x1000]
[    1.420145] pci 0000:00:16.3: BAR 13: failed to assign [io  size 0x1000]
[    1.420147] pci 0000:00:15.7: BAR 13: no space for [io  size 0x1000]
[    1.420147] pci 0000:00:15.7: BAR 13: failed to assign [io  size 0x1000]
[    1.420161] pci 0000:00:15.6: BAR 13: no space for [io  size 0x1000]
[    1.420162] pci 0000:00:15.6: BAR 13: failed to assign [io  size 0x1000]
[    1.420163] pci 0000:00:15.5: BAR 13: no space for [io  size 0x1000]
[    1.420164] pci 0000:00:15.5: BAR 13: failed to assign [io  size 0x1000]
[    1.420165] pci 0000:00:15.4: BAR 13: no space for [io  size 0x1000]
[    1.420166] pci 0000:00:15.4: BAR 13: failed to assign [io  size 0x1000]
[    1.420167] pci 0000:00:15.3: BAR 13: no space for [io  size 0x1000]
[    1.420168] pci 0000:00:15.3: BAR 13: failed to assign [io  size 0x1000]
[    1.420169] pci 0000:00:01.0: PCI bridge to [bus 01]
[    1.420298] pci 0000:02:01.0: BAR 6: assigned [mem 0xfd500000-0xfd50ffff pref]
[    1.420301] pci 0000:02:04.0: BAR 6: assigned [mem 0xfd510000-0xfd51ffff pref]
[    1.420302] pci 0000:00:11.0: PCI bridge to [bus 02]
[    1.420317] pci 0000:00:11.0:   bridge window [io  0x2000-0x3fff]
[    1.420357] pci 0000:00:11.0:   bridge window [mem 0xfd500000-0xfdffffff]
[    1.420378] pci 0000:00:11.0:   bridge window [mem 0xe7b00000-0xe7ffffff 64bit pref]
[    1.420417] pci 0000:00:15.0: PCI bridge to [bus 03]
[    1.420433] pci 0000:00:15.0:   bridge window [io  0x4000-0x4fff]
[    1.420463] pci 0000:00:15.0:   bridge window [mem 0xfd400000-0xfd4fffff]
[    1.420504] pci 0000:00:15.0:   bridge window [mem 0xe7a00000-0xe7afffff 64bit pref]
[    1.420598] pci 0000:00:15.1: PCI bridge to [bus 04]
[    1.420625] pci 0000:00:15.1:   bridge window [io  0x8000-0x8fff]
[    1.420653] pci 0000:00:15.1:   bridge window [mem 0xfd000000-0xfd0fffff]
[    1.420672] pci 0000:00:15.1:   bridge window [mem 0xe7600000-0xe76fffff 64bit pref]
[    1.420760] pci 0000:00:15.2: PCI bridge to [bus 05]
[    1.420775] pci 0000:00:15.2:   bridge window [io  0xc000-0xcfff]
[    1.420842] pci 0000:00:15.2:   bridge window [mem 0xfcc00000-0xfccfffff]
[    1.420885] pci 0000:00:15.2:   bridge window [mem 0xe7200000-0xe72fffff 64bit pref]
[    1.420957] pci 0000:00:15.3: PCI bridge to [bus 06]
[    1.420987] pci 0000:00:15.3:   bridge window [mem 0xfc800000-0xfc8fffff]
[    1.421005] pci 0000:00:15.3:   bridge window [mem 0xe6e00000-0xe6efffff 64bit pref]
[    1.421059] pci 0000:00:15.4: PCI bridge to [bus 07]
[    1.421090] pci 0000:00:15.4:   bridge window [mem 0xfc400000-0xfc4fffff]
[    1.421111] pci 0000:00:15.4:   bridge window [mem 0xe6a00000-0xe6afffff 64bit pref]
[    1.421166] pci 0000:00:15.5: PCI bridge to [bus 08]
[    1.421195] pci 0000:00:15.5:   bridge window [mem 0xfc000000-0xfc0fffff]
[    1.421214] pci 0000:00:15.5:   bridge window [mem 0xe6600000-0xe66fffff 64bit pref]
[    1.421268] pci 0000:00:15.6: PCI bridge to [bus 09]
[    1.421298] pci 0000:00:15.6:   bridge window [mem 0xfbc00000-0xfbcfffff]
[    1.421318] pci 0000:00:15.6:   bridge window [mem 0xe6200000-0xe62fffff 64bit pref]
[    1.421382] pci 0000:00:15.7: PCI bridge to [bus 0a]
[    1.421412] pci 0000:00:15.7:   bridge window [mem 0xfb800000-0xfb8fffff]
[    1.421433] pci 0000:00:15.7:   bridge window [mem 0xe5e00000-0xe5efffff 64bit pref]
[    1.421488] pci 0000:00:16.0: PCI bridge to [bus 0b]
[    1.421500] pci 0000:00:16.0:   bridge window [io  0x5000-0x5fff]
[    1.421527] pci 0000:00:16.0:   bridge window [mem 0xfd300000-0xfd3fffff]
[    1.421615] pci 0000:00:16.0:   bridge window [mem 0xe7900000-0xe79fffff 64bit pref]
[    1.421692] pci 0000:00:16.1: PCI bridge to [bus 0c]
[    1.421707] pci 0000:00:16.1:   bridge window [io  0x9000-0x9fff]
[    1.421743] pci 0000:00:16.1:   bridge window [mem 0xfcf00000-0xfcffffff]
[    1.421780] pci 0000:00:16.1:   bridge window [mem 0xe7500000-0xe75fffff 64bit pref]
[    1.421836] pci 0000:00:16.2: PCI bridge to [bus 0d]
[    1.421849] pci 0000:00:16.2:   bridge window [io  0xd000-0xdfff]
[    1.421879] pci 0000:00:16.2:   bridge window [mem 0xfcb00000-0xfcbfffff]
[    1.421899] pci 0000:00:16.2:   bridge window [mem 0xe7100000-0xe71fffff 64bit pref]
[    1.421955] pci 0000:00:16.3: PCI bridge to [bus 0e]
[    1.421986] pci 0000:00:16.3:   bridge window [mem 0xfc700000-0xfc7fffff]
[    1.422006] pci 0000:00:16.3:   bridge window [mem 0xe6d00000-0xe6dfffff 64bit pref]
[    1.422062] pci 0000:00:16.4: PCI bridge to [bus 0f]
[    1.422093] pci 0000:00:16.4:   bridge window [mem 0xfc300000-0xfc3fffff]
[    1.422113] pci 0000:00:16.4:   bridge window [mem 0xe6900000-0xe69fffff 64bit pref]
[    1.422178] pci 0000:00:16.5: PCI bridge to [bus 10]
[    1.422207] pci 0000:00:16.5:   bridge window [mem 0xfbf00000-0xfbffffff]
[    1.422225] pci 0000:00:16.5:   bridge window [mem 0xe6500000-0xe65fffff 64bit pref]
[    1.422281] pci 0000:00:16.6: PCI bridge to [bus 11]
[    1.422310] pci 0000:00:16.6:   bridge window [mem 0xfbb00000-0xfbbfffff]
[    1.422331] pci 0000:00:16.6:   bridge window [mem 0xe6100000-0xe61fffff 64bit pref]
[    1.422387] pci 0000:00:16.7: PCI bridge to [bus 12]
[    1.422416] pci 0000:00:16.7:   bridge window [mem 0xfb700000-0xfb7fffff]
[    1.422437] pci 0000:00:16.7:   bridge window [mem 0xe5d00000-0xe5dfffff 64bit pref]
[    1.422492] pci 0000:00:17.0: PCI bridge to [bus 13]
[    1.422505] pci 0000:00:17.0:   bridge window [io  0x6000-0x6fff]
[    1.422534] pci 0000:00:17.0:   bridge window [mem 0xfd200000-0xfd2fffff]
[    1.422564] pci 0000:00:17.0:   bridge window [mem 0xe7800000-0xe78fffff 64bit pref]
[    1.422621] pci 0000:00:17.1: PCI bridge to [bus 14]
[    1.422633] pci 0000:00:17.1:   bridge window [io  0xa000-0xafff]
[    1.422661] pci 0000:00:17.1:   bridge window [mem 0xfce00000-0xfcefffff]
[    1.422679] pci 0000:00:17.1:   bridge window [mem 0xe7400000-0xe74fffff 64bit pref]
[    1.422735] pci 0000:00:17.2: PCI bridge to [bus 15]
[    1.422748] pci 0000:00:17.2:   bridge window [io  0xe000-0xefff]
[    1.422778] pci 0000:00:17.2:   bridge window [mem 0xfca00000-0xfcafffff]
[    1.422799] pci 0000:00:17.2:   bridge window [mem 0xe7000000-0xe70fffff 64bit pref]
[    1.422891] pci 0000:00:17.3: PCI bridge to [bus 16]
[    1.422929] pci 0000:00:17.3:   bridge window [mem 0xfc600000-0xfc6fffff]
[    1.422966] pci 0000:00:17.3:   bridge window [mem 0xe6c00000-0xe6cfffff 64bit pref]
[    1.423054] pci 0000:00:17.4: PCI bridge to [bus 17]
[    1.423120] pci 0000:00:17.4:   bridge window [mem 0xfc200000-0xfc2fffff]
[    1.423143] pci 0000:00:17.4:   bridge window [mem 0xe6800000-0xe68fffff 64bit pref]
[    1.423216] pci 0000:00:17.5: PCI bridge to [bus 18]
[    1.423247] pci 0000:00:17.5:   bridge window [mem 0xfbe00000-0xfbefffff]
[    1.423268] pci 0000:00:17.5:   bridge window [mem 0xe6400000-0xe64fffff 64bit pref]
[    1.423324] pci 0000:00:17.6: PCI bridge to [bus 19]
[    1.423354] pci 0000:00:17.6:   bridge window [mem 0xfba00000-0xfbafffff]
[    1.423372] pci 0000:00:17.6:   bridge window [mem 0xe6000000-0xe60fffff 64bit pref]
[    1.423427] pci 0000:00:17.7: PCI bridge to [bus 1a]
[    1.423457] pci 0000:00:17.7:   bridge window [mem 0xfb600000-0xfb6fffff]
[    1.423478] pci 0000:00:17.7:   bridge window [mem 0xe5c00000-0xe5cfffff 64bit pref]
[    1.423543] pci 0000:00:18.0: PCI bridge to [bus 1b]
[    1.423556] pci 0000:00:18.0:   bridge window [io  0x7000-0x7fff]
[    1.423586] pci 0000:00:18.0:   bridge window [mem 0xfd100000-0xfd1fffff]
[    1.423607] pci 0000:00:18.0:   bridge window [mem 0xe7700000-0xe77fffff 64bit pref]
[    1.423663] pci 0000:00:18.1: PCI bridge to [bus 1c]
[    1.423676] pci 0000:00:18.1:   bridge window [io  0xb000-0xbfff]
[    1.423706] pci 0000:00:18.1:   bridge window [mem 0xfcd00000-0xfcdfffff]
[    1.423727] pci 0000:00:18.1:   bridge window [mem 0xe7300000-0xe73fffff 64bit pref]
[    1.423783] pci 0000:00:18.2: PCI bridge to [bus 1d]
[    1.423814] pci 0000:00:18.2:   bridge window [mem 0xfc900000-0xfc9fffff]
[    1.423835] pci 0000:00:18.2:   bridge window [mem 0xe6f00000-0xe6ffffff 64bit pref]
[    1.423892] pci 0000:00:18.3: PCI bridge to [bus 1e]
[    1.423923] pci 0000:00:18.3:   bridge window [mem 0xfc500000-0xfc5fffff]
[    1.423944] pci 0000:00:18.3:   bridge window [mem 0xe6b00000-0xe6bfffff 64bit pref]
[    1.424001] pci 0000:00:18.4: PCI bridge to [bus 1f]
[    1.424031] pci 0000:00:18.4:   bridge window [mem 0xfc100000-0xfc1fffff]
[    1.424052] pci 0000:00:18.4:   bridge window [mem 0xe6700000-0xe67fffff 64bit pref]
[    1.424107] pci 0000:00:18.5: PCI bridge to [bus 20]
[    1.424138] pci 0000:00:18.5:   bridge window [mem 0xfbd00000-0xfbdfffff]
[    1.424158] pci 0000:00:18.5:   bridge window [mem 0xe6300000-0xe63fffff 64bit pref]
[    1.424227] pci 0000:00:18.6: PCI bridge to [bus 21]
[    1.424258] pci 0000:00:18.6:   bridge window [mem 0xfb900000-0xfb9fffff]
[    1.424277] pci 0000:00:18.6:   bridge window [mem 0xe5f00000-0xe5ffffff 64bit pref]
[    1.424333] pci 0000:00:18.7: PCI bridge to [bus 22]
[    1.424363] pci 0000:00:18.7:   bridge window [mem 0xfb500000-0xfb5fffff]
[    1.424383] pci 0000:00:18.7:   bridge window [mem 0xe5b00000-0xe5bfffff 64bit pref]
[    1.424438] pci_bus 0000:00: resource 4 [mem 0x000a0000-0x000bffff window]
[    1.424440] pci_bus 0000:00: resource 5 [mem 0x000d0000-0x000d3fff window]
[    1.424441] pci_bus 0000:00: resource 6 [mem 0x000d4000-0x000d7fff window]
[    1.424442] pci_bus 0000:00: resource 7 [mem 0x000d8000-0x000dbfff window]
[    1.424443] pci_bus 0000:00: resource 8 [mem 0xc0000000-0xfebfffff window]
[    1.424443] pci_bus 0000:00: resource 9 [io  0x0000-0x0cf7 window]
[    1.424444] pci_bus 0000:00: resource 10 [io  0x0d00-0xfeff window]
[    1.424446] pci_bus 0000:02: resource 0 [io  0x2000-0x3fff]
[    1.424447] pci_bus 0000:02: resource 1 [mem 0xfd500000-0xfdffffff]
[    1.424448] pci_bus 0000:02: resource 2 [mem 0xe7b00000-0xe7ffffff 64bit pref]
[    1.424449] pci_bus 0000:02: resource 4 [mem 0x000a0000-0x000bffff window]
[    1.424450] pci_bus 0000:02: resource 5 [mem 0x000d0000-0x000d3fff window]
[    1.424450] pci_bus 0000:02: resource 6 [mem 0x000d4000-0x000d7fff window]
[    1.424451] pci_bus 0000:02: resource 7 [mem 0x000d8000-0x000dbfff window]
[    1.424452] pci_bus 0000:02: resource 8 [mem 0xc0000000-0xfebfffff window]
[    1.424453] pci_bus 0000:02: resource 9 [io  0x0000-0x0cf7 window]
[    1.424454] pci_bus 0000:02: resource 10 [io  0x0d00-0xfeff window]
[    1.424455] pci_bus 0000:03: resource 0 [io  0x4000-0x4fff]
[    1.424456] pci_bus 0000:03: resource 1 [mem 0xfd400000-0xfd4fffff]
[    1.424457] pci_bus 0000:03: resource 2 [mem 0xe7a00000-0xe7afffff 64bit pref]
[    1.424458] pci_bus 0000:04: resource 0 [io  0x8000-0x8fff]
[    1.424458] pci_bus 0000:04: resource 1 [mem 0xfd000000-0xfd0fffff]
[    1.424459] pci_bus 0000:04: resource 2 [mem 0xe7600000-0xe76fffff 64bit pref]
[    1.424460] pci_bus 0000:05: resource 0 [io  0xc000-0xcfff]
[    1.424461] pci_bus 0000:05: resource 1 [mem 0xfcc00000-0xfccfffff]
[    1.424461] pci_bus 0000:05: resource 2 [mem 0xe7200000-0xe72fffff 64bit pref]
[    1.424463] pci_bus 0000:06: resource 1 [mem 0xfc800000-0xfc8fffff]
[    1.424463] pci_bus 0000:06: resource 2 [mem 0xe6e00000-0xe6efffff 64bit pref]
[    1.424464] pci_bus 0000:07: resource 1 [mem 0xfc400000-0xfc4fffff]
[    1.424465] pci_bus 0000:07: resource 2 [mem 0xe6a00000-0xe6afffff 64bit pref]
[    1.424466] pci_bus 0000:08: resource 1 [mem 0xfc000000-0xfc0fffff]
[    1.424467] pci_bus 0000:08: resource 2 [mem 0xe6600000-0xe66fffff 64bit pref]
[    1.424468] pci_bus 0000:09: resource 1 [mem 0xfbc00000-0xfbcfffff]
[    1.424469] pci_bus 0000:09: resource 2 [mem 0xe6200000-0xe62fffff 64bit pref]
[    1.424470] pci_bus 0000:0a: resource 1 [mem 0xfb800000-0xfb8fffff]
[    1.424470] pci_bus 0000:0a: resource 2 [mem 0xe5e00000-0xe5efffff 64bit pref]
[    1.424471] pci_bus 0000:0b: resource 0 [io  0x5000-0x5fff]
[    1.424472] pci_bus 0000:0b: resource 1 [mem 0xfd300000-0xfd3fffff]
[    1.424473] pci_bus 0000:0b: resource 2 [mem 0xe7900000-0xe79fffff 64bit pref]
[    1.424474] pci_bus 0000:0c: resource 0 [io  0x9000-0x9fff]
[    1.424475] pci_bus 0000:0c: resource 1 [mem 0xfcf00000-0xfcffffff]
[    1.424475] pci_bus 0000:0c: resource 2 [mem 0xe7500000-0xe75fffff 64bit pref]
[    1.424476] pci_bus 0000:0d: resource 0 [io  0xd000-0xdfff]
[    1.424477] pci_bus 0000:0d: resource 1 [mem 0xfcb00000-0xfcbfffff]
[    1.424478] pci_bus 0000:0d: resource 2 [mem 0xe7100000-0xe71fffff 64bit pref]
[    1.424479] pci_bus 0000:0e: resource 1 [mem 0xfc700000-0xfc7fffff]
[    1.424480] pci_bus 0000:0e: resource 2 [mem 0xe6d00000-0xe6dfffff 64bit pref]
[    1.424481] pci_bus 0000:0f: resource 1 [mem 0xfc300000-0xfc3fffff]
[    1.424481] pci_bus 0000:0f: resource 2 [mem 0xe6900000-0xe69fffff 64bit pref]
[    1.424482] pci_bus 0000:10: resource 1 [mem 0xfbf00000-0xfbffffff]
[    1.424483] pci_bus 0000:10: resource 2 [mem 0xe6500000-0xe65fffff 64bit pref]
[    1.424484] pci_bus 0000:11: resource 1 [mem 0xfbb00000-0xfbbfffff]
[    1.424485] pci_bus 0000:11: resource 2 [mem 0xe6100000-0xe61fffff 64bit pref]
[    1.424486] pci_bus 0000:12: resource 1 [mem 0xfb700000-0xfb7fffff]
[    1.424487] pci_bus 0000:12: resource 2 [mem 0xe5d00000-0xe5dfffff 64bit pref]
[    1.424488] pci_bus 0000:13: resource 0 [io  0x6000-0x6fff]
[    1.424488] pci_bus 0000:13: resource 1 [mem 0xfd200000-0xfd2fffff]
[    1.424489] pci_bus 0000:13: resource 2 [mem 0xe7800000-0xe78fffff 64bit pref]
[    1.424490] pci_bus 0000:14: resource 0 [io  0xa000-0xafff]
[    1.424491] pci_bus 0000:14: resource 1 [mem 0xfce00000-0xfcefffff]
[    1.424492] pci_bus 0000:14: resource 2 [mem 0xe7400000-0xe74fffff 64bit pref]
[    1.424493] pci_bus 0000:15: resource 0 [io  0xe000-0xefff]
[    1.424493] pci_bus 0000:15: resource 1 [mem 0xfca00000-0xfcafffff]
[    1.424494] pci_bus 0000:15: resource 2 [mem 0xe7000000-0xe70fffff 64bit pref]
[    1.424495] pci_bus 0000:16: resource 1 [mem 0xfc600000-0xfc6fffff]
[    1.424496] pci_bus 0000:16: resource 2 [mem 0xe6c00000-0xe6cfffff 64bit pref]
[    1.424497] pci_bus 0000:17: resource 1 [mem 0xfc200000-0xfc2fffff]
[    1.424498] pci_bus 0000:17: resource 2 [mem 0xe6800000-0xe68fffff 64bit pref]
[    1.424498] pci_bus 0000:18: resource 1 [mem 0xfbe00000-0xfbefffff]
[    1.424499] pci_bus 0000:18: resource 2 [mem 0xe6400000-0xe64fffff 64bit pref]
[    1.424500] pci_bus 0000:19: resource 1 [mem 0xfba00000-0xfbafffff]
[    1.424501] pci_bus 0000:19: resource 2 [mem 0xe6000000-0xe60fffff 64bit pref]
[    1.424502] pci_bus 0000:1a: resource 1 [mem 0xfb600000-0xfb6fffff]
[    1.424503] pci_bus 0000:1a: resource 2 [mem 0xe5c00000-0xe5cfffff 64bit pref]
[    1.424504] pci_bus 0000:1b: resource 0 [io  0x7000-0x7fff]
[    1.424504] pci_bus 0000:1b: resource 1 [mem 0xfd100000-0xfd1fffff]
[    1.424505] pci_bus 0000:1b: resource 2 [mem 0xe7700000-0xe77fffff 64bit pref]
[    1.424506] pci_bus 0000:1c: resource 0 [io  0xb000-0xbfff]
[    1.424507] pci_bus 0000:1c: resource 1 [mem 0xfcd00000-0xfcdfffff]
[    1.424507] pci_bus 0000:1c: resource 2 [mem 0xe7300000-0xe73fffff 64bit pref]
[    1.424508] pci_bus 0000:1d: resource 1 [mem 0xfc900000-0xfc9fffff]
[    1.424509] pci_bus 0000:1d: resource 2 [mem 0xe6f00000-0xe6ffffff 64bit pref]
[    1.424510] pci_bus 0000:1e: resource 1 [mem 0xfc500000-0xfc5fffff]
[    1.424511] pci_bus 0000:1e: resource 2 [mem 0xe6b00000-0xe6bfffff 64bit pref]
[    1.424512] pci_bus 0000:1f: resource 1 [mem 0xfc100000-0xfc1fffff]
[    1.424512] pci_bus 0000:1f: resource 2 [mem 0xe6700000-0xe67fffff 64bit pref]
[    1.424513] pci_bus 0000:20: resource 1 [mem 0xfbd00000-0xfbdfffff]
[    1.424514] pci_bus 0000:20: resource 2 [mem 0xe6300000-0xe63fffff 64bit pref]
[    1.424515] pci_bus 0000:21: resource 1 [mem 0xfb900000-0xfb9fffff]
[    1.424516] pci_bus 0000:21: resource 2 [mem 0xe5f00000-0xe5ffffff 64bit pref]
[    1.424517] pci_bus 0000:22: resource 1 [mem 0xfb500000-0xfb5fffff]
[    1.424517] pci_bus 0000:22: resource 2 [mem 0xe5b00000-0xe5bfffff 64bit pref]
[    1.424690] pci 0000:00:00.0: Limiting direct PCI/PCI transfers
[    1.424814] pci 0000:00:0f.0: Video device with shadowed ROM at [mem 0x000c0000-0x000dffff]
[    1.426446] pci 0000:02:01.0: CLS mismatch (32 != 64), using 64 bytes
[    1.427396] PCI-DMA: Using software bounce buffering for IO (SWIOTLB)
[    1.427398] software IO TLB: mapped [mem 0x00000000bbed0000-0x00000000bfed0000] (64MB)
[    1.427444] clocksource: tsc: mask: 0xffffffffffffffff max_cycles: 0x1e717c37157, max_idle_ns: 440795284133 ns
[    1.427505] clocksource: Switched to clocksource tsc
[    1.427514] Trying to unpack rootfs image as initramfs...
[    1.432023] Initialise system trusted keyrings
[    1.432050] Key type blacklist registered
[    1.432288] workingset: timestamp_bits=36 max_order=20 bucket_order=0
[    1.433484] zbud: loaded
[    1.434117] squashfs: version 4.0 (2009/01/31) Phillip Lougher
[    1.434677] fuse: init (API version 7.34)
[    1.435307] integrity: Platform Keyring initialized
[    1.442131] Key type asymmetric registered
[    1.442134] Asymmetric key parser 'x509' registered
[    1.442372] Block layer SCSI generic (bsg) driver version 0.4 loaded (major 243)
[    1.442539] io scheduler mq-deadline registered
[    1.444035] pcieport 0000:00:15.0: PME: Signaling with IRQ 25
[    1.444122] pcieport 0000:00:15.0: pciehp: Slot #160 AttnBtn+ PwrCtrl+ MRL- AttnInd- PwrInd- HotPlug+ Surprise- Interlock- NoCompl+ IbPresDis- LLActRep+
[    1.445672] pcieport 0000:00:15.1: PME: Signaling with IRQ 26
[    1.445777] pcieport 0000:00:15.1: pciehp: Slot #161 AttnBtn+ PwrCtrl+ MRL- AttnInd- PwrInd- HotPlug+ Surprise- Interlock- NoCompl+ IbPresDis- LLActRep+
[    1.447128] pcieport 0000:00:15.2: PME: Signaling with IRQ 27
[    1.447283] pcieport 0000:00:15.2: pciehp: Slot #162 AttnBtn+ PwrCtrl+ MRL- AttnInd- PwrInd- HotPlug+ Surprise- Interlock- NoCompl+ IbPresDis- LLActRep+
[    1.449268] pcieport 0000:00:15.3: PME: Signaling with IRQ 28
[    1.449384] pcieport 0000:00:15.3: pciehp: Slot #163 AttnBtn+ PwrCtrl+ MRL- AttnInd- PwrInd- HotPlug+ Surprise- Interlock- NoCompl+ IbPresDis- LLActRep+
[    1.450903] pcieport 0000:00:15.4: PME: Signaling with IRQ 29
[    1.451019] pcieport 0000:00:15.4: pciehp: Slot #164 AttnBtn+ PwrCtrl+ MRL- AttnInd- PwrInd- HotPlug+ Surprise- Interlock- NoCompl+ IbPresDis- LLActRep+
[    1.452686] pcieport 0000:00:15.5: PME: Signaling with IRQ 30
[    1.452823] pcieport 0000:00:15.5: pciehp: Slot #165 AttnBtn+ PwrCtrl+ MRL- AttnInd- PwrInd- HotPlug+ Surprise- Interlock- NoCompl+ IbPresDis- LLActRep+
[    1.454402] pcieport 0000:00:15.6: PME: Signaling with IRQ 31
[    1.454519] pcieport 0000:00:15.6: pciehp: Slot #166 AttnBtn+ PwrCtrl+ MRL- AttnInd- PwrInd- HotPlug+ Surprise- Interlock- NoCompl+ IbPresDis- LLActRep+
[    1.456027] pcieport 0000:00:15.7: PME: Signaling with IRQ 32
[    1.456163] pcieport 0000:00:15.7: pciehp: Slot #167 AttnBtn+ PwrCtrl+ MRL- AttnInd- PwrInd- HotPlug+ Surprise- Interlock- NoCompl+ IbPresDis- LLActRep+
[    1.457717] pcieport 0000:00:16.0: PME: Signaling with IRQ 33
[    1.457806] pcieport 0000:00:16.0: pciehp: Slot #192 AttnBtn+ PwrCtrl+ MRL- AttnInd- PwrInd- HotPlug+ Surprise- Interlock- NoCompl+ IbPresDis- LLActRep+
[    1.459122] pcieport 0000:00:16.1: PME: Signaling with IRQ 34
[    1.459210] pcieport 0000:00:16.1: pciehp: Slot #193 AttnBtn+ PwrCtrl+ MRL- AttnInd- PwrInd- HotPlug+ Surprise- Interlock- NoCompl+ IbPresDis- LLActRep+
[    1.460922] pcieport 0000:00:16.2: PME: Signaling with IRQ 35
[    1.461034] pcieport 0000:00:16.2: pciehp: Slot #194 AttnBtn+ PwrCtrl+ MRL- AttnInd- PwrInd- HotPlug+ Surprise- Interlock- NoCompl+ IbPresDis- LLActRep+
[    1.462313] pcieport 0000:00:16.3: PME: Signaling with IRQ 36
[    1.462415] pcieport 0000:00:16.3: pciehp: Slot #195 AttnBtn+ PwrCtrl+ MRL- AttnInd- PwrInd- HotPlug+ Surprise- Interlock- NoCompl+ IbPresDis- LLActRep+
[    1.463715] pcieport 0000:00:16.4: PME: Signaling with IRQ 37
[    1.463825] pcieport 0000:00:16.4: pciehp: Slot #196 AttnBtn+ PwrCtrl+ MRL- AttnInd- PwrInd- HotPlug+ Surprise- Interlock- NoCompl+ IbPresDis- LLActRep+
[    1.465280] pcieport 0000:00:16.5: PME: Signaling with IRQ 38
[    1.465397] pcieport 0000:00:16.5: pciehp: Slot #197 AttnBtn+ PwrCtrl+ MRL- AttnInd- PwrInd- HotPlug+ Surprise- Interlock- NoCompl+ IbPresDis- LLActRep+
[    1.466946] pcieport 0000:00:16.6: PME: Signaling with IRQ 39
[    1.467074] pcieport 0000:00:16.6: pciehp: Slot #198 AttnBtn+ PwrCtrl+ MRL- AttnInd- PwrInd- HotPlug+ Surprise- Interlock- NoCompl+ IbPresDis- LLActRep+
[    1.468706] pcieport 0000:00:16.7: PME: Signaling with IRQ 40
[    1.468820] pcieport 0000:00:16.7: pciehp: Slot #199 AttnBtn+ PwrCtrl+ MRL- AttnInd- PwrInd- HotPlug+ Surprise- Interlock- NoCompl+ IbPresDis- LLActRep+
[    1.470440] pcieport 0000:00:17.0: PME: Signaling with IRQ 41
[    1.470537] pcieport 0000:00:17.0: pciehp: Slot #224 AttnBtn+ PwrCtrl+ MRL- AttnInd- PwrInd- HotPlug+ Surprise- Interlock- NoCompl+ IbPresDis- LLActRep+
[    1.471704] pcieport 0000:00:17.1: PME: Signaling with IRQ 42
[    1.471815] pcieport 0000:00:17.1: pciehp: Slot #225 AttnBtn+ PwrCtrl+ MRL- AttnInd- PwrInd- HotPlug+ Surprise- Interlock- NoCompl+ IbPresDis- LLActRep+
[    1.473212] pcieport 0000:00:17.2: PME: Signaling with IRQ 43
[    1.473297] pcieport 0000:00:17.2: pciehp: Slot #226 AttnBtn+ PwrCtrl+ MRL- AttnInd- PwrInd- HotPlug+ Surprise- Interlock- NoCompl+ IbPresDis- LLActRep+
[    1.474456] pcieport 0000:00:17.3: PME: Signaling with IRQ 44
[    1.474563] pcieport 0000:00:17.3: pciehp: Slot #227 AttnBtn+ PwrCtrl+ MRL- AttnInd- PwrInd- HotPlug+ Surprise- Interlock- NoCompl+ IbPresDis- LLActRep+
[    1.476207] pcieport 0000:00:17.4: PME: Signaling with IRQ 45
[    1.476310] pcieport 0000:00:17.4: pciehp: Slot #228 AttnBtn+ PwrCtrl+ MRL- AttnInd- PwrInd- HotPlug+ Surprise- Interlock- NoCompl+ IbPresDis- LLActRep+
[    1.477590] pcieport 0000:00:17.5: PME: Signaling with IRQ 46
[    1.477675] pcieport 0000:00:17.5: pciehp: Slot #229 AttnBtn+ PwrCtrl+ MRL- AttnInd- PwrInd- HotPlug+ Surprise- Interlock- NoCompl+ IbPresDis- LLActRep+
[    1.478879] pcieport 0000:00:17.6: PME: Signaling with IRQ 47
[    1.478966] pcieport 0000:00:17.6: pciehp: Slot #230 AttnBtn+ PwrCtrl+ MRL- AttnInd- PwrInd- HotPlug+ Surprise- Interlock- NoCompl+ IbPresDis- LLActRep+
[    1.480360] pcieport 0000:00:17.7: PME: Signaling with IRQ 48
[    1.480453] pcieport 0000:00:17.7: pciehp: Slot #231 AttnBtn+ PwrCtrl+ MRL- AttnInd- PwrInd- HotPlug+ Surprise- Interlock- NoCompl+ IbPresDis- LLActRep+
[    1.482184] pcieport 0000:00:18.0: PME: Signaling with IRQ 49
[    1.482309] pcieport 0000:00:18.0: pciehp: Slot #256 AttnBtn+ PwrCtrl+ MRL- AttnInd- PwrInd- HotPlug+ Surprise- Interlock- NoCompl+ IbPresDis- LLActRep+
[    1.483921] pcieport 0000:00:18.1: PME: Signaling with IRQ 50
[    1.484052] pcieport 0000:00:18.1: pciehp: Slot #257 AttnBtn+ PwrCtrl+ MRL- AttnInd- PwrInd- HotPlug+ Surprise- Interlock- NoCompl+ IbPresDis- LLActRep+
[    1.486004] pcieport 0000:00:18.2: PME: Signaling with IRQ 51
[    1.486145] pcieport 0000:00:18.2: pciehp: Slot #258 AttnBtn+ PwrCtrl+ MRL- AttnInd- PwrInd- HotPlug+ Surprise- Interlock- NoCompl+ IbPresDis- LLActRep+
[    1.488056] pcieport 0000:00:18.3: PME: Signaling with IRQ 52
[    1.488233] pcieport 0000:00:18.3: pciehp: Slot #259 AttnBtn+ PwrCtrl+ MRL- AttnInd- PwrInd- HotPlug+ Surprise- Interlock- NoCompl+ IbPresDis- LLActRep+
[    1.490327] pcieport 0000:00:18.4: PME: Signaling with IRQ 53
[    1.490443] pcieport 0000:00:18.4: pciehp: Slot #260 AttnBtn+ PwrCtrl+ MRL- AttnInd- PwrInd- HotPlug+ Surprise- Interlock- NoCompl+ IbPresDis- LLActRep+
[    1.491893] pcieport 0000:00:18.5: PME: Signaling with IRQ 54
[    1.491990] pcieport 0000:00:18.5: pciehp: Slot #261 AttnBtn+ PwrCtrl+ MRL- AttnInd- PwrInd- HotPlug+ Surprise- Interlock- NoCompl+ IbPresDis- LLActRep+
[    1.493312] pcieport 0000:00:18.6: PME: Signaling with IRQ 55
[    1.493479] pcieport 0000:00:18.6: pciehp: Slot #262 AttnBtn+ PwrCtrl+ MRL- AttnInd- PwrInd- HotPlug+ Surprise- Interlock- NoCompl+ IbPresDis- LLActRep+
[    1.494908] pcieport 0000:00:18.7: PME: Signaling with IRQ 56
[    1.495014] pcieport 0000:00:18.7: pciehp: Slot #263 AttnBtn+ PwrCtrl+ MRL- AttnInd- PwrInd- HotPlug+ Surprise- Interlock- NoCompl+ IbPresDis- LLActRep+
[    1.495928] shpchp: Standard Hot Plug PCI Controller Driver version: 0.4
[    1.496747] ACPI: AC: AC Adapter [ACAD] (on-line)
[    1.497014] input: Power Button as /devices/LNXSYSTM:00/LNXPWRBN:00/input/input0
[    1.497088] ACPI: button: Power Button [PWRF]
[    1.499302] Serial: 8250/16550 driver, 32 ports, IRQ sharing enabled
[    1.523351] 00:05: ttyS0 at I/O 0x3f8 (irq = 4, base_baud = 115200) is a 16550A
[    1.567236] Linux agpgart interface v0.103
[    1.567328] agpgart-intel 0000:00:00.0: Intel 440BX Chipset
[    1.569172] agpgart-intel 0000:00:00.0: AGP aperture is 256M @ 0x0
[    1.623096] loop: module loaded
[    1.623594] ata_piix 0000:00:07.1: version 2.13
[    1.624895] scsi host0: ata_piix
[    1.625954] scsi host1: ata_piix
[    1.626095] ata1: PATA max UDMA/33 cmd 0x1f0 ctl 0x3f6 bmdma 0x1060 irq 14
[    1.626097] ata2: PATA max UDMA/33 cmd 0x170 ctl 0x376 bmdma 0x1068 irq 15
[    1.626387] libphy: Fixed MDIO Bus: probed
[    1.626389] tun: Universal TUN/TAP device driver, 1.6
[    1.626531] PPP generic driver version 2.4.2
[    1.626774] VFIO - User Level meta-driver version: 0.3
[    1.627063] ehci_hcd: USB 2.0 'Enhanced' Host Controller (EHCI) Driver
[    1.627066] ehci-pci: EHCI PCI platform driver
[    1.627640] ehci-pci 0000:02:03.0: EHCI Host Controller
[    1.627645] ehci-pci 0000:02:03.0: new USB bus registered, assigned bus number 1
[    1.628378] ehci-pci 0000:02:03.0: irq 17, io mem 0xfd5ef000
[    1.641559] ehci-pci 0000:02:03.0: USB 2.0 started, EHCI 1.00
[    1.641625] usb usb1: New USB device found, idVendor=1d6b, idProduct=0002, bcdDevice= 5.15
[    1.641627] usb usb1: New USB device strings: Mfr=3, Product=2, SerialNumber=1
[    1.641628] usb usb1: Product: EHCI Host Controller
[    1.641629] usb usb1: Manufacturer: Linux 5.15.0-rc7+ ehci_hcd
[    1.641630] usb usb1: SerialNumber: 0000:02:03.0
[    1.641884] hub 1-0:1.0: USB hub found
[    1.641888] hub 1-0:1.0: 6 ports detected
[    1.642614] ehci-platform: EHCI generic platform driver
[    1.642626] ohci_hcd: USB 1.1 'Open' Host Controller (OHCI) Driver
[    1.642628] ohci-pci: OHCI PCI platform driver
[    1.642639] ohci-platform: OHCI generic platform driver
[    1.642661] uhci_hcd: USB Universal Host Controller Interface driver
[    1.643203] uhci_hcd 0000:02:00.0: UHCI Host Controller
[    1.643226] uhci_hcd 0000:02:00.0: new USB bus registered, assigned bus number 2
[    1.643264] uhci_hcd 0000:02:00.0: detected 2 ports
[    1.643677] uhci_hcd 0000:02:00.0: irq 18, io base 0x00002080
[    1.643788] usb usb2: New USB device found, idVendor=1d6b, idProduct=0001, bcdDevice= 5.15
[    1.643790] usb usb2: New USB device strings: Mfr=3, Product=2, SerialNumber=1
[    1.643791] usb usb2: Product: UHCI Host Controller
[    1.643792] usb usb2: Manufacturer: Linux 5.15.0-rc7+ uhci_hcd
[    1.643793] usb usb2: SerialNumber: 0000:02:00.0
[    1.644048] hub 2-0:1.0: USB hub found
[    1.644054] hub 2-0:1.0: 2 ports detected
[    1.644362] i8042: PNP: PS/2 Controller [PNP0303:KBC,PNP0f13:MOUS] at 0x60,0x64 irq 1,12
[    1.645276] serio: i8042 KBD port at 0x60,0x64 irq 1
[    1.645282] serio: i8042 AUX port at 0x60,0x64 irq 12
[    1.645639] mousedev: PS/2 mouse device common for all mice
[    1.648080] rtc_cmos 00:01: registered as rtc0
[    1.648160] rtc_cmos 00:01: setting system clock to 2021-11-11T21:29:15 UTC (1636666155)
[    1.648175] rtc_cmos 00:01: alarms up to one month, y3k, 114 bytes nvram, hpet irqs
[    1.648183] i2c_dev: i2c /dev entries driver
[    1.648195] device-mapper: core: CONFIG_IMA_DISABLE_HTABLE is disabled. Duplicate IMA measurements will not be recorded in the IMA log.
[    1.648257] device-mapper: uevent: version 1.0.3
[    1.648471] device-mapper: ioctl: 4.45.0-ioctl (2021-03-22) initialised: dm-devel@redhat.com
[    1.648552] platform eisa.0: Probing EISA bus 0
[    1.648555] platform eisa.0: EISA: Cannot allocate resource for mainboard
[    1.648556] platform eisa.0: Cannot allocate resource for EISA slot 1
[    1.648557] platform eisa.0: Cannot allocate resource for EISA slot 2
[    1.648558] platform eisa.0: Cannot allocate resource for EISA slot 3
[    1.648558] platform eisa.0: Cannot allocate resource for EISA slot 4
[    1.648559] platform eisa.0: Cannot allocate resource for EISA slot 5
[    1.648560] platform eisa.0: Cannot allocate resource for EISA slot 6
[    1.648561] platform eisa.0: Cannot allocate resource for EISA slot 7
[    1.648562] platform eisa.0: Cannot allocate resource for EISA slot 8
[    1.648562] platform eisa.0: EISA: Detected 0 cards
[    1.648564] intel_pstate: CPU model not supported
[    1.648670] input: AT Translated Set 2 keyboard as /devices/platform/i8042/serio0/input/input1
[    1.648854] ledtrig-cpu: registered to indicate activity on CPUs
[    1.649468] intel_pmc_core intel_pmc_core.0:  initialized
[    1.649640] drop_monitor: Initializing network drop monitor service
[    1.650115] NET: Registered PF_INET6 protocol family
[    1.881271] usb 2-1: new full-speed USB device number 2 using uhci_hcd
[    2.048346] usb 2-1: New USB device found, idVendor=0e0f, idProduct=0003, bcdDevice= 1.03
[    2.048351] usb 2-1: New USB device strings: Mfr=1, Product=2, SerialNumber=0
[    2.048352] usb 2-1: Product: VMware Virtual USB Mouse
[    2.048353] usb 2-1: Manufacturer: VMware
[    2.181521] usb 2-2: new full-speed USB device number 3 using uhci_hcd
[    2.285631] Freeing initrd memory: 52040K
[    2.296565] Segment Routing with IPv6
[    2.296576] In-situ OAM (IOAM) with IPv6
[    2.296720] NET: Registered PF_PACKET protocol family
[    2.297007] Key type dns_resolver registered
[    2.297657] IPI shorthand broadcast: enabled
[    2.297666] sched_clock: Marking stable (2291680428, 5856859)->(2362482139, -64944852)
[    2.298973] registered taskstats version 1
[    2.299132] Loading compiled-in X.509 certificates
[    2.300219] Loaded X.509 cert 'Build time autogenerated kernel key: c852d61b36159e5bab2247649cb992222403b7fc'
[    2.348534] usb 2-2: New USB device found, idVendor=0e0f, idProduct=0002, bcdDevice= 1.00
[    2.348539] usb 2-2: New USB device strings: Mfr=1, Product=2, SerialNumber=0
[    2.348540] usb 2-2: Product: VMware Virtual USB Hub
[    2.348542] usb 2-2: Manufacturer: VMware, Inc.
[    2.356994] hub 2-2:1.0: USB hub found
[    2.360429] hub 2-2:1.0: 7 ports detected
[    2.415105] zswap: loaded using pool lzo/zbud
[    2.416378] Key type ._fscrypt registered
[    2.416380] Key type .fscrypt registered
[    2.416381] Key type fscrypt-provisioning registered
[    2.422704] Key type encrypted registered
[    2.422709] AppArmor: AppArmor sha1 policy hashing enabled
[    2.422714] ima: No TPM chip found, activating TPM-bypass!
[    2.422718] Loading compiled-in module X.509 certificates
[    2.423104] Loaded X.509 cert 'Build time autogenerated kernel key: c852d61b36159e5bab2247649cb992222403b7fc'
[    2.423106] ima: Allocated hash algorithm: sha1
[    2.423110] ima: No architecture policies found
[    2.423191] evm: Initialising EVM extended attributes:
[    2.423192] evm: security.selinux
[    2.423193] evm: security.SMACK64
[    2.423193] evm: security.SMACK64EXEC
[    2.423193] evm: security.SMACK64TRANSMUTE
[    2.423194] evm: security.SMACK64MMAP
[    2.423194] evm: security.apparmor
[    2.423195] evm: security.ima
[    2.423195] evm: security.capability
[    2.423195] evm: HMAC attrs: 0x1
[    2.423999] PM:   Magic number: 13:13:500
[    2.424100] acpi PNP0C80:125: hash matches
[    2.424107] acpi PNP0C80:f0: hash matches
[    2.425074] RAS: Correctable Errors collector initialized.
[    2.427614] Freeing unused decrypted memory: 2036K
[    2.427957] Freeing unused kernel image (initmem) memory: 2876K
[    2.445127] Write protecting the kernel read-only data: 24576k
[    2.446112] Freeing unused kernel image (text/rodata gap) memory: 2036K
[    2.446660] Freeing unused kernel image (rodata/data gap) memory: 656K
[    2.456393] x86/mm: Checked W+X mappings: passed, no W+X pages found.
[    2.456401] Run /init as init process
[    2.456402]   with arguments:
[    2.456403]     /init
[    2.456404]     auto
[    2.456404]     noprompt
[    2.456405]   with environment:
[    2.456405]     HOME=/
[    2.456406]     TERM=linux
[    2.456406]     BOOT_IMAGE=/boot/vmlinuz-5.15.0-rc7+
[    2.456407]     find_preseed=/preseed.cfg
[    2.456407]     priority=critical
[    2.456407]     locale=en_US
[    2.738229] piix4_smbus 0000:00:07.3: SMBus Host Controller not enabled!
[    2.742831] ahci 0000:02:04.0: version 3.0
[    2.745888] hid: raw HID events driver (C) Jiri Kosina
[    2.745895] e1000: Intel(R) PRO/1000 Network Driver
[    2.745897] e1000: Copyright (c) 1999-2006 Intel Corporation.
[    2.748671] input: VirtualPS/2 VMware VMMouse as /devices/platform/i8042/serio1/input/input4
[    2.749142] input: VirtualPS/2 VMware VMMouse as /devices/platform/i8042/serio1/input/input3
[    2.754246] usbcore: registered new interface driver usbhid
[    2.754248] usbhid: USB HID core driver
[    2.760637] ahci 0000:02:04.0: AHCI 0001.0300 32 slots 30 ports 6 Gbps 0x3fffffff impl SATA mode
[    2.760642] ahci 0000:02:04.0: flags: 64bit ncq clo only 
[    2.778348] Fusion MPT base driver 3.04.20
[    2.778351] Copyright (c) 1999-2008 LSI Corporation
[    2.780748] Fusion MPT SPI Host driver 3.04.20
[    2.781369] input: VMware VMware Virtual USB Mouse as /devices/pci0000:00/0000:00:11.0/0000:02:00.0/usb2/2-1/2-1:1.0/0003:0E0F:0003.0001/input/input5
[    2.781536] hid-generic 0003:0E0F:0003.0001: input,hidraw0: USB HID v1.10 Mouse [VMware VMware Virtual USB Mouse] on usb-0000:02:00.0-1/input0
[    2.782168] mptbase: ioc0: Initiating bringup
[    2.788400] scsi host2: ahci
[    2.789048] scsi host3: ahci
[    2.789477] scsi host4: ahci
[    2.790150] scsi host5: ahci
[    2.790901] scsi host6: ahci
[    2.791429] scsi host7: ahci
[    2.792160] scsi host8: ahci
[    2.792676] scsi host9: ahci
[    2.793359] scsi host10: ahci
[    2.797563] scsi host11: ahci
[    2.802511] scsi host12: ahci
[    2.803334] scsi host13: ahci
[    2.804152] scsi host14: ahci
[    2.805023] scsi host15: ahci
[    2.809374] scsi host16: ahci
[    2.810381] scsi host17: ahci
[    2.811093] scsi host18: ahci
[    2.811837] scsi host19: ahci
[    2.813848] scsi host20: ahci
[    2.817599] scsi host21: ahci
[    2.819310] scsi host22: ahci
[    2.822236] scsi host23: ahci
[    2.823314] scsi host24: ahci
[    2.824678] scsi host25: ahci
[    2.825610] scsi host26: ahci
[    2.826379] scsi host27: ahci
[    2.827274] scsi host28: ahci
[    2.828246] scsi host29: ahci
[    2.829032] scsi host30: ahci
[    2.829809] scsi host31: ahci
[    2.830145] ata3: SATA max UDMA/133 abar m4096@0xfd5ee000 port 0xfd5ee100 irq 57
[    2.830147] ata4: SATA max UDMA/133 abar m4096@0xfd5ee000 port 0xfd5ee180 irq 57
[    2.830148] ata5: SATA max UDMA/133 abar m4096@0xfd5ee000 port 0xfd5ee200 irq 57
[    2.830149] ata6: SATA max UDMA/133 abar m4096@0xfd5ee000 port 0xfd5ee280 irq 57
[    2.830150] ata7: SATA max UDMA/133 abar m4096@0xfd5ee000 port 0xfd5ee300 irq 57
[    2.830151] ata8: SATA max UDMA/133 abar m4096@0xfd5ee000 port 0xfd5ee380 irq 57
[    2.830151] ata9: SATA max UDMA/133 abar m4096@0xfd5ee000 port 0xfd5ee400 irq 57
[    2.830152] ata10: SATA max UDMA/133 abar m4096@0xfd5ee000 port 0xfd5ee480 irq 57
[    2.830153] ata11: SATA max UDMA/133 abar m4096@0xfd5ee000 port 0xfd5ee500 irq 57
[    2.830154] ata12: SATA max UDMA/133 abar m4096@0xfd5ee000 port 0xfd5ee580 irq 57
[    2.830155] ata13: SATA max UDMA/133 abar m4096@0xfd5ee000 port 0xfd5ee600 irq 57
[    2.830156] ata14: SATA max UDMA/133 abar m4096@0xfd5ee000 port 0xfd5ee680 irq 57
[    2.830157] ata15: SATA max UDMA/133 abar m4096@0xfd5ee000 port 0xfd5ee700 irq 57
[    2.830157] ata16: SATA max UDMA/133 abar m4096@0xfd5ee000 port 0xfd5ee780 irq 57
[    2.830158] ata17: SATA max UDMA/133 abar m4096@0xfd5ee000 port 0xfd5ee800 irq 57
