[    0.000000] Linux version 5.15.0-rc7+ (archana@ubuntu) (gcc (Ubuntu 9.3.0-17ubuntu1~20.04) 9.3.0, GNU ld (GNU Binutils for Ubuntu) 2.34) #1 SMP Sat Oct 30 20:58:15 PDT 2021
[    0.000000] Command line: BOOT_IMAGE=/boot/vmlinuz-5.15.0-rc7+ root=UUID=e240b98d-0f33-4ad6-aa63-1bb7403e9ecf ro find_preseed=/preseed.cfg auto noprompt priority=critical locale=en_US quiet
[    0.000000] KERNEL supported cpus:
[    0.000000]   Intel GenuineIntel
[    0.000000]   AMD AuthenticAMD
[    0.000000]   Hygon HygonGenuine
[    0.000000]   Centaur CentaurHauls
[    0.000000]   zhaoxin   Shanghai  
[    0.000000] Disabled fast string operations
[    0.000000] x86/fpu: Supporting XSAVE feature 0x001: 'x87 floating point registers'
[    0.000000] x86/fpu: Supporting XSAVE feature 0x002: 'SSE registers'
[    0.000000] x86/fpu: Supporting XSAVE feature 0x004: 'AVX registers'
[    0.000000] x86/fpu: xstate_offset[2]:  576, xstate_sizes[2]:  256
[    0.000000] x86/fpu: Enabled xstate features 0x7, context size is 832 bytes, using 'compacted' format.
[    0.000000] signal: max sigframe size: 1776
[    0.000000] BIOS-provided physical RAM map:
[    0.000000] BIOS-e820: [mem 0x0000000000000000-0x000000000009e7ff] usable
[    0.000000] BIOS-e820: [mem 0x000000000009e800-0x000000000009ffff] reserved
[    0.000000] BIOS-e820: [mem 0x00000000000dc000-0x00000000000fffff] reserved
[    0.000000] BIOS-e820: [mem 0x0000000000100000-0x00000000bfecffff] usable
[    0.000000] BIOS-e820: [mem 0x00000000bfed0000-0x00000000bfefefff] ACPI data
[    0.000000] BIOS-e820: [mem 0x00000000bfeff000-0x00000000bfefffff] ACPI NVS
[    0.000000] BIOS-e820: [mem 0x00000000bff00000-0x00000000bfffffff] usable
[    0.000000] BIOS-e820: [mem 0x00000000f0000000-0x00000000f7ffffff] reserved
[    0.000000] BIOS-e820: [mem 0x00000000fec00000-0x00000000fec0ffff] reserved
[    0.000000] BIOS-e820: [mem 0x00000000fee00000-0x00000000fee00fff] reserved
[    0.000000] BIOS-e820: [mem 0x00000000fffe0000-0x00000000ffffffff] reserved
[    0.000000] BIOS-e820: [mem 0x0000000100000000-0x000000013fffffff] usable
[    0.000000] NX (Execute Disable) protection: active
[    0.000000] SMBIOS 2.7 present.
[    0.000000] DMI: VMware, Inc. VMware Virtual Platform/440BX Desktop Reference Platform, BIOS 6.00 11/12/2020
[    0.000000] vmware: hypercall mode: 0x02
[    0.000000] Hypervisor detected: VMware
[    0.000000] vmware: TSC freq read from hypervisor : 2112.003 MHz
[    0.000000] vmware: Host bus clock speed read from hypervisor : 66000000 Hz
[    0.000000] vmware: using clock offset of 11957027723 ns
[    0.000013] tsc: Detected 2112.003 MHz processor
[    0.001302] e820: update [mem 0x00000000-0x00000fff] usable ==> reserved
[    0.001305] e820: remove [mem 0x000a0000-0x000fffff] usable
[    0.001309] last_pfn = 0x140000 max_arch_pfn = 0x400000000
[    0.001330] x86/PAT: Configuration [0-7]: WB  WC  UC- UC  WB  WP  UC- WT  
[    0.001340] total RAM covered: 130048M
[    0.001461] Found optimal setting for mtrr clean up
[    0.001461]  gran_size: 64K 	chunk_size: 64K 	num_reg: 7  	lose cover RAM: 0G
[    0.001500] e820: update [mem 0xc0000000-0xffffffff] usable ==> reserved
[    0.001505] last_pfn = 0xc0000 max_arch_pfn = 0x400000000
[    0.009189] found SMP MP-table at [mem 0x000f6a70-0x000f6a7f]
[    0.009209] Using GB pages for direct mapping
[    0.009471] RAMDISK: [mem 0x31241000-0x34917fff]
[    0.009477] ACPI: Early table checksum verification disabled
[    0.009481] ACPI: RSDP 0x00000000000F6A00 000024 (v02 PTLTD )
[    0.009485] ACPI: XSDT 0x00000000BFEDC5D7 000064 (v01 INTEL  440BX    06040000 VMW  01324272)
[    0.009490] ACPI: FACP 0x00000000BFEFEE73 0000F4 (v04 INTEL  440BX    06040000 PTL  000F4240)
[    0.009496] ACPI: DSDT 0x00000000BFEDD9E8 02148B (v01 PTLTD  Custom   06040000 MSFT 03000001)
[    0.009512] ACPI: FACS 0x00000000BFEFFFC0 000040
[    0.009514] ACPI: FACS 0x00000000BFEFFFC0 000040
[    0.009517] ACPI: BOOT 0x00000000BFEDD9C0 000028 (v01 PTLTD  $SBFTBL$ 06040000  LTP 00000001)
[    0.009520] ACPI: APIC 0x00000000BFEDD27E 000742 (v01 PTLTD  ? APIC   06040000  LTP 00000000)
[    0.009523] ACPI: MCFG 0x00000000BFEDD242 00003C (v01 PTLTD  $PCITBL$ 06040000  LTP 00000001)
[    0.009547] ACPI: SRAT 0x00000000BFEDC72F 0008D0 (v02 VMWARE MEMPLUG  06040000 VMW  00000001)
[    0.009550] ACPI: HPET 0x00000000BFEDC6F7 000038 (v01 VMWARE VMW HPET 06040000 VMW  00000001)
[    0.009553] ACPI: WAET 0x00000000BFEDC6CF 000028 (v01 VMWARE VMW WAET 06040000 VMW  00000001)
[    0.009575] ACPI: DMAR 0x00000000BFEDC67F 000050 (v01 VMWARE VMW DMAR 06040000 VMW  00000001)
[    0.009578] ACPI: Reserving FACP table memory at [mem 0xbfefee73-0xbfefef66]
[    0.009580] ACPI: Reserving DSDT table memory at [mem 0xbfedd9e8-0xbfefee72]
[    0.009580] ACPI: Reserving FACS table memory at [mem 0xbfefffc0-0xbfefffff]
[    0.009581] ACPI: Reserving FACS table memory at [mem 0xbfefffc0-0xbfefffff]
[    0.009582] ACPI: Reserving BOOT table memory at [mem 0xbfedd9c0-0xbfedd9e7]
[    0.009583] ACPI: Reserving APIC table memory at [mem 0xbfedd27e-0xbfedd9bf]
[    0.009583] ACPI: Reserving MCFG table memory at [mem 0xbfedd242-0xbfedd27d]
[    0.009584] ACPI: Reserving SRAT table memory at [mem 0xbfedc72f-0xbfedcffe]
[    0.009585] ACPI: Reserving HPET table memory at [mem 0xbfedc6f7-0xbfedc72e]
[    0.009585] ACPI: Reserving WAET table memory at [mem 0xbfedc6cf-0xbfedc6f6]
[    0.009586] ACPI: Reserving DMAR table memory at [mem 0xbfedc67f-0xbfedc6ce]
[    0.009621] system APIC only can use physical flat
[    0.009622] Setting APIC routing to physical flat.
[    0.009712] SRAT: PXM 0 -> APIC 0x00 -> Node 0
[    0.009713] SRAT: PXM 0 -> APIC 0x01 -> Node 0
[    0.009713] SRAT: PXM 0 -> APIC 0x02 -> Node 0
[    0.009714] SRAT: PXM 0 -> APIC 0x04 -> Node 0
[    0.009714] SRAT: PXM 0 -> APIC 0x05 -> Node 0
[    0.009715] SRAT: PXM 0 -> APIC 0x06 -> Node 0
[    0.009715] SRAT: PXM 0 -> APIC 0x08 -> Node 0
[    0.009716] SRAT: PXM 0 -> APIC 0x09 -> Node 0
[    0.009716] SRAT: PXM 0 -> APIC 0x0a -> Node 0
[    0.009717] SRAT: PXM 0 -> APIC 0x0c -> Node 0
[    0.009717] SRAT: PXM 0 -> APIC 0x0d -> Node 0
[    0.009718] SRAT: PXM 0 -> APIC 0x0e -> Node 0
[    0.009718] SRAT: PXM 0 -> APIC 0x10 -> Node 0
[    0.009719] SRAT: PXM 0 -> APIC 0x11 -> Node 0
[    0.009720] SRAT: PXM 0 -> APIC 0x12 -> Node 0
[    0.009720] SRAT: PXM 0 -> APIC 0x14 -> Node 0
[    0.009721] SRAT: PXM 0 -> APIC 0x15 -> Node 0
[    0.009721] SRAT: PXM 0 -> APIC 0x16 -> Node 0
[    0.009722] SRAT: PXM 0 -> APIC 0x18 -> Node 0
[    0.009722] SRAT: PXM 0 -> APIC 0x19 -> Node 0
[    0.009723] SRAT: PXM 0 -> APIC 0x1a -> Node 0
[    0.009723] SRAT: PXM 0 -> APIC 0x1c -> Node 0
[    0.009724] SRAT: PXM 0 -> APIC 0x1d -> Node 0
[    0.009724] SRAT: PXM 0 -> APIC 0x1e -> Node 0
[    0.009725] SRAT: PXM 0 -> APIC 0x20 -> Node 0
[    0.009725] SRAT: PXM 0 -> APIC 0x21 -> Node 0
[    0.009726] SRAT: PXM 0 -> APIC 0x22 -> Node 0
[    0.009726] SRAT: PXM 0 -> APIC 0x24 -> Node 0
[    0.009727] SRAT: PXM 0 -> APIC 0x25 -> Node 0
[    0.009727] SRAT: PXM 0 -> APIC 0x26 -> Node 0
[    0.009728] SRAT: PXM 0 -> APIC 0x28 -> Node 0
[    0.009728] SRAT: PXM 0 -> APIC 0x29 -> Node 0
[    0.009729] SRAT: PXM 0 -> APIC 0x2a -> Node 0
[    0.009729] SRAT: PXM 0 -> APIC 0x2c -> Node 0
[    0.009730] SRAT: PXM 0 -> APIC 0x2d -> Node 0
[    0.009730] SRAT: PXM 0 -> APIC 0x2e -> Node 0
[    0.009731] SRAT: PXM 0 -> APIC 0x30 -> Node 0
[    0.009731] SRAT: PXM 0 -> APIC 0x31 -> Node 0
[    0.009732] SRAT: PXM 0 -> APIC 0x32 -> Node 0
[    0.009732] SRAT: PXM 0 -> APIC 0x34 -> Node 0
[    0.009733] SRAT: PXM 0 -> APIC 0x35 -> Node 0
[    0.009733] SRAT: PXM 0 -> APIC 0x36 -> Node 0
[    0.009734] SRAT: PXM 0 -> APIC 0x38 -> Node 0
[    0.009734] SRAT: PXM 0 -> APIC 0x39 -> Node 0
[    0.009735] SRAT: PXM 0 -> APIC 0x3a -> Node 0
[    0.009735] SRAT: PXM 0 -> APIC 0x3c -> Node 0
[    0.009736] SRAT: PXM 0 -> APIC 0x3d -> Node 0
[    0.009736] SRAT: PXM 0 -> APIC 0x3e -> Node 0
[    0.009737] SRAT: PXM 0 -> APIC 0x40 -> Node 0
[    0.009737] SRAT: PXM 0 -> APIC 0x41 -> Node 0
[    0.009738] SRAT: PXM 0 -> APIC 0x42 -> Node 0
[    0.009738] SRAT: PXM 0 -> APIC 0x44 -> Node 0
[    0.009739] SRAT: PXM 0 -> APIC 0x45 -> Node 0
[    0.009739] SRAT: PXM 0 -> APIC 0x46 -> Node 0
[    0.009740] SRAT: PXM 0 -> APIC 0x48 -> Node 0
[    0.009740] SRAT: PXM 0 -> APIC 0x49 -> Node 0
[    0.009741] SRAT: PXM 0 -> APIC 0x4a -> Node 0
[    0.009741] SRAT: PXM 0 -> APIC 0x4c -> Node 0
[    0.009742] SRAT: PXM 0 -> APIC 0x4d -> Node 0
[    0.009742] SRAT: PXM 0 -> APIC 0x4e -> Node 0
[    0.009743] SRAT: PXM 0 -> APIC 0x50 -> Node 0
[    0.009743] SRAT: PXM 0 -> APIC 0x51 -> Node 0
[    0.009744] SRAT: PXM 0 -> APIC 0x52 -> Node 0
[    0.009744] SRAT: PXM 0 -> APIC 0x54 -> Node 0
[    0.009745] SRAT: PXM 0 -> APIC 0x55 -> Node 0
[    0.009745] SRAT: PXM 0 -> APIC 0x56 -> Node 0
[    0.009746] SRAT: PXM 0 -> APIC 0x58 -> Node 0
[    0.009746] SRAT: PXM 0 -> APIC 0x59 -> Node 0
[    0.009747] SRAT: PXM 0 -> APIC 0x5a -> Node 0
[    0.009747] SRAT: PXM 0 -> APIC 0x5c -> Node 0
[    0.009748] SRAT: PXM 0 -> APIC 0x5d -> Node 0
[    0.009748] SRAT: PXM 0 -> APIC 0x5e -> Node 0
[    0.009749] SRAT: PXM 0 -> APIC 0x60 -> Node 0
[    0.009749] SRAT: PXM 0 -> APIC 0x61 -> Node 0
[    0.009750] SRAT: PXM 0 -> APIC 0x62 -> Node 0
[    0.009751] SRAT: PXM 0 -> APIC 0x64 -> Node 0
[    0.009751] SRAT: PXM 0 -> APIC 0x65 -> Node 0
[    0.009752] SRAT: PXM 0 -> APIC 0x66 -> Node 0
[    0.009752] SRAT: PXM 0 -> APIC 0x68 -> Node 0
[    0.009753] SRAT: PXM 0 -> APIC 0x69 -> Node 0
[    0.009753] SRAT: PXM 0 -> APIC 0x6a -> Node 0
[    0.009754] SRAT: PXM 0 -> APIC 0x6c -> Node 0
[    0.009754] SRAT: PXM 0 -> APIC 0x6d -> Node 0
[    0.009755] SRAT: PXM 0 -> APIC 0x6e -> Node 0
[    0.009755] SRAT: PXM 0 -> APIC 0x70 -> Node 0
[    0.009756] SRAT: PXM 0 -> APIC 0x71 -> Node 0
[    0.009756] SRAT: PXM 0 -> APIC 0x72 -> Node 0
[    0.009757] SRAT: PXM 0 -> APIC 0x74 -> Node 0
[    0.009757] SRAT: PXM 0 -> APIC 0x75 -> Node 0
[    0.009758] SRAT: PXM 0 -> APIC 0x76 -> Node 0
[    0.009758] SRAT: PXM 0 -> APIC 0x78 -> Node 0
[    0.009759] SRAT: PXM 0 -> APIC 0x79 -> Node 0
[    0.009759] SRAT: PXM 0 -> APIC 0x7a -> Node 0
[    0.009760] SRAT: PXM 0 -> APIC 0x7c -> Node 0
[    0.009760] SRAT: PXM 0 -> APIC 0x7d -> Node 0
[    0.009761] SRAT: PXM 0 -> APIC 0x7e -> Node 0
[    0.009761] SRAT: PXM 0 -> APIC 0x80 -> Node 0
[    0.009762] SRAT: PXM 0 -> APIC 0x81 -> Node 0
[    0.009762] SRAT: PXM 0 -> APIC 0x82 -> Node 0
[    0.009763] SRAT: PXM 0 -> APIC 0x84 -> Node 0
[    0.009763] SRAT: PXM 0 -> APIC 0x85 -> Node 0
[    0.009764] SRAT: PXM 0 -> APIC 0x86 -> Node 0
[    0.009764] SRAT: PXM 0 -> APIC 0x88 -> Node 0
[    0.009765] SRAT: PXM 0 -> APIC 0x89 -> Node 0
[    0.009765] SRAT: PXM 0 -> APIC 0x8a -> Node 0
[    0.009766] SRAT: PXM 0 -> APIC 0x8c -> Node 0
[    0.009766] SRAT: PXM 0 -> APIC 0x8d -> Node 0
[    0.009767] SRAT: PXM 0 -> APIC 0x8e -> Node 0
[    0.009767] SRAT: PXM 0 -> APIC 0x90 -> Node 0
[    0.009768] SRAT: PXM 0 -> APIC 0x91 -> Node 0
[    0.009768] SRAT: PXM 0 -> APIC 0x92 -> Node 0
[    0.009769] SRAT: PXM 0 -> APIC 0x94 -> Node 0
[    0.009769] SRAT: PXM 0 -> APIC 0x95 -> Node 0
[    0.009770] SRAT: PXM 0 -> APIC 0x96 -> Node 0
[    0.009770] SRAT: PXM 0 -> APIC 0x98 -> Node 0
[    0.009771] SRAT: PXM 0 -> APIC 0x99 -> Node 0
[    0.009771] SRAT: PXM 0 -> APIC 0x9a -> Node 0
[    0.009772] SRAT: PXM 0 -> APIC 0x9c -> Node 0
[    0.009772] SRAT: PXM 0 -> APIC 0x9d -> Node 0
[    0.009773] SRAT: PXM 0 -> APIC 0x9e -> Node 0
[    0.009773] SRAT: PXM 0 -> APIC 0xa0 -> Node 0
[    0.009774] SRAT: PXM 0 -> APIC 0xa1 -> Node 0
[    0.009774] SRAT: PXM 0 -> APIC 0xa2 -> Node 0
[    0.009775] SRAT: PXM 0 -> APIC 0xa4 -> Node 0
[    0.009775] SRAT: PXM 0 -> APIC 0xa5 -> Node 0
[    0.009776] SRAT: PXM 0 -> APIC 0xa6 -> Node 0
[    0.009776] SRAT: PXM 0 -> APIC 0xa8 -> Node 0
[    0.009777] SRAT: PXM 0 -> APIC 0xa9 -> Node 0
[    0.009780] ACPI: SRAT: Node 0 PXM 0 [mem 0x00000000-0x0009ffff]
[    0.009781] ACPI: SRAT: Node 0 PXM 0 [mem 0x00100000-0xbfffffff]
[    0.009782] ACPI: SRAT: Node 0 PXM 0 [mem 0x100000000-0x13fffffff]
[    0.009783] ACPI: SRAT: Node 0 PXM 0 [mem 0x140000000-0x103fffffff] hotplug
[    0.009785] NUMA: Node 0 [mem 0x00000000-0x0009ffff] + [mem 0x00100000-0xbfffffff] -> [mem 0x00000000-0xbfffffff]
[    0.009787] NUMA: Node 0 [mem 0x00000000-0xbfffffff] + [mem 0x100000000-0x13fffffff] -> [mem 0x00000000-0x13fffffff]
[    0.009793] NODE_DATA(0) allocated [mem 0x13ffd4000-0x13fffdfff]
[    0.010652] Zone ranges:
[    0.010653]   DMA      [mem 0x0000000000001000-0x0000000000ffffff]
[    0.010655]   DMA32    [mem 0x0000000001000000-0x00000000ffffffff]
[    0.010656]   Normal   [mem 0x0000000100000000-0x000000013fffffff]
[    0.010657]   Device   empty
[    0.010658] Movable zone start for each node
[    0.010660] Early memory node ranges
[    0.010661]   node   0: [mem 0x0000000000001000-0x000000000009dfff]
[    0.010662]   node   0: [mem 0x0000000000100000-0x00000000bfecffff]
[    0.010663]   node   0: [mem 0x00000000bff00000-0x00000000bfffffff]
[    0.010663]   node   0: [mem 0x0000000100000000-0x000000013fffffff]
[    0.010664] Initmem setup node 0 [mem 0x0000000000001000-0x000000013fffffff]
[    0.010725] On node 0, zone DMA: 1 pages in unavailable ranges
[    0.011454] On node 0, zone DMA: 98 pages in unavailable ranges
[    0.163114] On node 0, zone DMA32: 48 pages in unavailable ranges
[    0.216796] ACPI: PM-Timer IO Port: 0x1008
[    0.216806] system APIC only can use physical flat
[    0.216817] ACPI: LAPIC_NMI (acpi_id[0x00] high edge lint[0x1])
[    0.216819] ACPI: LAPIC_NMI (acpi_id[0x01] high edge lint[0x1])
[    0.216820] ACPI: LAPIC_NMI (acpi_id[0x02] high edge lint[0x1])
[    0.216821] ACPI: LAPIC_NMI (acpi_id[0x03] high edge lint[0x1])
[    0.216821] ACPI: LAPIC_NMI (acpi_id[0x04] high edge lint[0x1])
[    0.216822] ACPI: LAPIC_NMI (acpi_id[0x05] high edge lint[0x1])
[    0.216822] ACPI: LAPIC_NMI (acpi_id[0x06] high edge lint[0x1])
[    0.216823] ACPI: LAPIC_NMI (acpi_id[0x07] high edge lint[0x1])
[    0.216823] ACPI: LAPIC_NMI (acpi_id[0x08] high edge lint[0x1])
[    0.216824] ACPI: LAPIC_NMI (acpi_id[0x09] high edge lint[0x1])
[    0.216825] ACPI: LAPIC_NMI (acpi_id[0x0a] high edge lint[0x1])
[    0.216825] ACPI: LAPIC_NMI (acpi_id[0x0b] high edge lint[0x1])
[    0.216826] ACPI: LAPIC_NMI (acpi_id[0x0c] high edge lint[0x1])
[    0.216826] ACPI: LAPIC_NMI (acpi_id[0x0d] high edge lint[0x1])
[    0.216827] ACPI: LAPIC_NMI (acpi_id[0x0e] high edge lint[0x1])
[    0.216827] ACPI: LAPIC_NMI (acpi_id[0x0f] high edge lint[0x1])
[    0.216828] ACPI: LAPIC_NMI (acpi_id[0x10] high edge lint[0x1])
[    0.216829] ACPI: LAPIC_NMI (acpi_id[0x11] high edge lint[0x1])
[    0.216829] ACPI: LAPIC_NMI (acpi_id[0x12] high edge lint[0x1])
[    0.216830] ACPI: LAPIC_NMI (acpi_id[0x13] high edge lint[0x1])
[    0.216830] ACPI: LAPIC_NMI (acpi_id[0x14] high edge lint[0x1])
[    0.216831] ACPI: LAPIC_NMI (acpi_id[0x15] high edge lint[0x1])
[    0.216831] ACPI: LAPIC_NMI (acpi_id[0x16] high edge lint[0x1])
[    0.216832] ACPI: LAPIC_NMI (acpi_id[0x17] high edge lint[0x1])
[    0.216833] ACPI: LAPIC_NMI (acpi_id[0x18] high edge lint[0x1])
[    0.216833] ACPI: LAPIC_NMI (acpi_id[0x19] high edge lint[0x1])
[    0.216834] ACPI: LAPIC_NMI (acpi_id[0x1a] high edge lint[0x1])
[    0.216834] ACPI: LAPIC_NMI (acpi_id[0x1b] high edge lint[0x1])
[    0.216835] ACPI: LAPIC_NMI (acpi_id[0x1c] high edge lint[0x1])
[    0.216835] ACPI: LAPIC_NMI (acpi_id[0x1d] high edge lint[0x1])
[    0.216836] ACPI: LAPIC_NMI (acpi_id[0x1e] high edge lint[0x1])
[    0.216837] ACPI: LAPIC_NMI (acpi_id[0x1f] high edge lint[0x1])
[    0.216837] ACPI: LAPIC_NMI (acpi_id[0x20] high edge lint[0x1])
[    0.216838] ACPI: LAPIC_NMI (acpi_id[0x21] high edge lint[0x1])
[    0.216838] ACPI: LAPIC_NMI (acpi_id[0x22] high edge lint[0x1])
[    0.216839] ACPI: LAPIC_NMI (acpi_id[0x23] high edge lint[0x1])
[    0.216839] ACPI: LAPIC_NMI (acpi_id[0x24] high edge lint[0x1])
[    0.216840] ACPI: LAPIC_NMI (acpi_id[0x25] high edge lint[0x1])
[    0.216841] ACPI: LAPIC_NMI (acpi_id[0x26] high edge lint[0x1])
[    0.216841] ACPI: LAPIC_NMI (acpi_id[0x27] high edge lint[0x1])
[    0.216842] ACPI: LAPIC_NMI (acpi_id[0x28] high edge lint[0x1])
[    0.216842] ACPI: LAPIC_NMI (acpi_id[0x29] high edge lint[0x1])
[    0.216843] ACPI: LAPIC_NMI (acpi_id[0x2a] high edge lint[0x1])
[    0.216843] ACPI: LAPIC_NMI (acpi_id[0x2b] high edge lint[0x1])
[    0.216844] ACPI: LAPIC_NMI (acpi_id[0x2c] high edge lint[0x1])
[    0.216845] ACPI: LAPIC_NMI (acpi_id[0x2d] high edge lint[0x1])
[    0.216845] ACPI: LAPIC_NMI (acpi_id[0x2e] high edge lint[0x1])
[    0.216846] ACPI: LAPIC_NMI (acpi_id[0x2f] high edge lint[0x1])
[    0.216846] ACPI: LAPIC_NMI (acpi_id[0x30] high edge lint[0x1])
[    0.216847] ACPI: LAPIC_NMI (acpi_id[0x31] high edge lint[0x1])
[    0.216847] ACPI: LAPIC_NMI (acpi_id[0x32] high edge lint[0x1])
[    0.216848] ACPI: LAPIC_NMI (acpi_id[0x33] high edge lint[0x1])
[    0.216849] ACPI: LAPIC_NMI (acpi_id[0x34] high edge lint[0x1])
[    0.216849] ACPI: LAPIC_NMI (acpi_id[0x35] high edge lint[0x1])
[    0.216850] ACPI: LAPIC_NMI (acpi_id[0x36] high edge lint[0x1])
[    0.216850] ACPI: LAPIC_NMI (acpi_id[0x37] high edge lint[0x1])
[    0.216851] ACPI: LAPIC_NMI (acpi_id[0x38] high edge lint[0x1])
[    0.216851] ACPI: LAPIC_NMI (acpi_id[0x39] high edge lint[0x1])
[    0.216852] ACPI: LAPIC_NMI (acpi_id[0x3a] high edge lint[0x1])
[    0.216853] ACPI: LAPIC_NMI (acpi_id[0x3b] high edge lint[0x1])
[    0.216853] ACPI: LAPIC_NMI (acpi_id[0x3c] high edge lint[0x1])
[    0.216854] ACPI: LAPIC_NMI (acpi_id[0x3d] high edge lint[0x1])
[    0.216854] ACPI: LAPIC_NMI (acpi_id[0x3e] high edge lint[0x1])
[    0.216855] ACPI: LAPIC_NMI (acpi_id[0x3f] high edge lint[0x1])
[    0.216855] ACPI: LAPIC_NMI (acpi_id[0x40] high edge lint[0x1])
[    0.216856] ACPI: LAPIC_NMI (acpi_id[0x41] high edge lint[0x1])
[    0.216857] ACPI: LAPIC_NMI (acpi_id[0x42] high edge lint[0x1])
[    0.216857] ACPI: LAPIC_NMI (acpi_id[0x43] high edge lint[0x1])
[    0.216858] ACPI: LAPIC_NMI (acpi_id[0x44] high edge lint[0x1])
[    0.216858] ACPI: LAPIC_NMI (acpi_id[0x45] high edge lint[0x1])
[    0.216859] ACPI: LAPIC_NMI (acpi_id[0x46] high edge lint[0x1])
[    0.216859] ACPI: LAPIC_NMI (acpi_id[0x47] high edge lint[0x1])
[    0.216860] ACPI: LAPIC_NMI (acpi_id[0x48] high edge lint[0x1])
[    0.216861] ACPI: LAPIC_NMI (acpi_id[0x49] high edge lint[0x1])
[    0.216861] ACPI: LAPIC_NMI (acpi_id[0x4a] high edge lint[0x1])
[    0.216862] ACPI: LAPIC_NMI (acpi_id[0x4b] high edge lint[0x1])
[    0.216862] ACPI: LAPIC_NMI (acpi_id[0x4c] high edge lint[0x1])
[    0.216863] ACPI: LAPIC_NMI (acpi_id[0x4d] high edge lint[0x1])
[    0.216863] ACPI: LAPIC_NMI (acpi_id[0x4e] high edge lint[0x1])
[    0.216864] ACPI: LAPIC_NMI (acpi_id[0x4f] high edge lint[0x1])
[    0.216865] ACPI: LAPIC_NMI (acpi_id[0x50] high edge lint[0x1])
[    0.216865] ACPI: LAPIC_NMI (acpi_id[0x51] high edge lint[0x1])
[    0.216866] ACPI: LAPIC_NMI (acpi_id[0x52] high edge lint[0x1])
[    0.216866] ACPI: LAPIC_NMI (acpi_id[0x53] high edge lint[0x1])
[    0.216867] ACPI: LAPIC_NMI (acpi_id[0x54] high edge lint[0x1])
[    0.216867] ACPI: LAPIC_NMI (acpi_id[0x55] high edge lint[0x1])
[    0.216868] ACPI: LAPIC_NMI (acpi_id[0x56] high edge lint[0x1])
[    0.216869] ACPI: LAPIC_NMI (acpi_id[0x57] high edge lint[0x1])
[    0.216869] ACPI: LAPIC_NMI (acpi_id[0x58] high edge lint[0x1])
[    0.216870] ACPI: LAPIC_NMI (acpi_id[0x59] high edge lint[0x1])
[    0.216870] ACPI: LAPIC_NMI (acpi_id[0x5a] high edge lint[0x1])
[    0.216871] ACPI: LAPIC_NMI (acpi_id[0x5b] high edge lint[0x1])
[    0.216871] ACPI: LAPIC_NMI (acpi_id[0x5c] high edge lint[0x1])
[    0.216872] ACPI: LAPIC_NMI (acpi_id[0x5d] high edge lint[0x1])
[    0.216873] ACPI: LAPIC_NMI (acpi_id[0x5e] high edge lint[0x1])
[    0.216873] ACPI: LAPIC_NMI (acpi_id[0x5f] high edge lint[0x1])
[    0.216874] ACPI: LAPIC_NMI (acpi_id[0x60] high edge lint[0x1])
[    0.216874] ACPI: LAPIC_NMI (acpi_id[0x61] high edge lint[0x1])
[    0.216875] ACPI: LAPIC_NMI (acpi_id[0x62] high edge lint[0x1])
[    0.216875] ACPI: LAPIC_NMI (acpi_id[0x63] high edge lint[0x1])
[    0.216876] ACPI: LAPIC_NMI (acpi_id[0x64] high edge lint[0x1])
[    0.216877] ACPI: LAPIC_NMI (acpi_id[0x65] high edge lint[0x1])
[    0.216877] ACPI: LAPIC_NMI (acpi_id[0x66] high edge lint[0x1])
[    0.216878] ACPI: LAPIC_NMI (acpi_id[0x67] high edge lint[0x1])
[    0.216878] ACPI: LAPIC_NMI (acpi_id[0x68] high edge lint[0x1])
[    0.216879] ACPI: LAPIC_NMI (acpi_id[0x69] high edge lint[0x1])
[    0.216879] ACPI: LAPIC_NMI (acpi_id[0x6a] high edge lint[0x1])
[    0.216880] ACPI: LAPIC_NMI (acpi_id[0x6b] high edge lint[0x1])
[    0.216881] ACPI: LAPIC_NMI (acpi_id[0x6c] high edge lint[0x1])
[    0.216881] ACPI: LAPIC_NMI (acpi_id[0x6d] high edge lint[0x1])
[    0.216882] ACPI: LAPIC_NMI (acpi_id[0x6e] high edge lint[0x1])
[    0.216882] ACPI: LAPIC_NMI (acpi_id[0x6f] high edge lint[0x1])
[    0.216883] ACPI: LAPIC_NMI (acpi_id[0x70] high edge lint[0x1])
[    0.216883] ACPI: LAPIC_NMI (acpi_id[0x71] high edge lint[0x1])
[    0.216884] ACPI: LAPIC_NMI (acpi_id[0x72] high edge lint[0x1])
[    0.216885] ACPI: LAPIC_NMI (acpi_id[0x73] high edge lint[0x1])
[    0.216885] ACPI: LAPIC_NMI (acpi_id[0x74] high edge lint[0x1])
[    0.216886] ACPI: LAPIC_NMI (acpi_id[0x75] high edge lint[0x1])
[    0.216886] ACPI: LAPIC_NMI (acpi_id[0x76] high edge lint[0x1])
[    0.216887] ACPI: LAPIC_NMI (acpi_id[0x77] high edge lint[0x1])
[    0.216887] ACPI: LAPIC_NMI (acpi_id[0x78] high edge lint[0x1])
[    0.216888] ACPI: LAPIC_NMI (acpi_id[0x79] high edge lint[0x1])
[    0.216889] ACPI: LAPIC_NMI (acpi_id[0x7a] high edge lint[0x1])
[    0.216889] ACPI: LAPIC_NMI (acpi_id[0x7b] high edge lint[0x1])
[    0.216890] ACPI: LAPIC_NMI (acpi_id[0x7c] high edge lint[0x1])
[    0.216890] ACPI: LAPIC_NMI (acpi_id[0x7d] high edge lint[0x1])
[    0.216891] ACPI: LAPIC_NMI (acpi_id[0x7e] high edge lint[0x1])
[    0.216891] ACPI: LAPIC_NMI (acpi_id[0x7f] high edge lint[0x1])
[    0.216924] IOAPIC[0]: apic_id 3, version 32, address 0xfec00000, GSI 0-23
[    0.216929] ACPI: INT_SRC_OVR (bus 0 bus_irq 0 global_irq 2 high edge)
[    0.216934] ACPI: Using ACPI (MADT) for SMP configuration information
[    0.216936] ACPI: HPET id: 0x8086af01 base: 0xfed00000
[    0.216940] TSC deadline timer available
[    0.216956] smpboot: Allowing 128 CPUs, 125 hotplug CPUs
[    0.216969] PM: hibernation: Registered nosave memory: [mem 0x00000000-0x00000fff]
[    0.216971] PM: hibernation: Registered nosave memory: [mem 0x0009e000-0x0009efff]
[    0.216971] PM: hibernation: Registered nosave memory: [mem 0x0009f000-0x0009ffff]
[    0.216972] PM: hibernation: Registered nosave memory: [mem 0x000a0000-0x000dbfff]
[    0.216972] PM: hibernation: Registered nosave memory: [mem 0x000dc000-0x000fffff]
[    0.216973] PM: hibernation: Registered nosave memory: [mem 0xbfed0000-0xbfefefff]
[    0.216974] PM: hibernation: Registered nosave memory: [mem 0xbfeff000-0xbfefffff]
[    0.217032] PM: hibernation: Registered nosave memory: [mem 0xc0000000-0xefffffff]
[    0.217034] PM: hibernation: Registered nosave memory: [mem 0xf0000000-0xf7ffffff]
[    0.217035] PM: hibernation: Registered nosave memory: [mem 0xf8000000-0xfebfffff]
[    0.217035] PM: hibernation: Registered nosave memory: [mem 0xfec00000-0xfec0ffff]
[    0.217036] PM: hibernation: Registered nosave memory: [mem 0xfec10000-0xfedfffff]
[    0.217036] PM: hibernation: Registered nosave memory: [mem 0xfee00000-0xfee00fff]
[    0.217037] PM: hibernation: Registered nosave memory: [mem 0xfee01000-0xfffdffff]
[    0.217037] PM: hibernation: Registered nosave memory: [mem 0xfffe0000-0xffffffff]
[    0.217039] [mem 0xc0000000-0xefffffff] available for PCI devices
[    0.217040] Booting paravirtualized kernel on VMware hypervisor
[    0.217044] clocksource: refined-jiffies: mask: 0xffffffff max_cycles: 0xffffffff, max_idle_ns: 7645519600211568 ns
[    0.217051] setup_percpu: NR_CPUS:8192 nr_cpumask_bits:128 nr_cpu_ids:128 nr_node_ids:1
[    0.319862] percpu: Embedded 53 pages/cpu s180224 r8192 d28672 u262144
[    0.319877] pcpu-alloc: s180224 r8192 d28672 u262144 alloc=1*2097152
[    0.319880] pcpu-alloc: [0] 000 001 002 003 004 005 006 007 
[    0.319883] pcpu-alloc: [0] 008 009 010 011 012 013 014 015 
[    0.319887] pcpu-alloc: [0] 016 017 018 019 020 021 022 023 
[    0.319890] pcpu-alloc: [0] 024 025 026 027 028 029 030 031 
[    0.319893] pcpu-alloc: [0] 032 033 034 035 036 037 038 039 
[    0.319896] pcpu-alloc: [0] 040 041 042 043 044 045 046 047 
[    0.319899] pcpu-alloc: [0] 048 049 050 051 052 053 054 055 
[    0.319903] pcpu-alloc: [0] 056 057 058 059 060 061 062 063 
[    0.319906] pcpu-alloc: [0] 064 065 066 067 068 069 070 071 
[    0.319909] pcpu-alloc: [0] 072 073 074 075 076 077 078 079 
[    0.319912] pcpu-alloc: [0] 080 081 082 083 084 085 086 087 
[    0.319915] pcpu-alloc: [0] 088 089 090 091 092 093 094 095 
[    0.319918] pcpu-alloc: [0] 096 097 098 099 100 101 102 103 
[    0.319921] pcpu-alloc: [0] 104 105 106 107 108 109 110 111 
[    0.319924] pcpu-alloc: [0] 112 113 114 115 116 117 118 119 
[    0.319928] pcpu-alloc: [0] 120 121 122 123 124 125 126 127 
[    0.320000] Built 1 zonelists, mobility grouping on.  Total pages: 1031888
[    0.320002] Policy zone: Normal
[    0.320004] Kernel command line: BOOT_IMAGE=/boot/vmlinuz-5.15.0-rc7+ root=UUID=e240b98d-0f33-4ad6-aa63-1bb7403e9ecf ro find_preseed=/preseed.cfg auto noprompt priority=critical locale=en_US quiet
[    0.320101] Unknown command line parameters: auto noprompt BOOT_IMAGE=/boot/vmlinuz-5.15.0-rc7+ find_preseed=/preseed.cfg priority=critical locale=en_US
[    0.320103] printk: log_buf_len individual max cpu contribution: 4096 bytes
[    0.320103] printk: log_buf_len total cpu_extra contributions: 520192 bytes
[    0.320104] printk: log_buf_len min size: 262144 bytes
[    0.334768] printk: log_buf_len: 1048576 bytes
[    0.334773] printk: early log buf free: 237568(90%)
[    0.347388] Dentry cache hash table entries: 524288 (order: 10, 4194304 bytes, linear)
[    0.353773] Inode-cache hash table entries: 262144 (order: 9, 2097152 bytes, linear)
[    0.355821] mem auto-init: stack:off, heap alloc:on, heap free:off
[    0.465722] Memory: 3929720K/4193716K available (16393K kernel code, 3527K rwdata, 5488K rodata, 2876K init, 5740K bss, 263736K reserved, 0K cma-reserved)
[    0.465728] random: get_random_u64 called from __kmem_cache_create+0x2d/0x450 with crng_init=0
[    0.466396] SLUB: HWalign=64, Order=0-3, MinObjects=0, CPUs=128, Nodes=1
[    0.466536] ftrace: allocating 48946 entries in 192 pages
[    0.482362] ftrace: allocated 192 pages with 2 groups
[    0.483672] rcu: Hierarchical RCU implementation.
[    0.483674] rcu: 	RCU restricting CPUs from NR_CPUS=8192 to nr_cpu_ids=128.
[    0.483676] 	Rude variant of Tasks RCU enabled.
[    0.483676] 	Tracing variant of Tasks RCU enabled.
[    0.483677] rcu: RCU calculated value of scheduler-enlistment delay is 25 jiffies.
[    0.483677] rcu: Adjusting geometry for rcu_fanout_leaf=16, nr_cpu_ids=128
[    0.488499] NR_IRQS: 524544, nr_irqs: 1448, preallocated irqs: 16
[    0.488927] random: crng done (trusting CPU's manufacturer)
[    0.490296] Console: colour VGA+ 80x25
[    0.490317] printk: console [tty0] enabled
[    0.490391] ACPI: Core revision 20210730
[    0.491003] clocksource: hpet: mask: 0xffffffff max_cycles: 0xffffffff, max_idle_ns: 133484882848 ns
[    0.491091] APIC: Switch to symmetric I/O mode setup
[    0.491094] DMAR: Host address width 45
[    0.491095] DMAR: DRHD base: 0x000000fec10000 flags: 0x1
[    0.491111] DMAR: dmar0: reg_base_addr fec10000 ver 1:0 cap ff0080f02c0462 ecap f0f15f
[    0.491116] DMAR: ATSR flags: 0x1
[    0.491118] DMAR-IR: IOAPIC id 3 under DRHD base  0xfec10000 IOMMU 0
[    0.491119] DMAR-IR: Queued invalidation will be enabled to support x2apic and Intr-remapping.
[    0.497743] DMAR-IR: Enabled IRQ remapping in x2apic mode
[    0.497920] x2apic enabled
[    0.497928] System requires x2apic physical mode
[    0.497929] Switched APIC routing to physical x2apic.
[    0.498981] ..TIMER: vector=0x30 apic1=0 pin1=2 apic2=-1 pin2=-1
[    0.499024] clocksource: tsc-early: mask: 0xffffffffffffffff max_cycles: 0x1e717b4f62a, max_idle_ns: 440795208866 ns
[    0.499030] Calibrating delay loop (skipped) preset value.. 4224.00 BogoMIPS (lpj=8448012)
[    0.499032] pid_max: default: 131072 minimum: 1024
[    0.499093] LSM: Security Framework initializing
[    0.499103] Yama: becoming mindful.
[    0.503162] AppArmor: AppArmor initialized
[    0.503415] Mount-cache hash table entries: 8192 (order: 4, 65536 bytes, linear)
[    0.503627] Mountpoint-cache hash table entries: 8192 (order: 4, 65536 bytes, linear)
[    0.504730] Disabled fast string operations
[    0.504860] Last level iTLB entries: 4KB 64, 2MB 8, 4MB 8
[    0.504862] Last level dTLB entries: 4KB 64, 2MB 0, 4MB 0, 1GB 4
[    0.504866] Spectre V1 : Mitigation: usercopy/swapgs barriers and __user pointer sanitization
[    0.505171] Spectre V2 : Mitigation: Enhanced IBRS
[    0.505173] Spectre V2 : Spectre v2 / SpectreRSB mitigation: Filling RSB on context switch
[    0.505175] Spectre V2 : mitigation: Enabling conditional Indirect Branch Prediction Barrier
[    0.505196] Speculative Store Bypass: Mitigation: Speculative Store Bypass disabled via prctl and seccomp
[    0.505198] SRBDS: Mitigation: TSX disabled
[    0.511961] Freeing SMP alternatives memory: 40K
[    0.514052] smpboot: CPU0: Intel(R) Core(TM) i5-10210U CPU @ 1.60GHz (family: 0x6, model: 0x8e, stepping: 0xc)
[    0.515026] Performance Events: Skylake events, Intel PMU driver.
[    0.515026] ... version:                4
[    0.515026] ... bit width:              48
[    0.515026] ... generic registers:      4
[    0.515026] ... value mask:             0000ffffffffffff
[    0.515026] ... max period:             000000007fffffff
[    0.515026] ... fixed-purpose events:   3
[    0.515026] ... event mask:             000000070000000f
[    0.515026] rcu: Hierarchical SRCU implementation.
[    0.515026] NMI watchdog: Enabled. Permanently consumes one hw-PMU counter.
[    0.528333] smp: Bringing up secondary CPUs ...
[    0.529155] x86: Booting SMP configuration:
[    0.529157] .... node  #0, CPUs:          #1
[    0.010148] Disabled fast string operations
[    0.531528]    #2
[    0.010148] Disabled fast string operations
[    0.532446] smp: Brought up 1 node, 3 CPUs
[    0.532446] smpboot: Max logical packages: 43
[    0.532446] smpboot: Total of 3 processors activated (12672.01 BogoMIPS)
[    0.535031] devtmpfs: initialized
[    0.535102] x86/mm: Memory block size: 128MB
[    0.536110] ACPI: PM: Registering ACPI NVS region [mem 0xbfeff000-0xbfefffff] (4096 bytes)
[    0.536110] clocksource: jiffies: mask: 0xffffffff max_cycles: 0xffffffff, max_idle_ns: 7645041785100000 ns
[    0.543958] futex hash table entries: 32768 (order: 9, 2097152 bytes, linear)
[    0.544208] pinctrl core: initialized pinctrl subsystem
[    0.544518] PM: RTC time: 01:39:15, date: 2021-12-04
[    0.545372] NET: Registered PF_NETLINK/PF_ROUTE protocol family
[    0.547322] DMA: preallocated 512 KiB GFP_KERNEL pool for atomic allocations
[    0.547490] DMA: preallocated 512 KiB GFP_KERNEL|GFP_DMA pool for atomic allocations
[    0.547567] DMA: preallocated 512 KiB GFP_KERNEL|GFP_DMA32 pool for atomic allocations
[    0.547573] audit: initializing netlink subsys (disabled)
[    0.547600] audit: type=2000 audit(1638581955.052:1): state=initialized audit_enabled=0 res=1
[    0.547914] thermal_sys: Registered thermal governor 'fair_share'
[    0.547916] thermal_sys: Registered thermal governor 'bang_bang'
[    0.547916] thermal_sys: Registered thermal governor 'step_wise'
[    0.547917] thermal_sys: Registered thermal governor 'user_space'
[    0.547917] thermal_sys: Registered thermal governor 'power_allocator'
[    0.547921] EISA bus registered
[    0.547943] cpuidle: using governor ladder
[    0.547943] cpuidle: using governor menu
[    0.547943] Simple Boot Flag at 0x36 set to 0x80
[    0.547943] ACPI: bus type PCI registered
[    0.547943] acpiphp: ACPI Hot Plug PCI Controller Driver version: 0.5
[    0.547943] PCI: MMCONFIG for domain 0000 [bus 00-7f] at [mem 0xf0000000-0xf7ffffff] (base 0xf0000000)
[    0.547943] PCI: MMCONFIG at [mem 0xf0000000-0xf7ffffff] reserved in E820
[    0.547943] PCI: Using configuration type 1 for base access
[    0.551503] Kprobes globally optimized
[    0.551520] HugeTLB registered 1.00 GiB page size, pre-allocated 0 pages
[    0.551520] HugeTLB registered 2.00 MiB page size, pre-allocated 0 pages
[    0.567336] ACPI: Added _OSI(Module Device)
[    0.567337] ACPI: Added _OSI(Processor Device)
[    0.567338] ACPI: Added _OSI(3.0 _SCP Extensions)
[    0.567339] ACPI: Added _OSI(Processor Aggregator Device)
[    0.567340] ACPI: Added _OSI(Linux-Dell-Video)
[    0.567340] ACPI: Added _OSI(Linux-Lenovo-NV-HDMI-Audio)
[    0.567341] ACPI: Added _OSI(Linux-HPI-Hybrid-Graphics)
[    0.584698] ACPI: 1 ACPI AML tables successfully acquired and loaded
[    0.586536] ACPI: [Firmware Bug]: BIOS _OSI(Linux) query ignored
[    0.607170] ACPI: Interpreter enabled
[    0.607183] ACPI: PM: (supports S0 S1 S4 S5)
[    0.607184] ACPI: Using IOAPIC for interrupt routing
[    0.607205] PCI: Using host bridge windows from ACPI; if necessary, use "pci=nocrs" and report a bug
[    0.608606] ACPI: Enabled 4 GPEs in block 00 to 0F
[    0.791628] ACPI: PCI Root Bridge [PCI0] (domain 0000 [bus 00-7f])
[    0.791637] acpi PNP0A03:00: _OSC: OS supports [ExtendedConfig ASPM ClockPM Segments MSI HPX-Type3]
[    0.791828] acpi PNP0A03:00: _OSC: platform does not support [AER LTR]
[    0.792025] acpi PNP0A03:00: _OSC: OS now controls [PCIeHotplug SHPCHotplug PME PCIeCapability]
[    0.793978] PCI host bridge to bus 0000:00
[    0.793980] pci_bus 0000:00: root bus resource [mem 0x000a0000-0x000bffff window]
[    0.793982] pci_bus 0000:00: root bus resource [mem 0x000d0000-0x000d3fff window]
[    0.793983] pci_bus 0000:00: root bus resource [mem 0x000d4000-0x000d7fff window]
[    0.793983] pci_bus 0000:00: root bus resource [mem 0x000d8000-0x000dbfff window]
[    0.793984] pci_bus 0000:00: root bus resource [mem 0xc0000000-0xfebfffff window]
[    0.793985] pci_bus 0000:00: root bus resource [io  0x0000-0x0cf7 window]
[    0.793986] pci_bus 0000:00: root bus resource [io  0x0d00-0xfeff window]
[    0.793987] pci_bus 0000:00: root bus resource [bus 00-7f]
[    0.794164] pci 0000:00:00.0: [8086:7190] type 00 class 0x060000
[    0.795203] pci 0000:00:01.0: [8086:7191] type 01 class 0x060400
[    0.797530] pci 0000:00:07.0: [8086:7110] type 00 class 0x060100
[    0.798349] pci 0000:00:07.1: [8086:7111] type 00 class 0x01018a
[    0.800101] pci 0000:00:07.1: reg 0x20: [io  0x1060-0x106f]
[    0.800669] pci 0000:00:07.1: legacy IDE quirk: reg 0x10: [io  0x01f0-0x01f7]
[    0.800671] pci 0000:00:07.1: legacy IDE quirk: reg 0x14: [io  0x03f6]
[    0.800671] pci 0000:00:07.1: legacy IDE quirk: reg 0x18: [io  0x0170-0x0177]
[    0.800672] pci 0000:00:07.1: legacy IDE quirk: reg 0x1c: [io  0x0376]
[    0.801147] pci 0000:00:07.3: [8086:7113] type 00 class 0x068000
[    0.802534] pci 0000:00:07.3: quirk: [io  0x1000-0x103f] claimed by PIIX4 ACPI
[    0.802547] pci 0000:00:07.3: quirk: [io  0x1040-0x104f] claimed by PIIX4 SMB
[    0.802919] pci 0000:00:07.7: [15ad:0740] type 00 class 0x088000
[    0.803228] pci 0000:00:07.7: reg 0x10: [io  0x1080-0x10bf]
[    0.803625] pci 0000:00:07.7: reg 0x14: [mem 0xfebfe000-0xfebfffff 64bit]
[    0.807763] pci 0000:00:0f.0: [15ad:0405] type 00 class 0x030000
[    0.808499] pci 0000:00:0f.0: reg 0x10: [io  0x1070-0x107f]
[    0.809135] pci 0000:00:0f.0: reg 0x14: [mem 0xe8000000-0xefffffff pref]
[    0.809817] pci 0000:00:0f.0: reg 0x18: [mem 0xfe000000-0xfe7fffff]
[    0.812349] pci 0000:00:0f.0: reg 0x30: [mem 0x00000000-0x00007fff pref]
[    0.812400] pci 0000:00:10.0: [1000:0030] type 00 class 0x010000
[    0.812400] pci 0000:00:10.0: reg 0x10: [io  0x1400-0x14ff]
[    0.812797] pci 0000:00:10.0: reg 0x14: [mem 0xfeba0000-0xfebbffff 64bit]
[    0.813186] pci 0000:00:10.0: reg 0x1c: [mem 0xfebc0000-0xfebdffff 64bit]
[    0.813889] pci 0000:00:10.0: reg 0x30: [mem 0x00000000-0x00003fff pref]
[    0.814710] pci 0000:00:11.0: [15ad:0790] type 01 class 0x060401
[    0.815026] pci 0000:00:15.0: [15ad:07a0] type 01 class 0x060400
[    0.815690] pci 0000:00:15.0: PME# supported from D0 D3hot D3cold
[    0.816216] pci 0000:00:15.1: [15ad:07a0] type 01 class 0x060400
[    0.817011] pci 0000:00:15.1: PME# supported from D0 D3hot D3cold
[    0.817528] pci 0000:00:15.2: [15ad:07a0] type 01 class 0x060400
[    0.818330] pci 0000:00:15.2: PME# supported from D0 D3hot D3cold
[    0.818928] pci 0000:00:15.3: [15ad:07a0] type 01 class 0x060400
[    0.819708] pci 0000:00:15.3: PME# supported from D0 D3hot D3cold
[    0.820227] pci 0000:00:15.4: [15ad:07a0] type 01 class 0x060400
[    0.821005] pci 0000:00:15.4: PME# supported from D0 D3hot D3cold
[    0.821513] pci 0000:00:15.5: [15ad:07a0] type 01 class 0x060400
[    0.822314] pci 0000:00:15.5: PME# supported from D0 D3hot D3cold
[    0.822954] pci 0000:00:15.6: [15ad:07a0] type 01 class 0x060400
[    0.823785] pci 0000:00:15.6: PME# supported from D0 D3hot D3cold
[    0.824297] pci 0000:00:15.7: [15ad:07a0] type 01 class 0x060400
[    0.825089] pci 0000:00:15.7: PME# supported from D0 D3hot D3cold
[    0.825863] pci 0000:00:16.0: [15ad:07a0] type 01 class 0x060400
[    0.826671] pci 0000:00:16.0: PME# supported from D0 D3hot D3cold
[    0.827063] pci 0000:00:16.1: [15ad:07a0] type 01 class 0x060400
[    0.827802] pci 0000:00:16.1: PME# supported from D0 D3hot D3cold
[    0.828318] pci 0000:00:16.2: [15ad:07a0] type 01 class 0x060400
[    0.829104] pci 0000:00:16.2: PME# supported from D0 D3hot D3cold
[    0.829585] pci 0000:00:16.3: [15ad:07a0] type 01 class 0x060400
[    0.830359] pci 0000:00:16.3: PME# supported from D0 D3hot D3cold
[    0.830866] pci 0000:00:16.4: [15ad:07a0] type 01 class 0x060400
[    0.831631] pci 0000:00:16.4: PME# supported from D0 D3hot D3cold
[    0.832150] pci 0000:00:16.5: [15ad:07a0] type 01 class 0x060400
[    0.832940] pci 0000:00:16.5: PME# supported from D0 D3hot D3cold
[    0.833541] pci 0000:00:16.6: [15ad:07a0] type 01 class 0x060400
[    0.834331] pci 0000:00:16.6: PME# supported from D0 D3hot D3cold
[    0.834832] pci 0000:00:16.7: [15ad:07a0] type 01 class 0x060400
[    0.835607] pci 0000:00:16.7: PME# supported from D0 D3hot D3cold
[    0.836388] pci 0000:00:17.0: [15ad:07a0] type 01 class 0x060400
[    0.837185] pci 0000:00:17.0: PME# supported from D0 D3hot D3cold
[    0.837666] pci 0000:00:17.1: [15ad:07a0] type 01 class 0x060400
[    0.838445] pci 0000:00:17.1: PME# supported from D0 D3hot D3cold
[    0.838445] pci 0000:00:17.2: [15ad:07a0] type 01 class 0x060400
[    0.838445] pci 0000:00:17.2: PME# supported from D0 D3hot D3cold
[    0.838445] pci 0000:00:17.3: [15ad:07a0] type 01 class 0x060400
[    0.838445] pci 0000:00:17.3: PME# supported from D0 D3hot D3cold
[    0.838445] pci 0000:00:17.4: [15ad:07a0] type 01 class 0x060400
[    0.838522] pci 0000:00:17.4: PME# supported from D0 D3hot D3cold
[    0.839026] pci 0000:00:17.5: [15ad:07a0] type 01 class 0x060400
[    0.839026] pci 0000:00:17.5: PME# supported from D0 D3hot D3cold
[    0.839026] pci 0000:00:17.6: [15ad:07a0] type 01 class 0x060400
[    0.839026] pci 0000:00:17.6: PME# supported from D0 D3hot D3cold
[    0.839026] pci 0000:00:17.7: [15ad:07a0] type 01 class 0x060400
[    0.839026] pci 0000:00:17.7: PME# supported from D0 D3hot D3cold
[    0.843229] pci 0000:00:18.0: [15ad:07a0] type 01 class 0x060400
[    0.843985] pci 0000:00:18.0: PME# supported from D0 D3hot D3cold
[    0.844468] pci 0000:00:18.1: [15ad:07a0] type 01 class 0x060400
[    0.845256] pci 0000:00:18.1: PME# supported from D0 D3hot D3cold
[    0.845738] pci 0000:00:18.2: [15ad:07a0] type 01 class 0x060400
[    0.846479] pci 0000:00:18.2: PME# supported from D0 D3hot D3cold
[    0.846960] pci 0000:00:18.3: [15ad:07a0] type 01 class 0x060400
[    0.847699] pci 0000:00:18.3: PME# supported from D0 D3hot D3cold
[    0.848182] pci 0000:00:18.4: [15ad:07a0] type 01 class 0x060400
[    0.848962] pci 0000:00:18.4: PME# supported from D0 D3hot D3cold
[    0.849434] pci 0000:00:18.5: [15ad:07a0] type 01 class 0x060400
[    0.850246] pci 0000:00:18.5: PME# supported from D0 D3hot D3cold
[    0.850908] pci 0000:00:18.6: [15ad:07a0] type 01 class 0x060400
[    0.851642] pci 0000:00:18.6: PME# supported from D0 D3hot D3cold
[    0.852128] pci 0000:00:18.7: [15ad:07a0] type 01 class 0x060400
[    0.852883] pci 0000:00:18.7: PME# supported from D0 D3hot D3cold
[    0.855453] pci_bus 0000:01: extended config space not accessible
[    0.859026] pci 0000:00:01.0: PCI bridge to [bus 01]
[    0.859026] pci_bus 0000:02: extended config space not accessible
[    0.859026] acpiphp: Slot [32] registered
[    0.859026] acpiphp: Slot [33] registered
[    0.859026] acpiphp: Slot [34] registered
[    0.859026] acpiphp: Slot [35] registered
[    0.859026] acpiphp: Slot [36] registered
[    0.859026] acpiphp: Slot [37] registered
[    0.859026] acpiphp: Slot [38] registered
[    0.859026] acpiphp: Slot [39] registered
[    0.859026] acpiphp: Slot [40] registered
[    0.859026] acpiphp: Slot [41] registered
[    0.859026] acpiphp: Slot [42] registered
[    0.859026] acpiphp: Slot [43] registered
[    0.859026] acpiphp: Slot [44] registered
[    0.859026] acpiphp: Slot [45] registered
[    0.859026] acpiphp: Slot [46] registered
[    0.859026] acpiphp: Slot [47] registered
[    0.859026] acpiphp: Slot [48] registered
[    0.859026] acpiphp: Slot [49] registered
[    0.859026] acpiphp: Slot [50] registered
[    0.859026] acpiphp: Slot [51] registered
[    0.859026] acpiphp: Slot [52] registered
[    0.859026] acpiphp: Slot [53] registered
[    0.859026] acpiphp: Slot [54] registered
[    0.859026] acpiphp: Slot [55] registered
[    0.859026] acpiphp: Slot [56] registered
[    0.859026] acpiphp: Slot [57] registered
[    0.859026] acpiphp: Slot [58] registered
[    0.859026] acpiphp: Slot [59] registered
[    0.859026] acpiphp: Slot [60] registered
[    0.859026] acpiphp: Slot [61] registered
[    0.859026] acpiphp: Slot [62] registered
[    0.859026] acpiphp: Slot [63] registered
[    0.859026] pci 0000:02:00.0: [15ad:0774] type 00 class 0x0c0300
[    0.863032] pci 0000:02:00.0: reg 0x20: [io  0x2080-0x209f]
[    0.865033] pci 0000:02:01.0: [8086:100f] type 00 class 0x020000
[    0.865654] pci 0000:02:01.0: reg 0x10: [mem 0xfd5c0000-0xfd5dffff 64bit]
[    0.866144] pci 0000:02:01.0: reg 0x18: [mem 0xfdff0000-0xfdffffff 64bit]
[    0.866600] pci 0000:02:01.0: reg 0x20: [io  0x2000-0x203f]
[    0.867555] pci 0000:02:01.0: reg 0x30: [mem 0x00000000-0x0000ffff pref]
[    0.867918] pci 0000:02:01.0: PME# supported from D0 D3hot D3cold
[    0.868854] pci 0000:02:02.0: [1274:1371] type 00 class 0x040100
[    0.869142] pci 0000:02:02.0: reg 0x10: [io  0x2040-0x207f]
[    0.871529] pci 0000:02:03.0: [15ad:0770] type 00 class 0x0c0320
[    0.871860] pci 0000:02:03.0: reg 0x10: [mem 0xfd5ef000-0xfd5effff]
[    0.874487] pci 0000:02:04.0: [15ad:07e0] type 00 class 0x010601
[    0.876072] pci 0000:02:04.0: reg 0x24: [mem 0xfd5ee000-0xfd5eefff]
[    0.876334] pci 0000:02:04.0: reg 0x30: [mem 0x00000000-0x0000ffff pref]
[    0.876681] pci 0000:02:04.0: PME# supported from D3hot
[    0.884734] pci 0000:00:11.0: PCI bridge to [bus 02] (subtractive decode)
[    0.884757] pci 0000:00:11.0:   bridge window [io  0x2000-0x3fff]
[    0.884777] pci 0000:00:11.0:   bridge window [mem 0xfd500000-0xfdffffff]
[    0.884815] pci 0000:00:11.0:   bridge window [mem 0xe7b00000-0xe7ffffff 64bit pref]
[    0.884817] pci 0000:00:11.0:   bridge window [mem 0x000a0000-0x000bffff window] (subtractive decode)
[    0.884818] pci 0000:00:11.0:   bridge window [mem 0x000d0000-0x000d3fff window] (subtractive decode)
[    0.884819] pci 0000:00:11.0:   bridge window [mem 0x000d4000-0x000d7fff window] (subtractive decode)
[    0.884820] pci 0000:00:11.0:   bridge window [mem 0x000d8000-0x000dbfff window] (subtractive decode)
[    0.884821] pci 0000:00:11.0:   bridge window [mem 0xc0000000-0xfebfffff window] (subtractive decode)
[    0.884822] pci 0000:00:11.0:   bridge window [io  0x0000-0x0cf7 window] (subtractive decode)
[    0.884822] pci 0000:00:11.0:   bridge window [io  0x0d00-0xfeff window] (subtractive decode)
[    0.887026] pci 0000:00:15.0: PCI bridge to [bus 03]
[    0.887026] pci 0000:00:15.0:   bridge window [io  0x4000-0x4fff]
[    0.887026] pci 0000:00:15.0:   bridge window [mem 0xfd400000-0xfd4fffff]
[    0.887026] pci 0000:00:15.0:   bridge window [mem 0xe7a00000-0xe7afffff 64bit pref]
[    0.897337] pci 0000:00:15.1: PCI bridge to [bus 04]
[    0.897360] pci 0000:00:15.1:   bridge window [io  0x8000-0x8fff]
[    0.897380] pci 0000:00:15.1:   bridge window [mem 0xfd000000-0xfd0fffff]
[    0.897418] pci 0000:00:15.1:   bridge window [mem 0xe7600000-0xe76fffff 64bit pref]
[    0.904134] pci 0000:00:15.2: PCI bridge to [bus 05]
[    0.904154] pci 0000:00:15.2:   bridge window [io  0xc000-0xcfff]
[    0.904173] pci 0000:00:15.2:   bridge window [mem 0xfcc00000-0xfccfffff]
[    0.904209] pci 0000:00:15.2:   bridge window [mem 0xe7200000-0xe72fffff 64bit pref]
[    0.911026] pci 0000:00:15.3: PCI bridge to [bus 06]
[    0.911055] pci 0000:00:15.3:   bridge window [mem 0xfc800000-0xfc8fffff]
[    0.911091] pci 0000:00:15.3:   bridge window [mem 0xe6e00000-0xe6efffff 64bit pref]
[    0.919026] pci 0000:00:15.4: PCI bridge to [bus 07]
[    0.919054] pci 0000:00:15.4:   bridge window [mem 0xfc400000-0xfc4fffff]
[    0.919088] pci 0000:00:15.4:   bridge window [mem 0xe6a00000-0xe6afffff 64bit pref]
[    0.927026] pci 0000:00:15.5: PCI bridge to [bus 08]
[    0.927056] pci 0000:00:15.5:   bridge window [mem 0xfc000000-0xfc0fffff]
[    0.927092] pci 0000:00:15.5:   bridge window [mem 0xe6600000-0xe66fffff 64bit pref]
[    0.935026] pci 0000:00:15.6: PCI bridge to [bus 09]
[    0.935055] pci 0000:00:15.6:   bridge window [mem 0xfbc00000-0xfbcfffff]
[    0.935091] pci 0000:00:15.6:   bridge window [mem 0xe6200000-0xe62fffff 64bit pref]
[    0.943026] pci 0000:00:15.7: PCI bridge to [bus 0a]
[    0.943056] pci 0000:00:15.7:   bridge window [mem 0xfb800000-0xfb8fffff]
[    0.943092] pci 0000:00:15.7:   bridge window [mem 0xe5e00000-0xe5efffff 64bit pref]
[    0.950730] pci 0000:00:16.0: PCI bridge to [bus 0b]
[    0.950750] pci 0000:00:16.0:   bridge window [io  0x5000-0x5fff]
[    0.950769] pci 0000:00:16.0:   bridge window [mem 0xfd300000-0xfd3fffff]
[    0.950805] pci 0000:00:16.0:   bridge window [mem 0xe7900000-0xe79fffff 64bit pref]
[    0.956171] pci 0000:00:16.1: PCI bridge to [bus 0c]
[    0.956201] pci 0000:00:16.1:   bridge window [io  0x9000-0x9fff]
[    0.956224] pci 0000:00:16.1:   bridge window [mem 0xfcf00000-0xfcffffff]
[    0.956269] pci 0000:00:16.1:   bridge window [mem 0xe7500000-0xe75fffff 64bit pref]
[    0.964771] pci 0000:00:16.2: PCI bridge to [bus 0d]
[    0.964795] pci 0000:00:16.2:   bridge window [io  0xd000-0xdfff]
[    0.964815] pci 0000:00:16.2:   bridge window [mem 0xfcb00000-0xfcbfffff]
[    0.964883] pci 0000:00:16.2:   bridge window [mem 0xe7100000-0xe71fffff 64bit pref]
[    0.972733] pci 0000:00:16.3: PCI bridge to [bus 0e]
[    0.972771] pci 0000:00:16.3:   bridge window [mem 0xfc700000-0xfc7fffff]
[    0.972808] pci 0000:00:16.3:   bridge window [mem 0xe6d00000-0xe6dfffff 64bit pref]
[    0.980000] pci 0000:00:16.4: PCI bridge to [bus 0f]
[    0.980038] pci 0000:00:16.4:   bridge window [mem 0xfc300000-0xfc3fffff]
[    0.980074] pci 0000:00:16.4:   bridge window [mem 0xe6900000-0xe69fffff 64bit pref]
[    0.987771] pci 0000:00:16.5: PCI bridge to [bus 10]
[    0.987810] pci 0000:00:16.5:   bridge window [mem 0xfbf00000-0xfbffffff]
[    0.987846] pci 0000:00:16.5:   bridge window [mem 0xe6500000-0xe65fffff 64bit pref]
[    0.995636] pci 0000:00:16.6: PCI bridge to [bus 11]
[    0.995676] pci 0000:00:16.6:   bridge window [mem 0xfbb00000-0xfbbfffff]
[    0.995712] pci 0000:00:16.6:   bridge window [mem 0xe6100000-0xe61fffff 64bit pref]
[    1.003026] pci 0000:00:16.7: PCI bridge to [bus 12]
[    1.003055] pci 0000:00:16.7:   bridge window [mem 0xfb700000-0xfb7fffff]
[    1.003089] pci 0000:00:16.7:   bridge window [mem 0xe5d00000-0xe5dfffff 64bit pref]
[    1.007026] pci 0000:00:17.0: PCI bridge to [bus 13]
[    1.007026] pci 0000:00:17.0:   bridge window [io  0x6000-0x6fff]
[    1.007026] pci 0000:00:17.0:   bridge window [mem 0xfd200000-0xfd2fffff]
[    1.007026] pci 0000:00:17.0:   bridge window [mem 0xe7800000-0xe78fffff 64bit pref]
[    1.015026] pci 0000:00:17.1: PCI bridge to [bus 14]
[    1.015038] pci 0000:00:17.1:   bridge window [io  0xa000-0xafff]
[    1.015057] pci 0000:00:17.1:   bridge window [mem 0xfce00000-0xfcefffff]
[    1.015093] pci 0000:00:17.1:   bridge window [mem 0xe7400000-0xe74fffff 64bit pref]
[    1.023026] pci 0000:00:17.2: PCI bridge to [bus 15]
[    1.023039] pci 0000:00:17.2:   bridge window [io  0xe000-0xefff]
[    1.023058] pci 0000:00:17.2:   bridge window [mem 0xfca00000-0xfcafffff]
[    1.023095] pci 0000:00:17.2:   bridge window [mem 0xe7000000-0xe70fffff 64bit pref]
[    1.031026] pci 0000:00:17.3: PCI bridge to [bus 16]
[    1.031056] pci 0000:00:17.3:   bridge window [mem 0xfc600000-0xfc6fffff]
[    1.031090] pci 0000:00:17.3:   bridge window [mem 0xe6c00000-0xe6cfffff 64bit pref]
[    1.039026] pci 0000:00:17.4: PCI bridge to [bus 17]
[    1.039056] pci 0000:00:17.4:   bridge window [mem 0xfc200000-0xfc2fffff]
[    1.039092] pci 0000:00:17.4:   bridge window [mem 0xe6800000-0xe68fffff 64bit pref]
[    1.043026] pci 0000:00:17.5: PCI bridge to [bus 18]
[    1.043026] pci 0000:00:17.5:   bridge window [mem 0xfbe00000-0xfbefffff]
[    1.043026] pci 0000:00:17.5:   bridge window [mem 0xe6400000-0xe64fffff 64bit pref]
[    1.052776] pci 0000:00:17.6: PCI bridge to [bus 19]
[    1.052822] pci 0000:00:17.6:   bridge window [mem 0xfba00000-0xfbafffff]
[    1.052860] pci 0000:00:17.6:   bridge window [mem 0xe6000000-0xe60fffff 64bit pref]
[    1.061879] pci 0000:00:17.7: PCI bridge to [bus 1a]
[    1.061921] pci 0000:00:17.7:   bridge window [mem 0xfb600000-0xfb6fffff]
[    1.061958] pci 0000:00:17.7:   bridge window [mem 0xe5c00000-0xe5cfffff 64bit pref]
[    1.069317] pci 0000:00:18.0: PCI bridge to [bus 1b]
[    1.069339] pci 0000:00:18.0:   bridge window [io  0x7000-0x7fff]
[    1.069358] pci 0000:00:18.0:   bridge window [mem 0xfd100000-0xfd1fffff]
[    1.069394] pci 0000:00:18.0:   bridge window [mem 0xe7700000-0xe77fffff 64bit pref]
[    1.077574] pci 0000:00:18.1: PCI bridge to [bus 1c]
[    1.077598] pci 0000:00:18.1:   bridge window [io  0xb000-0xbfff]
[    1.077617] pci 0000:00:18.1:   bridge window [mem 0xfcd00000-0xfcdfffff]
[    1.077653] pci 0000:00:18.1:   bridge window [mem 0xe7300000-0xe73fffff 64bit pref]
[    1.084576] pci 0000:00:18.2: PCI bridge to [bus 1d]
[    1.084616] pci 0000:00:18.2:   bridge window [mem 0xfc900000-0xfc9fffff]
[    1.084652] pci 0000:00:18.2:   bridge window [mem 0xe6f00000-0xe6ffffff 64bit pref]
[    1.091454] pci 0000:00:18.3: PCI bridge to [bus 1e]
[    1.091491] pci 0000:00:18.3:   bridge window [mem 0xfc500000-0xfc5fffff]
[    1.091527] pci 0000:00:18.3:   bridge window [mem 0xe6b00000-0xe6bfffff 64bit pref]
[    1.099026] pci 0000:00:18.4: PCI bridge to [bus 1f]
[    1.099055] pci 0000:00:18.4:   bridge window [mem 0xfc100000-0xfc1fffff]
[    1.099092] pci 0000:00:18.4:   bridge window [mem 0xe6700000-0xe67fffff 64bit pref]
[    1.107026] pci 0000:00:18.5: PCI bridge to [bus 20]
[    1.107054] pci 0000:00:18.5:   bridge window [mem 0xfbd00000-0xfbdfffff]
[    1.107091] pci 0000:00:18.5:   bridge window [mem 0xe6300000-0xe63fffff 64bit pref]
[    1.114968] pci 0000:00:18.6: PCI bridge to [bus 21]
[    1.115013] pci 0000:00:18.6:   bridge window [mem 0xfb900000-0xfb9fffff]
[    1.115013] pci 0000:00:18.6:   bridge window [mem 0xe5f00000-0xe5ffffff 64bit pref]
[    1.115026] pci 0000:00:18.7: PCI bridge to [bus 22]
[    1.119055] pci 0000:00:18.7:   bridge window [mem 0xfb500000-0xfb5fffff]
[    1.119092] pci 0000:00:18.7:   bridge window [mem 0xe5b00000-0xe5bfffff 64bit pref]
[    1.121735] ACPI: PCI: Interrupt link LNKA configured for IRQ 9
[    1.121810] ACPI: PCI: Interrupt link LNKB configured for IRQ 11
[    1.121888] ACPI: PCI: Interrupt link LNKC configured for IRQ 10
[    1.121960] ACPI: PCI: Interrupt link LNKD configured for IRQ 7
[    1.154713] iommu: Default domain type: Translated 
[    1.154713] iommu: DMA domain TLB invalidation policy: lazy mode 
[    1.154713] pci 0000:00:0f.0: vgaarb: setting as boot VGA device
[    1.154713] pci 0000:00:0f.0: vgaarb: VGA device added: decodes=io+mem,owns=io+mem,locks=none
[    1.154713] pci 0000:00:0f.0: vgaarb: bridge control possible
[    1.154713] vgaarb: loaded
[    1.154713] SCSI subsystem initialized
[    1.155098] libata version 3.00 loaded.
[    1.155111] ACPI: bus type USB registered
[    1.155138] usbcore: registered new interface driver usbfs
[    1.155144] usbcore: registered new interface driver hub
[    1.155165] usbcore: registered new device driver usb
[    1.155199] pps_core: LinuxPPS API ver. 1 registered
[    1.155200] pps_core: Software ver. 5.3.6 - Copyright 2005-2007 Rodolfo Giometti <giometti@linux.it>
[    1.155201] PTP clock support registered
[    1.155241] EDAC MC: Ver: 3.0.0
[    1.156329] NetLabel: Initializing
[    1.156329] NetLabel:  domain hash size = 128
[    1.156329] NetLabel:  protocols = UNLABELED CIPSOv4 CALIPSO
[    1.156329] NetLabel:  unlabeled traffic allowed by default
[    1.156329] PCI: Using ACPI for IRQ routing
[    1.186234] PCI: pci_cache_line_size set to 64 bytes
[    1.187097] e820: reserve RAM buffer [mem 0x0009e800-0x0009ffff]
[    1.187099] e820: reserve RAM buffer [mem 0xbfed0000-0xbfffffff]
[    1.191984] hpet0: at MMIO 0xfed00000, IRQs 2, 8, 0, 0, 0, 0, 0, 0, 0, 0, 0, 0, 0, 0, 0, 0
[    1.191992] hpet0: 16 comparators, 64-bit 14.318180 MHz counter
[    1.194159] clocksource: Switched to clocksource tsc-early
[    1.249378] VFS: Disk quotas dquot_6.6.0
[    1.249440] VFS: Dquot-cache hash table entries: 512 (order 0, 4096 bytes)
[    1.249868] AppArmor: AppArmor Filesystem Enabled
[    1.249889] pnp: PnP ACPI init
[    1.250072] system 00:00: [io  0x1000-0x103f] has been reserved
[    1.250074] system 00:00: [io  0x1040-0x104f] has been reserved
[    1.250076] system 00:00: [io  0x0cf0-0x0cf1] has been reserved
[    1.250401] system 00:04: [mem 0xfed00000-0xfed003ff] has been reserved
[    1.252441] system 00:06: [io  0xfce0-0xfcff] has been reserved
[    1.252444] system 00:06: [mem 0xf0000000-0xf7ffffff] has been reserved
[    1.252445] system 00:06: [mem 0xfe800000-0xfe9fffff] has been reserved
[    1.252605] system 00:07: [mem 0xfec10000-0xfec10fff] could not be reserved
[    1.280198] pnp: PnP ACPI: found 8 devices
[    1.292682] clocksource: acpi_pm: mask: 0xffffff max_cycles: 0xffffff, max_idle_ns: 2085701024 ns
[    1.292744] NET: Registered PF_INET protocol family
[    1.294573] IP idents hash table entries: 65536 (order: 7, 524288 bytes, linear)
[    1.304713] tcp_listen_portaddr_hash hash table entries: 2048 (order: 3, 32768 bytes, linear)
[    1.305602] TCP established hash table entries: 32768 (order: 6, 262144 bytes, linear)
[    1.307581] TCP bind hash table entries: 32768 (order: 7, 524288 bytes, linear)
[    1.307607] TCP: Hash tables configured (established 32768 bind 32768)
[    1.309476] MPTCP token hash table entries: 4096 (order: 4, 98304 bytes, linear)
[    1.309722] UDP hash table entries: 2048 (order: 4, 65536 bytes, linear)
[    1.309932] UDP-Lite hash table entries: 2048 (order: 4, 65536 bytes, linear)
[    1.310953] NET: Registered PF_UNIX/PF_LOCAL protocol family
[    1.310958] NET: Registered PF_XDP protocol family
[    1.310973] pci 0000:00:15.3: bridge window [io  0x1000-0x0fff] to [bus 06] add_size 1000
[    1.310976] pci 0000:00:15.4: bridge window [io  0x1000-0x0fff] to [bus 07] add_size 1000
[    1.310977] pci 0000:00:15.5: bridge window [io  0x1000-0x0fff] to [bus 08] add_size 1000
[    1.310978] pci 0000:00:15.6: bridge window [io  0x1000-0x0fff] to [bus 09] add_size 1000
[    1.310979] pci 0000:00:15.7: bridge window [io  0x1000-0x0fff] to [bus 0a] add_size 1000
[    1.310980] pci 0000:00:16.3: bridge window [io  0x1000-0x0fff] to [bus 0e] add_size 1000
[    1.310981] pci 0000:00:16.4: bridge window [io  0x1000-0x0fff] to [bus 0f] add_size 1000
[    1.310982] pci 0000:00:16.5: bridge window [io  0x1000-0x0fff] to [bus 10] add_size 1000
[    1.310983] pci 0000:00:16.6: bridge window [io  0x1000-0x0fff] to [bus 11] add_size 1000
[    1.310985] pci 0000:00:16.7: bridge window [io  0x1000-0x0fff] to [bus 12] add_size 1000
[    1.310986] pci 0000:00:17.3: bridge window [io  0x1000-0x0fff] to [bus 16] add_size 1000
[    1.310987] pci 0000:00:17.4: bridge window [io  0x1000-0x0fff] to [bus 17] add_size 1000
[    1.310988] pci 0000:00:17.5: bridge window [io  0x1000-0x0fff] to [bus 18] add_size 1000
[    1.310989] pci 0000:00:17.6: bridge window [io  0x1000-0x0fff] to [bus 19] add_size 1000
[    1.310990] pci 0000:00:17.7: bridge window [io  0x1000-0x0fff] to [bus 1a] add_size 1000
[    1.310991] pci 0000:00:18.2: bridge window [io  0x1000-0x0fff] to [bus 1d] add_size 1000
[    1.310992] pci 0000:00:18.3: bridge window [io  0x1000-0x0fff] to [bus 1e] add_size 1000
[    1.310993] pci 0000:00:18.4: bridge window [io  0x1000-0x0fff] to [bus 1f] add_size 1000
[    1.310994] pci 0000:00:18.5: bridge window [io  0x1000-0x0fff] to [bus 20] add_size 1000
[    1.310995] pci 0000:00:18.6: bridge window [io  0x1000-0x0fff] to [bus 21] add_size 1000
[    1.310995] pci 0000:00:18.7: bridge window [io  0x1000-0x0fff] to [bus 22] add_size 1000
[    1.311035] pci 0000:00:0f.0: BAR 6: assigned [mem 0xc0000000-0xc0007fff pref]
[    1.311050] pci 0000:00:10.0: BAR 6: assigned [mem 0xc0008000-0xc000bfff pref]
[    1.311052] pci 0000:00:15.3: BAR 13: no space for [io  size 0x1000]
[    1.311053] pci 0000:00:15.3: BAR 13: failed to assign [io  size 0x1000]
[    1.311055] pci 0000:00:15.4: BAR 13: no space for [io  size 0x1000]
[    1.311055] pci 0000:00:15.4: BAR 13: failed to assign [io  size 0x1000]
[    1.311055] pci 0000:00:15.5: BAR 13: no space for [io  size 0x1000]
[    1.311055] pci 0000:00:15.5: BAR 13: failed to assign [io  size 0x1000]
[    1.311055] pci 0000:00:15.6: BAR 13: no space for [io  size 0x1000]
[    1.311055] pci 0000:00:15.6: BAR 13: failed to assign [io  size 0x1000]
[    1.311055] pci 0000:00:15.7: BAR 13: no space for [io  size 0x1000]
[    1.311055] pci 0000:00:15.7: BAR 13: failed to assign [io  size 0x1000]
[    1.311055] pci 0000:00:16.3: BAR 13: no space for [io  size 0x1000]
[    1.311055] pci 0000:00:16.3: BAR 13: failed to assign [io  size 0x1000]
[    1.311055] pci 0000:00:16.4: BAR 13: no space for [io  size 0x1000]
[    1.311055] pci 0000:00:16.4: BAR 13: failed to assign [io  size 0x1000]
[    1.311065] pci 0000:00:16.5: BAR 13: no space for [io  size 0x1000]
[    1.311065] pci 0000:00:16.5: BAR 13: failed to assign [io  size 0x1000]
[    1.311065] pci 0000:00:16.6: BAR 13: no space for [io  size 0x1000]
[    1.311065] pci 0000:00:16.6: BAR 13: failed to assign [io  size 0x1000]
[    1.311065] pci 0000:00:16.7: BAR 13: no space for [io  size 0x1000]
[    1.311065] pci 0000:00:16.7: BAR 13: failed to assign [io  size 0x1000]
[    1.311065] pci 0000:00:17.3: BAR 13: no space for [io  size 0x1000]
[    1.311065] pci 0000:00:17.3: BAR 13: failed to assign [io  size 0x1000]
[    1.311065] pci 0000:00:17.4: BAR 13: no space for [io  size 0x1000]
[    1.311065] pci 0000:00:17.4: BAR 13: failed to assign [io  size 0x1000]
[    1.311065] pci 0000:00:17.5: BAR 13: no space for [io  size 0x1000]
[    1.311065] pci 0000:00:17.5: BAR 13: failed to assign [io  size 0x1000]
[    1.311065] pci 0000:00:17.6: BAR 13: no space for [io  size 0x1000]
[    1.311065] pci 0000:00:17.6: BAR 13: failed to assign [io  size 0x1000]
[    1.311065] pci 0000:00:17.7: BAR 13: no space for [io  size 0x1000]
[    1.311065] pci 0000:00:17.7: BAR 13: failed to assign [io  size 0x1000]
[    1.311065] pci 0000:00:18.2: BAR 13: no space for [io  size 0x1000]
[    1.311065] pci 0000:00:18.2: BAR 13: failed to assign [io  size 0x1000]
[    1.311065] pci 0000:00:18.3: BAR 13: no space for [io  size 0x1000]
[    1.311065] pci 0000:00:18.3: BAR 13: failed to assign [io  size 0x1000]
[    1.311065] pci 0000:00:18.4: BAR 13: no space for [io  size 0x1000]
[    1.311065] pci 0000:00:18.4: BAR 13: failed to assign [io  size 0x1000]
[    1.311065] pci 0000:00:18.5: BAR 13: no space for [io  size 0x1000]
[    1.311065] pci 0000:00:18.5: BAR 13: failed to assign [io  size 0x1000]
[    1.311065] pci 0000:00:18.6: BAR 13: no space for [io  size 0x1000]
[    1.311065] pci 0000:00:18.6: BAR 13: failed to assign [io  size 0x1000]
[    1.311065] pci 0000:00:18.7: BAR 13: no space for [io  size 0x1000]
[    1.311065] pci 0000:00:18.7: BAR 13: failed to assign [io  size 0x1000]
[    1.311065] pci 0000:00:18.7: BAR 13: no space for [io  size 0x1000]
[    1.311065] pci 0000:00:18.7: BAR 13: failed to assign [io  size 0x1000]
[    1.311065] pci 0000:00:18.6: BAR 13: no space for [io  size 0x1000]
[    1.311065] pci 0000:00:18.6: BAR 13: failed to assign [io  size 0x1000]
[    1.311065] pci 0000:00:18.5: BAR 13: no space for [io  size 0x1000]
[    1.311065] pci 0000:00:18.5: BAR 13: failed to assign [io  size 0x1000]
[    1.311065] pci 0000:00:18.4: BAR 13: no space for [io  size 0x1000]
[    1.311065] pci 0000:00:18.4: BAR 13: failed to assign [io  size 0x1000]
[    1.311065] pci 0000:00:18.3: BAR 13: no space for [io  size 0x1000]
[    1.311065] pci 0000:00:18.3: BAR 13: failed to assign [io  size 0x1000]
[    1.311065] pci 0000:00:18.2: BAR 13: no space for [io  size 0x1000]
[    1.311065] pci 0000:00:18.2: BAR 13: failed to assign [io  size 0x1000]
[    1.311065] pci 0000:00:17.7: BAR 13: no space for [io  size 0x1000]
[    1.311065] pci 0000:00:17.7: BAR 13: failed to assign [io  size 0x1000]
[    1.311065] pci 0000:00:17.6: BAR 13: no space for [io  size 0x1000]
[    1.311065] pci 0000:00:17.6: BAR 13: failed to assign [io  size 0x1000]
[    1.311065] pci 0000:00:17.5: BAR 13: no space for [io  size 0x1000]
[    1.311065] pci 0000:00:17.5: BAR 13: failed to assign [io  size 0x1000]
[    1.311065] pci 0000:00:17.4: BAR 13: no space for [io  size 0x1000]
[    1.311065] pci 0000:00:17.4: BAR 13: failed to assign [io  size 0x1000]
[    1.311065] pci 0000:00:17.3: BAR 13: no space for [io  size 0x1000]
[    1.311065] pci 0000:00:17.3: BAR 13: failed to assign [io  size 0x1000]
[    1.311065] pci 0000:00:16.7: BAR 13: no space for [io  size 0x1000]
[    1.311065] pci 0000:00:16.7: BAR 13: failed to assign [io  size 0x1000]
[    1.311065] pci 0000:00:16.6: BAR 13: no space for [io  size 0x1000]
[    1.311065] pci 0000:00:16.6: BAR 13: failed to assign [io  size 0x1000]
[    1.311065] pci 0000:00:16.5: BAR 13: no space for [io  size 0x1000]
[    1.311065] pci 0000:00:16.5: BAR 13: failed to assign [io  size 0x1000]
[    1.311065] pci 0000:00:16.4: BAR 13: no space for [io  size 0x1000]
[    1.311065] pci 0000:00:16.4: BAR 13: failed to assign [io  size 0x1000]
[    1.311065] pci 0000:00:16.3: BAR 13: no space for [io  size 0x1000]
[    1.311065] pci 0000:00:16.3: BAR 13: failed to assign [io  size 0x1000]
[    1.311065] pci 0000:00:15.7: BAR 13: no space for [io  size 0x1000]
[    1.311065] pci 0000:00:15.7: BAR 13: failed to assign [io  size 0x1000]
[    1.311065] pci 0000:00:15.6: BAR 13: no space for [io  size 0x1000]
[    1.311065] pci 0000:00:15.6: BAR 13: failed to assign [io  size 0x1000]
[    1.311065] pci 0000:00:15.5: BAR 13: no space for [io  size 0x1000]
[    1.311065] pci 0000:00:15.5: BAR 13: failed to assign [io  size 0x1000]
[    1.311065] pci 0000:00:15.4: BAR 13: no space for [io  size 0x1000]
[    1.311065] pci 0000:00:15.4: BAR 13: failed to assign [io  size 0x1000]
[    1.311065] pci 0000:00:15.3: BAR 13: no space for [io  size 0x1000]
[    1.311065] pci 0000:00:15.3: BAR 13: failed to assign [io  size 0x1000]
[    1.311065] pci 0000:00:01.0: PCI bridge to [bus 01]
[    1.311314] pci 0000:02:01.0: BAR 6: assigned [mem 0xfd500000-0xfd50ffff pref]
[    1.311316] pci 0000:02:04.0: BAR 6: assigned [mem 0xfd510000-0xfd51ffff pref]
[    1.311318] pci 0000:00:11.0: PCI bridge to [bus 02]
[    1.311333] pci 0000:00:11.0:   bridge window [io  0x2000-0x3fff]
[    1.311370] pci 0000:00:11.0:   bridge window [mem 0xfd500000-0xfdffffff]
[    1.311389] pci 0000:00:11.0:   bridge window [mem 0xe7b00000-0xe7ffffff 64bit pref]
[    1.311425] pci 0000:00:15.0: PCI bridge to [bus 03]
[    1.311444] pci 0000:00:15.0:   bridge window [io  0x4000-0x4fff]
[    1.311471] pci 0000:00:15.0:   bridge window [mem 0xfd400000-0xfd4fffff]
[    1.311489] pci 0000:00:15.0:   bridge window [mem 0xe7a00000-0xe7afffff 64bit pref]
[    1.311564] pci 0000:00:15.1: PCI bridge to [bus 04]
[    1.311584] pci 0000:00:15.1:   bridge window [io  0x8000-0x8fff]
[    1.311611] pci 0000:00:15.1:   bridge window [mem 0xfd000000-0xfd0fffff]
[    1.311630] pci 0000:00:15.1:   bridge window [mem 0xe7600000-0xe76fffff 64bit pref]
[    1.311682] pci 0000:00:15.2: PCI bridge to [bus 05]
[    1.311694] pci 0000:00:15.2:   bridge window [io  0xc000-0xcfff]
[    1.311722] pci 0000:00:15.2:   bridge window [mem 0xfcc00000-0xfccfffff]
[    1.311741] pci 0000:00:15.2:   bridge window [mem 0xe7200000-0xe72fffff 64bit pref]
[    1.311792] pci 0000:00:15.3: PCI bridge to [bus 06]
[    1.311821] pci 0000:00:15.3:   bridge window [mem 0xfc800000-0xfc8fffff]
[    1.311840] pci 0000:00:15.3:   bridge window [mem 0xe6e00000-0xe6efffff 64bit pref]
[    1.311890] pci 0000:00:15.4: PCI bridge to [bus 07]
[    1.311919] pci 0000:00:15.4:   bridge window [mem 0xfc400000-0xfc4fffff]
[    1.311938] pci 0000:00:15.4:   bridge window [mem 0xe6a00000-0xe6afffff 64bit pref]
[    1.311989] pci 0000:00:15.5: PCI bridge to [bus 08]
[    1.312019] pci 0000:00:15.5:   bridge window [mem 0xfc000000-0xfc0fffff]
[    1.312037] pci 0000:00:15.5:   bridge window [mem 0xe6600000-0xe66fffff 64bit pref]
[    1.312094] pci 0000:00:15.6: PCI bridge to [bus 09]
[    1.312121] pci 0000:00:15.6:   bridge window [mem 0xfbc00000-0xfbcfffff]
[    1.312138] pci 0000:00:15.6:   bridge window [mem 0xe6200000-0xe62fffff 64bit pref]
[    1.312189] pci 0000:00:15.7: PCI bridge to [bus 0a]
[    1.312217] pci 0000:00:15.7:   bridge window [mem 0xfb800000-0xfb8fffff]
[    1.312236] pci 0000:00:15.7:   bridge window [mem 0xe5e00000-0xe5efffff 64bit pref]
[    1.312287] pci 0000:00:16.0: PCI bridge to [bus 0b]
[    1.312299] pci 0000:00:16.0:   bridge window [io  0x5000-0x5fff]
[    1.312324] pci 0000:00:16.0:   bridge window [mem 0xfd300000-0xfd3fffff]
[    1.312341] pci 0000:00:16.0:   bridge window [mem 0xe7900000-0xe79fffff 64bit pref]
[    1.312391] pci 0000:00:16.1: PCI bridge to [bus 0c]
[    1.312403] pci 0000:00:16.1:   bridge window [io  0x9000-0x9fff]
[    1.312430] pci 0000:00:16.1:   bridge window [mem 0xfcf00000-0xfcffffff]
[    1.312449] pci 0000:00:16.1:   bridge window [mem 0xe7500000-0xe75fffff 64bit pref]
[    1.312500] pci 0000:00:16.2: PCI bridge to [bus 0d]
[    1.312511] pci 0000:00:16.2:   bridge window [io  0xd000-0xdfff]
[    1.312536] pci 0000:00:16.2:   bridge window [mem 0xfcb00000-0xfcbfffff]
[    1.312553] pci 0000:00:16.2:   bridge window [mem 0xe7100000-0xe71fffff 64bit pref]
[    1.312604] pci 0000:00:16.3: PCI bridge to [bus 0e]
[    1.312632] pci 0000:00:16.3:   bridge window [mem 0xfc700000-0xfc7fffff]
[    1.312650] pci 0000:00:16.3:   bridge window [mem 0xe6d00000-0xe6dfffff 64bit pref]
[    1.312701] pci 0000:00:16.4: PCI bridge to [bus 0f]
[    1.312728] pci 0000:00:16.4:   bridge window [mem 0xfc300000-0xfc3fffff]
[    1.312745] pci 0000:00:16.4:   bridge window [mem 0xe6900000-0xe69fffff 64bit pref]
[    1.312794] pci 0000:00:16.5: PCI bridge to [bus 10]
[    1.312823] pci 0000:00:16.5:   bridge window [mem 0xfbf00000-0xfbffffff]
[    1.312842] pci 0000:00:16.5:   bridge window [mem 0xe6500000-0xe65fffff 64bit pref]
[    1.312893] pci 0000:00:16.6: PCI bridge to [bus 11]
[    1.312920] pci 0000:00:16.6:   bridge window [mem 0xfbb00000-0xfbbfffff]
[    1.312937] pci 0000:00:16.6:   bridge window [mem 0xe6100000-0xe61fffff 64bit pref]
[    1.312987] pci 0000:00:16.7: PCI bridge to [bus 12]
[    1.313020] pci 0000:00:16.7:   bridge window [mem 0xfb700000-0xfb7fffff]
[    1.313037] pci 0000:00:16.7:   bridge window [mem 0xe5d00000-0xe5dfffff 64bit pref]
[    1.313087] pci 0000:00:17.0: PCI bridge to [bus 13]
[    1.313098] pci 0000:00:17.0:   bridge window [io  0x6000-0x6fff]
[    1.313125] pci 0000:00:17.0:   bridge window [mem 0xfd200000-0xfd2fffff]
[    1.313144] pci 0000:00:17.0:   bridge window [mem 0xe7800000-0xe78fffff 64bit pref]
[    1.313195] pci 0000:00:17.1: PCI bridge to [bus 14]
[    1.313206] pci 0000:00:17.1:   bridge window [io  0xa000-0xafff]
[    1.313231] pci 0000:00:17.1:   bridge window [mem 0xfce00000-0xfcefffff]
[    1.313248] pci 0000:00:17.1:   bridge window [mem 0xe7400000-0xe74fffff 64bit pref]
[    1.313299] pci 0000:00:17.2: PCI bridge to [bus 15]
[    1.313311] pci 0000:00:17.2:   bridge window [io  0xe000-0xefff]
[    1.313338] pci 0000:00:17.2:   bridge window [mem 0xfca00000-0xfcafffff]
[    1.313356] pci 0000:00:17.2:   bridge window [mem 0xe7000000-0xe70fffff 64bit pref]
[    1.313407] pci 0000:00:17.3: PCI bridge to [bus 16]
[    1.313434] pci 0000:00:17.3:   bridge window [mem 0xfc600000-0xfc6fffff]
[    1.313451] pci 0000:00:17.3:   bridge window [mem 0xe6c00000-0xe6cfffff 64bit pref]
[    1.313501] pci 0000:00:17.4: PCI bridge to [bus 17]
[    1.313530] pci 0000:00:17.4:   bridge window [mem 0xfc200000-0xfc2fffff]
[    1.313548] pci 0000:00:17.4:   bridge window [mem 0xe6800000-0xe68fffff 64bit pref]
[    1.313599] pci 0000:00:17.5: PCI bridge to [bus 18]
[    1.313626] pci 0000:00:17.5:   bridge window [mem 0xfbe00000-0xfbefffff]
[    1.313643] pci 0000:00:17.5:   bridge window [mem 0xe6400000-0xe64fffff 64bit pref]
[    1.313693] pci 0000:00:17.6: PCI bridge to [bus 19]
[    1.313721] pci 0000:00:17.6:   bridge window [mem 0xfba00000-0xfbafffff]
[    1.313739] pci 0000:00:17.6:   bridge window [mem 0xe6000000-0xe60fffff 64bit pref]
[    1.313790] pci 0000:00:17.7: PCI bridge to [bus 1a]
[    1.313817] pci 0000:00:17.7:   bridge window [mem 0xfb600000-0xfb6fffff]
[    1.313834] pci 0000:00:17.7:   bridge window [mem 0xe5c00000-0xe5cfffff 64bit pref]
[    1.313884] pci 0000:00:18.0: PCI bridge to [bus 1b]
[    1.313896] pci 0000:00:18.0:   bridge window [io  0x7000-0x7fff]
[    1.313923] pci 0000:00:18.0:   bridge window [mem 0xfd100000-0xfd1fffff]
[    1.313942] pci 0000:00:18.0:   bridge window [mem 0xe7700000-0xe77fffff 64bit pref]
[    1.314000] pci 0000:00:18.1: PCI bridge to [bus 1c]
[    1.314011] pci 0000:00:18.1:   bridge window [io  0xb000-0xbfff]
[    1.314039] pci 0000:00:18.1:   bridge window [mem 0xfcd00000-0xfcdfffff]
[    1.314057] pci 0000:00:18.1:   bridge window [mem 0xe7300000-0xe73fffff 64bit pref]
[    1.314109] pci 0000:00:18.2: PCI bridge to [bus 1d]
[    1.314138] pci 0000:00:18.2:   bridge window [mem 0xfc900000-0xfc9fffff]
[    1.314156] pci 0000:00:18.2:   bridge window [mem 0xe6f00000-0xe6ffffff 64bit pref]
[    1.314207] pci 0000:00:18.3: PCI bridge to [bus 1e]
[    1.314236] pci 0000:00:18.3:   bridge window [mem 0xfc500000-0xfc5fffff]
[    1.314254] pci 0000:00:18.3:   bridge window [mem 0xe6b00000-0xe6bfffff 64bit pref]
[    1.314306] pci 0000:00:18.4: PCI bridge to [bus 1f]
[    1.314334] pci 0000:00:18.4:   bridge window [mem 0xfc100000-0xfc1fffff]
[    1.314353] pci 0000:00:18.4:   bridge window [mem 0xe6700000-0xe67fffff 64bit pref]
[    1.314435] pci 0000:00:18.5: PCI bridge to [bus 20]
[    1.314505] pci 0000:00:18.5:   bridge window [mem 0xfbd00000-0xfbdfffff]
[    1.314529] pci 0000:00:18.5:   bridge window [mem 0xe6300000-0xe63fffff 64bit pref]
[    1.314611] pci 0000:00:18.6: PCI bridge to [bus 21]
[    1.314640] pci 0000:00:18.6:   bridge window [mem 0xfb900000-0xfb9fffff]
[    1.314686] pci 0000:00:18.6:   bridge window [mem 0xe5f00000-0xe5ffffff 64bit pref]
[    1.314737] pci 0000:00:18.7: PCI bridge to [bus 22]
[    1.314765] pci 0000:00:18.7:   bridge window [mem 0xfb500000-0xfb5fffff]
[    1.314784] pci 0000:00:18.7:   bridge window [mem 0xe5b00000-0xe5bfffff 64bit pref]
[    1.314836] pci_bus 0000:00: resource 4 [mem 0x000a0000-0x000bffff window]
[    1.314838] pci_bus 0000:00: resource 5 [mem 0x000d0000-0x000d3fff window]
[    1.314839] pci_bus 0000:00: resource 6 [mem 0x000d4000-0x000d7fff window]
[    1.314839] pci_bus 0000:00: resource 7 [mem 0x000d8000-0x000dbfff window]
[    1.314840] pci_bus 0000:00: resource 8 [mem 0xc0000000-0xfebfffff window]
[    1.314841] pci_bus 0000:00: resource 9 [io  0x0000-0x0cf7 window]
[    1.314842] pci_bus 0000:00: resource 10 [io  0x0d00-0xfeff window]
[    1.314843] pci_bus 0000:02: resource 0 [io  0x2000-0x3fff]
[    1.314844] pci_bus 0000:02: resource 1 [mem 0xfd500000-0xfdffffff]
[    1.314845] pci_bus 0000:02: resource 2 [mem 0xe7b00000-0xe7ffffff 64bit pref]
[    1.314845] pci_bus 0000:02: resource 4 [mem 0x000a0000-0x000bffff window]
[    1.314846] pci_bus 0000:02: resource 5 [mem 0x000d0000-0x000d3fff window]
[    1.314847] pci_bus 0000:02: resource 6 [mem 0x000d4000-0x000d7fff window]
[    1.314848] pci_bus 0000:02: resource 7 [mem 0x000d8000-0x000dbfff window]
[    1.314848] pci_bus 0000:02: resource 8 [mem 0xc0000000-0xfebfffff window]
[    1.314849] pci_bus 0000:02: resource 9 [io  0x0000-0x0cf7 window]
[    1.314850] pci_bus 0000:02: resource 10 [io  0x0d00-0xfeff window]
[    1.314851] pci_bus 0000:03: resource 0 [io  0x4000-0x4fff]
[    1.314852] pci_bus 0000:03: resource 1 [mem 0xfd400000-0xfd4fffff]
[    1.314852] pci_bus 0000:03: resource 2 [mem 0xe7a00000-0xe7afffff 64bit pref]
[    1.314853] pci_bus 0000:04: resource 0 [io  0x8000-0x8fff]
[    1.314854] pci_bus 0000:04: resource 1 [mem 0xfd000000-0xfd0fffff]
[    1.314855] pci_bus 0000:04: resource 2 [mem 0xe7600000-0xe76fffff 64bit pref]
[    1.314856] pci_bus 0000:05: resource 0 [io  0xc000-0xcfff]
[    1.314856] pci_bus 0000:05: resource 1 [mem 0xfcc00000-0xfccfffff]
[    1.314857] pci_bus 0000:05: resource 2 [mem 0xe7200000-0xe72fffff 64bit pref]
[    1.314858] pci_bus 0000:06: resource 1 [mem 0xfc800000-0xfc8fffff]
[    1.314859] pci_bus 0000:06: resource 2 [mem 0xe6e00000-0xe6efffff 64bit pref]
[    1.314860] pci_bus 0000:07: resource 1 [mem 0xfc400000-0xfc4fffff]
[    1.314860] pci_bus 0000:07: resource 2 [mem 0xe6a00000-0xe6afffff 64bit pref]
[    1.314861] pci_bus 0000:08: resource 1 [mem 0xfc000000-0xfc0fffff]
[    1.314862] pci_bus 0000:08: resource 2 [mem 0xe6600000-0xe66fffff 64bit pref]
[    1.314863] pci_bus 0000:09: resource 1 [mem 0xfbc00000-0xfbcfffff]
[    1.314864] pci_bus 0000:09: resource 2 [mem 0xe6200000-0xe62fffff 64bit pref]
[    1.314865] pci_bus 0000:0a: resource 1 [mem 0xfb800000-0xfb8fffff]
[    1.314865] pci_bus 0000:0a: resource 2 [mem 0xe5e00000-0xe5efffff 64bit pref]
[    1.314866] pci_bus 0000:0b: resource 0 [io  0x5000-0x5fff]
[    1.314867] pci_bus 0000:0b: resource 1 [mem 0xfd300000-0xfd3fffff]
[    1.314868] pci_bus 0000:0b: resource 2 [mem 0xe7900000-0xe79fffff 64bit pref]
[    1.314868] pci_bus 0000:0c: resource 0 [io  0x9000-0x9fff]
[    1.314869] pci_bus 0000:0c: resource 1 [mem 0xfcf00000-0xfcffffff]
[    1.314870] pci_bus 0000:0c: resource 2 [mem 0xe7500000-0xe75fffff 64bit pref]
[    1.314871] pci_bus 0000:0d: resource 0 [io  0xd000-0xdfff]
[    1.314871] pci_bus 0000:0d: resource 1 [mem 0xfcb00000-0xfcbfffff]
[    1.314872] pci_bus 0000:0d: resource 2 [mem 0xe7100000-0xe71fffff 64bit pref]
[    1.314873] pci_bus 0000:0e: resource 1 [mem 0xfc700000-0xfc7fffff]
[    1.314874] pci_bus 0000:0e: resource 2 [mem 0xe6d00000-0xe6dfffff 64bit pref]
[    1.314875] pci_bus 0000:0f: resource 1 [mem 0xfc300000-0xfc3fffff]
[    1.314875] pci_bus 0000:0f: resource 2 [mem 0xe6900000-0xe69fffff 64bit pref]
[    1.314876] pci_bus 0000:10: resource 1 [mem 0xfbf00000-0xfbffffff]
[    1.314877] pci_bus 0000:10: resource 2 [mem 0xe6500000-0xe65fffff 64bit pref]
[    1.314878] pci_bus 0000:11: resource 1 [mem 0xfbb00000-0xfbbfffff]
[    1.314879] pci_bus 0000:11: resource 2 [mem 0xe6100000-0xe61fffff 64bit pref]
[    1.314879] pci_bus 0000:12: resource 1 [mem 0xfb700000-0xfb7fffff]
[    1.314880] pci_bus 0000:12: resource 2 [mem 0xe5d00000-0xe5dfffff 64bit pref]
[    1.314881] pci_bus 0000:13: resource 0 [io  0x6000-0x6fff]
[    1.314882] pci_bus 0000:13: resource 1 [mem 0xfd200000-0xfd2fffff]
[    1.314882] pci_bus 0000:13: resource 2 [mem 0xe7800000-0xe78fffff 64bit pref]
[    1.314883] pci_bus 0000:14: resource 0 [io  0xa000-0xafff]
[    1.314884] pci_bus 0000:14: resource 1 [mem 0xfce00000-0xfcefffff]
[    1.314885] pci_bus 0000:14: resource 2 [mem 0xe7400000-0xe74fffff 64bit pref]
[    1.314886] pci_bus 0000:15: resource 0 [io  0xe000-0xefff]
[    1.314886] pci_bus 0000:15: resource 1 [mem 0xfca00000-0xfcafffff]
[    1.314887] pci_bus 0000:15: resource 2 [mem 0xe7000000-0xe70fffff 64bit pref]
[    1.314888] pci_bus 0000:16: resource 1 [mem 0xfc600000-0xfc6fffff]
[    1.314889] pci_bus 0000:16: resource 2 [mem 0xe6c00000-0xe6cfffff 64bit pref]
[    1.314890] pci_bus 0000:17: resource 1 [mem 0xfc200000-0xfc2fffff]
[    1.314890] pci_bus 0000:17: resource 2 [mem 0xe6800000-0xe68fffff 64bit pref]
[    1.314891] pci_bus 0000:18: resource 1 [mem 0xfbe00000-0xfbefffff]
[    1.314892] pci_bus 0000:18: resource 2 [mem 0xe6400000-0xe64fffff 64bit pref]
[    1.314893] pci_bus 0000:19: resource 1 [mem 0xfba00000-0xfbafffff]
[    1.314893] pci_bus 0000:19: resource 2 [mem 0xe6000000-0xe60fffff 64bit pref]
[    1.314894] pci_bus 0000:1a: resource 1 [mem 0xfb600000-0xfb6fffff]
[    1.314895] pci_bus 0000:1a: resource 2 [mem 0xe5c00000-0xe5cfffff 64bit pref]
[    1.314896] pci_bus 0000:1b: resource 0 [io  0x7000-0x7fff]
[    1.314896] pci_bus 0000:1b: resource 1 [mem 0xfd100000-0xfd1fffff]
[    1.314897] pci_bus 0000:1b: resource 2 [mem 0xe7700000-0xe77fffff 64bit pref]
[    1.314898] pci_bus 0000:1c: resource 0 [io  0xb000-0xbfff]
[    1.314899] pci_bus 0000:1c: resource 1 [mem 0xfcd00000-0xfcdfffff]
[    1.314899] pci_bus 0000:1c: resource 2 [mem 0xe7300000-0xe73fffff 64bit pref]
[    1.314900] pci_bus 0000:1d: resource 1 [mem 0xfc900000-0xfc9fffff]
[    1.314901] pci_bus 0000:1d: resource 2 [mem 0xe6f00000-0xe6ffffff 64bit pref]
[    1.314902] pci_bus 0000:1e: resource 1 [mem 0xfc500000-0xfc5fffff]
[    1.314902] pci_bus 0000:1e: resource 2 [mem 0xe6b00000-0xe6bfffff 64bit pref]
[    1.314903] pci_bus 0000:1f: resource 1 [mem 0xfc100000-0xfc1fffff]
[    1.314904] pci_bus 0000:1f: resource 2 [mem 0xe6700000-0xe67fffff 64bit pref]
[    1.314905] pci_bus 0000:20: resource 1 [mem 0xfbd00000-0xfbdfffff]
[    1.314906] pci_bus 0000:20: resource 2 [mem 0xe6300000-0xe63fffff 64bit pref]
[    1.314907] pci_bus 0000:21: resource 1 [mem 0xfb900000-0xfb9fffff]
[    1.314907] pci_bus 0000:21: resource 2 [mem 0xe5f00000-0xe5ffffff 64bit pref]
[    1.314908] pci_bus 0000:22: resource 1 [mem 0xfb500000-0xfb5fffff]
[    1.314909] pci_bus 0000:22: resource 2 [mem 0xe5b00000-0xe5bfffff 64bit pref]
[    1.315082] pci 0000:00:00.0: Limiting direct PCI/PCI transfers
[    1.315194] pci 0000:00:0f.0: Video device with shadowed ROM at [mem 0x000c0000-0x000dffff]
[    1.316529] pci 0000:02:01.0: CLS mismatch (32 != 64), using 64 bytes
[    1.317149] PCI-DMA: Using software bounce buffering for IO (SWIOTLB)
[    1.317151] software IO TLB: mapped [mem 0x00000000bbed0000-0x00000000bfed0000] (64MB)
[    1.317213] clocksource: tsc: mask: 0xffffffffffffffff max_cycles: 0x1e717b4f62a, max_idle_ns: 440795208866 ns
[    1.317316] clocksource: Switched to clocksource tsc
[    1.317617] Trying to unpack rootfs image as initramfs...
[    1.320680] Initialise system trusted keyrings
[    1.320687] Key type blacklist registered
[    1.320946] workingset: timestamp_bits=36 max_order=20 bucket_order=0
[    1.324509] zbud: loaded
[    1.325294] squashfs: version 4.0 (2009/01/31) Phillip Lougher
[    1.326091] fuse: init (API version 7.34)
[    1.326907] integrity: Platform Keyring initialized
[    1.333185] Key type asymmetric registered
[    1.333187] Asymmetric key parser 'x509' registered
[    1.333223] Block layer SCSI generic (bsg) driver version 0.4 loaded (major 243)
[    1.333501] io scheduler mq-deadline registered
[    1.335049] pcieport 0000:00:15.0: PME: Signaling with IRQ 25
[    1.335129] pcieport 0000:00:15.0: pciehp: Slot #160 AttnBtn+ PwrCtrl+ MRL- AttnInd- PwrInd- HotPlug+ Surprise- Interlock- NoCompl+ IbPresDis- LLActRep+
[    1.336433] pcieport 0000:00:15.1: PME: Signaling with IRQ 26
[    1.336513] pcieport 0000:00:15.1: pciehp: Slot #161 AttnBtn+ PwrCtrl+ MRL- AttnInd- PwrInd- HotPlug+ Surprise- Interlock- NoCompl+ IbPresDis- LLActRep+
[    1.337690] pcieport 0000:00:15.2: PME: Signaling with IRQ 27
[    1.337812] pcieport 0000:00:15.2: pciehp: Slot #162 AttnBtn+ PwrCtrl+ MRL- AttnInd- PwrInd- HotPlug+ Surprise- Interlock- NoCompl+ IbPresDis- LLActRep+
[    1.339076] pcieport 0000:00:15.3: PME: Signaling with IRQ 28
[    1.339194] pcieport 0000:00:15.3: pciehp: Slot #163 AttnBtn+ PwrCtrl+ MRL- AttnInd- PwrInd- HotPlug+ Surprise- Interlock- NoCompl+ IbPresDis- LLActRep+
[    1.340395] pcieport 0000:00:15.4: PME: Signaling with IRQ 29
[    1.340477] pcieport 0000:00:15.4: pciehp: Slot #164 AttnBtn+ PwrCtrl+ MRL- AttnInd- PwrInd- HotPlug+ Surprise- Interlock- NoCompl+ IbPresDis- LLActRep+
[    1.341702] pcieport 0000:00:15.5: PME: Signaling with IRQ 30
[    1.341803] pcieport 0000:00:15.5: pciehp: Slot #165 AttnBtn+ PwrCtrl+ MRL- AttnInd- PwrInd- HotPlug+ Surprise- Interlock- NoCompl+ IbPresDis- LLActRep+
[    1.343083] pcieport 0000:00:15.6: PME: Signaling with IRQ 31
[    1.343250] pcieport 0000:00:15.6: pciehp: Slot #166 AttnBtn+ PwrCtrl+ MRL- AttnInd- PwrInd- HotPlug+ Surprise- Interlock- NoCompl+ IbPresDis- LLActRep+
[    1.344425] pcieport 0000:00:15.7: PME: Signaling with IRQ 32
[    1.344522] pcieport 0000:00:15.7: pciehp: Slot #167 AttnBtn+ PwrCtrl+ MRL- AttnInd- PwrInd- HotPlug+ Surprise- Interlock- NoCompl+ IbPresDis- LLActRep+
[    1.345699] pcieport 0000:00:16.0: PME: Signaling with IRQ 33
[    1.345804] pcieport 0000:00:16.0: pciehp: Slot #192 AttnBtn+ PwrCtrl+ MRL- AttnInd- PwrInd- HotPlug+ Surprise- Interlock- NoCompl+ IbPresDis- LLActRep+
[    1.347065] pcieport 0000:00:16.1: PME: Signaling with IRQ 34
[    1.347146] pcieport 0000:00:16.1: pciehp: Slot #193 AttnBtn+ PwrCtrl+ MRL- AttnInd- PwrInd- HotPlug+ Surprise- Interlock- NoCompl+ IbPresDis- LLActRep+
[    1.348494] pcieport 0000:00:16.2: PME: Signaling with IRQ 35
[    1.348601] pcieport 0000:00:16.2: pciehp: Slot #194 AttnBtn+ PwrCtrl+ MRL- AttnInd- PwrInd- HotPlug+ Surprise- Interlock- NoCompl+ IbPresDis- LLActRep+
[    1.349777] pcieport 0000:00:16.3: PME: Signaling with IRQ 36
[    1.349866] pcieport 0000:00:16.3: pciehp: Slot #195 AttnBtn+ PwrCtrl+ MRL- AttnInd- PwrInd- HotPlug+ Surprise- Interlock- NoCompl+ IbPresDis- LLActRep+
[    1.351184] pcieport 0000:00:16.4: PME: Signaling with IRQ 37
[    1.351266] pcieport 0000:00:16.4: pciehp: Slot #196 AttnBtn+ PwrCtrl+ MRL- AttnInd- PwrInd- HotPlug+ Surprise- Interlock- NoCompl+ IbPresDis- LLActRep+
[    1.352487] pcieport 0000:00:16.5: PME: Signaling with IRQ 38
[    1.352583] pcieport 0000:00:16.5: pciehp: Slot #197 AttnBtn+ PwrCtrl+ MRL- AttnInd- PwrInd- HotPlug+ Surprise- Interlock- NoCompl+ IbPresDis- LLActRep+
[    1.353779] pcieport 0000:00:16.6: PME: Signaling with IRQ 39
[    1.353860] pcieport 0000:00:16.6: pciehp: Slot #198 AttnBtn+ PwrCtrl+ MRL- AttnInd- PwrInd- HotPlug+ Surprise- Interlock- NoCompl+ IbPresDis- LLActRep+
[    1.355064] pcieport 0000:00:16.7: PME: Signaling with IRQ 40
[    1.355202] pcieport 0000:00:16.7: pciehp: Slot #199 AttnBtn+ PwrCtrl+ MRL- AttnInd- PwrInd- HotPlug+ Surprise- Interlock- NoCompl+ IbPresDis- LLActRep+
[    1.356440] pcieport 0000:00:17.0: PME: Signaling with IRQ 41
[    1.356538] pcieport 0000:00:17.0: pciehp: Slot #224 AttnBtn+ PwrCtrl+ MRL- AttnInd- PwrInd- HotPlug+ Surprise- Interlock- NoCompl+ IbPresDis- LLActRep+
[    1.357707] pcieport 0000:00:17.1: PME: Signaling with IRQ 42
[    1.357788] pcieport 0000:00:17.1: pciehp: Slot #225 AttnBtn+ PwrCtrl+ MRL- AttnInd- PwrInd- HotPlug+ Surprise- Interlock- NoCompl+ IbPresDis- LLActRep+
[    1.359029] pcieport 0000:00:17.2: PME: Signaling with IRQ 43
[    1.359176] pcieport 0000:00:17.2: pciehp: Slot #226 AttnBtn+ PwrCtrl+ MRL- AttnInd- PwrInd- HotPlug+ Surprise- Interlock- NoCompl+ IbPresDis- LLActRep+
[    1.360392] pcieport 0000:00:17.3: PME: Signaling with IRQ 44
[    1.360473] pcieport 0000:00:17.3: pciehp: Slot #227 AttnBtn+ PwrCtrl+ MRL- AttnInd- PwrInd- HotPlug+ Surprise- Interlock- NoCompl+ IbPresDis- LLActRep+
[    1.361771] pcieport 0000:00:17.4: PME: Signaling with IRQ 45
[    1.361849] pcieport 0000:00:17.4: pciehp: Slot #228 AttnBtn+ PwrCtrl+ MRL- AttnInd- PwrInd- HotPlug+ Surprise- Interlock- NoCompl+ IbPresDis- LLActRep+
[    1.363150] pcieport 0000:00:17.5: PME: Signaling with IRQ 46
[    1.363232] pcieport 0000:00:17.5: pciehp: Slot #229 AttnBtn+ PwrCtrl+ MRL- AttnInd- PwrInd- HotPlug+ Surprise- Interlock- NoCompl+ IbPresDis- LLActRep+
[    1.364627] pcieport 0000:00:17.6: PME: Signaling with IRQ 47
[    1.364709] pcieport 0000:00:17.6: pciehp: Slot #230 AttnBtn+ PwrCtrl+ MRL- AttnInd- PwrInd- HotPlug+ Surprise- Interlock- NoCompl+ IbPresDis- LLActRep+
[    1.365968] pcieport 0000:00:17.7: PME: Signaling with IRQ 48
[    1.366049] pcieport 0000:00:17.7: pciehp: Slot #231 AttnBtn+ PwrCtrl+ MRL- AttnInd- PwrInd- HotPlug+ Surprise- Interlock- NoCompl+ IbPresDis- LLActRep+
[    1.367340] pcieport 0000:00:18.0: PME: Signaling with IRQ 49
[    1.367420] pcieport 0000:00:18.0: pciehp: Slot #256 AttnBtn+ PwrCtrl+ MRL- AttnInd- PwrInd- HotPlug+ Surprise- Interlock- NoCompl+ IbPresDis- LLActRep+
[    1.368828] pcieport 0000:00:18.1: PME: Signaling with IRQ 50
[    1.368960] pcieport 0000:00:18.1: pciehp: Slot #257 AttnBtn+ PwrCtrl+ MRL- AttnInd- PwrInd- HotPlug+ Surprise- Interlock- NoCompl+ IbPresDis- LLActRep+
[    1.370238] pcieport 0000:00:18.2: PME: Signaling with IRQ 51
[    1.370372] pcieport 0000:00:18.2: pciehp: Slot #258 AttnBtn+ PwrCtrl+ MRL- AttnInd- PwrInd- HotPlug+ Surprise- Interlock- NoCompl+ IbPresDis- LLActRep+
[    1.371576] pcieport 0000:00:18.3: PME: Signaling with IRQ 52
[    1.371705] pcieport 0000:00:18.3: pciehp: Slot #259 AttnBtn+ PwrCtrl+ MRL- AttnInd- PwrInd- HotPlug+ Surprise- Interlock- NoCompl+ IbPresDis- LLActRep+
[    1.372886] pcieport 0000:00:18.4: PME: Signaling with IRQ 53
[    1.373005] pcieport 0000:00:18.4: pciehp: Slot #260 AttnBtn+ PwrCtrl+ MRL- AttnInd- PwrInd- HotPlug+ Surprise- Interlock- NoCompl+ IbPresDis- LLActRep+
[    1.374296] pcieport 0000:00:18.5: PME: Signaling with IRQ 54
[    1.374378] pcieport 0000:00:18.5: pciehp: Slot #261 AttnBtn+ PwrCtrl+ MRL- AttnInd- PwrInd- HotPlug+ Surprise- Interlock- NoCompl+ IbPresDis- LLActRep+
[    1.375741] pcieport 0000:00:18.6: PME: Signaling with IRQ 55
[    1.375828] pcieport 0000:00:18.6: pciehp: Slot #262 AttnBtn+ PwrCtrl+ MRL- AttnInd- PwrInd- HotPlug+ Surprise- Interlock- NoCompl+ IbPresDis- LLActRep+
[    1.377076] pcieport 0000:00:18.7: PME: Signaling with IRQ 56
[    1.377158] pcieport 0000:00:18.7: pciehp: Slot #263 AttnBtn+ PwrCtrl+ MRL- AttnInd- PwrInd- HotPlug+ Surprise- Interlock- NoCompl+ IbPresDis- LLActRep+
[    1.378012] shpchp: Standard Hot Plug PCI Controller Driver version: 0.4
[    1.378740] ACPI: AC: AC Adapter [ACAD] (on-line)
[    1.378900] input: Power Button as /devices/LNXSYSTM:00/LNXPWRBN:00/input/input0
[    1.378957] ACPI: button: Power Button [PWRF]
[    1.380528] Serial: 8250/16550 driver, 32 ports, IRQ sharing enabled
[    1.404288] 00:05: ttyS0 at I/O 0x3f8 (irq = 4, base_baud = 115200) is a 16550A
[    1.447826] Linux agpgart interface v0.103
[    1.447945] agpgart-intel 0000:00:00.0: Intel 440BX Chipset
[    1.449813] agpgart-intel 0000:00:00.0: AGP aperture is 256M @ 0x0
[    1.504536] loop: module loaded
[    1.505181] ata_piix 0000:00:07.1: version 2.13
[    1.506284] scsi host0: ata_piix
[    1.506912] scsi host1: ata_piix
[    1.507084] ata1: PATA max UDMA/33 cmd 0x1f0 ctl 0x3f6 bmdma 0x1060 irq 14
[    1.507086] ata2: PATA max UDMA/33 cmd 0x170 ctl 0x376 bmdma 0x1068 irq 15
[    1.507630] libphy: Fixed MDIO Bus: probed
[    1.507632] tun: Universal TUN/TAP device driver, 1.6
[    1.507675] PPP generic driver version 2.4.2
[    1.507783] VFIO - User Level meta-driver version: 0.3
[    1.508041] ehci_hcd: USB 2.0 'Enhanced' Host Controller (EHCI) Driver
[    1.508044] ehci-pci: EHCI PCI platform driver
[    1.508440] ehci-pci 0000:02:03.0: EHCI Host Controller
[    1.508464] ehci-pci 0000:02:03.0: new USB bus registered, assigned bus number 1
[    1.509202] ehci-pci 0000:02:03.0: irq 17, io mem 0xfd5ef000
[    1.523342] ehci-pci 0000:02:03.0: USB 2.0 started, EHCI 1.00
[    1.523532] usb usb1: New USB device found, idVendor=1d6b, idProduct=0002, bcdDevice= 5.15
[    1.523534] usb usb1: New USB device strings: Mfr=3, Product=2, SerialNumber=1
[    1.523535] usb usb1: Product: EHCI Host Controller
[    1.523536] usb usb1: Manufacturer: Linux 5.15.0-rc7+ ehci_hcd
[    1.523537] usb usb1: SerialNumber: 0000:02:03.0
[    1.523983] hub 1-0:1.0: USB hub found
[    1.523987] hub 1-0:1.0: 6 ports detected
[    1.524261] ehci-platform: EHCI generic platform driver
[    1.524273] ohci_hcd: USB 1.1 'Open' Host Controller (OHCI) Driver
[    1.524275] ohci-pci: OHCI PCI platform driver
[    1.524286] ohci-platform: OHCI generic platform driver
[    1.524315] uhci_hcd: USB Universal Host Controller Interface driver
[    1.524881] uhci_hcd 0000:02:00.0: UHCI Host Controller
[    1.524886] uhci_hcd 0000:02:00.0: new USB bus registered, assigned bus number 2
[    1.524924] uhci_hcd 0000:02:00.0: detected 2 ports
[    1.525321] uhci_hcd 0000:02:00.0: irq 18, io base 0x00002080
[    1.525416] usb usb2: New USB device found, idVendor=1d6b, idProduct=0001, bcdDevice= 5.15
[    1.525418] usb usb2: New USB device strings: Mfr=3, Product=2, SerialNumber=1
[    1.525419] usb usb2: Product: UHCI Host Controller
[    1.525420] usb usb2: Manufacturer: Linux 5.15.0-rc7+ uhci_hcd
[    1.525421] usb usb2: SerialNumber: 0000:02:00.0
[    1.525652] hub 2-0:1.0: USB hub found
[    1.525658] hub 2-0:1.0: 2 ports detected
[    1.525984] i8042: PNP: PS/2 Controller [PNP0303:KBC,PNP0f13:MOUS] at 0x60,0x64 irq 1,12
[    1.526668] serio: i8042 KBD port at 0x60,0x64 irq 1
[    1.526673] serio: i8042 AUX port at 0x60,0x64 irq 12
[    1.527123] mousedev: PS/2 mouse device common for all mice
[    1.529215] rtc_cmos 00:01: registered as rtc0
[    1.529349] rtc_cmos 00:01: setting system clock to 2021-12-04T01:39:16 UTC (1638581956)
[    1.529379] rtc_cmos 00:01: alarms up to one month, y3k, 114 bytes nvram, hpet irqs
[    1.529386] i2c_dev: i2c /dev entries driver
[    1.529452] device-mapper: core: CONFIG_IMA_DISABLE_HTABLE is disabled. Duplicate IMA measurements will not be recorded in the IMA log.
[    1.529518] device-mapper: uevent: version 1.0.3
[    1.529671] device-mapper: ioctl: 4.45.0-ioctl (2021-03-22) initialised: dm-devel@redhat.com
[    1.529686] platform eisa.0: Probing EISA bus 0
[    1.529704] platform eisa.0: EISA: Cannot allocate resource for mainboard
[    1.529705] platform eisa.0: Cannot allocate resource for EISA slot 1
[    1.529706] platform eisa.0: Cannot allocate resource for EISA slot 2
[    1.529707] platform eisa.0: Cannot allocate resource for EISA slot 3
[    1.529708] platform eisa.0: Cannot allocate resource for EISA slot 4
[    1.529708] platform eisa.0: Cannot allocate resource for EISA slot 5
[    1.529709] platform eisa.0: Cannot allocate resource for EISA slot 6
[    1.529710] platform eisa.0: Cannot allocate resource for EISA slot 7
[    1.529710] platform eisa.0: Cannot allocate resource for EISA slot 8
[    1.529711] platform eisa.0: EISA: Detected 0 cards
[    1.529712] intel_pstate: CPU model not supported
[    1.530007] ledtrig-cpu: registered to indicate activity on CPUs
[    1.530425] intel_pmc_core intel_pmc_core.0:  initialized
[    1.530631] drop_monitor: Initializing network drop monitor service
[    1.531643] NET: Registered PF_INET6 protocol family
[    1.532355] input: AT Translated Set 2 keyboard as /devices/platform/i8042/serio0/input/input1
[    1.763718] usb 2-1: new full-speed USB device number 2 using uhci_hcd
[    1.930703] usb 2-1: New USB device found, idVendor=0e0f, idProduct=0003, bcdDevice= 1.03
[    1.930707] usb 2-1: New USB device strings: Mfr=1, Product=2, SerialNumber=0
[    1.930708] usb 2-1: Product: VMware Virtual USB Mouse
[    1.930709] usb 2-1: Manufacturer: VMware
[    2.067622] usb 2-2: new full-speed USB device number 3 using uhci_hcd
[    2.192656] Freeing initrd memory: 56156K
[    2.200648] Segment Routing with IPv6
[    2.200659] In-situ OAM (IOAM) with IPv6
[    2.200680] NET: Registered PF_PACKET protocol family
[    2.200932] Key type dns_resolver registered
[    2.201273] IPI shorthand broadcast: enabled
[    2.201279] sched_clock: Marking stable (2195088299, 6148128)->(2291216311, -89979884)
[    2.202469] registered taskstats version 1
[    2.202593] Loading compiled-in X.509 certificates
[    2.203700] Loaded X.509 cert 'Build time autogenerated kernel key: c852d61b36159e5bab2247649cb992222403b7fc'
[    2.241865] usb 2-2: New USB device found, idVendor=0e0f, idProduct=0002, bcdDevice= 1.00
[    2.241870] usb 2-2: New USB device strings: Mfr=1, Product=2, SerialNumber=0
[    2.241871] usb 2-2: Product: VMware Virtual USB Hub
[    2.241872] usb 2-2: Manufacturer: VMware, Inc.
[    2.251419] hub 2-2:1.0: USB hub found
[    2.255007] hub 2-2:1.0: 7 ports detected
[    2.299329] zswap: loaded using pool lzo/zbud
[    2.300522] Key type ._fscrypt registered
[    2.300524] Key type .fscrypt registered
[    2.300524] Key type fscrypt-provisioning registered
[    2.306372] Key type encrypted registered
[    2.306376] AppArmor: AppArmor sha1 policy hashing enabled
[    2.306406] ima: No TPM chip found, activating TPM-bypass!
[    2.306410] Loading compiled-in module X.509 certificates
[    2.306875] Loaded X.509 cert 'Build time autogenerated kernel key: c852d61b36159e5bab2247649cb992222403b7fc'
[    2.306877] ima: Allocated hash algorithm: sha1
[    2.306883] ima: No architecture policies found
[    2.306929] evm: Initialising EVM extended attributes:
[    2.306930] evm: security.selinux
[    2.306931] evm: security.SMACK64
[    2.306931] evm: security.SMACK64EXEC
[    2.306931] evm: security.SMACK64TRANSMUTE
[    2.306932] evm: security.SMACK64MMAP
[    2.306932] evm: security.apparmor
[    2.306933] evm: security.ima
[    2.306933] evm: security.capability
[    2.306934] evm: HMAC attrs: 0x1
[    2.307755] PM:   Magic number: 1:572:659
[    2.307785] pciehp 0000:00:16.0:pcie004: hash matches
[    2.308538] RAS: Correctable Errors collector initialized.
[    2.310688] Freeing unused decrypted memory: 2036K
[    2.311102] Freeing unused kernel image (initmem) memory: 2876K
[    2.327874] Write protecting the kernel read-only data: 24576k
[    2.328828] Freeing unused kernel image (text/rodata gap) memory: 2036K
[    2.329282] Freeing unused kernel image (rodata/data gap) memory: 656K
[    2.338641] x86/mm: Checked W+X mappings: passed, no W+X pages found.
[    2.338648] Run /init as init process
[    2.338649]   with arguments:
[    2.338650]     /init
[    2.338651]     auto
[    2.338652]     noprompt
[    2.338652]   with environment:
[    2.338653]     HOME=/
[    2.338653]     TERM=linux
[    2.338654]     BOOT_IMAGE=/boot/vmlinuz-5.15.0-rc7+
[    2.338654]     find_preseed=/preseed.cfg
[    2.338655]     priority=critical
[    2.338655]     locale=en_US
[    2.669717] Fusion MPT base driver 3.04.20
[    2.669720] Copyright (c) 1999-2008 LSI Corporation
[    2.670116] piix4_smbus 0000:00:07.3: SMBus Host Controller not enabled!
[    2.670627] hid: raw HID events driver (C) Jiri Kosina
[    2.671867] e1000: Intel(R) PRO/1000 Network Driver
[    2.671869] e1000: Copyright (c) 1999-2006 Intel Corporation.
[    2.673150] ahci 0000:02:04.0: version 3.0
[    2.674897] input: VirtualPS/2 VMware VMMouse as /devices/platform/i8042/serio1/input/input4
[    2.675432] input: VirtualPS/2 VMware VMMouse as /devices/platform/i8042/serio1/input/input3
[    2.677500] ahci 0000:02:04.0: AHCI 0001.0300 32 slots 30 ports 6 Gbps 0x3fffffff impl SATA mode
[    2.677505] ahci 0000:02:04.0: flags: 64bit ncq clo only 
[    2.686556] Fusion MPT SPI Host driver 3.04.20
[    2.695223] mptbase: ioc0: Initiating bringup
[    2.703510] usbcore: registered new interface driver usbhid
[    2.703513] usbhid: USB HID core driver
[    2.707831] scsi host2: ahci
[    2.732089] scsi host3: ahci
[    2.732749] input: VMware VMware Virtual USB Mouse as /devices/pci0000:00/0000:00:11.0/0000:02:00.0/usb2/2-1/2-1:1.0/0003:0E0F:0003.0001/input/input5
[    2.732822] scsi host4: ahci
[    2.733090] hid-generic 0003:0E0F:0003.0001: input,hidraw0: USB HID v1.10 Mouse [VMware VMware Virtual USB Mouse] on usb-0000:02:00.0-1/input0
[    2.739254] scsi host5: ahci
[    2.739924] scsi host6: ahci
[    2.740539] scsi host7: ahci
[    2.741322] scsi host8: ahci
[    2.744064] scsi host9: ahci
[    2.744706] scsi host10: ahci
[    2.745126] scsi host11: ahci
[    2.745568] scsi host12: ahci
[    2.745969] scsi host13: ahci
[    2.746615] scsi host14: ahci
[    2.747440] scsi host15: ahci
[    2.751683] scsi host16: ahci
[    2.752424] scsi host17: ahci
[    2.753351] scsi host18: ahci
[    2.755654] scsi host19: ahci
[    2.756345] scsi host20: ahci
[    2.759946] scsi host21: ahci
[    2.760657] scsi host22: ahci
[    2.763657] scsi host23: ahci
[    2.768015] scsi host24: ahci
[    2.768703] scsi host25: ahci
[    2.769386] scsi host26: ahci
[    2.770308] scsi host27: ahci
[    2.775648] scsi host28: ahci
[    2.776403] scsi host29: ahci
[    2.777525] scsi host30: ahci
[    2.778552] scsi host31: ahci
[    2.778951] ata3: SATA max UDMA/133 abar m4096@0xfd5ee000 port 0xfd5ee100 irq 57
[    2.778954] ata4: SATA max UDMA/133 abar m4096@0xfd5ee000 port 0xfd5ee180 irq 57
[    2.778955] ata5: SATA max UDMA/133 abar m4096@0xfd5ee000 port 0xfd5ee200 irq 57
[    2.778956] ata6: SATA max UDMA/133 abar m4096@0xfd5ee000 port 0xfd5ee280 irq 57
[    2.778957] ata7: SATA max UDMA/133 abar m4096@0xfd5ee000 port 0xfd5ee300 irq 57
[    2.778958] ata8: SATA max UDMA/133 abar m4096@0xfd5ee000 port 0xfd5ee380 irq 57
[    2.778959] ata9: SATA max UDMA/133 abar m4096@0xfd5ee000 port 0xfd5ee400 irq 57
[    2.778959] ata10: SATA max UDMA/133 abar m4096@0xfd5ee000 port 0xfd5ee480 irq 57
[    2.778960] ata11: SATA max UDMA/133 abar m4096@0xfd5ee000 port 0xfd5ee500 irq 57
[    2.778961] ata12: SATA max UDMA/133 abar m4096@0xfd5ee000 port 0xfd5ee580 irq 57
[    2.778962] ata13: SATA max UDMA/133 abar m4096@0xfd5ee000 port 0xfd5ee600 irq 57
[    2.778963] ata14: SATA max UDMA/133 abar m4096@0xfd5ee000 port 0xfd5ee680 irq 57
[    2.778964] ata15: SATA max UDMA/133 abar m4096@0xfd5ee000 port 0xfd5ee700 irq 57
[    2.778965] ata16: SATA max UDMA/133 abar m4096@0xfd5ee000 port 0xfd5ee780 irq 57
[    2.778966] ata17: SATA max UDMA/133 abar m4096@0xfd5ee000 port 0xfd5ee800 irq 57
[    2.778967] ata18: SATA max UDMA/133 abar m4096@0xfd5ee000 port 0xfd5ee880 irq 57
