[    0.000000] Linux version 5.15.0-rc7+ (archana@ubuntu) (gcc (Ubuntu 9.3.0-17ubuntu1~20.04) 9.3.0, GNU ld (GNU Binutils for Ubuntu) 2.34) #1 SMP Sat Oct 30 20:58:15 PDT 2021
[    0.000000] Command line: BOOT_IMAGE=/boot/vmlinuz-5.15.0-rc7+ root=UUID=e240b98d-0f33-4ad6-aa63-1bb7403e9ecf ro find_preseed=/preseed.cfg auto noprompt priority=critical locale=en_US quiet
[    0.000000] KERNEL supported cpus:
[    0.000000]   Intel GenuineIntel
[    0.000000]   AMD AuthenticAMD
[    0.000000]   Hygon HygonGenuine
[    0.000000]   Centaur CentaurHauls
[    0.000000]   zhaoxin   Shanghai  
[    0.000000] Disabled fast string operations
[    0.000000] x86/fpu: Supporting XSAVE feature 0x001: 'x87 floating point registers'
[    0.000000] x86/fpu: Supporting XSAVE feature 0x002: 'SSE registers'
[    0.000000] x86/fpu: Supporting XSAVE feature 0x004: 'AVX registers'
[    0.000000] x86/fpu: xstate_offset[2]:  576, xstate_sizes[2]:  256
[    0.000000] x86/fpu: Enabled xstate features 0x7, context size is 832 bytes, using 'compacted' format.
[    0.000000] signal: max sigframe size: 1776
[    0.000000] BIOS-provided physical RAM map:
[    0.000000] BIOS-e820: [mem 0x0000000000000000-0x000000000009e7ff] usable
[    0.000000] BIOS-e820: [mem 0x000000000009e800-0x000000000009ffff] reserved
[    0.000000] BIOS-e820: [mem 0x00000000000dc000-0x00000000000fffff] reserved
[    0.000000] BIOS-e820: [mem 0x0000000000100000-0x00000000bfecffff] usable
[    0.000000] BIOS-e820: [mem 0x00000000bfed0000-0x00000000bfefefff] ACPI data
[    0.000000] BIOS-e820: [mem 0x00000000bfeff000-0x00000000bfefffff] ACPI NVS
[    0.000000] BIOS-e820: [mem 0x00000000bff00000-0x00000000bfffffff] usable
[    0.000000] BIOS-e820: [mem 0x00000000f0000000-0x00000000f7ffffff] reserved
[    0.000000] BIOS-e820: [mem 0x00000000fec00000-0x00000000fec0ffff] reserved
[    0.000000] BIOS-e820: [mem 0x00000000fee00000-0x00000000fee00fff] reserved
[    0.000000] BIOS-e820: [mem 0x00000000fffe0000-0x00000000ffffffff] reserved
[    0.000000] BIOS-e820: [mem 0x0000000100000000-0x000000013fffffff] usable
[    0.000000] NX (Execute Disable) protection: active
[    0.000000] SMBIOS 2.7 present.
[    0.000000] DMI: VMware, Inc. VMware Virtual Platform/440BX Desktop Reference Platform, BIOS 6.00 11/12/2020
[    0.000000] vmware: hypercall mode: 0x02
[    0.000000] Hypervisor detected: VMware
[    0.000000] vmware: TSC freq read from hypervisor : 2112.003 MHz
[    0.000000] vmware: Host bus clock speed read from hypervisor : 66000000 Hz
[    0.000000] vmware: using clock offset of 12023486129 ns
[    0.000014] tsc: Detected 2112.003 MHz processor
[    0.001383] e820: update [mem 0x00000000-0x00000fff] usable ==> reserved
[    0.001386] e820: remove [mem 0x000a0000-0x000fffff] usable
[    0.001390] last_pfn = 0x140000 max_arch_pfn = 0x400000000
[    0.001414] x86/PAT: Configuration [0-7]: WB  WC  UC- UC  WB  WP  UC- WT  
[    0.001425] total RAM covered: 130048M
[    0.001538] Found optimal setting for mtrr clean up
[    0.001539]  gran_size: 64K 	chunk_size: 64K 	num_reg: 7  	lose cover RAM: 0G
[    0.001579] e820: update [mem 0xc0000000-0xffffffff] usable ==> reserved
[    0.001585] last_pfn = 0xc0000 max_arch_pfn = 0x400000000
[    0.009886] found SMP MP-table at [mem 0x000f6a70-0x000f6a7f]
[    0.009907] Using GB pages for direct mapping
[    0.010115] RAMDISK: [mem 0x3123f000-0x34916fff]
[    0.010122] ACPI: Early table checksum verification disabled
[    0.010126] ACPI: RSDP 0x00000000000F6A00 000024 (v02 PTLTD )
[    0.010130] ACPI: XSDT 0x00000000BFEDC5D7 000064 (v01 INTEL  440BX    06040000 VMW  01324272)
[    0.010136] ACPI: FACP 0x00000000BFEFEE73 0000F4 (v04 INTEL  440BX    06040000 PTL  000F4240)
[    0.010142] ACPI: DSDT 0x00000000BFEDD9E8 02148B (v01 PTLTD  Custom   06040000 MSFT 03000001)
[    0.010148] ACPI: FACS 0x00000000BFEFFFC0 000040
[    0.010151] ACPI: FACS 0x00000000BFEFFFC0 000040
[    0.010154] ACPI: BOOT 0x00000000BFEDD9C0 000028 (v01 PTLTD  $SBFTBL$ 06040000  LTP 00000001)
[    0.010157] ACPI: APIC 0x00000000BFEDD27E 000742 (v01 PTLTD  ? APIC   06040000  LTP 00000000)
[    0.010160] ACPI: MCFG 0x00000000BFEDD242 00003C (v01 PTLTD  $PCITBL$ 06040000  LTP 00000001)
[    0.010163] ACPI: SRAT 0x00000000BFEDC72F 0008D0 (v02 VMWARE MEMPLUG  06040000 VMW  00000001)
[    0.010166] ACPI: HPET 0x00000000BFEDC6F7 000038 (v01 VMWARE VMW HPET 06040000 VMW  00000001)
[    0.010170] ACPI: WAET 0x00000000BFEDC6CF 000028 (v01 VMWARE VMW WAET 06040000 VMW  00000001)
[    0.010173] ACPI: DMAR 0x00000000BFEDC67F 000050 (v01 VMWARE VMW DMAR 06040000 VMW  00000001)
[    0.010175] ACPI: Reserving FACP table memory at [mem 0xbfefee73-0xbfefef66]
[    0.010176] ACPI: Reserving DSDT table memory at [mem 0xbfedd9e8-0xbfefee72]
[    0.010177] ACPI: Reserving FACS table memory at [mem 0xbfefffc0-0xbfefffff]
[    0.010178] ACPI: Reserving FACS table memory at [mem 0xbfefffc0-0xbfefffff]
[    0.010179] ACPI: Reserving BOOT table memory at [mem 0xbfedd9c0-0xbfedd9e7]
[    0.010179] ACPI: Reserving APIC table memory at [mem 0xbfedd27e-0xbfedd9bf]
[    0.010180] ACPI: Reserving MCFG table memory at [mem 0xbfedd242-0xbfedd27d]
[    0.010181] ACPI: Reserving SRAT table memory at [mem 0xbfedc72f-0xbfedcffe]
[    0.010181] ACPI: Reserving HPET table memory at [mem 0xbfedc6f7-0xbfedc72e]
[    0.010182] ACPI: Reserving WAET table memory at [mem 0xbfedc6cf-0xbfedc6f6]
[    0.010183] ACPI: Reserving DMAR table memory at [mem 0xbfedc67f-0xbfedc6ce]
[    0.010215] system APIC only can use physical flat
[    0.010216] Setting APIC routing to physical flat.
[    0.010279] SRAT: PXM 0 -> APIC 0x00 -> Node 0
[    0.010280] SRAT: PXM 0 -> APIC 0x01 -> Node 0
[    0.010281] SRAT: PXM 0 -> APIC 0x02 -> Node 0
[    0.010281] SRAT: PXM 0 -> APIC 0x04 -> Node 0
[    0.010282] SRAT: PXM 0 -> APIC 0x05 -> Node 0
[    0.010282] SRAT: PXM 0 -> APIC 0x06 -> Node 0
[    0.010283] SRAT: PXM 0 -> APIC 0x08 -> Node 0
[    0.010283] SRAT: PXM 0 -> APIC 0x09 -> Node 0
[    0.010284] SRAT: PXM 0 -> APIC 0x0a -> Node 0
[    0.010284] SRAT: PXM 0 -> APIC 0x0c -> Node 0
[    0.010285] SRAT: PXM 0 -> APIC 0x0d -> Node 0
[    0.010286] SRAT: PXM 0 -> APIC 0x0e -> Node 0
[    0.010286] SRAT: PXM 0 -> APIC 0x10 -> Node 0
[    0.010287] SRAT: PXM 0 -> APIC 0x11 -> Node 0
[    0.010287] SRAT: PXM 0 -> APIC 0x12 -> Node 0
[    0.010288] SRAT: PXM 0 -> APIC 0x14 -> Node 0
[    0.010288] SRAT: PXM 0 -> APIC 0x15 -> Node 0
[    0.010289] SRAT: PXM 0 -> APIC 0x16 -> Node 0
[    0.010290] SRAT: PXM 0 -> APIC 0x18 -> Node 0
[    0.010290] SRAT: PXM 0 -> APIC 0x19 -> Node 0
[    0.010291] SRAT: PXM 0 -> APIC 0x1a -> Node 0
[    0.010291] SRAT: PXM 0 -> APIC 0x1c -> Node 0
[    0.010292] SRAT: PXM 0 -> APIC 0x1d -> Node 0
[    0.010292] SRAT: PXM 0 -> APIC 0x1e -> Node 0
[    0.010293] SRAT: PXM 0 -> APIC 0x20 -> Node 0
[    0.010293] SRAT: PXM 0 -> APIC 0x21 -> Node 0
[    0.010294] SRAT: PXM 0 -> APIC 0x22 -> Node 0
[    0.010294] SRAT: PXM 0 -> APIC 0x24 -> Node 0
[    0.010295] SRAT: PXM 0 -> APIC 0x25 -> Node 0
[    0.010296] SRAT: PXM 0 -> APIC 0x26 -> Node 0
[    0.010296] SRAT: PXM 0 -> APIC 0x28 -> Node 0
[    0.010297] SRAT: PXM 0 -> APIC 0x29 -> Node 0
[    0.010297] SRAT: PXM 0 -> APIC 0x2a -> Node 0
[    0.010298] SRAT: PXM 0 -> APIC 0x2c -> Node 0
[    0.010298] SRAT: PXM 0 -> APIC 0x2d -> Node 0
[    0.010299] SRAT: PXM 0 -> APIC 0x2e -> Node 0
[    0.010299] SRAT: PXM 0 -> APIC 0x30 -> Node 0
[    0.010300] SRAT: PXM 0 -> APIC 0x31 -> Node 0
[    0.010300] SRAT: PXM 0 -> APIC 0x32 -> Node 0
[    0.010301] SRAT: PXM 0 -> APIC 0x34 -> Node 0
[    0.010302] SRAT: PXM 0 -> APIC 0x35 -> Node 0
[    0.010302] SRAT: PXM 0 -> APIC 0x36 -> Node 0
[    0.010303] SRAT: PXM 0 -> APIC 0x38 -> Node 0
[    0.010303] SRAT: PXM 0 -> APIC 0x39 -> Node 0
[    0.010304] SRAT: PXM 0 -> APIC 0x3a -> Node 0
[    0.010304] SRAT: PXM 0 -> APIC 0x3c -> Node 0
[    0.010305] SRAT: PXM 0 -> APIC 0x3d -> Node 0
[    0.010305] SRAT: PXM 0 -> APIC 0x3e -> Node 0
[    0.010306] SRAT: PXM 0 -> APIC 0x40 -> Node 0
[    0.010306] SRAT: PXM 0 -> APIC 0x41 -> Node 0
[    0.010307] SRAT: PXM 0 -> APIC 0x42 -> Node 0
[    0.010308] SRAT: PXM 0 -> APIC 0x44 -> Node 0
[    0.010308] SRAT: PXM 0 -> APIC 0x45 -> Node 0
[    0.010309] SRAT: PXM 0 -> APIC 0x46 -> Node 0
[    0.010309] SRAT: PXM 0 -> APIC 0x48 -> Node 0
[    0.010310] SRAT: PXM 0 -> APIC 0x49 -> Node 0
[    0.010310] SRAT: PXM 0 -> APIC 0x4a -> Node 0
[    0.010311] SRAT: PXM 0 -> APIC 0x4c -> Node 0
[    0.010311] SRAT: PXM 0 -> APIC 0x4d -> Node 0
[    0.010312] SRAT: PXM 0 -> APIC 0x4e -> Node 0
[    0.010312] SRAT: PXM 0 -> APIC 0x50 -> Node 0
[    0.010313] SRAT: PXM 0 -> APIC 0x51 -> Node 0
[    0.010314] SRAT: PXM 0 -> APIC 0x52 -> Node 0
[    0.010314] SRAT: PXM 0 -> APIC 0x54 -> Node 0
[    0.010315] SRAT: PXM 0 -> APIC 0x55 -> Node 0
[    0.010315] SRAT: PXM 0 -> APIC 0x56 -> Node 0
[    0.010316] SRAT: PXM 0 -> APIC 0x58 -> Node 0
[    0.010316] SRAT: PXM 0 -> APIC 0x59 -> Node 0
[    0.010317] SRAT: PXM 0 -> APIC 0x5a -> Node 0
[    0.010317] SRAT: PXM 0 -> APIC 0x5c -> Node 0
[    0.010318] SRAT: PXM 0 -> APIC 0x5d -> Node 0
[    0.010318] SRAT: PXM 0 -> APIC 0x5e -> Node 0
[    0.010319] SRAT: PXM 0 -> APIC 0x60 -> Node 0
[    0.010320] SRAT: PXM 0 -> APIC 0x61 -> Node 0
[    0.010320] SRAT: PXM 0 -> APIC 0x62 -> Node 0
[    0.010321] SRAT: PXM 0 -> APIC 0x64 -> Node 0
[    0.010321] SRAT: PXM 0 -> APIC 0x65 -> Node 0
[    0.010322] SRAT: PXM 0 -> APIC 0x66 -> Node 0
[    0.010322] SRAT: PXM 0 -> APIC 0x68 -> Node 0
[    0.010323] SRAT: PXM 0 -> APIC 0x69 -> Node 0
[    0.010323] SRAT: PXM 0 -> APIC 0x6a -> Node 0
[    0.010324] SRAT: PXM 0 -> APIC 0x6c -> Node 0
[    0.010325] SRAT: PXM 0 -> APIC 0x6d -> Node 0
[    0.010325] SRAT: PXM 0 -> APIC 0x6e -> Node 0
[    0.010326] SRAT: PXM 0 -> APIC 0x70 -> Node 0
[    0.010326] SRAT: PXM 0 -> APIC 0x71 -> Node 0
[    0.010327] SRAT: PXM 0 -> APIC 0x72 -> Node 0
[    0.010327] SRAT: PXM 0 -> APIC 0x74 -> Node 0
[    0.010328] SRAT: PXM 0 -> APIC 0x75 -> Node 0
[    0.010328] SRAT: PXM 0 -> APIC 0x76 -> Node 0
[    0.010329] SRAT: PXM 0 -> APIC 0x78 -> Node 0
[    0.010330] SRAT: PXM 0 -> APIC 0x79 -> Node 0
[    0.010330] SRAT: PXM 0 -> APIC 0x7a -> Node 0
[    0.010331] SRAT: PXM 0 -> APIC 0x7c -> Node 0
[    0.010331] SRAT: PXM 0 -> APIC 0x7d -> Node 0
[    0.010332] SRAT: PXM 0 -> APIC 0x7e -> Node 0
[    0.010332] SRAT: PXM 0 -> APIC 0x80 -> Node 0
[    0.010333] SRAT: PXM 0 -> APIC 0x81 -> Node 0
[    0.010333] SRAT: PXM 0 -> APIC 0x82 -> Node 0
[    0.010334] SRAT: PXM 0 -> APIC 0x84 -> Node 0
[    0.010334] SRAT: PXM 0 -> APIC 0x85 -> Node 0
[    0.010335] SRAT: PXM 0 -> APIC 0x86 -> Node 0
[    0.010335] SRAT: PXM 0 -> APIC 0x88 -> Node 0
[    0.010336] SRAT: PXM 0 -> APIC 0x89 -> Node 0
[    0.010337] SRAT: PXM 0 -> APIC 0x8a -> Node 0
[    0.010337] SRAT: PXM 0 -> APIC 0x8c -> Node 0
[    0.010338] SRAT: PXM 0 -> APIC 0x8d -> Node 0
[    0.010338] SRAT: PXM 0 -> APIC 0x8e -> Node 0
[    0.010339] SRAT: PXM 0 -> APIC 0x90 -> Node 0
[    0.010339] SRAT: PXM 0 -> APIC 0x91 -> Node 0
[    0.010340] SRAT: PXM 0 -> APIC 0x92 -> Node 0
[    0.010340] SRAT: PXM 0 -> APIC 0x94 -> Node 0
[    0.010341] SRAT: PXM 0 -> APIC 0x95 -> Node 0
[    0.010342] SRAT: PXM 0 -> APIC 0x96 -> Node 0
[    0.010342] SRAT: PXM 0 -> APIC 0x98 -> Node 0
[    0.010343] SRAT: PXM 0 -> APIC 0x99 -> Node 0
[    0.010343] SRAT: PXM 0 -> APIC 0x9a -> Node 0
[    0.010344] SRAT: PXM 0 -> APIC 0x9c -> Node 0
[    0.010344] SRAT: PXM 0 -> APIC 0x9d -> Node 0
[    0.010345] SRAT: PXM 0 -> APIC 0x9e -> Node 0
[    0.010345] SRAT: PXM 0 -> APIC 0xa0 -> Node 0
[    0.010346] SRAT: PXM 0 -> APIC 0xa1 -> Node 0
[    0.010346] SRAT: PXM 0 -> APIC 0xa2 -> Node 0
[    0.010347] SRAT: PXM 0 -> APIC 0xa4 -> Node 0
[    0.010348] SRAT: PXM 0 -> APIC 0xa5 -> Node 0
[    0.010348] SRAT: PXM 0 -> APIC 0xa6 -> Node 0
[    0.010349] SRAT: PXM 0 -> APIC 0xa8 -> Node 0
[    0.010349] SRAT: PXM 0 -> APIC 0xa9 -> Node 0
[    0.010352] ACPI: SRAT: Node 0 PXM 0 [mem 0x00000000-0x0009ffff]
[    0.010354] ACPI: SRAT: Node 0 PXM 0 [mem 0x00100000-0xbfffffff]
[    0.010355] ACPI: SRAT: Node 0 PXM 0 [mem 0x100000000-0x13fffffff]
[    0.010356] ACPI: SRAT: Node 0 PXM 0 [mem 0x140000000-0x103fffffff] hotplug
[    0.010358] NUMA: Node 0 [mem 0x00000000-0x0009ffff] + [mem 0x00100000-0xbfffffff] -> [mem 0x00000000-0xbfffffff]
[    0.010360] NUMA: Node 0 [mem 0x00000000-0xbfffffff] + [mem 0x100000000-0x13fffffff] -> [mem 0x00000000-0x13fffffff]
[    0.010367] NODE_DATA(0) allocated [mem 0x13ffd4000-0x13fffdfff]
[    0.011285] Zone ranges:
[    0.011286]   DMA      [mem 0x0000000000001000-0x0000000000ffffff]
[    0.011288]   DMA32    [mem 0x0000000001000000-0x00000000ffffffff]
[    0.011289]   Normal   [mem 0x0000000100000000-0x000000013fffffff]
[    0.011291]   Device   empty
[    0.011292] Movable zone start for each node
[    0.011294] Early memory node ranges
[    0.011294]   node   0: [mem 0x0000000000001000-0x000000000009dfff]
[    0.011296]   node   0: [mem 0x0000000000100000-0x00000000bfecffff]
[    0.011297]   node   0: [mem 0x00000000bff00000-0x00000000bfffffff]
[    0.011297]   node   0: [mem 0x0000000100000000-0x000000013fffffff]
[    0.011298] Initmem setup node 0 [mem 0x0000000000001000-0x000000013fffffff]
[    0.011358] On node 0, zone DMA: 1 pages in unavailable ranges
[    0.012132] On node 0, zone DMA: 98 pages in unavailable ranges
[    0.169136] On node 0, zone DMA32: 48 pages in unavailable ranges
[    0.224530] ACPI: PM-Timer IO Port: 0x1008
[    0.224540] system APIC only can use physical flat
[    0.224552] ACPI: LAPIC_NMI (acpi_id[0x00] high edge lint[0x1])
[    0.224554] ACPI: LAPIC_NMI (acpi_id[0x01] high edge lint[0x1])
[    0.224555] ACPI: LAPIC_NMI (acpi_id[0x02] high edge lint[0x1])
[    0.224556] ACPI: LAPIC_NMI (acpi_id[0x03] high edge lint[0x1])
[    0.224556] ACPI: LAPIC_NMI (acpi_id[0x04] high edge lint[0x1])
[    0.224557] ACPI: LAPIC_NMI (acpi_id[0x05] high edge lint[0x1])
[    0.224558] ACPI: LAPIC_NMI (acpi_id[0x06] high edge lint[0x1])
[    0.224558] ACPI: LAPIC_NMI (acpi_id[0x07] high edge lint[0x1])
[    0.224559] ACPI: LAPIC_NMI (acpi_id[0x08] high edge lint[0x1])
[    0.224560] ACPI: LAPIC_NMI (acpi_id[0x09] high edge lint[0x1])
[    0.224560] ACPI: LAPIC_NMI (acpi_id[0x0a] high edge lint[0x1])
[    0.224561] ACPI: LAPIC_NMI (acpi_id[0x0b] high edge lint[0x1])
[    0.224561] ACPI: LAPIC_NMI (acpi_id[0x0c] high edge lint[0x1])
[    0.224562] ACPI: LAPIC_NMI (acpi_id[0x0d] high edge lint[0x1])
[    0.224563] ACPI: LAPIC_NMI (acpi_id[0x0e] high edge lint[0x1])
[    0.224563] ACPI: LAPIC_NMI (acpi_id[0x0f] high edge lint[0x1])
[    0.224564] ACPI: LAPIC_NMI (acpi_id[0x10] high edge lint[0x1])
[    0.224565] ACPI: LAPIC_NMI (acpi_id[0x11] high edge lint[0x1])
[    0.224565] ACPI: LAPIC_NMI (acpi_id[0x12] high edge lint[0x1])
[    0.224566] ACPI: LAPIC_NMI (acpi_id[0x13] high edge lint[0x1])
[    0.224566] ACPI: LAPIC_NMI (acpi_id[0x14] high edge lint[0x1])
[    0.224567] ACPI: LAPIC_NMI (acpi_id[0x15] high edge lint[0x1])
[    0.224568] ACPI: LAPIC_NMI (acpi_id[0x16] high edge lint[0x1])
[    0.224568] ACPI: LAPIC_NMI (acpi_id[0x17] high edge lint[0x1])
[    0.224569] ACPI: LAPIC_NMI (acpi_id[0x18] high edge lint[0x1])
[    0.224570] ACPI: LAPIC_NMI (acpi_id[0x19] high edge lint[0x1])
[    0.224570] ACPI: LAPIC_NMI (acpi_id[0x1a] high edge lint[0x1])
[    0.224571] ACPI: LAPIC_NMI (acpi_id[0x1b] high edge lint[0x1])
[    0.224571] ACPI: LAPIC_NMI (acpi_id[0x1c] high edge lint[0x1])
[    0.224572] ACPI: LAPIC_NMI (acpi_id[0x1d] high edge lint[0x1])
[    0.224573] ACPI: LAPIC_NMI (acpi_id[0x1e] high edge lint[0x1])
[    0.224573] ACPI: LAPIC_NMI (acpi_id[0x1f] high edge lint[0x1])
[    0.224574] ACPI: LAPIC_NMI (acpi_id[0x20] high edge lint[0x1])
[    0.224575] ACPI: LAPIC_NMI (acpi_id[0x21] high edge lint[0x1])
[    0.224575] ACPI: LAPIC_NMI (acpi_id[0x22] high edge lint[0x1])
[    0.224576] ACPI: LAPIC_NMI (acpi_id[0x23] high edge lint[0x1])
[    0.224576] ACPI: LAPIC_NMI (acpi_id[0x24] high edge lint[0x1])
[    0.224577] ACPI: LAPIC_NMI (acpi_id[0x25] high edge lint[0x1])
[    0.224578] ACPI: LAPIC_NMI (acpi_id[0x26] high edge lint[0x1])
[    0.224578] ACPI: LAPIC_NMI (acpi_id[0x27] high edge lint[0x1])
[    0.224579] ACPI: LAPIC_NMI (acpi_id[0x28] high edge lint[0x1])
[    0.224579] ACPI: LAPIC_NMI (acpi_id[0x29] high edge lint[0x1])
[    0.224580] ACPI: LAPIC_NMI (acpi_id[0x2a] high edge lint[0x1])
[    0.224581] ACPI: LAPIC_NMI (acpi_id[0x2b] high edge lint[0x1])
[    0.224581] ACPI: LAPIC_NMI (acpi_id[0x2c] high edge lint[0x1])
[    0.224582] ACPI: LAPIC_NMI (acpi_id[0x2d] high edge lint[0x1])
[    0.224583] ACPI: LAPIC_NMI (acpi_id[0x2e] high edge lint[0x1])
[    0.224583] ACPI: LAPIC_NMI (acpi_id[0x2f] high edge lint[0x1])
[    0.224584] ACPI: LAPIC_NMI (acpi_id[0x30] high edge lint[0x1])
[    0.224584] ACPI: LAPIC_NMI (acpi_id[0x31] high edge lint[0x1])
[    0.224585] ACPI: LAPIC_NMI (acpi_id[0x32] high edge lint[0x1])
[    0.224586] ACPI: LAPIC_NMI (acpi_id[0x33] high edge lint[0x1])
[    0.224586] ACPI: LAPIC_NMI (acpi_id[0x34] high edge lint[0x1])
[    0.224587] ACPI: LAPIC_NMI (acpi_id[0x35] high edge lint[0x1])
[    0.224588] ACPI: LAPIC_NMI (acpi_id[0x36] high edge lint[0x1])
[    0.224588] ACPI: LAPIC_NMI (acpi_id[0x37] high edge lint[0x1])
[    0.224589] ACPI: LAPIC_NMI (acpi_id[0x38] high edge lint[0x1])
[    0.224589] ACPI: LAPIC_NMI (acpi_id[0x39] high edge lint[0x1])
[    0.224590] ACPI: LAPIC_NMI (acpi_id[0x3a] high edge lint[0x1])
[    0.224591] ACPI: LAPIC_NMI (acpi_id[0x3b] high edge lint[0x1])
[    0.224591] ACPI: LAPIC_NMI (acpi_id[0x3c] high edge lint[0x1])
[    0.224592] ACPI: LAPIC_NMI (acpi_id[0x3d] high edge lint[0x1])
[    0.224593] ACPI: LAPIC_NMI (acpi_id[0x3e] high edge lint[0x1])
[    0.224593] ACPI: LAPIC_NMI (acpi_id[0x3f] high edge lint[0x1])
[    0.224594] ACPI: LAPIC_NMI (acpi_id[0x40] high edge lint[0x1])
[    0.224594] ACPI: LAPIC_NMI (acpi_id[0x41] high edge lint[0x1])
[    0.224595] ACPI: LAPIC_NMI (acpi_id[0x42] high edge lint[0x1])
[    0.224596] ACPI: LAPIC_NMI (acpi_id[0x43] high edge lint[0x1])
[    0.224596] ACPI: LAPIC_NMI (acpi_id[0x44] high edge lint[0x1])
[    0.224597] ACPI: LAPIC_NMI (acpi_id[0x45] high edge lint[0x1])
[    0.224597] ACPI: LAPIC_NMI (acpi_id[0x46] high edge lint[0x1])
[    0.224598] ACPI: LAPIC_NMI (acpi_id[0x47] high edge lint[0x1])
[    0.224599] ACPI: LAPIC_NMI (acpi_id[0x48] high edge lint[0x1])
[    0.224599] ACPI: LAPIC_NMI (acpi_id[0x49] high edge lint[0x1])
[    0.224600] ACPI: LAPIC_NMI (acpi_id[0x4a] high edge lint[0x1])
[    0.224601] ACPI: LAPIC_NMI (acpi_id[0x4b] high edge lint[0x1])
[    0.224601] ACPI: LAPIC_NMI (acpi_id[0x4c] high edge lint[0x1])
[    0.224602] ACPI: LAPIC_NMI (acpi_id[0x4d] high edge lint[0x1])
[    0.224602] ACPI: LAPIC_NMI (acpi_id[0x4e] high edge lint[0x1])
[    0.224603] ACPI: LAPIC_NMI (acpi_id[0x4f] high edge lint[0x1])
[    0.224604] ACPI: LAPIC_NMI (acpi_id[0x50] high edge lint[0x1])
[    0.224604] ACPI: LAPIC_NMI (acpi_id[0x51] high edge lint[0x1])
[    0.224605] ACPI: LAPIC_NMI (acpi_id[0x52] high edge lint[0x1])
[    0.224606] ACPI: LAPIC_NMI (acpi_id[0x53] high edge lint[0x1])
[    0.224606] ACPI: LAPIC_NMI (acpi_id[0x54] high edge lint[0x1])
[    0.224607] ACPI: LAPIC_NMI (acpi_id[0x55] high edge lint[0x1])
[    0.224607] ACPI: LAPIC_NMI (acpi_id[0x56] high edge lint[0x1])
[    0.224608] ACPI: LAPIC_NMI (acpi_id[0x57] high edge lint[0x1])
[    0.224609] ACPI: LAPIC_NMI (acpi_id[0x58] high edge lint[0x1])
[    0.224609] ACPI: LAPIC_NMI (acpi_id[0x59] high edge lint[0x1])
[    0.224610] ACPI: LAPIC_NMI (acpi_id[0x5a] high edge lint[0x1])
[    0.224610] ACPI: LAPIC_NMI (acpi_id[0x5b] high edge lint[0x1])
[    0.224611] ACPI: LAPIC_NMI (acpi_id[0x5c] high edge lint[0x1])
[    0.224612] ACPI: LAPIC_NMI (acpi_id[0x5d] high edge lint[0x1])
[    0.224612] ACPI: LAPIC_NMI (acpi_id[0x5e] high edge lint[0x1])
[    0.224613] ACPI: LAPIC_NMI (acpi_id[0x5f] high edge lint[0x1])
[    0.224614] ACPI: LAPIC_NMI (acpi_id[0x60] high edge lint[0x1])
[    0.224614] ACPI: LAPIC_NMI (acpi_id[0x61] high edge lint[0x1])
[    0.224615] ACPI: LAPIC_NMI (acpi_id[0x62] high edge lint[0x1])
[    0.224615] ACPI: LAPIC_NMI (acpi_id[0x63] high edge lint[0x1])
[    0.224616] ACPI: LAPIC_NMI (acpi_id[0x64] high edge lint[0x1])
[    0.224617] ACPI: LAPIC_NMI (acpi_id[0x65] high edge lint[0x1])
[    0.224617] ACPI: LAPIC_NMI (acpi_id[0x66] high edge lint[0x1])
[    0.224618] ACPI: LAPIC_NMI (acpi_id[0x67] high edge lint[0x1])
[    0.224618] ACPI: LAPIC_NMI (acpi_id[0x68] high edge lint[0x1])
[    0.224619] ACPI: LAPIC_NMI (acpi_id[0x69] high edge lint[0x1])
[    0.224620] ACPI: LAPIC_NMI (acpi_id[0x6a] high edge lint[0x1])
[    0.224620] ACPI: LAPIC_NMI (acpi_id[0x6b] high edge lint[0x1])
[    0.224621] ACPI: LAPIC_NMI (acpi_id[0x6c] high edge lint[0x1])
[    0.224622] ACPI: LAPIC_NMI (acpi_id[0x6d] high edge lint[0x1])
[    0.224622] ACPI: LAPIC_NMI (acpi_id[0x6e] high edge lint[0x1])
[    0.224623] ACPI: LAPIC_NMI (acpi_id[0x6f] high edge lint[0x1])
[    0.224623] ACPI: LAPIC_NMI (acpi_id[0x70] high edge lint[0x1])
[    0.224624] ACPI: LAPIC_NMI (acpi_id[0x71] high edge lint[0x1])
[    0.224625] ACPI: LAPIC_NMI (acpi_id[0x72] high edge lint[0x1])
[    0.224625] ACPI: LAPIC_NMI (acpi_id[0x73] high edge lint[0x1])
[    0.224626] ACPI: LAPIC_NMI (acpi_id[0x74] high edge lint[0x1])
[    0.224627] ACPI: LAPIC_NMI (acpi_id[0x75] high edge lint[0x1])
[    0.224627] ACPI: LAPIC_NMI (acpi_id[0x76] high edge lint[0x1])
[    0.224628] ACPI: LAPIC_NMI (acpi_id[0x77] high edge lint[0x1])
[    0.224628] ACPI: LAPIC_NMI (acpi_id[0x78] high edge lint[0x1])
[    0.224629] ACPI: LAPIC_NMI (acpi_id[0x79] high edge lint[0x1])
[    0.224630] ACPI: LAPIC_NMI (acpi_id[0x7a] high edge lint[0x1])
[    0.224630] ACPI: LAPIC_NMI (acpi_id[0x7b] high edge lint[0x1])
[    0.224631] ACPI: LAPIC_NMI (acpi_id[0x7c] high edge lint[0x1])
[    0.224632] ACPI: LAPIC_NMI (acpi_id[0x7d] high edge lint[0x1])
[    0.224632] ACPI: LAPIC_NMI (acpi_id[0x7e] high edge lint[0x1])
[    0.224633] ACPI: LAPIC_NMI (acpi_id[0x7f] high edge lint[0x1])
[    0.224669] IOAPIC[0]: apic_id 3, version 32, address 0xfec00000, GSI 0-23
[    0.224674] ACPI: INT_SRC_OVR (bus 0 bus_irq 0 global_irq 2 high edge)
[    0.224680] ACPI: Using ACPI (MADT) for SMP configuration information
[    0.224681] ACPI: HPET id: 0x8086af01 base: 0xfed00000
[    0.224685] TSC deadline timer available
[    0.224692] smpboot: Allowing 128 CPUs, 125 hotplug CPUs
[    0.224705] PM: hibernation: Registered nosave memory: [mem 0x00000000-0x00000fff]
[    0.224707] PM: hibernation: Registered nosave memory: [mem 0x0009e000-0x0009efff]
[    0.224708] PM: hibernation: Registered nosave memory: [mem 0x0009f000-0x0009ffff]
[    0.224709] PM: hibernation: Registered nosave memory: [mem 0x000a0000-0x000dbfff]
[    0.224709] PM: hibernation: Registered nosave memory: [mem 0x000dc000-0x000fffff]
[    0.224710] PM: hibernation: Registered nosave memory: [mem 0xbfed0000-0xbfefefff]
[    0.224711] PM: hibernation: Registered nosave memory: [mem 0xbfeff000-0xbfefffff]
[    0.224745] PM: hibernation: Registered nosave memory: [mem 0xc0000000-0xefffffff]
[    0.224746] PM: hibernation: Registered nosave memory: [mem 0xf0000000-0xf7ffffff]
[    0.224747] PM: hibernation: Registered nosave memory: [mem 0xf8000000-0xfebfffff]
[    0.224748] PM: hibernation: Registered nosave memory: [mem 0xfec00000-0xfec0ffff]
[    0.224748] PM: hibernation: Registered nosave memory: [mem 0xfec10000-0xfedfffff]
[    0.224749] PM: hibernation: Registered nosave memory: [mem 0xfee00000-0xfee00fff]
[    0.224749] PM: hibernation: Registered nosave memory: [mem 0xfee01000-0xfffdffff]
[    0.224750] PM: hibernation: Registered nosave memory: [mem 0xfffe0000-0xffffffff]
[    0.224752] [mem 0xc0000000-0xefffffff] available for PCI devices
[    0.224753] Booting paravirtualized kernel on VMware hypervisor
[    0.224756] clocksource: refined-jiffies: mask: 0xffffffff max_cycles: 0xffffffff, max_idle_ns: 7645519600211568 ns
[    0.224763] setup_percpu: NR_CPUS:8192 nr_cpumask_bits:128 nr_cpu_ids:128 nr_node_ids:1
[    0.330859] percpu: Embedded 53 pages/cpu s180224 r8192 d28672 u262144
[    0.330874] pcpu-alloc: s180224 r8192 d28672 u262144 alloc=1*2097152
[    0.330877] pcpu-alloc: [0] 000 001 002 003 004 005 006 007 
[    0.330881] pcpu-alloc: [0] 008 009 010 011 012 013 014 015 
[    0.330885] pcpu-alloc: [0] 016 017 018 019 020 021 022 023 
[    0.330888] pcpu-alloc: [0] 024 025 026 027 028 029 030 031 
[    0.330892] pcpu-alloc: [0] 032 033 034 035 036 037 038 039 
[    0.330895] pcpu-alloc: [0] 040 041 042 043 044 045 046 047 
[    0.330898] pcpu-alloc: [0] 048 049 050 051 052 053 054 055 
[    0.330902] pcpu-alloc: [0] 056 057 058 059 060 061 062 063 
[    0.330905] pcpu-alloc: [0] 064 065 066 067 068 069 070 071 
[    0.330909] pcpu-alloc: [0] 072 073 074 075 076 077 078 079 
[    0.330912] pcpu-alloc: [0] 080 081 082 083 084 085 086 087 
[    0.330915] pcpu-alloc: [0] 088 089 090 091 092 093 094 095 
[    0.330919] pcpu-alloc: [0] 096 097 098 099 100 101 102 103 
[    0.330922] pcpu-alloc: [0] 104 105 106 107 108 109 110 111 
[    0.330926] pcpu-alloc: [0] 112 113 114 115 116 117 118 119 
[    0.330929] pcpu-alloc: [0] 120 121 122 123 124 125 126 127 
[    0.331008] Built 1 zonelists, mobility grouping on.  Total pages: 1031888
[    0.331010] Policy zone: Normal
[    0.331012] Kernel command line: BOOT_IMAGE=/boot/vmlinuz-5.15.0-rc7+ root=UUID=e240b98d-0f33-4ad6-aa63-1bb7403e9ecf ro find_preseed=/preseed.cfg auto noprompt priority=critical locale=en_US quiet
[    0.331146] Unknown command line parameters: auto noprompt BOOT_IMAGE=/boot/vmlinuz-5.15.0-rc7+ find_preseed=/preseed.cfg priority=critical locale=en_US
[    0.331147] printk: log_buf_len individual max cpu contribution: 4096 bytes
[    0.331148] printk: log_buf_len total cpu_extra contributions: 520192 bytes
[    0.331149] printk: log_buf_len min size: 262144 bytes
[    0.346438] printk: log_buf_len: 1048576 bytes
[    0.346442] printk: early log buf free: 237568(90%)
[    0.359552] Dentry cache hash table entries: 524288 (order: 10, 4194304 bytes, linear)
[    0.365939] Inode-cache hash table entries: 262144 (order: 9, 2097152 bytes, linear)
[    0.367994] mem auto-init: stack:off, heap alloc:on, heap free:off
[    0.478937] Memory: 3929716K/4193716K available (16393K kernel code, 3527K rwdata, 5488K rodata, 2876K init, 5740K bss, 263740K reserved, 0K cma-reserved)
[    0.478944] random: get_random_u64 called from __kmem_cache_create+0x2d/0x450 with crng_init=0
[    0.479580] SLUB: HWalign=64, Order=0-3, MinObjects=0, CPUs=128, Nodes=1
[    0.479645] ftrace: allocating 48946 entries in 192 pages
[    0.496311] ftrace: allocated 192 pages with 2 groups
[    0.497782] rcu: Hierarchical RCU implementation.
[    0.497784] rcu: 	RCU restricting CPUs from NR_CPUS=8192 to nr_cpu_ids=128.
[    0.497785] 	Rude variant of Tasks RCU enabled.
[    0.497786] 	Tracing variant of Tasks RCU enabled.
[    0.497787] rcu: RCU calculated value of scheduler-enlistment delay is 25 jiffies.
[    0.497788] rcu: Adjusting geometry for rcu_fanout_leaf=16, nr_cpu_ids=128
[    0.502789] NR_IRQS: 524544, nr_irqs: 1448, preallocated irqs: 16
[    0.503240] random: crng done (trusting CPU's manufacturer)
[    0.504752] Console: colour VGA+ 80x25
[    0.504775] printk: console [tty0] enabled
[    0.504862] ACPI: Core revision 20210730
[    0.505492] clocksource: hpet: mask: 0xffffffff max_cycles: 0xffffffff, max_idle_ns: 133484882848 ns
[    0.505588] APIC: Switch to symmetric I/O mode setup
[    0.505592] DMAR: Host address width 45
[    0.505593] DMAR: DRHD base: 0x000000fec10000 flags: 0x1
[    0.505610] DMAR: dmar0: reg_base_addr fec10000 ver 1:0 cap ff0080f02c0462 ecap f0f15f
[    0.505615] DMAR: ATSR flags: 0x1
[    0.505618] DMAR-IR: IOAPIC id 3 under DRHD base  0xfec10000 IOMMU 0
[    0.505619] DMAR-IR: Queued invalidation will be enabled to support x2apic and Intr-remapping.
[    0.512641] DMAR-IR: Enabled IRQ remapping in x2apic mode
[    0.512950] x2apic enabled
[    0.512961] System requires x2apic physical mode
[    0.512962] Switched APIC routing to physical x2apic.
[    0.514465] ..TIMER: vector=0x30 apic1=0 pin1=2 apic2=-1 pin2=-1
[    0.514533] clocksource: tsc-early: mask: 0xffffffffffffffff max_cycles: 0x1e717b4f62a, max_idle_ns: 440795208866 ns
[    0.514541] Calibrating delay loop (skipped) preset value.. 4224.00 BogoMIPS (lpj=8448012)
[    0.514543] pid_max: default: 131072 minimum: 1024
[    0.514638] LSM: Security Framework initializing
[    0.514650] Yama: becoming mindful.
[    0.514880] AppArmor: AppArmor initialized
[    0.515303] Mount-cache hash table entries: 8192 (order: 4, 65536 bytes, linear)
[    0.515524] Mountpoint-cache hash table entries: 8192 (order: 4, 65536 bytes, linear)
[    0.516705] Disabled fast string operations
[    0.516794] Last level iTLB entries: 4KB 64, 2MB 8, 4MB 8
[    0.516796] Last level dTLB entries: 4KB 64, 2MB 0, 4MB 0, 1GB 4
[    0.516801] Spectre V1 : Mitigation: usercopy/swapgs barriers and __user pointer sanitization
[    0.517158] Spectre V2 : Mitigation: Enhanced IBRS
[    0.517160] Spectre V2 : Spectre v2 / SpectreRSB mitigation: Filling RSB on context switch
[    0.517163] Spectre V2 : mitigation: Enabling conditional Indirect Branch Prediction Barrier
[    0.517165] Speculative Store Bypass: Mitigation: Speculative Store Bypass disabled via prctl and seccomp
[    0.517167] SRBDS: Mitigation: TSX disabled
[    0.523575] Freeing SMP alternatives memory: 40K
[    0.525378] smpboot: CPU0: Intel(R) Core(TM) i5-10210U CPU @ 1.60GHz (family: 0x6, model: 0x8e, stepping: 0xc)
[    0.526536] Performance Events: Skylake events, Intel PMU driver.
[    0.526536] ... version:                4
[    0.526536] ... bit width:              48
[    0.526536] ... generic registers:      4
[    0.526536] ... value mask:             0000ffffffffffff
[    0.526536] ... max period:             000000007fffffff
[    0.526536] ... fixed-purpose events:   3
[    0.526536] ... event mask:             000000070000000f
[    0.526536] rcu: Hierarchical SRCU implementation.
[    0.526536] NMI watchdog: Enabled. Permanently consumes one hw-PMU counter.
[    0.539346] smp: Bringing up secondary CPUs ...
[    0.540127] x86: Booting SMP configuration:
[    0.540128] .... node  #0, CPUs:          #1
[    0.011347] Disabled fast string operations
[    0.541060]    #2
[    0.011347] Disabled fast string operations
[    0.543329] smp: Brought up 1 node, 3 CPUs
[    0.543329] smpboot: Max logical packages: 43
[    0.543329] smpboot: Total of 3 processors activated (12672.01 BogoMIPS)
[    0.543448] devtmpfs: initialized
[    0.543448] x86/mm: Memory block size: 128MB
[    0.546901] ACPI: PM: Registering ACPI NVS region [mem 0xbfeff000-0xbfefffff] (4096 bytes)
[    0.546901] clocksource: jiffies: mask: 0xffffffff max_cycles: 0xffffffff, max_idle_ns: 7645041785100000 ns
[    0.554796] futex hash table entries: 32768 (order: 9, 2097152 bytes, linear)
[    0.555080] pinctrl core: initialized pinctrl subsystem
[    0.555376] PM: RTC time: 06:11:16, date: 2021-12-04
[    0.556412] NET: Registered PF_NETLINK/PF_ROUTE protocol family
[    0.558384] DMA: preallocated 512 KiB GFP_KERNEL pool for atomic allocations
[    0.558540] DMA: preallocated 512 KiB GFP_KERNEL|GFP_DMA pool for atomic allocations
[    0.558615] DMA: preallocated 512 KiB GFP_KERNEL|GFP_DMA32 pool for atomic allocations
[    0.558623] audit: initializing netlink subsys (disabled)
[    0.558641] audit: type=2000 audit(1638598276.048:1): state=initialized audit_enabled=0 res=1
[    0.558856] thermal_sys: Registered thermal governor 'fair_share'
[    0.558858] thermal_sys: Registered thermal governor 'bang_bang'
[    0.558858] thermal_sys: Registered thermal governor 'step_wise'
[    0.558859] thermal_sys: Registered thermal governor 'user_space'
[    0.558859] thermal_sys: Registered thermal governor 'power_allocator'
[    0.558863] EISA bus registered
[    0.558887] cpuidle: using governor ladder
[    0.558887] cpuidle: using governor menu
[    0.558887] Simple Boot Flag at 0x36 set to 0x80
[    0.558887] ACPI: bus type PCI registered
[    0.558887] acpiphp: ACPI Hot Plug PCI Controller Driver version: 0.5
[    0.559015] PCI: MMCONFIG for domain 0000 [bus 00-7f] at [mem 0xf0000000-0xf7ffffff] (base 0xf0000000)
[    0.559019] PCI: MMCONFIG at [mem 0xf0000000-0xf7ffffff] reserved in E820
[    0.559030] PCI: Using configuration type 1 for base access
[    0.562699] Kprobes globally optimized
[    0.562743] HugeTLB registered 1.00 GiB page size, pre-allocated 0 pages
[    0.562743] HugeTLB registered 2.00 MiB page size, pre-allocated 0 pages
[    0.574933] ACPI: Added _OSI(Module Device)
[    0.574933] ACPI: Added _OSI(Processor Device)
[    0.574933] ACPI: Added _OSI(3.0 _SCP Extensions)
[    0.574933] ACPI: Added _OSI(Processor Aggregator Device)
[    0.574933] ACPI: Added _OSI(Linux-Dell-Video)
[    0.574933] ACPI: Added _OSI(Linux-Lenovo-NV-HDMI-Audio)
[    0.574933] ACPI: Added _OSI(Linux-HPI-Hybrid-Graphics)
[    0.596944] ACPI: 1 ACPI AML tables successfully acquired and loaded
[    0.598992] ACPI: [Firmware Bug]: BIOS _OSI(Linux) query ignored
[    0.614536] ACPI: Interpreter enabled
[    0.614536] ACPI: PM: (supports S0 S1 S4 S5)
[    0.614536] ACPI: Using IOAPIC for interrupt routing
[    0.614536] PCI: Using host bridge windows from ACPI; if necessary, use "pci=nocrs" and report a bug
[    0.614536] ACPI: Enabled 4 GPEs in block 00 to 0F
[    0.778536] ACPI: PCI Root Bridge [PCI0] (domain 0000 [bus 00-7f])
[    0.778536] acpi PNP0A03:00: _OSC: OS supports [ExtendedConfig ASPM ClockPM Segments MSI HPX-Type3]
[    0.778536] acpi PNP0A03:00: _OSC: platform does not support [AER LTR]
[    0.778536] acpi PNP0A03:00: _OSC: OS now controls [PCIeHotplug SHPCHotplug PME PCIeCapability]
[    0.778536] PCI host bridge to bus 0000:00
[    0.778536] pci_bus 0000:00: root bus resource [mem 0x000a0000-0x000bffff window]
[    0.778536] pci_bus 0000:00: root bus resource [mem 0x000d0000-0x000d3fff window]
[    0.778536] pci_bus 0000:00: root bus resource [mem 0x000d4000-0x000d7fff window]
[    0.778536] pci_bus 0000:00: root bus resource [mem 0x000d8000-0x000dbfff window]
[    0.778536] pci_bus 0000:00: root bus resource [mem 0xc0000000-0xfebfffff window]
[    0.778536] pci_bus 0000:00: root bus resource [io  0x0000-0x0cf7 window]
[    0.778536] pci_bus 0000:00: root bus resource [io  0x0d00-0xfeff window]
[    0.778536] pci_bus 0000:00: root bus resource [bus 00-7f]
[    0.778536] pci 0000:00:00.0: [8086:7190] type 00 class 0x060000
[    0.782552] pci 0000:00:01.0: [8086:7191] type 01 class 0x060400
[    0.785059] pci 0000:00:07.0: [8086:7110] type 00 class 0x060100
[    0.785962] pci 0000:00:07.1: [8086:7111] type 00 class 0x01018a
[    0.787544] pci 0000:00:07.1: reg 0x20: [io  0x1060-0x106f]
[    0.788016] pci 0000:00:07.1: legacy IDE quirk: reg 0x10: [io  0x01f0-0x01f7]
[    0.788018] pci 0000:00:07.1: legacy IDE quirk: reg 0x14: [io  0x03f6]
[    0.788018] pci 0000:00:07.1: legacy IDE quirk: reg 0x18: [io  0x0170-0x0177]
[    0.788019] pci 0000:00:07.1: legacy IDE quirk: reg 0x1c: [io  0x0376]
[    0.788408] pci 0000:00:07.3: [8086:7113] type 00 class 0x068000
[    0.789861] pci 0000:00:07.3: quirk: [io  0x1000-0x103f] claimed by PIIX4 ACPI
[    0.789874] pci 0000:00:07.3: quirk: [io  0x1040-0x104f] claimed by PIIX4 SMB
[    0.790351] pci 0000:00:07.7: [15ad:0740] type 00 class 0x088000
[    0.790873] pci 0000:00:07.7: reg 0x10: [io  0x1080-0x10bf]
[    0.791469] pci 0000:00:07.7: reg 0x14: [mem 0xfebfe000-0xfebfffff 64bit]
[    0.796118] pci 0000:00:0f.0: [15ad:0405] type 00 class 0x030000
[    0.797022] pci 0000:00:0f.0: reg 0x10: [io  0x1070-0x107f]
[    0.797781] pci 0000:00:0f.0: reg 0x14: [mem 0xe8000000-0xefffffff pref]
[    0.798540] pci 0000:00:0f.0: reg 0x18: [mem 0xfe000000-0xfe7fffff]
[    0.801251] pci 0000:00:0f.0: reg 0x30: [mem 0x00000000-0x00007fff pref]
[    0.802139] pci 0000:00:10.0: [1000:0030] type 00 class 0x010000
[    0.802540] pci 0000:00:10.0: reg 0x10: [io  0x1400-0x14ff]
[    0.802946] pci 0000:00:10.0: reg 0x14: [mem 0xfeba0000-0xfebbffff 64bit]
[    0.803350] pci 0000:00:10.0: reg 0x1c: [mem 0xfebc0000-0xfebdffff 64bit]
[    0.804092] pci 0000:00:10.0: reg 0x30: [mem 0x00000000-0x00003fff pref]
[    0.805124] pci 0000:00:11.0: [15ad:0790] type 01 class 0x060401
[    0.805124] pci 0000:00:15.0: [15ad:07a0] type 01 class 0x060400
[    0.805124] pci 0000:00:15.0: PME# supported from D0 D3hot D3cold
[    0.805124] pci 0000:00:15.1: [15ad:07a0] type 01 class 0x060400
[    0.805818] pci 0000:00:15.1: PME# supported from D0 D3hot D3cold
[    0.806397] pci 0000:00:15.2: [15ad:07a0] type 01 class 0x060400
[    0.806536] pci 0000:00:15.2: PME# supported from D0 D3hot D3cold
[    0.806536] pci 0000:00:15.3: [15ad:07a0] type 01 class 0x060400
[    0.806536] pci 0000:00:15.3: PME# supported from D0 D3hot D3cold
[    0.806536] pci 0000:00:15.4: [15ad:07a0] type 01 class 0x060400
[    0.806536] pci 0000:00:15.4: PME# supported from D0 D3hot D3cold
[    0.810596] pci 0000:00:15.5: [15ad:07a0] type 01 class 0x060400
[    0.811445] pci 0000:00:15.5: PME# supported from D0 D3hot D3cold
[    0.812040] pci 0000:00:15.6: [15ad:07a0] type 01 class 0x060400
[    0.812909] pci 0000:00:15.6: PME# supported from D0 D3hot D3cold
[    0.813762] pci 0000:00:15.7: [15ad:07a0] type 01 class 0x060400
[    0.814669] pci 0000:00:15.7: PME# supported from D0 D3hot D3cold
[    0.815850] pci 0000:00:16.0: [15ad:07a0] type 01 class 0x060400
[    0.816670] pci 0000:00:16.0: PME# supported from D0 D3hot D3cold
[    0.817258] pci 0000:00:16.1: [15ad:07a0] type 01 class 0x060400
[    0.818116] pci 0000:00:16.1: PME# supported from D0 D3hot D3cold
[    0.819107] pci 0000:00:16.2: [15ad:07a0] type 01 class 0x060400
[    0.819957] pci 0000:00:16.2: PME# supported from D0 D3hot D3cold
[    0.820500] pci 0000:00:16.3: [15ad:07a0] type 01 class 0x060400
[    0.821361] pci 0000:00:16.3: PME# supported from D0 D3hot D3cold
[    0.821922] pci 0000:00:16.4: [15ad:07a0] type 01 class 0x060400
[    0.822776] pci 0000:00:16.4: PME# supported from D0 D3hot D3cold
[    0.823299] pci 0000:00:16.5: [15ad:07a0] type 01 class 0x060400
[    0.824137] pci 0000:00:16.5: PME# supported from D0 D3hot D3cold
[    0.824680] pci 0000:00:16.6: [15ad:07a0] type 01 class 0x060400
[    0.825555] pci 0000:00:16.6: PME# supported from D0 D3hot D3cold
[    0.826299] pci 0000:00:16.7: [15ad:07a0] type 01 class 0x060400
[    0.826299] pci 0000:00:16.7: PME# supported from D0 D3hot D3cold
[    0.826299] pci 0000:00:17.0: [15ad:07a0] type 01 class 0x060400
[    0.826299] pci 0000:00:17.0: PME# supported from D0 D3hot D3cold
[    0.826299] pci 0000:00:17.1: [15ad:07a0] type 01 class 0x060400
[    0.826299] pci 0000:00:17.1: PME# supported from D0 D3hot D3cold
[    0.826536] pci 0000:00:17.2: [15ad:07a0] type 01 class 0x060400
[    0.826536] pci 0000:00:17.2: PME# supported from D0 D3hot D3cold
[    0.826536] pci 0000:00:17.3: [15ad:07a0] type 01 class 0x060400
[    0.826536] pci 0000:00:17.3: PME# supported from D0 D3hot D3cold
[    0.826536] pci 0000:00:17.4: [15ad:07a0] type 01 class 0x060400
[    0.826536] pci 0000:00:17.4: PME# supported from D0 D3hot D3cold
[    0.831000] pci 0000:00:17.5: [15ad:07a0] type 01 class 0x060400
[    0.831849] pci 0000:00:17.5: PME# supported from D0 D3hot D3cold
[    0.832443] pci 0000:00:17.6: [15ad:07a0] type 01 class 0x060400
[    0.833297] pci 0000:00:17.6: PME# supported from D0 D3hot D3cold
[    0.834157] pci 0000:00:17.7: [15ad:07a0] type 01 class 0x060400
[    0.835033] pci 0000:00:17.7: PME# supported from D0 D3hot D3cold
[    0.835907] pci 0000:00:18.0: [15ad:07a0] type 01 class 0x060400
[    0.836763] pci 0000:00:18.0: PME# supported from D0 D3hot D3cold
[    0.837349] pci 0000:00:18.1: [15ad:07a0] type 01 class 0x060400
[    0.838202] pci 0000:00:18.1: PME# supported from D0 D3hot D3cold
[    0.838826] pci 0000:00:18.2: [15ad:07a0] type 01 class 0x060400
[    0.839672] pci 0000:00:18.2: PME# supported from D0 D3hot D3cold
[    0.840256] pci 0000:00:18.3: [15ad:07a0] type 01 class 0x060400
[    0.841095] pci 0000:00:18.3: PME# supported from D0 D3hot D3cold
[    0.841735] pci 0000:00:18.4: [15ad:07a0] type 01 class 0x060400
[    0.842589] pci 0000:00:18.4: PME# supported from D0 D3hot D3cold
[    0.843231] pci 0000:00:18.5: [15ad:07a0] type 01 class 0x060400
[    0.844065] pci 0000:00:18.5: PME# supported from D0 D3hot D3cold
[    0.844659] pci 0000:00:18.6: [15ad:07a0] type 01 class 0x060400
[    0.845481] pci 0000:00:18.6: PME# supported from D0 D3hot D3cold
[    0.846181] pci 0000:00:18.7: [15ad:07a0] type 01 class 0x060400
[    0.846181] pci 0000:00:18.7: PME# supported from D0 D3hot D3cold
[    0.846181] pci_bus 0000:01: extended config space not accessible
[    0.853958] pci 0000:00:01.0: PCI bridge to [bus 01]
[    0.854167] pci_bus 0000:02: extended config space not accessible
[    0.854471] acpiphp: Slot [32] registered
[    0.854492] acpiphp: Slot [33] registered
[    0.854511] acpiphp: Slot [34] registered
[    0.854543] acpiphp: Slot [35] registered
[    0.854566] acpiphp: Slot [36] registered
[    0.854584] acpiphp: Slot [37] registered
[    0.854601] acpiphp: Slot [38] registered
[    0.854618] acpiphp: Slot [39] registered
[    0.854635] acpiphp: Slot [40] registered
[    0.854671] acpiphp: Slot [41] registered
[    0.854693] acpiphp: Slot [42] registered
[    0.854711] acpiphp: Slot [43] registered
[    0.854731] acpiphp: Slot [44] registered
[    0.854749] acpiphp: Slot [45] registered
[    0.854769] acpiphp: Slot [46] registered
[    0.854787] acpiphp: Slot [47] registered
[    0.854827] acpiphp: Slot [48] registered
[    0.854849] acpiphp: Slot [49] registered
[    0.854867] acpiphp: Slot [50] registered
[    0.854887] acpiphp: Slot [51] registered
[    0.854905] acpiphp: Slot [52] registered
[    0.854926] acpiphp: Slot [53] registered
[    0.854964] acpiphp: Slot [54] registered
[    0.854986] acpiphp: Slot [55] registered
[    0.855004] acpiphp: Slot [56] registered
[    0.855024] acpiphp: Slot [57] registered
[    0.855042] acpiphp: Slot [58] registered
[    0.855062] acpiphp: Slot [59] registered
[    0.855100] acpiphp: Slot [60] registered
[    0.855118] acpiphp: Slot [61] registered
[    0.855135] acpiphp: Slot [62] registered
[    0.855152] acpiphp: Slot [63] registered
[    0.855279] pci 0000:02:00.0: [15ad:0774] type 00 class 0x0c0300
[    0.856698] pci 0000:02:00.0: reg 0x20: [io  0x2080-0x209f]
[    0.858324] pci 0000:02:01.0: [8086:100f] type 00 class 0x020000
[    0.858776] pci 0000:02:01.0: reg 0x10: [mem 0xfd5c0000-0xfd5dffff 64bit]
[    0.859179] pci 0000:02:01.0: reg 0x18: [mem 0xfdff0000-0xfdffffff 64bit]
[    0.859541] pci 0000:02:01.0: reg 0x20: [io  0x2000-0x203f]
[    0.860260] pci 0000:02:01.0: reg 0x30: [mem 0x00000000-0x0000ffff pref]
[    0.860582] pci 0000:02:01.0: PME# supported from D0 D3hot D3cold
[    0.861514] pci 0000:02:02.0: [1274:1371] type 00 class 0x040100
[    0.861807] pci 0000:02:02.0: reg 0x10: [io  0x2040-0x207f]
[    0.864299] pci 0000:02:03.0: [15ad:0770] type 00 class 0x0c0320
[    0.864659] pci 0000:02:03.0: reg 0x10: [mem 0xfd5ef000-0xfd5effff]
[    0.867537] pci 0000:02:04.0: [15ad:07e0] type 00 class 0x010601
[    0.869299] pci 0000:02:04.0: reg 0x24: [mem 0xfd5ee000-0xfd5eefff]
[    0.869588] pci 0000:02:04.0: reg 0x30: [mem 0x00000000-0x0000ffff pref]
[    0.869982] pci 0000:02:04.0: PME# supported from D3hot
[    0.878536] pci 0000:00:11.0: PCI bridge to [bus 02] (subtractive decode)
[    0.878536] pci 0000:00:11.0:   bridge window [io  0x2000-0x3fff]
[    0.878536] pci 0000:00:11.0:   bridge window [mem 0xfd500000-0xfdffffff]
[    0.878536] pci 0000:00:11.0:   bridge window [mem 0xe7b00000-0xe7ffffff 64bit pref]
[    0.878536] pci 0000:00:11.0:   bridge window [mem 0x000a0000-0x000bffff window] (subtractive decode)
[    0.878536] pci 0000:00:11.0:   bridge window [mem 0x000d0000-0x000d3fff window] (subtractive decode)
[    0.878536] pci 0000:00:11.0:   bridge window [mem 0x000d4000-0x000d7fff window] (subtractive decode)
[    0.878536] pci 0000:00:11.0:   bridge window [mem 0x000d8000-0x000dbfff window] (subtractive decode)
[    0.878536] pci 0000:00:11.0:   bridge window [mem 0xc0000000-0xfebfffff window] (subtractive decode)
[    0.878536] pci 0000:00:11.0:   bridge window [io  0x0000-0x0cf7 window] (subtractive decode)
[    0.878536] pci 0000:00:11.0:   bridge window [io  0x0d00-0xfeff window] (subtractive decode)
[    0.883207] pci 0000:00:15.0: PCI bridge to [bus 03]
[    0.883230] pci 0000:00:15.0:   bridge window [io  0x4000-0x4fff]
[    0.883251] pci 0000:00:15.0:   bridge window [mem 0xfd400000-0xfd4fffff]
[    0.883289] pci 0000:00:15.0:   bridge window [mem 0xe7a00000-0xe7afffff 64bit pref]
[    0.890536] pci 0000:00:15.1: PCI bridge to [bus 04]
[    0.890549] pci 0000:00:15.1:   bridge window [io  0x8000-0x8fff]
[    0.890583] pci 0000:00:15.1:   bridge window [mem 0xfd000000-0xfd0fffff]
[    0.890622] pci 0000:00:15.1:   bridge window [mem 0xe7600000-0xe76fffff 64bit pref]
[    0.898536] pci 0000:00:15.2: PCI bridge to [bus 05]
[    0.898549] pci 0000:00:15.2:   bridge window [io  0xc000-0xcfff]
[    0.898570] pci 0000:00:15.2:   bridge window [mem 0xfcc00000-0xfccfffff]
[    0.898618] pci 0000:00:15.2:   bridge window [mem 0xe7200000-0xe72fffff 64bit pref]
[    0.906608] pci 0000:00:15.3: PCI bridge to [bus 06]
[    0.906645] pci 0000:00:15.3:   bridge window [mem 0xfc800000-0xfc8fffff]
[    0.906680] pci 0000:00:15.3:   bridge window [mem 0xe6e00000-0xe6efffff 64bit pref]
[    0.914536] pci 0000:00:15.4: PCI bridge to [bus 07]
[    0.914567] pci 0000:00:15.4:   bridge window [mem 0xfc400000-0xfc4fffff]
[    0.914605] pci 0000:00:15.4:   bridge window [mem 0xe6a00000-0xe6afffff 64bit pref]
[    0.918536] pci 0000:00:15.5: PCI bridge to [bus 08]
[    0.918536] pci 0000:00:15.5:   bridge window [mem 0xfc000000-0xfc0fffff]
[    0.918536] pci 0000:00:15.5:   bridge window [mem 0xe6600000-0xe66fffff 64bit pref]
[    0.926536] pci 0000:00:15.6: PCI bridge to [bus 09]
[    0.926568] pci 0000:00:15.6:   bridge window [mem 0xfbc00000-0xfbcfffff]
[    0.926607] pci 0000:00:15.6:   bridge window [mem 0xe6200000-0xe62fffff 64bit pref]
[    0.934536] pci 0000:00:15.7: PCI bridge to [bus 0a]
[    0.934567] pci 0000:00:15.7:   bridge window [mem 0xfb800000-0xfb8fffff]
[    0.934604] pci 0000:00:15.7:   bridge window [mem 0xe5e00000-0xe5efffff 64bit pref]
[    0.942536] pci 0000:00:16.0: PCI bridge to [bus 0b]
[    0.942549] pci 0000:00:16.0:   bridge window [io  0x5000-0x5fff]
[    0.942569] pci 0000:00:16.0:   bridge window [mem 0xfd300000-0xfd3fffff]
[    0.942608] pci 0000:00:16.0:   bridge window [mem 0xe7900000-0xe79fffff 64bit pref]
[    0.946894] pci 0000:00:16.1: PCI bridge to [bus 0c]
[    0.946918] pci 0000:00:16.1:   bridge window [io  0x9000-0x9fff]
[    0.946937] pci 0000:00:16.1:   bridge window [mem 0xfcf00000-0xfcffffff]
[    0.946975] pci 0000:00:16.1:   bridge window [mem 0xe7500000-0xe75fffff 64bit pref]
[    0.954905] pci 0000:00:16.2: PCI bridge to [bus 0d]
[    0.954927] pci 0000:00:16.2:   bridge window [io  0xd000-0xdfff]
[    0.954948] pci 0000:00:16.2:   bridge window [mem 0xfcb00000-0xfcbfffff]
[    0.954985] pci 0000:00:16.2:   bridge window [mem 0xe7100000-0xe71fffff 64bit pref]
[    0.962536] pci 0000:00:16.3: PCI bridge to [bus 0e]
[    0.962567] pci 0000:00:16.3:   bridge window [mem 0xfc700000-0xfc7fffff]
[    0.962605] pci 0000:00:16.3:   bridge window [mem 0xe6d00000-0xe6dfffff 64bit pref]
[    0.970536] pci 0000:00:16.4: PCI bridge to [bus 0f]
[    0.970567] pci 0000:00:16.4:   bridge window [mem 0xfc300000-0xfc3fffff]
[    0.970604] pci 0000:00:16.4:   bridge window [mem 0xe6900000-0xe69fffff 64bit pref]
[    0.978536] pci 0000:00:16.5: PCI bridge to [bus 10]
[    0.978566] pci 0000:00:16.5:   bridge window [mem 0xfbf00000-0xfbffffff]
[    0.978604] pci 0000:00:16.5:   bridge window [mem 0xe6500000-0xe65fffff 64bit pref]
[    0.986536] pci 0000:00:16.6: PCI bridge to [bus 11]
[    0.986566] pci 0000:00:16.6:   bridge window [mem 0xfbb00000-0xfbbfffff]
[    0.986602] pci 0000:00:16.6:   bridge window [mem 0xe6100000-0xe61fffff 64bit pref]
[    0.990536] pci 0000:00:16.7: PCI bridge to [bus 12]
[    0.990536] pci 0000:00:16.7:   bridge window [mem 0xfb700000-0xfb7fffff]
[    0.990536] pci 0000:00:16.7:   bridge window [mem 0xe5d00000-0xe5dfffff 64bit pref]
[    0.998675] pci 0000:00:17.0: PCI bridge to [bus 13]
[    0.998703] pci 0000:00:17.0:   bridge window [io  0x6000-0x6fff]
[    0.998724] pci 0000:00:17.0:   bridge window [mem 0xfd200000-0xfd2fffff]
[    0.998762] pci 0000:00:17.0:   bridge window [mem 0xe7800000-0xe78fffff 64bit pref]
[    1.006536] pci 0000:00:17.1: PCI bridge to [bus 14]
[    1.006549] pci 0000:00:17.1:   bridge window [io  0xa000-0xafff]
[    1.006569] pci 0000:00:17.1:   bridge window [mem 0xfce00000-0xfcefffff]
[    1.006604] pci 0000:00:17.1:   bridge window [mem 0xe7400000-0xe74fffff 64bit pref]
[    1.014536] pci 0000:00:17.2: PCI bridge to [bus 15]
[    1.014549] pci 0000:00:17.2:   bridge window [io  0xe000-0xefff]
[    1.014569] pci 0000:00:17.2:   bridge window [mem 0xfca00000-0xfcafffff]
[    1.014606] pci 0000:00:17.2:   bridge window [mem 0xe7000000-0xe70fffff 64bit pref]
[    1.022536] pci 0000:00:17.3: PCI bridge to [bus 16]
[    1.022567] pci 0000:00:17.3:   bridge window [mem 0xfc600000-0xfc6fffff]
[    1.022604] pci 0000:00:17.3:   bridge window [mem 0xe6c00000-0xe6cfffff 64bit pref]
[    1.030536] pci 0000:00:17.4: PCI bridge to [bus 17]
[    1.030566] pci 0000:00:17.4:   bridge window [mem 0xfc200000-0xfc2fffff]
[    1.030604] pci 0000:00:17.4:   bridge window [mem 0xe6800000-0xe68fffff 64bit pref]
[    1.034536] pci 0000:00:17.5: PCI bridge to [bus 18]
[    1.034536] pci 0000:00:17.5:   bridge window [mem 0xfbe00000-0xfbefffff]
[    1.034536] pci 0000:00:17.5:   bridge window [mem 0xe6400000-0xe64fffff 64bit pref]
[    1.043369] pci 0000:00:17.6: PCI bridge to [bus 19]
[    1.043414] pci 0000:00:17.6:   bridge window [mem 0xfba00000-0xfbafffff]
[    1.043469] pci 0000:00:17.6:   bridge window [mem 0xe6000000-0xe60fffff 64bit pref]
[    1.050896] pci 0000:00:17.7: PCI bridge to [bus 1a]
[    1.050943] pci 0000:00:17.7:   bridge window [mem 0xfb600000-0xfb6fffff]
[    1.050986] pci 0000:00:17.7:   bridge window [mem 0xe5c00000-0xe5cfffff 64bit pref]
[    1.058536] pci 0000:00:18.0: PCI bridge to [bus 1b]
[    1.058549] pci 0000:00:18.0:   bridge window [io  0x7000-0x7fff]
[    1.058569] pci 0000:00:18.0:   bridge window [mem 0xfd100000-0xfd1fffff]
[    1.058607] pci 0000:00:18.0:   bridge window [mem 0xe7700000-0xe77fffff 64bit pref]
[    1.066779] pci 0000:00:18.1: PCI bridge to [bus 1c]
[    1.066801] pci 0000:00:18.1:   bridge window [io  0xb000-0xbfff]
[    1.066820] pci 0000:00:18.1:   bridge window [mem 0xfcd00000-0xfcdfffff]
[    1.066857] pci 0000:00:18.1:   bridge window [mem 0xe7300000-0xe73fffff 64bit pref]
[    1.074536] pci 0000:00:18.2: PCI bridge to [bus 1d]
[    1.074567] pci 0000:00:18.2:   bridge window [mem 0xfc900000-0xfc9fffff]
[    1.074604] pci 0000:00:18.2:   bridge window [mem 0xe6f00000-0xe6ffffff 64bit pref]
[    1.082536] pci 0000:00:18.3: PCI bridge to [bus 1e]
[    1.082566] pci 0000:00:18.3:   bridge window [mem 0xfc500000-0xfc5fffff]
[    1.082601] pci 0000:00:18.3:   bridge window [mem 0xe6b00000-0xe6bfffff 64bit pref]
[    1.086536] pci 0000:00:18.4: PCI bridge to [bus 1f]
[    1.086536] pci 0000:00:18.4:   bridge window [mem 0xfc100000-0xfc1fffff]
[    1.086536] pci 0000:00:18.4:   bridge window [mem 0xe6700000-0xe67fffff 64bit pref]
[    1.094536] pci 0000:00:18.5: PCI bridge to [bus 20]
[    1.094566] pci 0000:00:18.5:   bridge window [mem 0xfbd00000-0xfbdfffff]
[    1.094604] pci 0000:00:18.5:   bridge window [mem 0xe6300000-0xe63fffff 64bit pref]
[    1.102536] pci 0000:00:18.6: PCI bridge to [bus 21]
[    1.102567] pci 0000:00:18.6:   bridge window [mem 0xfb900000-0xfb9fffff]
[    1.102604] pci 0000:00:18.6:   bridge window [mem 0xe5f00000-0xe5ffffff 64bit pref]
[    1.110536] pci 0000:00:18.7: PCI bridge to [bus 22]
[    1.110567] pci 0000:00:18.7:   bridge window [mem 0xfb500000-0xfb5fffff]
[    1.110603] pci 0000:00:18.7:   bridge window [mem 0xe5b00000-0xe5bfffff 64bit pref]
[    1.113549] ACPI: PCI: Interrupt link LNKA configured for IRQ 9
[    1.113641] ACPI: PCI: Interrupt link LNKB configured for IRQ 11
[    1.113730] ACPI: PCI: Interrupt link LNKC configured for IRQ 10
[    1.113818] ACPI: PCI: Interrupt link LNKD configured for IRQ 7
[    1.146642] iommu: Default domain type: Translated 
[    1.146642] iommu: DMA domain TLB invalidation policy: lazy mode 
[    1.146679] pci 0000:00:0f.0: vgaarb: setting as boot VGA device
[    1.146679] pci 0000:00:0f.0: vgaarb: VGA device added: decodes=io+mem,owns=io+mem,locks=none
[    1.146679] pci 0000:00:0f.0: vgaarb: bridge control possible
[    1.146679] vgaarb: loaded
[    1.147109] SCSI subsystem initialized
[    1.147143] libata version 3.00 loaded.
[    1.147143] ACPI: bus type USB registered
[    1.147143] usbcore: registered new interface driver usbfs
[    1.147143] usbcore: registered new interface driver hub
[    1.147143] usbcore: registered new device driver usb
[    1.147143] pps_core: LinuxPPS API ver. 1 registered
[    1.147143] pps_core: Software ver. 5.3.6 - Copyright 2005-2007 Rodolfo Giometti <giometti@linux.it>
[    1.147143] PTP clock support registered
[    1.147143] EDAC MC: Ver: 3.0.0
[    1.151123] NetLabel: Initializing
[    1.151124] NetLabel:  domain hash size = 128
[    1.151125] NetLabel:  protocols = UNLABELED CIPSOv4 CALIPSO
[    1.151268] NetLabel:  unlabeled traffic allowed by default
[    1.151292] PCI: Using ACPI for IRQ routing
[    1.182536] PCI: pci_cache_line_size set to 64 bytes
[    1.183370] e820: reserve RAM buffer [mem 0x0009e800-0x0009ffff]
[    1.183374] e820: reserve RAM buffer [mem 0xbfed0000-0xbfffffff]
[    1.183395] hpet0: at MMIO 0xfed00000, IRQs 2, 8, 0, 0, 0, 0, 0, 0, 0, 0, 0, 0, 0, 0, 0, 0
[    1.183395] hpet0: 16 comparators, 64-bit 14.318180 MHz counter
[    1.186626] clocksource: Switched to clocksource tsc-early
[    1.245119] VFS: Disk quotas dquot_6.6.0
[    1.245167] VFS: Dquot-cache hash table entries: 512 (order 0, 4096 bytes)
[    1.245716] AppArmor: AppArmor Filesystem Enabled
[    1.245794] pnp: PnP ACPI init
[    1.246021] system 00:00: [io  0x1000-0x103f] has been reserved
[    1.246024] system 00:00: [io  0x1040-0x104f] has been reserved
[    1.246026] system 00:00: [io  0x0cf0-0x0cf1] has been reserved
[    1.246345] system 00:04: [mem 0xfed00000-0xfed003ff] has been reserved
[    1.248386] system 00:06: [io  0xfce0-0xfcff] has been reserved
[    1.248389] system 00:06: [mem 0xf0000000-0xf7ffffff] has been reserved
[    1.248391] system 00:06: [mem 0xfe800000-0xfe9fffff] has been reserved
[    1.248546] system 00:07: [mem 0xfec10000-0xfec10fff] could not be reserved
[    1.276610] pnp: PnP ACPI: found 8 devices
[    1.288542] clocksource: acpi_pm: mask: 0xffffff max_cycles: 0xffffff, max_idle_ns: 2085701024 ns
[    1.288643] NET: Registered PF_INET protocol family
[    1.290527] IP idents hash table entries: 65536 (order: 7, 524288 bytes, linear)
[    1.300733] tcp_listen_portaddr_hash hash table entries: 2048 (order: 3, 32768 bytes, linear)
[    1.301699] TCP established hash table entries: 32768 (order: 6, 262144 bytes, linear)
[    1.303637] TCP bind hash table entries: 32768 (order: 7, 524288 bytes, linear)
[    1.303662] TCP: Hash tables configured (established 32768 bind 32768)
[    1.305487] MPTCP token hash table entries: 4096 (order: 4, 98304 bytes, linear)
[    1.305742] UDP hash table entries: 2048 (order: 4, 65536 bytes, linear)
[    1.305969] UDP-Lite hash table entries: 2048 (order: 4, 65536 bytes, linear)
[    1.307147] NET: Registered PF_UNIX/PF_LOCAL protocol family
[    1.307152] NET: Registered PF_XDP protocol family
[    1.307170] pci 0000:00:15.3: bridge window [io  0x1000-0x0fff] to [bus 06] add_size 1000
[    1.307174] pci 0000:00:15.4: bridge window [io  0x1000-0x0fff] to [bus 07] add_size 1000
[    1.307175] pci 0000:00:15.5: bridge window [io  0x1000-0x0fff] to [bus 08] add_size 1000
[    1.307176] pci 0000:00:15.6: bridge window [io  0x1000-0x0fff] to [bus 09] add_size 1000
[    1.307177] pci 0000:00:15.7: bridge window [io  0x1000-0x0fff] to [bus 0a] add_size 1000
[    1.307178] pci 0000:00:16.3: bridge window [io  0x1000-0x0fff] to [bus 0e] add_size 1000
[    1.307179] pci 0000:00:16.4: bridge window [io  0x1000-0x0fff] to [bus 0f] add_size 1000
[    1.307180] pci 0000:00:16.5: bridge window [io  0x1000-0x0fff] to [bus 10] add_size 1000
[    1.307181] pci 0000:00:16.6: bridge window [io  0x1000-0x0fff] to [bus 11] add_size 1000
[    1.307182] pci 0000:00:16.7: bridge window [io  0x1000-0x0fff] to [bus 12] add_size 1000
[    1.307184] pci 0000:00:17.3: bridge window [io  0x1000-0x0fff] to [bus 16] add_size 1000
[    1.307185] pci 0000:00:17.4: bridge window [io  0x1000-0x0fff] to [bus 17] add_size 1000
[    1.307186] pci 0000:00:17.5: bridge window [io  0x1000-0x0fff] to [bus 18] add_size 1000
[    1.307187] pci 0000:00:17.6: bridge window [io  0x1000-0x0fff] to [bus 19] add_size 1000
[    1.307188] pci 0000:00:17.7: bridge window [io  0x1000-0x0fff] to [bus 1a] add_size 1000
[    1.307190] pci 0000:00:18.2: bridge window [io  0x1000-0x0fff] to [bus 1d] add_size 1000
[    1.307191] pci 0000:00:18.3: bridge window [io  0x1000-0x0fff] to [bus 1e] add_size 1000
[    1.307192] pci 0000:00:18.4: bridge window [io  0x1000-0x0fff] to [bus 1f] add_size 1000
[    1.307193] pci 0000:00:18.5: bridge window [io  0x1000-0x0fff] to [bus 20] add_size 1000
[    1.307194] pci 0000:00:18.6: bridge window [io  0x1000-0x0fff] to [bus 21] add_size 1000
[    1.307195] pci 0000:00:18.7: bridge window [io  0x1000-0x0fff] to [bus 22] add_size 1000
[    1.307207] pci 0000:00:0f.0: BAR 6: assigned [mem 0xc0000000-0xc0007fff pref]
[    1.307210] pci 0000:00:10.0: BAR 6: assigned [mem 0xc0008000-0xc000bfff pref]
[    1.307212] pci 0000:00:15.3: BAR 13: no space for [io  size 0x1000]
[    1.307213] pci 0000:00:15.3: BAR 13: failed to assign [io  size 0x1000]
[    1.307215] pci 0000:00:15.4: BAR 13: no space for [io  size 0x1000]
[    1.307215] pci 0000:00:15.4: BAR 13: failed to assign [io  size 0x1000]
[    1.307216] pci 0000:00:15.5: BAR 13: no space for [io  size 0x1000]
[    1.307217] pci 0000:00:15.5: BAR 13: failed to assign [io  size 0x1000]
[    1.307218] pci 0000:00:15.6: BAR 13: no space for [io  size 0x1000]
[    1.307219] pci 0000:00:15.6: BAR 13: failed to assign [io  size 0x1000]
[    1.307220] pci 0000:00:15.7: BAR 13: no space for [io  size 0x1000]
[    1.307221] pci 0000:00:15.7: BAR 13: failed to assign [io  size 0x1000]
[    1.307222] pci 0000:00:16.3: BAR 13: no space for [io  size 0x1000]
[    1.307222] pci 0000:00:16.3: BAR 13: failed to assign [io  size 0x1000]
[    1.307223] pci 0000:00:16.4: BAR 13: no space for [io  size 0x1000]
[    1.307224] pci 0000:00:16.4: BAR 13: failed to assign [io  size 0x1000]
[    1.307225] pci 0000:00:16.5: BAR 13: no space for [io  size 0x1000]
[    1.307226] pci 0000:00:16.5: BAR 13: failed to assign [io  size 0x1000]
[    1.307227] pci 0000:00:16.6: BAR 13: no space for [io  size 0x1000]
[    1.307227] pci 0000:00:16.6: BAR 13: failed to assign [io  size 0x1000]
[    1.307228] pci 0000:00:16.7: BAR 13: no space for [io  size 0x1000]
[    1.307229] pci 0000:00:16.7: BAR 13: failed to assign [io  size 0x1000]
[    1.307230] pci 0000:00:17.3: BAR 13: no space for [io  size 0x1000]
[    1.307231] pci 0000:00:17.3: BAR 13: failed to assign [io  size 0x1000]
[    1.307232] pci 0000:00:17.4: BAR 13: no space for [io  size 0x1000]
[    1.307232] pci 0000:00:17.4: BAR 13: failed to assign [io  size 0x1000]
[    1.307234] pci 0000:00:17.5: BAR 13: no space for [io  size 0x1000]
[    1.307235] pci 0000:00:17.5: BAR 13: failed to assign [io  size 0x1000]
[    1.307236] pci 0000:00:17.6: BAR 13: no space for [io  size 0x1000]
[    1.307236] pci 0000:00:17.6: BAR 13: failed to assign [io  size 0x1000]
[    1.307237] pci 0000:00:17.7: BAR 13: no space for [io  size 0x1000]
[    1.307238] pci 0000:00:17.7: BAR 13: failed to assign [io  size 0x1000]
[    1.307239] pci 0000:00:18.2: BAR 13: no space for [io  size 0x1000]
[    1.307240] pci 0000:00:18.2: BAR 13: failed to assign [io  size 0x1000]
[    1.307240] pci 0000:00:18.3: BAR 13: no space for [io  size 0x1000]
[    1.307241] pci 0000:00:18.3: BAR 13: failed to assign [io  size 0x1000]
[    1.307242] pci 0000:00:18.4: BAR 13: no space for [io  size 0x1000]
[    1.307243] pci 0000:00:18.4: BAR 13: failed to assign [io  size 0x1000]
[    1.307244] pci 0000:00:18.5: BAR 13: no space for [io  size 0x1000]
[    1.307244] pci 0000:00:18.5: BAR 13: failed to assign [io  size 0x1000]
[    1.307245] pci 0000:00:18.6: BAR 13: no space for [io  size 0x1000]
[    1.307246] pci 0000:00:18.6: BAR 13: failed to assign [io  size 0x1000]
[    1.307247] pci 0000:00:18.7: BAR 13: no space for [io  size 0x1000]
[    1.307248] pci 0000:00:18.7: BAR 13: failed to assign [io  size 0x1000]
[    1.307251] pci 0000:00:18.7: BAR 13: no space for [io  size 0x1000]
[    1.307251] pci 0000:00:18.7: BAR 13: failed to assign [io  size 0x1000]
[    1.307252] pci 0000:00:18.6: BAR 13: no space for [io  size 0x1000]
[    1.307253] pci 0000:00:18.6: BAR 13: failed to assign [io  size 0x1000]
[    1.307254] pci 0000:00:18.5: BAR 13: no space for [io  size 0x1000]
[    1.307255] pci 0000:00:18.5: BAR 13: failed to assign [io  size 0x1000]
[    1.307256] pci 0000:00:18.4: BAR 13: no space for [io  size 0x1000]
[    1.307256] pci 0000:00:18.4: BAR 13: failed to assign [io  size 0x1000]
[    1.307257] pci 0000:00:18.3: BAR 13: no space for [io  size 0x1000]
[    1.307258] pci 0000:00:18.3: BAR 13: failed to assign [io  size 0x1000]
[    1.307259] pci 0000:00:18.2: BAR 13: no space for [io  size 0x1000]
[    1.307260] pci 0000:00:18.2: BAR 13: failed to assign [io  size 0x1000]
[    1.307261] pci 0000:00:17.7: BAR 13: no space for [io  size 0x1000]
[    1.307262] pci 0000:00:17.7: BAR 13: failed to assign [io  size 0x1000]
[    1.307263] pci 0000:00:17.6: BAR 13: no space for [io  size 0x1000]
[    1.307263] pci 0000:00:17.6: BAR 13: failed to assign [io  size 0x1000]
[    1.307264] pci 0000:00:17.5: BAR 13: no space for [io  size 0x1000]
[    1.307265] pci 0000:00:17.5: BAR 13: failed to assign [io  size 0x1000]
[    1.307266] pci 0000:00:17.4: BAR 13: no space for [io  size 0x1000]
[    1.307267] pci 0000:00:17.4: BAR 13: failed to assign [io  size 0x1000]
[    1.307268] pci 0000:00:17.3: BAR 13: no space for [io  size 0x1000]
[    1.307268] pci 0000:00:17.3: BAR 13: failed to assign [io  size 0x1000]
[    1.307269] pci 0000:00:16.7: BAR 13: no space for [io  size 0x1000]
[    1.307270] pci 0000:00:16.7: BAR 13: failed to assign [io  size 0x1000]
[    1.307271] pci 0000:00:16.6: BAR 13: no space for [io  size 0x1000]
[    1.307272] pci 0000:00:16.6: BAR 13: failed to assign [io  size 0x1000]
[    1.307273] pci 0000:00:16.5: BAR 13: no space for [io  size 0x1000]
[    1.307273] pci 0000:00:16.5: BAR 13: failed to assign [io  size 0x1000]
[    1.307274] pci 0000:00:16.4: BAR 13: no space for [io  size 0x1000]
[    1.307275] pci 0000:00:16.4: BAR 13: failed to assign [io  size 0x1000]
[    1.307276] pci 0000:00:16.3: BAR 13: no space for [io  size 0x1000]
[    1.307277] pci 0000:00:16.3: BAR 13: failed to assign [io  size 0x1000]
[    1.307278] pci 0000:00:15.7: BAR 13: no space for [io  size 0x1000]
[    1.307278] pci 0000:00:15.7: BAR 13: failed to assign [io  size 0x1000]
[    1.307279] pci 0000:00:15.6: BAR 13: no space for [io  size 0x1000]
[    1.307280] pci 0000:00:15.6: BAR 13: failed to assign [io  size 0x1000]
[    1.307281] pci 0000:00:15.5: BAR 13: no space for [io  size 0x1000]
[    1.307282] pci 0000:00:15.5: BAR 13: failed to assign [io  size 0x1000]
[    1.307283] pci 0000:00:15.4: BAR 13: no space for [io  size 0x1000]
[    1.307283] pci 0000:00:15.4: BAR 13: failed to assign [io  size 0x1000]
[    1.307284] pci 0000:00:15.3: BAR 13: no space for [io  size 0x1000]
[    1.307285] pci 0000:00:15.3: BAR 13: failed to assign [io  size 0x1000]
[    1.307287] pci 0000:00:01.0: PCI bridge to [bus 01]
[    1.307410] pci 0000:02:01.0: BAR 6: assigned [mem 0xfd500000-0xfd50ffff pref]
[    1.307412] pci 0000:02:04.0: BAR 6: assigned [mem 0xfd510000-0xfd51ffff pref]
[    1.307413] pci 0000:00:11.0: PCI bridge to [bus 02]
[    1.307428] pci 0000:00:11.0:   bridge window [io  0x2000-0x3fff]
[    1.307465] pci 0000:00:11.0:   bridge window [mem 0xfd500000-0xfdffffff]
[    1.307484] pci 0000:00:11.0:   bridge window [mem 0xe7b00000-0xe7ffffff 64bit pref]
[    1.307521] pci 0000:00:15.0: PCI bridge to [bus 03]
[    1.307535] pci 0000:00:15.0:   bridge window [io  0x4000-0x4fff]
[    1.307564] pci 0000:00:15.0:   bridge window [mem 0xfd400000-0xfd4fffff]
[    1.307582] pci 0000:00:15.0:   bridge window [mem 0xe7a00000-0xe7afffff 64bit pref]
[    1.307665] pci 0000:00:15.1: PCI bridge to [bus 04]
[    1.307691] pci 0000:00:15.1:   bridge window [io  0x8000-0x8fff]
[    1.307719] pci 0000:00:15.1:   bridge window [mem 0xfd000000-0xfd0fffff]
[    1.307738] pci 0000:00:15.1:   bridge window [mem 0xe7600000-0xe76fffff 64bit pref]
[    1.307791] pci 0000:00:15.2: PCI bridge to [bus 05]
[    1.307802] pci 0000:00:15.2:   bridge window [io  0xc000-0xcfff]
[    1.307828] pci 0000:00:15.2:   bridge window [mem 0xfcc00000-0xfccfffff]
[    1.307846] pci 0000:00:15.2:   bridge window [mem 0xe7200000-0xe72fffff 64bit pref]
[    1.307896] pci 0000:00:15.3: PCI bridge to [bus 06]
[    1.307925] pci 0000:00:15.3:   bridge window [mem 0xfc800000-0xfc8fffff]
[    1.307944] pci 0000:00:15.3:   bridge window [mem 0xe6e00000-0xe6efffff 64bit pref]
[    1.307996] pci 0000:00:15.4: PCI bridge to [bus 07]
[    1.308023] pci 0000:00:15.4:   bridge window [mem 0xfc400000-0xfc4fffff]
[    1.308040] pci 0000:00:15.4:   bridge window [mem 0xe6a00000-0xe6afffff 64bit pref]
[    1.308091] pci 0000:00:15.5: PCI bridge to [bus 08]
[    1.308120] pci 0000:00:15.5:   bridge window [mem 0xfc000000-0xfc0fffff]
[    1.308139] pci 0000:00:15.5:   bridge window [mem 0xe6600000-0xe66fffff 64bit pref]
[    1.308196] pci 0000:00:15.6: PCI bridge to [bus 09]
[    1.308223] pci 0000:00:15.6:   bridge window [mem 0xfbc00000-0xfbcfffff]
[    1.308241] pci 0000:00:15.6:   bridge window [mem 0xe6200000-0xe62fffff 64bit pref]
[    1.308291] pci 0000:00:15.7: PCI bridge to [bus 0a]
[    1.308320] pci 0000:00:15.7:   bridge window [mem 0xfb800000-0xfb8fffff]
[    1.308339] pci 0000:00:15.7:   bridge window [mem 0xe5e00000-0xe5efffff 64bit pref]
[    1.308391] pci 0000:00:16.0: PCI bridge to [bus 0b]
[    1.308401] pci 0000:00:16.0:   bridge window [io  0x5000-0x5fff]
[    1.308427] pci 0000:00:16.0:   bridge window [mem 0xfd300000-0xfd3fffff]
[    1.308445] pci 0000:00:16.0:   bridge window [mem 0xe7900000-0xe79fffff 64bit pref]
[    1.308495] pci 0000:00:16.1: PCI bridge to [bus 0c]
[    1.308506] pci 0000:00:16.1:   bridge window [io  0x9000-0x9fff]
[    1.308534] pci 0000:00:16.1:   bridge window [mem 0xfcf00000-0xfcffffff]
[    1.308553] pci 0000:00:16.1:   bridge window [mem 0xe7500000-0xe75fffff 64bit pref]
[    1.308605] pci 0000:00:16.2: PCI bridge to [bus 0d]
[    1.308624] pci 0000:00:16.2:   bridge window [io  0xd000-0xdfff]
[    1.308651] pci 0000:00:16.2:   bridge window [mem 0xfcb00000-0xfcbfffff]
[    1.308670] pci 0000:00:16.2:   bridge window [mem 0xe7100000-0xe71fffff 64bit pref]
[    1.308723] pci 0000:00:16.3: PCI bridge to [bus 0e]
[    1.308750] pci 0000:00:16.3:   bridge window [mem 0xfc700000-0xfc7fffff]
[    1.308767] pci 0000:00:16.3:   bridge window [mem 0xe6d00000-0xe6dfffff 64bit pref]
[    1.308817] pci 0000:00:16.4: PCI bridge to [bus 0f]
[    1.308846] pci 0000:00:16.4:   bridge window [mem 0xfc300000-0xfc3fffff]
[    1.308865] pci 0000:00:16.4:   bridge window [mem 0xe6900000-0xe69fffff 64bit pref]
[    1.308917] pci 0000:00:16.5: PCI bridge to [bus 10]
[    1.308944] pci 0000:00:16.5:   bridge window [mem 0xfbf00000-0xfbffffff]
[    1.308962] pci 0000:00:16.5:   bridge window [mem 0xe6500000-0xe65fffff 64bit pref]
[    1.309011] pci 0000:00:16.6: PCI bridge to [bus 11]
[    1.309039] pci 0000:00:16.6:   bridge window [mem 0xfbb00000-0xfbbfffff]
[    1.309059] pci 0000:00:16.6:   bridge window [mem 0xe6100000-0xe61fffff 64bit pref]
[    1.309110] pci 0000:00:16.7: PCI bridge to [bus 12]
[    1.309137] pci 0000:00:16.7:   bridge window [mem 0xfb700000-0xfb7fffff]
[    1.309154] pci 0000:00:16.7:   bridge window [mem 0xe5d00000-0xe5dfffff 64bit pref]
[    1.309204] pci 0000:00:17.0: PCI bridge to [bus 13]
[    1.309216] pci 0000:00:17.0:   bridge window [io  0x6000-0x6fff]
[    1.309244] pci 0000:00:17.0:   bridge window [mem 0xfd200000-0xfd2fffff]
[    1.309263] pci 0000:00:17.0:   bridge window [mem 0xe7800000-0xe78fffff 64bit pref]
[    1.309315] pci 0000:00:17.1: PCI bridge to [bus 14]
[    1.309326] pci 0000:00:17.1:   bridge window [io  0xa000-0xafff]
[    1.309352] pci 0000:00:17.1:   bridge window [mem 0xfce00000-0xfcefffff]
[    1.309369] pci 0000:00:17.1:   bridge window [mem 0xe7400000-0xe74fffff 64bit pref]
[    1.309419] pci 0000:00:17.2: PCI bridge to [bus 15]
[    1.309431] pci 0000:00:17.2:   bridge window [io  0xe000-0xefff]
[    1.309459] pci 0000:00:17.2:   bridge window [mem 0xfca00000-0xfcafffff]
[    1.309478] pci 0000:00:17.2:   bridge window [mem 0xe7000000-0xe70fffff 64bit pref]
[    1.309529] pci 0000:00:17.3: PCI bridge to [bus 16]
[    1.309556] pci 0000:00:17.3:   bridge window [mem 0xfc600000-0xfc6fffff]
[    1.309574] pci 0000:00:17.3:   bridge window [mem 0xe6c00000-0xe6cfffff 64bit pref]
[    1.309626] pci 0000:00:17.4: PCI bridge to [bus 17]
[    1.309654] pci 0000:00:17.4:   bridge window [mem 0xfc200000-0xfc2fffff]
[    1.309673] pci 0000:00:17.4:   bridge window [mem 0xe6800000-0xe68fffff 64bit pref]
[    1.309725] pci 0000:00:17.5: PCI bridge to [bus 18]
[    1.309753] pci 0000:00:17.5:   bridge window [mem 0xfbe00000-0xfbefffff]
[    1.309772] pci 0000:00:17.5:   bridge window [mem 0xe6400000-0xe64fffff 64bit pref]
[    1.309823] pci 0000:00:17.6: PCI bridge to [bus 19]
[    1.309852] pci 0000:00:17.6:   bridge window [mem 0xfba00000-0xfbafffff]
[    1.309871] pci 0000:00:17.6:   bridge window [mem 0xe6000000-0xe60fffff 64bit pref]
[    1.309922] pci 0000:00:17.7: PCI bridge to [bus 1a]
[    1.309951] pci 0000:00:17.7:   bridge window [mem 0xfb600000-0xfb6fffff]
[    1.309970] pci 0000:00:17.7:   bridge window [mem 0xe5c00000-0xe5cfffff 64bit pref]
[    1.310021] pci 0000:00:18.0: PCI bridge to [bus 1b]
[    1.310033] pci 0000:00:18.0:   bridge window [io  0x7000-0x7fff]
[    1.310061] pci 0000:00:18.0:   bridge window [mem 0xfd100000-0xfd1fffff]
[    1.310080] pci 0000:00:18.0:   bridge window [mem 0xe7700000-0xe77fffff 64bit pref]
[    1.310131] pci 0000:00:18.1: PCI bridge to [bus 1c]
[    1.310143] pci 0000:00:18.1:   bridge window [io  0xb000-0xbfff]
[    1.310171] pci 0000:00:18.1:   bridge window [mem 0xfcd00000-0xfcdfffff]
[    1.310190] pci 0000:00:18.1:   bridge window [mem 0xe7300000-0xe73fffff 64bit pref]
[    1.310241] pci 0000:00:18.2: PCI bridge to [bus 1d]
[    1.310270] pci 0000:00:18.2:   bridge window [mem 0xfc900000-0xfc9fffff]
[    1.310289] pci 0000:00:18.2:   bridge window [mem 0xe6f00000-0xe6ffffff 64bit pref]
[    1.310341] pci 0000:00:18.3: PCI bridge to [bus 1e]
[    1.310370] pci 0000:00:18.3:   bridge window [mem 0xfc500000-0xfc5fffff]
[    1.310389] pci 0000:00:18.3:   bridge window [mem 0xe6b00000-0xe6bfffff 64bit pref]
[    1.310440] pci 0000:00:18.4: PCI bridge to [bus 1f]
[    1.310468] pci 0000:00:18.4:   bridge window [mem 0xfc100000-0xfc1fffff]
[    1.310487] pci 0000:00:18.4:   bridge window [mem 0xe6700000-0xe67fffff 64bit pref]
[    1.310547] pci 0000:00:18.5: PCI bridge to [bus 20]
[    1.310576] pci 0000:00:18.5:   bridge window [mem 0xfbd00000-0xfbdfffff]
[    1.310596] pci 0000:00:18.5:   bridge window [mem 0xe6300000-0xe63fffff 64bit pref]
[    1.310650] pci 0000:00:18.6: PCI bridge to [bus 21]
[    1.310678] pci 0000:00:18.6:   bridge window [mem 0xfb900000-0xfb9fffff]
[    1.310695] pci 0000:00:18.6:   bridge window [mem 0xe5f00000-0xe5ffffff 64bit pref]
[    1.310745] pci 0000:00:18.7: PCI bridge to [bus 22]
[    1.310773] pci 0000:00:18.7:   bridge window [mem 0xfb500000-0xfb5fffff]
[    1.310794] pci 0000:00:18.7:   bridge window [mem 0xe5b00000-0xe5bfffff 64bit pref]
[    1.310845] pci_bus 0000:00: resource 4 [mem 0x000a0000-0x000bffff window]
[    1.310847] pci_bus 0000:00: resource 5 [mem 0x000d0000-0x000d3fff window]
[    1.310848] pci_bus 0000:00: resource 6 [mem 0x000d4000-0x000d7fff window]
[    1.310849] pci_bus 0000:00: resource 7 [mem 0x000d8000-0x000dbfff window]
[    1.310850] pci_bus 0000:00: resource 8 [mem 0xc0000000-0xfebfffff window]
[    1.310851] pci_bus 0000:00: resource 9 [io  0x0000-0x0cf7 window]
[    1.310851] pci_bus 0000:00: resource 10 [io  0x0d00-0xfeff window]
[    1.310853] pci_bus 0000:02: resource 0 [io  0x2000-0x3fff]
[    1.310853] pci_bus 0000:02: resource 1 [mem 0xfd500000-0xfdffffff]
[    1.310854] pci_bus 0000:02: resource 2 [mem 0xe7b00000-0xe7ffffff 64bit pref]
[    1.310855] pci_bus 0000:02: resource 4 [mem 0x000a0000-0x000bffff window]
[    1.310856] pci_bus 0000:02: resource 5 [mem 0x000d0000-0x000d3fff window]
[    1.310856] pci_bus 0000:02: resource 6 [mem 0x000d4000-0x000d7fff window]
[    1.310857] pci_bus 0000:02: resource 7 [mem 0x000d8000-0x000dbfff window]
[    1.310858] pci_bus 0000:02: resource 8 [mem 0xc0000000-0xfebfffff window]
[    1.310859] pci_bus 0000:02: resource 9 [io  0x0000-0x0cf7 window]
[    1.310859] pci_bus 0000:02: resource 10 [io  0x0d00-0xfeff window]
[    1.310860] pci_bus 0000:03: resource 0 [io  0x4000-0x4fff]
[    1.310861] pci_bus 0000:03: resource 1 [mem 0xfd400000-0xfd4fffff]
[    1.310862] pci_bus 0000:03: resource 2 [mem 0xe7a00000-0xe7afffff 64bit pref]
[    1.310863] pci_bus 0000:04: resource 0 [io  0x8000-0x8fff]
[    1.310863] pci_bus 0000:04: resource 1 [mem 0xfd000000-0xfd0fffff]
[    1.310864] pci_bus 0000:04: resource 2 [mem 0xe7600000-0xe76fffff 64bit pref]
[    1.310865] pci_bus 0000:05: resource 0 [io  0xc000-0xcfff]
[    1.310866] pci_bus 0000:05: resource 1 [mem 0xfcc00000-0xfccfffff]
[    1.310866] pci_bus 0000:05: resource 2 [mem 0xe7200000-0xe72fffff 64bit pref]
[    1.310867] pci_bus 0000:06: resource 1 [mem 0xfc800000-0xfc8fffff]
[    1.310868] pci_bus 0000:06: resource 2 [mem 0xe6e00000-0xe6efffff 64bit pref]
[    1.310869] pci_bus 0000:07: resource 1 [mem 0xfc400000-0xfc4fffff]
[    1.310870] pci_bus 0000:07: resource 2 [mem 0xe6a00000-0xe6afffff 64bit pref]
[    1.310871] pci_bus 0000:08: resource 1 [mem 0xfc000000-0xfc0fffff]
[    1.310872] pci_bus 0000:08: resource 2 [mem 0xe6600000-0xe66fffff 64bit pref]
[    1.310872] pci_bus 0000:09: resource 1 [mem 0xfbc00000-0xfbcfffff]
[    1.310873] pci_bus 0000:09: resource 2 [mem 0xe6200000-0xe62fffff 64bit pref]
[    1.310874] pci_bus 0000:0a: resource 1 [mem 0xfb800000-0xfb8fffff]
[    1.310875] pci_bus 0000:0a: resource 2 [mem 0xe5e00000-0xe5efffff 64bit pref]
[    1.310876] pci_bus 0000:0b: resource 0 [io  0x5000-0x5fff]
[    1.310876] pci_bus 0000:0b: resource 1 [mem 0xfd300000-0xfd3fffff]
[    1.310877] pci_bus 0000:0b: resource 2 [mem 0xe7900000-0xe79fffff 64bit pref]
[    1.310878] pci_bus 0000:0c: resource 0 [io  0x9000-0x9fff]
[    1.310879] pci_bus 0000:0c: resource 1 [mem 0xfcf00000-0xfcffffff]
[    1.310879] pci_bus 0000:0c: resource 2 [mem 0xe7500000-0xe75fffff 64bit pref]
[    1.310880] pci_bus 0000:0d: resource 0 [io  0xd000-0xdfff]
[    1.310881] pci_bus 0000:0d: resource 1 [mem 0xfcb00000-0xfcbfffff]
[    1.310882] pci_bus 0000:0d: resource 2 [mem 0xe7100000-0xe71fffff 64bit pref]
[    1.310883] pci_bus 0000:0e: resource 1 [mem 0xfc700000-0xfc7fffff]
[    1.310883] pci_bus 0000:0e: resource 2 [mem 0xe6d00000-0xe6dfffff 64bit pref]
[    1.310884] pci_bus 0000:0f: resource 1 [mem 0xfc300000-0xfc3fffff]
[    1.310885] pci_bus 0000:0f: resource 2 [mem 0xe6900000-0xe69fffff 64bit pref]
[    1.310886] pci_bus 0000:10: resource 1 [mem 0xfbf00000-0xfbffffff]
[    1.310887] pci_bus 0000:10: resource 2 [mem 0xe6500000-0xe65fffff 64bit pref]
[    1.310887] pci_bus 0000:11: resource 1 [mem 0xfbb00000-0xfbbfffff]
[    1.310888] pci_bus 0000:11: resource 2 [mem 0xe6100000-0xe61fffff 64bit pref]
[    1.310889] pci_bus 0000:12: resource 1 [mem 0xfb700000-0xfb7fffff]
[    1.310890] pci_bus 0000:12: resource 2 [mem 0xe5d00000-0xe5dfffff 64bit pref]
[    1.310891] pci_bus 0000:13: resource 0 [io  0x6000-0x6fff]
[    1.310891] pci_bus 0000:13: resource 1 [mem 0xfd200000-0xfd2fffff]
[    1.310892] pci_bus 0000:13: resource 2 [mem 0xe7800000-0xe78fffff 64bit pref]
[    1.310893] pci_bus 0000:14: resource 0 [io  0xa000-0xafff]
[    1.310894] pci_bus 0000:14: resource 1 [mem 0xfce00000-0xfcefffff]
[    1.310894] pci_bus 0000:14: resource 2 [mem 0xe7400000-0xe74fffff 64bit pref]
[    1.310895] pci_bus 0000:15: resource 0 [io  0xe000-0xefff]
[    1.310896] pci_bus 0000:15: resource 1 [mem 0xfca00000-0xfcafffff]
[    1.310896] pci_bus 0000:15: resource 2 [mem 0xe7000000-0xe70fffff 64bit pref]
[    1.310897] pci_bus 0000:16: resource 1 [mem 0xfc600000-0xfc6fffff]
[    1.310898] pci_bus 0000:16: resource 2 [mem 0xe6c00000-0xe6cfffff 64bit pref]
[    1.310899] pci_bus 0000:17: resource 1 [mem 0xfc200000-0xfc2fffff]
[    1.310900] pci_bus 0000:17: resource 2 [mem 0xe6800000-0xe68fffff 64bit pref]
[    1.310900] pci_bus 0000:18: resource 1 [mem 0xfbe00000-0xfbefffff]
[    1.310901] pci_bus 0000:18: resource 2 [mem 0xe6400000-0xe64fffff 64bit pref]
[    1.310902] pci_bus 0000:19: resource 1 [mem 0xfba00000-0xfbafffff]
[    1.310903] pci_bus 0000:19: resource 2 [mem 0xe6000000-0xe60fffff 64bit pref]
[    1.310904] pci_bus 0000:1a: resource 1 [mem 0xfb600000-0xfb6fffff]
[    1.310904] pci_bus 0000:1a: resource 2 [mem 0xe5c00000-0xe5cfffff 64bit pref]
[    1.310905] pci_bus 0000:1b: resource 0 [io  0x7000-0x7fff]
[    1.310906] pci_bus 0000:1b: resource 1 [mem 0xfd100000-0xfd1fffff]
[    1.310907] pci_bus 0000:1b: resource 2 [mem 0xe7700000-0xe77fffff 64bit pref]
[    1.310908] pci_bus 0000:1c: resource 0 [io  0xb000-0xbfff]
[    1.310909] pci_bus 0000:1c: resource 1 [mem 0xfcd00000-0xfcdfffff]
[    1.310909] pci_bus 0000:1c: resource 2 [mem 0xe7300000-0xe73fffff 64bit pref]
[    1.310910] pci_bus 0000:1d: resource 1 [mem 0xfc900000-0xfc9fffff]
[    1.310911] pci_bus 0000:1d: resource 2 [mem 0xe6f00000-0xe6ffffff 64bit pref]
[    1.310912] pci_bus 0000:1e: resource 1 [mem 0xfc500000-0xfc5fffff]
[    1.310912] pci_bus 0000:1e: resource 2 [mem 0xe6b00000-0xe6bfffff 64bit pref]
[    1.310913] pci_bus 0000:1f: resource 1 [mem 0xfc100000-0xfc1fffff]
[    1.310914] pci_bus 0000:1f: resource 2 [mem 0xe6700000-0xe67fffff 64bit pref]
[    1.310915] pci_bus 0000:20: resource 1 [mem 0xfbd00000-0xfbdfffff]
[    1.310916] pci_bus 0000:20: resource 2 [mem 0xe6300000-0xe63fffff 64bit pref]
[    1.310916] pci_bus 0000:21: resource 1 [mem 0xfb900000-0xfb9fffff]
[    1.310917] pci_bus 0000:21: resource 2 [mem 0xe5f00000-0xe5ffffff 64bit pref]
[    1.310918] pci_bus 0000:22: resource 1 [mem 0xfb500000-0xfb5fffff]
[    1.310919] pci_bus 0000:22: resource 2 [mem 0xe5b00000-0xe5bfffff 64bit pref]
[    1.311083] pci 0000:00:00.0: Limiting direct PCI/PCI transfers
[    1.311188] pci 0000:00:0f.0: Video device with shadowed ROM at [mem 0x000c0000-0x000dffff]
[    1.312404] pci 0000:02:01.0: CLS mismatch (32 != 64), using 64 bytes
[    1.313081] PCI-DMA: Using software bounce buffering for IO (SWIOTLB)
[    1.313083] software IO TLB: mapped [mem 0x00000000bbed0000-0x00000000bfed0000] (64MB)
[    1.313126] clocksource: tsc: mask: 0xffffffffffffffff max_cycles: 0x1e717b4f62a, max_idle_ns: 440795208866 ns
[    1.313190] clocksource: Switched to clocksource tsc
[    1.313373] Trying to unpack rootfs image as initramfs...
[    1.316477] Initialise system trusted keyrings
[    1.316515] Key type blacklist registered
[    1.316747] workingset: timestamp_bits=36 max_order=20 bucket_order=0
[    1.317742] zbud: loaded
[    1.318121] squashfs: version 4.0 (2009/01/31) Phillip Lougher
[    1.318729] fuse: init (API version 7.34)
[    1.319397] integrity: Platform Keyring initialized
[    1.325403] Key type asymmetric registered
[    1.325405] Asymmetric key parser 'x509' registered
[    1.325586] Block layer SCSI generic (bsg) driver version 0.4 loaded (major 243)
[    1.325843] io scheduler mq-deadline registered
[    1.326944] pcieport 0000:00:15.0: PME: Signaling with IRQ 25
[    1.327047] pcieport 0000:00:15.0: pciehp: Slot #160 AttnBtn+ PwrCtrl+ MRL- AttnInd- PwrInd- HotPlug+ Surprise- Interlock- NoCompl+ IbPresDis- LLActRep+
[    1.328144] pcieport 0000:00:15.1: PME: Signaling with IRQ 26
[    1.328230] pcieport 0000:00:15.1: pciehp: Slot #161 AttnBtn+ PwrCtrl+ MRL- AttnInd- PwrInd- HotPlug+ Surprise- Interlock- NoCompl+ IbPresDis- LLActRep+
[    1.329423] pcieport 0000:00:15.2: PME: Signaling with IRQ 27
[    1.329502] pcieport 0000:00:15.2: pciehp: Slot #162 AttnBtn+ PwrCtrl+ MRL- AttnInd- PwrInd- HotPlug+ Surprise- Interlock- NoCompl+ IbPresDis- LLActRep+
[    1.330673] pcieport 0000:00:15.3: PME: Signaling with IRQ 28
[    1.330781] pcieport 0000:00:15.3: pciehp: Slot #163 AttnBtn+ PwrCtrl+ MRL- AttnInd- PwrInd- HotPlug+ Surprise- Interlock- NoCompl+ IbPresDis- LLActRep+
[    1.331993] pcieport 0000:00:15.4: PME: Signaling with IRQ 29
[    1.332069] pcieport 0000:00:15.4: pciehp: Slot #164 AttnBtn+ PwrCtrl+ MRL- AttnInd- PwrInd- HotPlug+ Surprise- Interlock- NoCompl+ IbPresDis- LLActRep+
[    1.333186] pcieport 0000:00:15.5: PME: Signaling with IRQ 30
[    1.333289] pcieport 0000:00:15.5: pciehp: Slot #165 AttnBtn+ PwrCtrl+ MRL- AttnInd- PwrInd- HotPlug+ Surprise- Interlock- NoCompl+ IbPresDis- LLActRep+
[    1.334408] pcieport 0000:00:15.6: PME: Signaling with IRQ 31
[    1.334528] pcieport 0000:00:15.6: pciehp: Slot #166 AttnBtn+ PwrCtrl+ MRL- AttnInd- PwrInd- HotPlug+ Surprise- Interlock- NoCompl+ IbPresDis- LLActRep+
[    1.335577] pcieport 0000:00:15.7: PME: Signaling with IRQ 32
[    1.335682] pcieport 0000:00:15.7: pciehp: Slot #167 AttnBtn+ PwrCtrl+ MRL- AttnInd- PwrInd- HotPlug+ Surprise- Interlock- NoCompl+ IbPresDis- LLActRep+
[    1.336849] pcieport 0000:00:16.0: PME: Signaling with IRQ 33
[    1.336936] pcieport 0000:00:16.0: pciehp: Slot #192 AttnBtn+ PwrCtrl+ MRL- AttnInd- PwrInd- HotPlug+ Surprise- Interlock- NoCompl+ IbPresDis- LLActRep+
[    1.338036] pcieport 0000:00:16.1: PME: Signaling with IRQ 34
[    1.338140] pcieport 0000:00:16.1: pciehp: Slot #193 AttnBtn+ PwrCtrl+ MRL- AttnInd- PwrInd- HotPlug+ Surprise- Interlock- NoCompl+ IbPresDis- LLActRep+
[    1.339400] pcieport 0000:00:16.2: PME: Signaling with IRQ 35
[    1.339486] pcieport 0000:00:16.2: pciehp: Slot #194 AttnBtn+ PwrCtrl+ MRL- AttnInd- PwrInd- HotPlug+ Surprise- Interlock- NoCompl+ IbPresDis- LLActRep+
[    1.340571] pcieport 0000:00:16.3: PME: Signaling with IRQ 36
[    1.340688] pcieport 0000:00:16.3: pciehp: Slot #195 AttnBtn+ PwrCtrl+ MRL- AttnInd- PwrInd- HotPlug+ Surprise- Interlock- NoCompl+ IbPresDis- LLActRep+
[    1.341765] pcieport 0000:00:16.4: PME: Signaling with IRQ 37
[    1.341851] pcieport 0000:00:16.4: pciehp: Slot #196 AttnBtn+ PwrCtrl+ MRL- AttnInd- PwrInd- HotPlug+ Surprise- Interlock- NoCompl+ IbPresDis- LLActRep+
[    1.342955] pcieport 0000:00:16.5: PME: Signaling with IRQ 38
[    1.343031] pcieport 0000:00:16.5: pciehp: Slot #197 AttnBtn+ PwrCtrl+ MRL- AttnInd- PwrInd- HotPlug+ Surprise- Interlock- NoCompl+ IbPresDis- LLActRep+
[    1.344136] pcieport 0000:00:16.6: PME: Signaling with IRQ 39
[    1.344243] pcieport 0000:00:16.6: pciehp: Slot #198 AttnBtn+ PwrCtrl+ MRL- AttnInd- PwrInd- HotPlug+ Surprise- Interlock- NoCompl+ IbPresDis- LLActRep+
[    1.345277] pcieport 0000:00:16.7: PME: Signaling with IRQ 40
[    1.345405] pcieport 0000:00:16.7: pciehp: Slot #199 AttnBtn+ PwrCtrl+ MRL- AttnInd- PwrInd- HotPlug+ Surprise- Interlock- NoCompl+ IbPresDis- LLActRep+
[    1.346474] pcieport 0000:00:17.0: PME: Signaling with IRQ 41
[    1.346620] pcieport 0000:00:17.0: pciehp: Slot #224 AttnBtn+ PwrCtrl+ MRL- AttnInd- PwrInd- HotPlug+ Surprise- Interlock- NoCompl+ IbPresDis- LLActRep+
[    1.347747] pcieport 0000:00:17.1: PME: Signaling with IRQ 42
[    1.347826] pcieport 0000:00:17.1: pciehp: Slot #225 AttnBtn+ PwrCtrl+ MRL- AttnInd- PwrInd- HotPlug+ Surprise- Interlock- NoCompl+ IbPresDis- LLActRep+
[    1.348898] pcieport 0000:00:17.2: PME: Signaling with IRQ 43
[    1.348983] pcieport 0000:00:17.2: pciehp: Slot #226 AttnBtn+ PwrCtrl+ MRL- AttnInd- PwrInd- HotPlug+ Surprise- Interlock- NoCompl+ IbPresDis- LLActRep+
[    1.350111] pcieport 0000:00:17.3: PME: Signaling with IRQ 44
[    1.350205] pcieport 0000:00:17.3: pciehp: Slot #227 AttnBtn+ PwrCtrl+ MRL- AttnInd- PwrInd- HotPlug+ Surprise- Interlock- NoCompl+ IbPresDis- LLActRep+
[    1.351416] pcieport 0000:00:17.4: PME: Signaling with IRQ 45
[    1.351498] pcieport 0000:00:17.4: pciehp: Slot #228 AttnBtn+ PwrCtrl+ MRL- AttnInd- PwrInd- HotPlug+ Surprise- Interlock- NoCompl+ IbPresDis- LLActRep+
[    1.352513] pcieport 0000:00:17.5: PME: Signaling with IRQ 46
[    1.352617] pcieport 0000:00:17.5: pciehp: Slot #229 AttnBtn+ PwrCtrl+ MRL- AttnInd- PwrInd- HotPlug+ Surprise- Interlock- NoCompl+ IbPresDis- LLActRep+
[    1.353703] pcieport 0000:00:17.6: PME: Signaling with IRQ 47
[    1.353816] pcieport 0000:00:17.6: pciehp: Slot #230 AttnBtn+ PwrCtrl+ MRL- AttnInd- PwrInd- HotPlug+ Surprise- Interlock- NoCompl+ IbPresDis- LLActRep+
[    1.355013] pcieport 0000:00:17.7: PME: Signaling with IRQ 48
[    1.355089] pcieport 0000:00:17.7: pciehp: Slot #231 AttnBtn+ PwrCtrl+ MRL- AttnInd- PwrInd- HotPlug+ Surprise- Interlock- NoCompl+ IbPresDis- LLActRep+
[    1.356208] pcieport 0000:00:18.0: PME: Signaling with IRQ 49
[    1.356297] pcieport 0000:00:18.0: pciehp: Slot #256 AttnBtn+ PwrCtrl+ MRL- AttnInd- PwrInd- HotPlug+ Surprise- Interlock- NoCompl+ IbPresDis- LLActRep+
[    1.357415] pcieport 0000:00:18.1: PME: Signaling with IRQ 50
[    1.357491] pcieport 0000:00:18.1: pciehp: Slot #257 AttnBtn+ PwrCtrl+ MRL- AttnInd- PwrInd- HotPlug+ Surprise- Interlock- NoCompl+ IbPresDis- LLActRep+
[    1.358823] pcieport 0000:00:18.2: PME: Signaling with IRQ 51
[    1.358926] pcieport 0000:00:18.2: pciehp: Slot #258 AttnBtn+ PwrCtrl+ MRL- AttnInd- PwrInd- HotPlug+ Surprise- Interlock- NoCompl+ IbPresDis- LLActRep+
[    1.360112] pcieport 0000:00:18.3: PME: Signaling with IRQ 52
[    1.360218] pcieport 0000:00:18.3: pciehp: Slot #259 AttnBtn+ PwrCtrl+ MRL- AttnInd- PwrInd- HotPlug+ Surprise- Interlock- NoCompl+ IbPresDis- LLActRep+
[    1.361388] pcieport 0000:00:18.4: PME: Signaling with IRQ 53
[    1.361497] pcieport 0000:00:18.4: pciehp: Slot #260 AttnBtn+ PwrCtrl+ MRL- AttnInd- PwrInd- HotPlug+ Surprise- Interlock- NoCompl+ IbPresDis- LLActRep+
[    1.362640] pcieport 0000:00:18.5: PME: Signaling with IRQ 54
[    1.362743] pcieport 0000:00:18.5: pciehp: Slot #261 AttnBtn+ PwrCtrl+ MRL- AttnInd- PwrInd- HotPlug+ Surprise- Interlock- NoCompl+ IbPresDis- LLActRep+
[    1.363849] pcieport 0000:00:18.6: PME: Signaling with IRQ 55
[    1.363935] pcieport 0000:00:18.6: pciehp: Slot #262 AttnBtn+ PwrCtrl+ MRL- AttnInd- PwrInd- HotPlug+ Surprise- Interlock- NoCompl+ IbPresDis- LLActRep+
[    1.365017] pcieport 0000:00:18.7: PME: Signaling with IRQ 56
[    1.365122] pcieport 0000:00:18.7: pciehp: Slot #263 AttnBtn+ PwrCtrl+ MRL- AttnInd- PwrInd- HotPlug+ Surprise- Interlock- NoCompl+ IbPresDis- LLActRep+
[    1.365879] shpchp: Standard Hot Plug PCI Controller Driver version: 0.4
[    1.366440] ACPI: AC: AC Adapter [ACAD] (on-line)
[    1.366614] input: Power Button as /devices/LNXSYSTM:00/LNXPWRBN:00/input/input0
[    1.366720] ACPI: button: Power Button [PWRF]
[    1.368114] Serial: 8250/16550 driver, 32 ports, IRQ sharing enabled
[    1.391217] 00:05: ttyS0 at I/O 0x3f8 (irq = 4, base_baud = 115200) is a 16550A
[    1.434637] Linux agpgart interface v0.103
[    1.434729] agpgart-intel 0000:00:00.0: Intel 440BX Chipset
[    1.436677] agpgart-intel 0000:00:00.0: AGP aperture is 256M @ 0x0
[    1.490161] loop: module loaded
[    1.490617] ata_piix 0000:00:07.1: version 2.13
[    1.491917] scsi host0: ata_piix
[    1.492625] scsi host1: ata_piix
[    1.492727] ata1: PATA max UDMA/33 cmd 0x1f0 ctl 0x3f6 bmdma 0x1060 irq 14
[    1.492730] ata2: PATA max UDMA/33 cmd 0x170 ctl 0x376 bmdma 0x1068 irq 15
[    1.493195] libphy: Fixed MDIO Bus: probed
[    1.493197] tun: Universal TUN/TAP device driver, 1.6
[    1.493311] PPP generic driver version 2.4.2
[    1.493756] VFIO - User Level meta-driver version: 0.3
[    1.494044] ehci_hcd: USB 2.0 'Enhanced' Host Controller (EHCI) Driver
[    1.494047] ehci-pci: EHCI PCI platform driver
[    1.494712] ehci-pci 0000:02:03.0: EHCI Host Controller
[    1.494746] ehci-pci 0000:02:03.0: new USB bus registered, assigned bus number 1
[    1.494964] ehci-pci 0000:02:03.0: irq 17, io mem 0xfd5ef000
[    1.511513] ehci-pci 0000:02:03.0: USB 2.0 started, EHCI 1.00
[    1.511645] usb usb1: New USB device found, idVendor=1d6b, idProduct=0002, bcdDevice= 5.15
[    1.511647] usb usb1: New USB device strings: Mfr=3, Product=2, SerialNumber=1
[    1.511649] usb usb1: Product: EHCI Host Controller
[    1.511650] usb usb1: Manufacturer: Linux 5.15.0-rc7+ ehci_hcd
[    1.511650] usb usb1: SerialNumber: 0000:02:03.0
[    1.511984] hub 1-0:1.0: USB hub found
[    1.511989] hub 1-0:1.0: 6 ports detected
[    1.512404] ehci-platform: EHCI generic platform driver
[    1.512443] ohci_hcd: USB 1.1 'Open' Host Controller (OHCI) Driver
[    1.512446] ohci-pci: OHCI PCI platform driver
[    1.512457] ohci-platform: OHCI generic platform driver
[    1.512460] uhci_hcd: USB Universal Host Controller Interface driver
[    1.513122] uhci_hcd 0000:02:00.0: UHCI Host Controller
[    1.513127] uhci_hcd 0000:02:00.0: new USB bus registered, assigned bus number 2
[    1.513166] uhci_hcd 0000:02:00.0: detected 2 ports
[    1.513363] uhci_hcd 0000:02:00.0: irq 18, io base 0x00002080
[    1.513489] usb usb2: New USB device found, idVendor=1d6b, idProduct=0001, bcdDevice= 5.15
[    1.513491] usb usb2: New USB device strings: Mfr=3, Product=2, SerialNumber=1
[    1.513492] usb usb2: Product: UHCI Host Controller
[    1.513493] usb usb2: Manufacturer: Linux 5.15.0-rc7+ uhci_hcd
[    1.513494] usb usb2: SerialNumber: 0000:02:00.0
[    1.513696] hub 2-0:1.0: USB hub found
[    1.513699] hub 2-0:1.0: 2 ports detected
[    1.513929] i8042: PNP: PS/2 Controller [PNP0303:KBC,PNP0f13:MOUS] at 0x60,0x64 irq 1,12
[    1.514742] serio: i8042 KBD port at 0x60,0x64 irq 1
[    1.514747] serio: i8042 AUX port at 0x60,0x64 irq 12
[    1.515179] mousedev: PS/2 mouse device common for all mice
[    1.517565] rtc_cmos 00:01: registered as rtc0
[    1.517651] rtc_cmos 00:01: setting system clock to 2021-12-04T06:11:17 UTC (1638598277)
[    1.517692] rtc_cmos 00:01: alarms up to one month, y3k, 114 bytes nvram, hpet irqs
[    1.517700] i2c_dev: i2c /dev entries driver
[    1.517732] device-mapper: core: CONFIG_IMA_DISABLE_HTABLE is disabled. Duplicate IMA measurements will not be recorded in the IMA log.
[    1.517780] device-mapper: uevent: version 1.0.3
[    1.517974] device-mapper: ioctl: 4.45.0-ioctl (2021-03-22) initialised: dm-devel@redhat.com
[    1.518010] platform eisa.0: Probing EISA bus 0
[    1.518012] platform eisa.0: EISA: Cannot allocate resource for mainboard
[    1.518013] platform eisa.0: Cannot allocate resource for EISA slot 1
[    1.518014] platform eisa.0: Cannot allocate resource for EISA slot 2
[    1.518015] platform eisa.0: Cannot allocate resource for EISA slot 3
[    1.518016] platform eisa.0: Cannot allocate resource for EISA slot 4
[    1.518017] platform eisa.0: Cannot allocate resource for EISA slot 5
[    1.518017] platform eisa.0: Cannot allocate resource for EISA slot 6
[    1.518018] platform eisa.0: Cannot allocate resource for EISA slot 7
[    1.518019] platform eisa.0: Cannot allocate resource for EISA slot 8
[    1.518020] platform eisa.0: EISA: Detected 0 cards
[    1.518035] intel_pstate: CPU model not supported
[    1.518186] ledtrig-cpu: registered to indicate activity on CPUs
[    1.518796] intel_pmc_core intel_pmc_core.0:  initialized
[    1.519067] drop_monitor: Initializing network drop monitor service
[    1.519425] NET: Registered PF_INET6 protocol family
[    1.519822] input: AT Translated Set 2 keyboard as /devices/platform/i8042/serio0/input/input1
[    1.750678] usb 2-1: new full-speed USB device number 2 using uhci_hcd
[    1.916542] usb 2-1: New USB device found, idVendor=0e0f, idProduct=0003, bcdDevice= 1.03
[    1.916547] usb 2-1: New USB device strings: Mfr=1, Product=2, SerialNumber=0
[    1.916548] usb 2-1: Product: VMware Virtual USB Mouse
[    1.916550] usb 2-1: Manufacturer: VMware
[    2.054713] usb 2-2: new full-speed USB device number 3 using uhci_hcd
[    2.187931] Freeing initrd memory: 56160K
[    2.195792] Segment Routing with IPv6
[    2.195806] In-situ OAM (IOAM) with IPv6
[    2.195825] NET: Registered PF_PACKET protocol family
[    2.196112] Key type dns_resolver registered
[    2.196745] IPI shorthand broadcast: enabled
[    2.196752] sched_clock: Marking stable (2189360105, 7347311)->(2336144171, -139436755)
[    2.198078] registered taskstats version 1
[    2.198433] Loading compiled-in X.509 certificates
[    2.199571] Loaded X.509 cert 'Build time autogenerated kernel key: c852d61b36159e5bab2247649cb992222403b7fc'
[    2.224629] usb 2-2: New USB device found, idVendor=0e0f, idProduct=0002, bcdDevice= 1.00
[    2.224633] usb 2-2: New USB device strings: Mfr=1, Product=2, SerialNumber=0
[    2.224634] usb 2-2: Product: VMware Virtual USB Hub
[    2.224635] usb 2-2: Manufacturer: VMware, Inc.
[    2.234418] hub 2-2:1.0: USB hub found
[    2.237873] hub 2-2:1.0: 7 ports detected
[    2.315020] zswap: loaded using pool lzo/zbud
[    2.316426] Key type ._fscrypt registered
[    2.316428] Key type .fscrypt registered
[    2.316429] Key type fscrypt-provisioning registered
[    2.321266] Key type encrypted registered
[    2.321271] AppArmor: AppArmor sha1 policy hashing enabled
[    2.321277] ima: No TPM chip found, activating TPM-bypass!
[    2.321281] Loading compiled-in module X.509 certificates
[    2.321764] Loaded X.509 cert 'Build time autogenerated kernel key: c852d61b36159e5bab2247649cb992222403b7fc'
[    2.321766] ima: Allocated hash algorithm: sha1
[    2.321770] ima: No architecture policies found
[    2.321808] evm: Initialising EVM extended attributes:
[    2.321809] evm: security.selinux
[    2.321810] evm: security.SMACK64
[    2.321811] evm: security.SMACK64EXEC
[    2.321811] evm: security.SMACK64TRANSMUTE
[    2.321811] evm: security.SMACK64MMAP
[    2.321812] evm: security.apparmor
[    2.321812] evm: security.ima
[    2.321812] evm: security.capability
[    2.321813] evm: HMAC attrs: 0x1
[    2.322212] PM:   Magic number: 1:587:164
[    2.322356] acpi PNP0C80:1b6: hash matches
[    2.323109] RAS: Correctable Errors collector initialized.
[    2.325467] Freeing unused decrypted memory: 2036K
[    2.325843] Freeing unused kernel image (initmem) memory: 2876K
[    2.343943] Write protecting the kernel read-only data: 24576k
[    2.344911] Freeing unused kernel image (text/rodata gap) memory: 2036K
[    2.345377] Freeing unused kernel image (rodata/data gap) memory: 656K
[    2.355375] x86/mm: Checked W+X mappings: passed, no W+X pages found.
[    2.355383] Run /init as init process
[    2.355385]   with arguments:
[    2.355386]     /init
[    2.355387]     auto
[    2.355387]     noprompt
[    2.355388]   with environment:
[    2.355389]     HOME=/
[    2.355389]     TERM=linux
[    2.355389]     BOOT_IMAGE=/boot/vmlinuz-5.15.0-rc7+
[    2.355390]     find_preseed=/preseed.cfg
[    2.355391]     priority=critical
[    2.355391]     locale=en_US
[    2.668111] input: VirtualPS/2 VMware VMMouse as /devices/platform/i8042/serio1/input/input4
[    2.668591] input: VirtualPS/2 VMware VMMouse as /devices/platform/i8042/serio1/input/input3
[    2.671253] e1000: Intel(R) PRO/1000 Network Driver
[    2.671256] e1000: Copyright (c) 1999-2006 Intel Corporation.
[    2.672876] piix4_smbus 0000:00:07.3: SMBus Host Controller not enabled!
[    2.677573] hid: raw HID events driver (C) Jiri Kosina
[    2.703004] ahci 0000:02:04.0: version 3.0
[    2.708261] ahci 0000:02:04.0: AHCI 0001.0300 32 slots 30 ports 6 Gbps 0x3fffffff impl SATA mode
[    2.708266] ahci 0000:02:04.0: flags: 64bit ncq clo only 
[    2.723610] usbcore: registered new interface driver usbhid
[    2.723613] usbhid: USB HID core driver
[    2.723815] Fusion MPT base driver 3.04.20
[    2.723817] Copyright (c) 1999-2008 LSI Corporation
[    2.725911] Fusion MPT SPI Host driver 3.04.20
[    2.730717] mptbase: ioc0: Initiating bringup
[    2.730882] scsi host2: ahci
[    2.731373] scsi host3: ahci
[    2.731679] scsi host4: ahci
[    2.732093] scsi host5: ahci
[    2.732536] scsi host6: ahci
[    2.732860] scsi host7: ahci
[    2.733330] scsi host8: ahci
[    2.733952] scsi host9: ahci
[    2.734351] scsi host10: ahci
[    2.734858] scsi host11: ahci
[    2.735157] scsi host12: ahci
[    2.735714] scsi host13: ahci
[    2.735809] input: VMware VMware Virtual USB Mouse as /devices/pci0000:00/0000:00:11.0/0000:02:00.0/usb2/2-1/2-1:1.0/0003:0E0F:0003.0001/input/input5
[    2.735865] hid-generic 0003:0E0F:0003.0001: input,hidraw0: USB HID v1.10 Mouse [VMware VMware Virtual USB Mouse] on usb-0000:02:00.0-1/input0
[    2.735994] scsi host14: ahci
[    2.736484] scsi host15: ahci
[    2.737050] scsi host16: ahci
[    2.737617] scsi host17: ahci
[    2.738131] scsi host18: ahci
[    2.738404] scsi host19: ahci
[    2.738703] scsi host20: ahci
[    2.739194] scsi host21: ahci
[    2.739472] scsi host22: ahci
[    2.740032] scsi host23: ahci
[    2.740881] scsi host24: ahci
[    2.741797] scsi host25: ahci
[    2.742464] scsi host26: ahci
[    2.742972] scsi host27: ahci
[    2.743751] scsi host28: ahci
[    2.744130] scsi host29: ahci
[    2.745068] scsi host30: ahci
[    2.746120] scsi host31: ahci
[    2.746438] ata3: SATA max UDMA/133 abar m4096@0xfd5ee000 port 0xfd5ee100 irq 57
[    2.746441] ata4: SATA max UDMA/133 abar m4096@0xfd5ee000 port 0xfd5ee180 irq 57
[    2.746443] ata5: SATA max UDMA/133 abar m4096@0xfd5ee000 port 0xfd5ee200 irq 57
[    2.746444] ata6: SATA max UDMA/133 abar m4096@0xfd5ee000 port 0xfd5ee280 irq 57
[    2.746445] ata7: SATA max UDMA/133 abar m4096@0xfd5ee000 port 0xfd5ee300 irq 57
[    2.746446] ata8: SATA max UDMA/133 abar m4096@0xfd5ee000 port 0xfd5ee380 irq 57
[    2.746447] ata9: SATA max UDMA/133 abar m4096@0xfd5ee000 port 0xfd5ee400 irq 57
[    2.746448] ata10: SATA max UDMA/133 abar m4096@0xfd5ee000 port 0xfd5ee480 irq 57
[    2.746449] ata11: SATA max UDMA/133 abar m4096@0xfd5ee000 port 0xfd5ee500 irq 57
[    2.746450] ata12: SATA max UDMA/133 abar m4096@0xfd5ee000 port 0xfd5ee580 irq 57
[    2.746451] ata13: SATA max UDMA/133 abar m4096@0xfd5ee000 port 0xfd5ee600 irq 57
[    2.746452] ata14: SATA max UDMA/133 abar m4096@0xfd5ee000 port 0xfd5ee680 irq 57
[    2.746453] ata15: SATA max UDMA/133 abar m4096@0xfd5ee000 port 0xfd5ee700 irq 57
[    2.746454] ata16: SATA max UDMA/133 abar m4096@0xfd5ee000 port 0xfd5ee780 irq 57
[    2.746455] ata17: SATA max UDMA/133 abar m4096@0xfd5ee000 port 0xfd5ee800 irq 57
[    2.746455] ata18: SATA max UDMA/133 abar m4096@0xfd5ee000 port 0xfd5ee880 irq 57
